Archive member included because of file (symbol)

D:\projects\andrew-grechkin\libfar3\Release-x32-NoStr/liblibfar3.a(editor.o)
                              src\process.o (Far::Editor::set_string(int, wchar_t const*, unsigned int, wchar_t const*))
D:\projects\andrew-grechkin\libfar3\Release-x32-NoStr/liblibfar3.a(message.o)
                              src\process.o (Far::get_msg(int))
D:\projects\andrew-grechkin\libfar3\Release-x32-NoStr/liblibfar3.a(dialog_builder.o)
                              src\process.o (Far::create_dialog_builder(_GUID const&, wchar_t const*, wchar_t const*, int (*)(void*, int, int, void*), void*))
D:\projects\andrew-grechkin\libfar3\Release-x32-NoStr/liblibfar3.a(create_checkbox.o)
                              src\process.o (Far::create_checkbox(int*, wchar_t const*, unsigned long long))
D:\projects\andrew-grechkin\libfar3\Release-x32-NoStr/liblibfar3.a(create_separator.o)
                              src\process.o (Far::create_separator(wchar_t const*, unsigned long long))
D:\projects\andrew-grechkin\libfar3\Release-x32-NoStr/liblibfar3.a(create_label.o)
                              src\process.o (Far::create_label(wchar_t const*, unsigned long long))
D:\projects\andrew-grechkin\libfar3\Release-x32-NoStr/liblibfar3.a(create_edit.o)
                              src\process.o (Far::create_edit(wchar_t*, int, int, wchar_t const*, bool, unsigned long long))
D:\projects\andrew-grechkin\libfar3\Release-x32-NoStr/liblibfar3.a(create_combobox.o)
                              src\process.o (Far::create_combobox(int*, FarListItem*, unsigned int, unsigned long long))
D:\projects\andrew-grechkin\libfar3\Release-x32-NoStr/liblibfar3.a(globalinfo_i.o)
                              src\globalinfo.o (Far::GlobalInfo_i::~GlobalInfo_i())
D:\projects\andrew-grechkin\libfar3\Release-x32-NoStr/liblibfar3.a(plugin_i.o)
                              src\farplugin.o (Far::Plugin_i::~Plugin_i())
D:\projects\andrew-grechkin\libfar3\Release-x32-NoStr/liblibfar3.a(settings.o)
                              src\globalinfo.o (Far::Settings_t::~Settings_t())
D:\projects\andrew-grechkin\libfar3\Release-x32-NoStr/liblibfar3.a(FarDialogItem.o)
                              D:\projects\andrew-grechkin\libfar3\Release-x32-NoStr/liblibfar3.a(dialog_builder.o) (Far::FarDialogItem_t::~FarDialogItem_t())
D:\projects\andrew-grechkin\libfar3\Release-x32-NoStr/liblibfar3.a(DlgBuilder_c.o)
                              D:\projects\andrew-grechkin\libfar3\Release-x32-NoStr/liblibfar3.a(dialog_builder.o) (Far::PluginRadioButtonBinding::PluginRadioButtonBinding(void*&, int, int*, int))
D:\projects\andrew-grechkin\libfar3\Release-x32-NoStr/liblibfar3.a(DialogItemBinding.o)
                              D:\projects\andrew-grechkin\libfar3\Release-x32-NoStr/liblibfar3.a(create_checkbox.o) (Far::DialogItemBinding_i::~DialogItemBinding_i())
D:\projects\andrew-grechkin\libbase\Release-x32-NoStr/liblibbase.a(ref_cnt.o)
                              src\process.o (Base::ref_counter::~ref_counter())
c:/mingw/bin/../lib/gcc/x86_64-w64-mingw32/4.7.1/../../../../x86_64-w64-mingw32/lib/../lib32/libmingwex.a(lib32_libmingwex_a-wcstold.o)
                              src\process.o (wcstold)
c:/mingw/bin/../lib/gcc/x86_64-w64-mingw32/4.7.1/../../../../x86_64-w64-mingw32/lib/../lib32/libmingwex.a(lib32_libmingwex_a-ilockcxch64.o)
                              src\main.o (InterlockedCompareExchange64@20)
c:/mingw/bin/../lib/gcc/x86_64-w64-mingw32/4.7.1/../../../../x86_64-w64-mingw32/lib/../lib32/libmingwex.a(lib32_libmingwex_a-mingw_get_codepage.o)
                              c:/mingw/bin/../lib/gcc/x86_64-w64-mingw32/4.7.1/../../../../x86_64-w64-mingw32/lib/../lib32/libmingwex.a(lib32_libmingwex_a-wcstold.o) (__mingw_get_codepage)
c:/mingw/bin/../lib/gcc/x86_64-w64-mingw32/4.7.1/../../../../x86_64-w64-mingw32/lib/../lib32/libmingwex.a(lib32_libmingwex_a-strtold.o)
                              c:/mingw/bin/../lib/gcc/x86_64-w64-mingw32/4.7.1/../../../../x86_64-w64-mingw32/lib/../lib32/libmingwex.a(lib32_libmingwex_a-wcstold.o) (strtold)
c:/mingw/bin/../lib/gcc/x86_64-w64-mingw32/4.7.1/../../../../x86_64-w64-mingw32/lib/../lib32/libmingwex.a(lib32_libmingwex_a-cephes_emath.o)
                              c:/mingw/bin/../lib/gcc/x86_64-w64-mingw32/4.7.1/../../../../x86_64-w64-mingw32/lib/../lib32/libmingwex.a(lib32_libmingwex_a-strtold.o) (__emovi)
c:/mingw/bin/../lib/gcc/x86_64-w64-mingw32/4.7.1/../../../../x86_64-w64-mingw32/lib/../lib32/libmingw32.a(lib32_libmingw32_a-pesect.o)
                              c:/mingw/bin/../lib/gcc/x86_64-w64-mingw32/4.7.1/../../../../x86_64-w64-mingw32/lib/../lib32/libmingwex.a(lib32_libmingwex_a-mingw_get_codepage.o) (__mingw_get_msvcrt_handle)
c:/mingw/bin/../lib/gcc/x86_64-w64-mingw32/4.7.1/../../../../x86_64-w64-mingw32/lib/../lib32/libmsvcrt.a(dwnhs01144.o)
                              src\process.o (wcscmp)
[...]
Memory Configuration

Name             Origin             Length             Attributes
*default*        0x0000000000000000 0xffffffffffffffff

Linker script and memory map

                0x00000000671c0000                __image_base__ = 0x671c0000
                0x0000000000000000                __dll__ = 0x0
                0x00000000671c0000                ___ImageBase = 0x671c0000
                0x0000000000001000                __section_alignment__ = 0x1000
                0x0000000000000200                __file_alignment__ = 0x200
                0x0000000000000004                __major_os_version__ = 0x4
                0x0000000000000000                __minor_os_version__ = 0x0
                0x0000000000000001                __major_image_version__ = 0x1
                0x0000000000000000                __minor_image_version__ = 0x0
                0x0000000000000004                __major_subsystem_version__ = 0x4
                0x0000000000000000                __minor_subsystem_version__ = 0x0
                0x0000000000000003                __subsystem__ = 0x3
                0x0000000000200000                __size_of_stack_reserve__ = 0x200000
                0x0000000000001000                __size_of_stack_commit__ = 0x1000
                0x0000000000100000                __size_of_heap_reserve__ = 0x100000
                0x0000000000001000                __size_of_heap_commit__ = 0x1000
                0x0000000000000000                __loader_flags__ = 0x0
                0x0000000000000000                __dll_characteristics__ = 0x0
LOAD ..\src\mainW.gcc.def
LOAD src\process.o
LOAD src\main.o
LOAD src\guid.o
LOAD src\globalinfo.o
LOAD src\farplugin.o
LOAD src\main.res
LOAD D:\projects\andrew-grechkin\libfar3\Release-x32-NoStr/liblibfar3.a
LOAD D:\projects\andrew-grechkin\libbase\Release-x32-NoStr/liblibbase.a
LOAD c:/mingw/bin/../lib/gcc/x86_64-w64-mingw32/4.7.1/../../../../x86_64-w64-mingw32/lib/../lib32/libmingwex.a
LOAD c:/mingw/bin/../lib/gcc/x86_64-w64-mingw32/4.7.1/../../../../x86_64-w64-mingw32/lib/../lib32/libmingw32.a
LOAD c:/mingw/bin/../lib/gcc/x86_64-w64-mingw32/4.7.1/32/libgcc.a
LOAD c:/mingw/bin/../lib/gcc/x86_64-w64-mingw32/4.7.1/../../../../x86_64-w64-mingw32/lib/../lib32/libmsvcrt.a
LOAD c:/mingw/bin/../lib/gcc/x86_64-w64-mingw32/4.7.1/../../../../x86_64-w64-mingw32/lib/../lib32/libkernel32.a
LOAD c:/mingw/bin/../lib/gcc/x86_64-w64-mingw32/4.7.1/../../../../x86_64-w64-mingw32/lib/../lib32/libntdll.a
                0x00000000000002b8                . = SIZEOF_HEADERS
                0x0000000000001000                . = ALIGN (__section_alignment__)

.text           0x00000000671c1000     0xae00
 *(.init)
 *(.text)
 .text          0x00000000671c1000     0x11d0 src\process.o
                0x00000000671c1000                PairEqNum(std::pair<Base::basic_string<wchar_t, Base::char_traits<wchar_t> >, SortInfo> const&, std::pair<Base::basic_string<wchar_t, Base::char_traits<wchar_t> >, SortInfo> const&)
                0x00000000671c1030                PairLessLine(std::pair<Base::basic_string<wchar_t, Base::char_traits<wchar_t> >, SortInfo> const&, std::pair<Base::basic_string<wchar_t, Base::char_traits<wchar_t> >, SortInfo> const&)
                0x00000000671c1050                PairLessNum(std::pair<Base::basic_string<wchar_t, Base::char_traits<wchar_t> >, SortInfo> const&, std::pair<Base::basic_string<wchar_t, Base::char_traits<wchar_t> >, SortInfo> const&)
                0x00000000671c1090                PairLessCScode(std::pair<Base::basic_string<wchar_t, Base::char_traits<wchar_t> >, SortInfo> const&, std::pair<Base::basic_string<wchar_t, Base::char_traits<wchar_t> >, SortInfo> const&)
                0x00000000671c1100                PairEqCScode(std::pair<Base::basic_string<wchar_t, Base::char_traits<wchar_t> >, SortInfo> const&, std::pair<Base::basic_string<wchar_t, Base::char_traits<wchar_t> >, SortInfo> const&)
                0x00000000671c1130                PairEqCS(std::pair<Base::basic_string<wchar_t, Base::char_traits<wchar_t> >, SortInfo> const&, std::pair<Base::basic_string<wchar_t, Base::char_traits<wchar_t> >, SortInfo> const&)
                0x00000000671c1180                PairEqCI(std::pair<Base::basic_string<wchar_t, Base::char_traits<wchar_t> >, SortInfo> const&, std::pair<Base::basic_string<wchar_t, Base::char_traits<wchar_t> >, SortInfo> const&)
                0x00000000671c11d0                PairLessCS(std::pair<Base::basic_string<wchar_t, Base::char_traits<wchar_t> >, SortInfo> const&, std::pair<Base::basic_string<wchar_t, Base::char_traits<wchar_t> >, SortInfo> const&)
                0x00000000671c1240                PairLessCI(std::pair<Base::basic_string<wchar_t, Base::char_traits<wchar_t> >, SortInfo> const&, std::pair<Base::basic_string<wchar_t, Base::char_traits<wchar_t> >, SortInfo> const&)
                0x00000000671c12b0                editor_set_string(int, Base::basic_string<wchar_t, Base::char_traits<wchar_t> > const&, wchar_t const*)
                0x00000000671c12e0                is_whitespace(wchar_t)
                0x00000000671c1310                FindNum(wchar_t const*)
                0x00000000671c1450                Execute()
                0x00000000671c1d90                process()
 .text          0x00000000671c21d0      0x300 src\main.o
                0x00000000671c21f0                GetGlobalInfoW
                0x00000000671c21f0                GetGlobalInfoW@4
                0x00000000671c2270                SetStartupInfoW@4
                0x00000000671c2270                SetStartupInfoW
                0x00000000671c22a0                ConfigureW
                0x00000000671c22a0                ConfigureW@4
                0x00000000671c22c0                GetPluginInfoW@4
                0x00000000671c22c0                GetPluginInfoW
                0x00000000671c2310                OpenW@4
                0x00000000671c2310                OpenW
                0x00000000671c2360                ExitFARW@4
                0x00000000671c2360                ExitFARW
                0x00000000671c23b0                DllMainCRTStartup@12
                0x00000000671c2460                atexit
                0x00000000671c24c0                __cxa_pure_virtual
 .text          0x00000000671c24d0        0x0 src\guid.o
 .text          0x00000000671c24d0      0x500 src\globalinfo.o
                0x00000000671c24f0                FarGlobalInfo::get_author() const
                0x00000000671c2500                FarGlobalInfo::get_description() const
                0x00000000671c2510                FarGlobalInfo::get_guid() const
                0x00000000671c2520                FarGlobalInfo::get_title() const
                0x00000000671c2530                FarGlobalInfo::get_version() const
                0x00000000671c2560                FarGlobalInfo::get_min_version() const
                0x00000000671c2590                FarGlobalInfo::CreatePlugin(PluginStartupInfo const*) const
                0x00000000671c25b0                FarGlobalInfo::~FarGlobalInfo()
                0x00000000671c25b0                FarGlobalInfo::~FarGlobalInfo()
                0x00000000671c25c0                FarGlobalInfo::~FarGlobalInfo()
                0x00000000671c2600                FarGlobalInfo::FarGlobalInfo()
                0x00000000671c2600                FarGlobalInfo::FarGlobalInfo()
                0x00000000671c2660                FarGlobalInfo::load_settings()
                0x00000000671c27f0                FarGlobalInfo::save_settings() const
                0x00000000671c2940                FarGlobalInfo::load_editor_info()
                0x00000000671c2990                get_global_info()
 .text          0x00000000671c29d0      0x190 src\farplugin.o
                0x00000000671c29d0                FarPlugin::Open(OpenInfo const*)
                0x00000000671c29e0                FarPlugin::GetPluginInfo(PluginInfo*)
                0x00000000671c2a70                FarPlugin::~FarPlugin()
                0x00000000671c2a70                FarPlugin::~FarPlugin()
                0x00000000671c2a80                FarPlugin::~FarPlugin()
                0x00000000671c2ac0                FarPlugin::FarPlugin(PluginStartupInfo const*)
                0x00000000671c2ac0                FarPlugin::FarPlugin(PluginStartupInfo const*)
                0x00000000671c2af0                create_FarPlugin(PluginStartupInfo const*)
                0x00000000671c2b40                destroy(Far::Plugin_i*)
 .text          0x00000000671c2b60      0x7f0 D:\projects\andrew-grechkin\libfar3\Release-x32-NoStr/liblibfar3.a(editor.o)
                0x00000000671c2b80                Far::Editor::get_filename(wchar_t*, int)
                0x00000000671c2c50                Far::Editor::get_string(int, wchar_t const*&)
                0x00000000671c2ce0                Far::Editor::set_position(int, int)
                0x00000000671c2d90                Far::Editor::set_string(int, wchar_t const*, unsigned int, wchar_t const*)
                0x00000000671c2e20                Far::Editor::insert_string(int, wchar_t const*, int, wchar_t const*)
                0x00000000671c2fb0                Far::Editor::del_string(int)
                0x00000000671c30b0                Far::Editor::unselect_block()
                0x00000000671c3130                Far::Editor::start_undo()
                0x00000000671c31a0                Far::Editor::stop_undo()
                0x00000000671c3210                Far::Editor::redraw()
                0x00000000671c3270                Far::Editor::get_info(EditorInfo&)
                0x00000000671c32e0                Far::Editor::get_string(unsigned int, EditorGetString&)
 .text          0x00000000671c3350       0xc0 D:\projects\andrew-grechkin\libfar3\Release-x32-NoStr/liblibfar3.a(message.o)
                0x00000000671c3370                Far::get_msg(int)
 .text          0x00000000671c3410     0x14b0 D:\projects\andrew-grechkin\libfar3\Release-x32-NoStr/liblibfar3.a(dialog_builder.o)
                0x00000000671c3430                Far::DialogBuilder_i::~DialogBuilder_i()
                0x00000000671c3430                Far::DialogBuilder_i::~DialogBuilder_i()
                0x00000000671c3440                Far::SimpleDialogBuilder_impl::add_empty_line_()
                0x00000000671c3450                Far::SimpleDialogBuilder_impl::start_column_()
                0x00000000671c3460                Far::SimpleDialogBuilder_impl::break_column_()
                0x00000000671c3470                Far::SimpleDialogBuilder_impl::end_column_()
                0x00000000671c3480                Far::SimpleDialogBuilder_impl::end_singlebox_()
                0x00000000671c34b0                Far::DialogBuilder_i::~DialogBuilder_i()
                0x00000000671c34e0                Far::SimpleDialogBuilder_impl::~SimpleDialogBuilder_impl()
                0x00000000671c35a0                Far::SimpleDialogBuilder_impl::~SimpleDialogBuilder_impl()
                0x00000000671c35a0                Far::SimpleDialogBuilder_impl::~SimpleDialogBuilder_impl()
                0x00000000671c3640                Far::CompareX2_less(Far::FarDialogItem_t const&, Far::FarDialogItem_t const&)
                0x00000000671c3660                Far::CompareWidth_less(Far::FarDialogItem_t const&, Far::FarDialogItem_t const&)
                0x00000000671c36a0                Far::SimpleDialogBuilder_impl::GetMaxItemX2() const
                0x00000000671c3720                Far::SimpleDialogBuilder_impl::save()
                0x00000000671c3750                Far::SimpleDialogBuilder_impl::set_next_y(Far::FarDialogItem_t*)
                0x00000000671c3780                Far::SimpleDialogBuilder_impl::show_dialog_()
                0x00000000671c38e0                Far::SimpleDialogBuilder_impl::show_()
                0x00000000671c39e0                Far::SimpleDialogBuilder_impl::UpdateBorderSize()
                0x00000000671c3a90                Far::SimpleDialogBuilder_impl::add_item_(Far::FarDialogItem_t*)
                0x00000000671c3b70                Far::SimpleDialogBuilder_impl::add_radiobuttons_(int*, int, Far::AddRadioButton_t const*, bool)
                0x00000000671c3db0                Far::SimpleDialogBuilder_impl::add_dialog_item(Far::FarDialogItem_t*)
                0x00000000671c3e50                Far::SimpleDialogBuilder_impl::add_item_after_(Far::FarDialogItem_t*)
                0x00000000671c3f50                Far::SimpleDialogBuilder_impl::add_item_before_(Far::FarDialogItem_t*)
                0x00000000671c4040                Far::SimpleDialogBuilder_impl::add_dialog_item(FARDIALOGITEMTYPES, wchar_t const*, unsigned long long)
                0x00000000671c4110                Far::SimpleDialogBuilder_impl::create_border(wchar_t const*)
                0x00000000671c4200                Far::SimpleDialogBuilder_impl::start_singlebox_(int, wchar_t const*, bool)
                0x00000000671c4330                Far::SimpleDialogBuilder_impl::SimpleDialogBuilder_impl(_GUID const&, wchar_t const*, wchar_t const*, int (*)(void*, int, int, void*), void*)
                0x00000000671c4330                Far::SimpleDialogBuilder_impl::SimpleDialogBuilder_impl(_GUID const&, wchar_t const*, wchar_t const*, int (*)(void*, int, int, void*), void*)
                0x00000000671c4450                Far::create_dialog_builder(_GUID const&, wchar_t const*, wchar_t const*, int (*)(void*, int, int, void*), void*)
                0x00000000671c45e0                Far::SimpleDialogBuilder_impl::add_OKCancel_(wchar_t const*, wchar_t const*, wchar_t const*)
 .text          0x00000000671c48c0      0x190 D:\projects\andrew-grechkin\libfar3\Release-x32-NoStr/liblibfar3.a(create_checkbox.o)
                0x00000000671c48e0                Far::PluginCheckBoxBinding::get_width_() const
                0x00000000671c48f0                Far::PluginCheckBoxBinding::save_() const
                0x00000000671c4960                Far::PluginCheckBoxBinding::PluginCheckBoxBinding(int*)
                0x00000000671c4960                Far::PluginCheckBoxBinding::PluginCheckBoxBinding(int*)
                0x00000000671c4980                Far::create_checkbox(int*, wchar_t const*, unsigned long long)
 .text          0x00000000671c4a50       0x80 D:\projects\andrew-grechkin\libfar3\Release-x32-NoStr/liblibfar3.a(create_separator.o)
                0x00000000671c4a50                Far::create_separator(wchar_t const*, unsigned long long)
 .text          0x00000000671c4ad0       0x80 D:\projects\andrew-grechkin\libfar3\Release-x32-NoStr/liblibfar3.a(create_label.o)
                0x00000000671c4ad0                Far::create_label(wchar_t const*, unsigned long long)
 .text          0x00000000671c4b50      0x310 D:\projects\andrew-grechkin\libfar3\Release-x32-NoStr/liblibfar3.a(create_edit.o)
                0x00000000671c4b70                Far::PluginEditFieldBinding::get_width_() const
                0x00000000671c4b80                Far::PluginEditFieldBinding::save_() const
                0x00000000671c4c00                Far::PluginEditFieldBinding::PluginEditFieldBinding(wchar_t*, int)
                0x00000000671c4c00                Far::PluginEditFieldBinding::PluginEditFieldBinding(wchar_t*, int)
                0x00000000671c4c30                Far::create_edit(wchar_t*, int, int, wchar_t const*, bool, unsigned long long)
                0x00000000671c4d60                Far::create_password(wchar_t*, int, int, unsigned long long)
 .text          0x00000000671c4e60      0x250 D:\projects\andrew-grechkin\libfar3\Release-x32-NoStr/liblibfar3.a(create_combobox.o)
                0x00000000671c4e80                Far::PluginComboBoxBinding::get_width_() const
                0x00000000671c4ed0                Far::PluginComboBoxBinding::save_() const
                0x00000000671c4f50                Far::PluginComboBoxBinding::PluginComboBoxBinding(int*, FarListItem*, unsigned int)
                0x00000000671c4f50                Far::PluginComboBoxBinding::PluginComboBoxBinding(int*, FarListItem*, unsigned int)
                0x00000000671c4f90                Far::PluginComboBoxBinding::get_items() const
                0x00000000671c4fa0                Far::create_combobox(int*, FarListItem*, unsigned int, unsigned long long)
 .text          0x00000000671c50b0      0x1d0 D:\projects\andrew-grechkin\libfar3\Release-x32-NoStr/liblibfar3.a(globalinfo_i.o)
                0x00000000671c50b0                Far::GlobalInfo_i::~GlobalInfo_i()
                0x00000000671c50b0                Far::GlobalInfo_i::~GlobalInfo_i()
                0x00000000671c50d0                Far::GlobalInfo_i::get_min_version() const
                0x00000000671c5100                Far::GlobalInfo_i::Configure(ConfigureInfo const*)
                0x00000000671c5110                Far::GlobalInfo_i::~GlobalInfo_i()
                0x00000000671c5150                Far::GlobalInfo_i::GetGlobalInfoW(GlobalInfo*) const
                0x00000000671c5210                Far::GlobalInfo_i::ConfigureW(ConfigureInfo const*)
                0x00000000671c5230                Far::GlobalInfo_i::SetStartupInfoW(PluginStartupInfo const*)
                0x00000000671c5260                Far::GlobalInfo_i::get_plugin() const
                0x00000000671c5270                Far::GlobalInfo_i::GlobalInfo_i()
                0x00000000671c5270                Far::GlobalInfo_i::GlobalInfo_i()
 .text          0x00000000671c5280      0x110 D:\projects\andrew-grechkin\libfar3\Release-x32-NoStr/liblibfar3.a(plugin_i.o)
                0x00000000671c5280                Far::Plugin_i::~Plugin_i()
                0x00000000671c5280                Far::Plugin_i::~Plugin_i()
                0x00000000671c5290                Far::Plugin_i::Open(OpenInfo const*)
                0x00000000671c52a0                Far::Plugin_i::ExitFAR(ExitInfo const*)
                0x00000000671c52b0                Far::Plugin_i::~Plugin_i()
                0x00000000671c52e0                Far::Plugin_i::GetPluginInfoW(PluginInfo*)
                0x00000000671c5300                Far::Plugin_i::OpenW(OpenInfo const*)
                0x00000000671c5320                Far::Plugin_i::ExitFARW(ExitInfo const*)
                0x00000000671c5340                Far::Plugin_i::Plugin_i(PluginStartupInfo const*)
                0x00000000671c5340                Far::Plugin_i::Plugin_i(PluginStartupInfo const*)
 .text          0x00000000671c5390      0xa70 D:\projects\andrew-grechkin\libfar3\Release-x32-NoStr/liblibfar3.a(settings.o)
                0x00000000671c53b0                Far::Settings_t::~Settings_t()
                0x00000000671c53b0                Far::Settings_t::~Settings_t()
                0x00000000671c5420                Far::Settings_t::Settings_t(_GUID const&)
                0x00000000671c5420                Far::Settings_t::Settings_t(_GUID const&)
                0x00000000671c54e0                Far::Settings_t::create_key(wchar_t const*, FARSETTINGS_SUBFOLDERS)
                0x00000000671c5560                Far::Settings_t::open_key(wchar_t const*, FARSETTINGS_SUBFOLDERS) const
                0x00000000671c55e0                Far::Settings_t::del(wchar_t const*, FARSETTINGS_SUBFOLDERS)
                0x00000000671c5660                Far::Settings_t::get(wchar_t const*, void*, unsigned int, FARSETTINGS_SUBFOLDERS) const
                0x00000000671c5740                Far::Settings_t::get(wchar_t const*, wchar_t const*, FARSETTINGS_SUBFOLDERS) const
                0x00000000671c5800                Far::Settings_t::get(wchar_t const*, unsigned long long, FARSETTINGS_SUBFOLDERS) const
                0x00000000671c58d0                Far::Settings_t::get(wchar_t const*, long long, FARSETTINGS_SUBFOLDERS) const
                0x00000000671c59a0                Far::Settings_t::get(wchar_t const*, bool, FARSETTINGS_SUBFOLDERS) const
                0x00000000671c5a70                Far::Settings_t::set(wchar_t const*, void const*, unsigned int, FARSETTINGS_SUBFOLDERS)
                0x00000000671c5b20                Far::Settings_t::set(wchar_t const*, wchar_t const*, FARSETTINGS_SUBFOLDERS)
                0x00000000671c5bd0                Far::Settings_t::set(wchar_t const*, unsigned long long, FARSETTINGS_SUBFOLDERS)
                0x00000000671c5c90                Far::Settings_t::set(wchar_t const*, long long, FARSETTINGS_SUBFOLDERS)
                0x00000000671c5d50                Far::Settings_t::set(wchar_t const*, bool, FARSETTINGS_SUBFOLDERS)
 .text          0x00000000671c5e00      0x2e0 D:\projects\andrew-grechkin\libfar3\Release-x32-NoStr/liblibfar3.a(FarDialogItem.o)
                0x00000000671c5e00                Far::FarDialogItem_t::~FarDialogItem_t()
                0x00000000671c5e00                Far::FarDialogItem_t::~FarDialogItem_t()
                0x00000000671c5e20                Far::FarDialogItem_t::FarDialogItem_t(FARDIALOGITEMTYPES, wchar_t const*, unsigned long long)
                0x00000000671c5e20                Far::FarDialogItem_t::FarDialogItem_t(FARDIALOGITEMTYPES, wchar_t const*, unsigned long long)
                0x00000000671c5eb0                Far::FarDialogItem_t::FarDialogItem_t(Far::DialogItemBinding_i*, FARDIALOGITEMTYPES, wchar_t const*, unsigned long long)
                0x00000000671c5eb0                Far::FarDialogItem_t::FarDialogItem_t(Far::DialogItemBinding_i*, FARDIALOGITEMTYPES, wchar_t const*, unsigned long long)
                0x00000000671c5f40                Far::FarDialogItem_t::FarDialogItem_t(Far::FarDialogItem_t&&)
                0x00000000671c5f40                Far::FarDialogItem_t::FarDialogItem_t(Far::FarDialogItem_t&&)
                0x00000000671c5fb0                Far::FarDialogItem_t::operator=(Far::FarDialogItem_t&&)
                0x00000000671c6020                Far::FarDialogItem_t::get_height() const
                0x00000000671c6030                Far::FarDialogItem_t::get_width() const
                0x00000000671c60b0                Far::FarDialogItem_t::set_dlg(void**)
                0x00000000671c60c0                Far::FarDialogItem_t::set_index(int)
                0x00000000671c60d0                Far::FarDialogItem_t::save() const
 .text          0x00000000671c60e0       0xd0 D:\projects\andrew-grechkin\libfar3\Release-x32-NoStr/liblibfar3.a(DlgBuilder_c.o)
                0x00000000671c6100                Far::PluginRadioButtonBinding::get_width_() const
                0x00000000671c6110                Far::PluginRadioButtonBinding::save_() const
                0x00000000671c6180                Far::PluginRadioButtonBinding::PluginRadioButtonBinding(void*&, int, int*, int)
                0x00000000671c6180                Far::PluginRadioButtonBinding::PluginRadioButtonBinding(void*&, int, int*, int)
 .text          0x00000000671c61b0       0xd0 D:\projects\andrew-grechkin\libfar3\Release-x32-NoStr/liblibfar3.a(DialogItemBinding.o)
                0x00000000671c61b0                Far::DialogItemBinding_i::~DialogItemBinding_i()
                0x00000000671c61b0                Far::DialogItemBinding_i::~DialogItemBinding_i()
                0x00000000671c61c0                Far::DialogItemBinding_i::get_height_() const
                0x00000000671c61d0                Far::DialogItemBinding_i::~DialogItemBinding_i()
                0x00000000671c6200                Far::DialogItemBinding_i::set_dlg(void**)
                0x00000000671c6210                Far::DialogItemBinding_i::set_index(int)
                0x00000000671c6220                Far::DialogItemBinding_i::save() const
                0x00000000671c6240                Far::DialogItemBinding_i::get_height() const
                0x00000000671c6260                Far::DialogItemBinding_i::get_width() const
 .text          0x00000000671c6280       0xc0 D:\projects\andrew-grechkin\libbase\Release-x32-NoStr/liblibbase.a(ref_cnt.o)
                0x00000000671c6280                Base::ref_counter::~ref_counter()
                0x00000000671c6280                Base::ref_counter::~ref_counter()
                0x00000000671c6290                Base::ref_counter::destroy()
                0x00000000671c62a0                Base::ref_counter::free()
                0x00000000671c62c0                Base::ref_counter::~ref_counter()
                0x00000000671c62f0                Base::ref_counter::ref_counter()
                0x00000000671c62f0                Base::ref_counter::ref_counter()
                0x00000000671c6310                Base::ref_counter::decrease_ref()
 .text          0x00000000671c6340      0x140 c:/mingw/bin/../lib/gcc/x86_64-w64-mingw32/4.7.1/../../../../x86_64-w64-mingw32/lib/../lib32/libmingwex.a(lib32_libmingwex_a-wcstold.o)
                0x00000000671c6340                wcstold
 .text          0x00000000671c6480       0x60 c:/mingw/bin/../lib/gcc/x86_64-w64-mingw32/4.7.1/../../../../x86_64-w64-mingw32/lib/../lib32/libmingwex.a(lib32_libmingwex_a-ilockcxch64.o)
                0x00000000671c6480                _InterlockedCompareExchange64
                0x00000000671c64b0                InterlockedCompareExchange64@20
 .text          0x00000000671c64e0       0xf0 c:/mingw/bin/../lib/gcc/x86_64-w64-mingw32/4.7.1/../../../../x86_64-w64-mingw32/lib/../lib32/libmingwex.a(lib32_libmingwex_a-mingw_get_codepage.o)
 .text          0x00000000671c65d0      0x960 c:/mingw/bin/../lib/gcc/x86_64-w64-mingw32/4.7.1/../../../../x86_64-w64-mingw32/lib/../lib32/libmingwex.a(lib32_libmingwex_a-strtold.o)
                0x00000000671c65d0                __asctoe64
                0x00000000671c6ed0                strtold
 .text          0x00000000671c6f30     0x1230 c:/mingw/bin/../lib/gcc/x86_64-w64-mingw32/4.7.1/../../../../x86_64-w64-mingw32/lib/../lib32/libmingwex.a(lib32_libmingwex_a-cephes_emath.o)
                0x00000000671c6fc0                __emovi
                0x00000000671c7090                __eaddm
                0x00000000671c70d0                __esubm
                0x00000000671c7110                __edivm
                0x00000000671c7320                __emulm
                0x00000000671c7400                __toe64
                0x00000000671c7580                __ecmp
                0x00000000671c76a0                __eshift
                0x00000000671c78b0                __enormlz
                0x00000000671c7a30                __emdnorm
                0x00000000671c7d00                __emovo
                0x00000000671c7de0                __emul
 .text          0x00000000671c8160      0x3a0 c:/mingw/bin/../lib/gcc/x86_64-w64-mingw32/4.7.1/../../../../x86_64-w64-mingw32/lib/../lib32/libmingw32.a(lib32_libmingw32_a-pesect.o)
                0x00000000671c8160                _ValidateImageBase
                0x00000000671c8190                _FindPESection
                0x00000000671c81d0                _FindPESectionByName
                0x00000000671c8260                __mingw_GetSectionForAddress
                0x00000000671c82a0                __mingw_GetSectionCount
                0x00000000671c82d0                _FindPESectionExec
                0x00000000671c8330                _GetPEImageBase
                0x00000000671c8360                _IsNonwritableInCurrentImage
                0x00000000671c83b0                __mingw_enum_import_library_names
                0x00000000671c8440                __mingw_get_msvcrt_handle
 .text          0x00000000671c8500        0x8 c:/mingw/bin/../lib/gcc/x86_64-w64-mingw32/4.7.1/../../../../x86_64-w64-mingw32/lib/../lib32/libmsvcrt.a(dwnhs01144.o)
                0x00000000671c8500                wcscmp
 .text          0x00000000671c8508        0x8 c:/mingw/bin/../lib/gcc/x86_64-w64-mingw32/4.7.1/../../../../x86_64-w64-mingw32/lib/../lib32/libmsvcrt.a(dwnhs01143.o)
                0x00000000671c8508                wcschr
 .text          0x00000000671c8510        0x8 c:/mingw/bin/../lib/gcc/x86_64-w64-mingw32/4.7.1/../../../../x86_64-w64-mingw32/lib/../lib32/libmsvcrt.a(dwnhs01148.o)
                0x00000000671c8510                wcscspn
 .text          0x00000000671c8518        0x8 c:/mingw/bin/../lib/gcc/x86_64-w64-mingw32/4.7.1/../../../../x86_64-w64-mingw32/lib/../lib32/libmsvcrt.a(dwnhs01154.o)
                0x00000000671c8518                wcsncpy
 .text          0x00000000671c8520        0x8 c:/mingw/bin/../lib/gcc/x86_64-w64-mingw32/4.7.1/../../../../x86_64-w64-mingw32/lib/../lib32/libmsvcrt.a(dwnhs01046.o)
                0x00000000671c8520                memcpy
 .text          0x00000000671c8528        0x8 c:/mingw/bin/../lib/gcc/x86_64-w64-mingw32/4.7.1/../../../../x86_64-w64-mingw32/lib/../lib32/libmsvcrt.a(dwnhs01150.o)
                0x00000000671c8528                wcslen
 .text          0x00000000671c8530        0x0 c:/mingw/bin/../lib/gcc/x86_64-w64-mingw32/4.7.1/../../../../x86_64-w64-mingw32/lib/../lib32/libmsvcrt.a(dwnhs00070.o)
 .text          0x00000000671c8530        0x8 c:/mingw/bin/../lib/gcc/x86_64-w64-mingw32/4.7.1/../../../../x86_64-w64-mingw32/lib/../lib32/libmsvcrt.a(dwnhs01038.o)
                0x00000000671c8530                malloc
 .text          0x00000000671c8538        0x8 c:/mingw/bin/../lib/gcc/x86_64-w64-mingw32/4.7.1/../../../../x86_64-w64-mingw32/lib/../lib32/libmsvcrt.a(dwnhs00473.o)
                0x00000000671c8538                _mbslen
 .text          0x00000000671c8540        0x8 c:/mingw/bin/../lib/gcc/x86_64-w64-mingw32/4.7.1/../../../../x86_64-w64-mingw32/lib/../lib32/libmsvcrt.a(dwnhs00980.o)
                0x00000000671c8540                free
 .text          0x00000000671c8548        0x8 c:/mingw/bin/../lib/gcc/x86_64-w64-mingw32/4.7.1/../../../../x86_64-w64-mingw32/lib/../lib32/libmsvcrt.a(dwnhs01072.o)
                0x00000000671c8548                setlocale
 .text          0x00000000671c8550        0x8 c:/mingw/bin/../lib/gcc/x86_64-w64-mingw32/4.7.1/../../../../x86_64-w64-mingw32/lib/../lib32/libmsvcrt.a(dwnhs01085.o)
                0x00000000671c8550                strchr
 .text          0x00000000671c8558        0x8 c:/mingw/bin/../lib/gcc/x86_64-w64-mingw32/4.7.1/../../../../x86_64-w64-mingw32/lib/../lib32/libmsvcrt.a(dwnhs00943.o)
                0x00000000671c8558                atoi
 .text          0x00000000671c8560        0x8 c:/mingw/bin/../lib/gcc/x86_64-w64-mingw32/4.7.1/../../../../x86_64-w64-mingw32/lib/../lib32/libmsvcrt.a(dwnhs01033.o)
                0x00000000671c8560                localeconv
 .text          0x00000000671c8568        0x8 c:/mingw/bin/../lib/gcc/x86_64-w64-mingw32/4.7.1/../../../../x86_64-w64-mingw32/lib/../lib32/libmsvcrt.a(dwnhs01094.o)
                0x00000000671c8568                strlen
 .text          0x00000000671c8570        0x8 c:/mingw/bin/../lib/gcc/x86_64-w64-mingw32/4.7.1/../../../../x86_64-w64-mingw32/lib/../lib32/libmsvcrt.a(dwnhs01012.o)
                0x00000000671c8570                isspace
 .text          0x00000000671c8578        0x8 c:/mingw/bin/../lib/gcc/x86_64-w64-mingw32/4.7.1/../../../../x86_64-w64-mingw32/lib/../lib32/libmsvcrt.a(dwnhs00687.o)
                0x00000000671c8578                _strnicmp
 .text          0x00000000671c8580        0x8 c:/mingw/bin/../lib/gcc/x86_64-w64-mingw32/4.7.1/../../../../x86_64-w64-mingw32/lib/../lib32/libmsvcrt.a(dwnhs00209.o)
                0x00000000671c8580                _errno
 .text          0x00000000671c8588        0x8 c:/mingw/bin/../lib/gcc/x86_64-w64-mingw32/4.7.1/../../../../x86_64-w64-mingw32/lib/../lib32/libmsvcrt.a(dwnhs01097.o)
                0x00000000671c8588                strncmp
 .text          0x00000000671c8590        0x0 c:/mingw/bin/../lib/gcc/x86_64-w64-mingw32/4.7.1/../../../../x86_64-w64-mingw32/lib/../lib32/libmsvcrt.a(dwnhh.o)
 .text          0x00000000671c8590        0x0 c:/mingw/bin/../lib/gcc/x86_64-w64-mingw32/4.7.1/../../../../x86_64-w64-mingw32/lib/../lib32/libmsvcrt.a(dwnht.o)
 .text          0x00000000671c8590        0x0 c:/mingw/bin/../lib/gcc/x86_64-w64-mingw32/4.7.1/../../../../x86_64-w64-mingw32/lib/../lib32/libkernel32.a(dodph.o)
 .text          0x00000000671c8590        0x0 c:/mingw/bin/../lib/gcc/x86_64-w64-mingw32/4.7.1/../../../../x86_64-w64-mingw32/lib/../lib32/libkernel32.a(dodpt.o)
 *(SORT(.text$*))
 .text$_Z16InsertFromVectorIN9__gnu_cxx17__normal_iteratorIPSt4pairIN4Base12basic_stringIwNS3_11char_traitsIwEEEE8SortInfoESt6vectorIS9_SaIS9_EEEEEvRKSB_IS2_IS7_7SelInfoESaISG_EET_SL_
                0x00000000671c8590      0xea0 src\process.o
                0x00000000671c8590                void InsertFromVector<__gnu_cxx::__normal_iterator<std::pair<Base::basic_string<wchar_t, Base::char_traits<wchar_t> >, SortInfo>*, std::vector<std::pair<Base::basic_string<wchar_t, Base::char_traits<wchar_t> >, SortInfo>, std::allocator<std::pair<Base::basic_string<wchar_t, Base::char_traits<wchar_t> >, SortInfo> > > > >(std::vector<std::pair<Base::basic_string<wchar_t, Base::char_traits<wchar_t> >, SelInfo>, std::allocator<std::pair<Base::basic_string<wchar_t, Base::char_traits<wchar_t> >, SelInfo> > > const&, __gnu_cxx::__normal_iterator<std::pair<Base::basic_string<wchar_t, Base::char_traits<wchar_t> >, SortInfo>*, std::vector<std::pair<Base::basic_string<wchar_t, Base::char_traits<wchar_t> >, SortInfo>, std::allocator<std::pair<Base::basic_string<wchar_t, Base::char_traits<wchar_t> >, SortInfo> > > >, __gnu_cxx::__normal_iterator<std::pair<Base::basic_string<wchar_t, Base::char_traits<wchar_t> >, SortInfo>*, std::vector<std::pair<Base::basic_string<wchar_t, Base::char_traits<wchar_t> >, SortInfo>, std::allocator<std::pair<Base::basic_string<wchar_t, Base::char_traits<wchar_t> >, SortInfo> > > >)
 .text$_Z16InsertFromVectorISt16reverse_iteratorIN9__gnu_cxx17__normal_iteratorIPSt4pairIN4Base12basic_stringIwNS4_11char_traitsIwEEEE8SortInfoESt6vectorISA_SaISA_EEEEEEvRKSC_IS3_IS8_7SelInfoESaISI_EET_SN_
                0x00000000671c9430      0xed0 src\process.o
                0x00000000671c9430                void InsertFromVector<std::reverse_iterator<__gnu_cxx::__normal_iterator<std::pair<Base::basic_string<wchar_t, Base::char_traits<wchar_t> >, SortInfo>*, std::vector<std::pair<Base::basic_string<wchar_t, Base::char_traits<wchar_t> >, SortInfo>, std::allocator<std::pair<Base::basic_string<wchar_t, Base::char_traits<wchar_t> >, SortInfo> > > > > >(std::vector<std::pair<Base::basic_string<wchar_t, Base::char_traits<wchar_t> >, SelInfo>, std::allocator<std::pair<Base::basic_string<wchar_t, Base::char_traits<wchar_t> >, SelInfo> > > const&, std::reverse_iterator<__gnu_cxx::__normal_iterator<std::pair<Base::basic_string<wchar_t, Base::char_traits<wchar_t> >, SortInfo>*, std::vector<std::pair<Base::basic_string<wchar_t, Base::char_traits<wchar_t> >, SortInfo>, std::allocator<std::pair<Base::basic_string<wchar_t, Base::char_traits<wchar_t> >, SortInfo> > > > >, std::reverse_iterator<__gnu_cxx::__normal_iterator<std::pair<Base::basic_string<wchar_t, Base::char_traits<wchar_t> >, SortInfo>*, std::vector<std::pair<Base::basic_string<wchar_t, Base::char_traits<wchar_t> >, SortInfo>, std::allocator<std::pair<Base::basic_string<wchar_t, Base::char_traits<wchar_t> >, SortInfo> > > > >)
 .text$_ZN3Far21PluginCheckBoxBindingD0Ev
                0x00000000671ca300       0x40 D:\projects\andrew-grechkin\libfar3\Release-x32-NoStr/liblibfar3.a(create_checkbox.o)
                0x00000000671ca300                Far::PluginCheckBoxBinding::~PluginCheckBoxBinding()
 .text$_ZN3Far21PluginCheckBoxBindingD1Ev
                0x00000000671ca340       0x10 D:\projects\andrew-grechkin\libfar3\Release-x32-NoStr/liblibfar3.a(create_checkbox.o)
                0x00000000671ca340                Far::PluginCheckBoxBinding::~PluginCheckBoxBinding()
 .text$_ZN3Far21PluginComboBoxBindingD0Ev
                0x00000000671ca350       0x40 D:\projects\andrew-grechkin\libfar3\Release-x32-NoStr/liblibfar3.a(create_combobox.o)
                0x00000000671ca350                Far::PluginComboBoxBinding::~PluginComboBoxBinding()
 .text$_ZN3Far21PluginComboBoxBindingD1Ev
                0x00000000671ca390       0x10 D:\projects\andrew-grechkin\libfar3\Release-x32-NoStr/liblibfar3.a(create_combobox.o)
                0x00000000671ca390                Far::PluginComboBoxBinding::~PluginComboBoxBinding()
 .text$_ZN3Far22PluginEditFieldBindingD0Ev
                0x00000000671ca3a0       0x40 D:\projects\andrew-grechkin\libfar3\Release-x32-NoStr/liblibfar3.a(create_edit.o)
                0x00000000671ca3a0                Far::PluginEditFieldBinding::~PluginEditFieldBinding()
 .text$_ZN3Far22PluginEditFieldBindingD1Ev
                0x00000000671ca3e0       0x10 D:\projects\andrew-grechkin\libfar3\Release-x32-NoStr/liblibfar3.a(create_edit.o)
                0x00000000671ca3e0                Far::PluginEditFieldBinding::~PluginEditFieldBinding()
 .text$_ZN3Far24PluginRadioButtonBindingD0Ev
                0x00000000671ca3f0       0x40 D:\projects\andrew-grechkin\libfar3\Release-x32-NoStr/liblibfar3.a(DlgBuilder_c.o)
                0x00000000671ca3f0                Far::PluginRadioButtonBinding::~PluginRadioButtonBinding()
 .text$_ZN3Far24PluginRadioButtonBindingD1Ev
                0x00000000671ca430       0x10 D:\projects\andrew-grechkin\libfar3\Release-x32-NoStr/liblibfar3.a(DlgBuilder_c.o)
                0x00000000671ca430                Far::PluginRadioButtonBinding::~PluginRadioButtonBinding()
 .text$_ZN4Base10shared_ptrIN3Far15DialogBuilder_iEE15shared_ptr_impl7destroyEv
                0x00000000671ca440       0x20 D:\projects\andrew-grechkin\libfar3\Release-x32-NoStr/liblibfar3.a(dialog_builder.o)
                0x00000000671ca440                Base::shared_ptr<Far::DialogBuilder_i>::shared_ptr_impl::destroy()
 .text$_ZN4Base10shared_ptrIN3Far15DialogBuilder_iEE15shared_ptr_implD0Ev
                0x00000000671ca460       0x40 D:\projects\andrew-grechkin\libfar3\Release-x32-NoStr/liblibfar3.a(dialog_builder.o)
                0x00000000671ca460                Base::shared_ptr<Far::DialogBuilder_i>::shared_ptr_impl::~shared_ptr_impl()
 .text$_ZN4Base10shared_ptrIN3Far15DialogBuilder_iEE15shared_ptr_implD1Ev
                0x00000000671ca4a0       0x10 D:\projects\andrew-grechkin\libfar3\Release-x32-NoStr/liblibfar3.a(dialog_builder.o)
                0x00000000671ca4a0                Base::shared_ptr<Far::DialogBuilder_i>::shared_ptr_impl::~shared_ptr_impl()
 .text$_ZN4Base12basic_stringIwNS_11char_traitsIwEEE11string_impl4freeEv
                0x00000000671ca4b0       0x30 src\process.o
                0x00000000671ca4b0                Base::basic_string<wchar_t, Base::char_traits<wchar_t> >::string_impl::free()
 .text$_ZN4Base12basic_stringIwNS_11char_traitsIwEEE11string_implD0Ev
                0x00000000671ca4e0       0x40 src\process.o
                0x00000000671ca4e0                Base::basic_string<wchar_t, Base::char_traits<wchar_t> >::string_impl::~string_impl()
 .text$_ZN4Base12basic_stringIwNS_11char_traitsIwEEE11string_implD1Ev
                0x00000000671ca520       0x10 src\process.o
                0x00000000671ca520                Base::basic_string<wchar_t, Base::char_traits<wchar_t> >::string_impl::~string_impl()
 .text$_ZNSt6vectorIN3Far15FarDialogItem_tESaIS1_EE19_M_emplace_back_auxIIR18FARDIALOGITEMTYPESRPKwRyEEEvDpOT_
                0x00000000671ca530      0x170 D:\projects\andrew-grechkin\libfar3\Release-x32-NoStr/liblibfar3.a(dialog_builder.o)
                0x00000000671ca530                void std::vector<Far::FarDialogItem_t, std::allocator<Far::FarDialogItem_t> >::_M_emplace_back_aux<FARDIALOGITEMTYPES&, wchar_t const*&, unsigned long long&>(FARDIALOGITEMTYPES&, wchar_t const*&, unsigned long long&)
                0x00000000671ca530                .weak.__ZNSt6vectorIN3Far15FarDialogItem_tESaIS1_EE19_M_emplace_back_auxIJR18FARDIALOGITEMTYPESRPKwRyEEEvDpOT_.__ZN3Far15DialogBuilder_iD2Ev
 .text$_ZNSt6vectorIN3Far15FarDialogItem_tESaIS1_EE19_M_emplace_back_auxIIS1_EEEvDpOT_
                0x00000000671ca6a0      0x120 D:\projects\andrew-grechkin\libfar3\Release-x32-NoStr/liblibfar3.a(dialog_builder.o)
                0x00000000671ca6a0                .weak.__ZNSt6vectorIN3Far15FarDialogItem_tESaIS1_EE19_M_emplace_back_auxIJS1_EEEvDpOT_.__ZN3Far15DialogBuilder_iD2Ev
                0x00000000671ca6a0                void std::vector<Far::FarDialogItem_t, std::allocator<Far::FarDialogItem_t> >::_M_emplace_back_aux<Far::FarDialogItem_t>(Far::FarDialogItem_t&&)
 .text$_ZNSt6vectorISt4pairIN4Base12basic_stringIwNS1_11char_traitsIwEEEE7SelInfoESaIS7_EE19_M_emplace_back_auxIIRS5_S6_EEEvDpOT_
                0x00000000671ca7c0      0x160 src\process.o
                0x00000000671ca7c0                .weak.__ZNSt6vectorISt4pairIN4Base12basic_stringIwNS1_11char_traitsIwEEEE7SelInfoESaIS7_EE19_M_emplace_back_auxIJRS5_S6_EEEvDpOT_.__Z9PairEqNumRKSt4pairIN4Base12basic_stringIwNS0_11char_traitsIwEEEE8SortInfoES8_
                0x00000000671ca7c0                void std::vector<std::pair<Base::basic_string<wchar_t, Base::char_traits<wchar_t> >, SelInfo>, std::allocator<std::pair<Base::basic_string<wchar_t, Base::char_traits<wchar_t> >, SelInfo> > >::_M_emplace_back_aux<Base::basic_string<wchar_t, Base::char_traits<wchar_t> >&, SelInfo>(Base::basic_string<wchar_t, Base::char_traits<wchar_t> >&, SelInfo&&)
 .text$_ZNSt6vectorISt4pairIN4Base12basic_stringIwNS1_11char_traitsIwEEEE8SortInfoESaIS7_EE19_M_emplace_back_auxIIRS5_jEEEvDpOT_
                0x00000000671ca920      0x170 src\process.o
                0x00000000671ca920                void std::vector<std::pair<Base::basic_string<wchar_t, Base::char_traits<wchar_t> >, SortInfo>, std::allocator<std::pair<Base::basic_string<wchar_t, Base::char_traits<wchar_t> >, SortInfo> > >::_M_emplace_back_aux<Base::basic_string<wchar_t, Base::char_traits<wchar_t> >&, unsigned int>(Base::basic_string<wchar_t, Base::char_traits<wchar_t> >&, unsigned int&&)
                0x00000000671ca920                .weak.__ZNSt6vectorISt4pairIN4Base12basic_stringIwNS1_11char_traitsIwEEEE8SortInfoESaIS7_EE19_M_emplace_back_auxIJRS5_jEEEvDpOT_.__Z9PairEqNumRKSt4pairIN4Base12basic_stringIwNS0_11char_traitsIwEEEE8SortInfoES8_
 .text$_ZNSt6vectorISt4pairIN4Base12basic_stringIwNS1_11char_traitsIwEEEE8SortInfoESaIS7_EE19_M_emplace_back_auxIIS5_jEEEvDpOT_
                0x00000000671caa90      0x170 src\process.o
                0x00000000671caa90                .weak.__ZNSt6vectorISt4pairIN4Base12basic_stringIwNS1_11char_traitsIwEEEE8SortInfoESaIS7_EE19_M_emplace_back_auxIJS5_jEEEvDpOT_.__Z9PairEqNumRKSt4pairIN4Base12basic_stringIwNS0_11char_traitsIwEEEE8SortInfoES8_
                0x00000000671caa90                void std::vector<std::pair<Base::basic_string<wchar_t, Base::char_traits<wchar_t> >, SortInfo>, std::allocator<std::pair<Base::basic_string<wchar_t, Base::char_traits<wchar_t> >, SortInfo> > >::_M_emplace_back_aux<Base::basic_string<wchar_t, Base::char_traits<wchar_t> >, unsigned int>(Base::basic_string<wchar_t, Base::char_traits<wchar_t> >&&, unsigned int&&)
 .text$_ZSt13__adjust_heapIN9__gnu_cxx17__normal_iteratorIPSt4pairIN4Base12basic_stringIwNS3_11char_traitsIwEEEE8SortInfoESt6vectorIS9_SaIS9_EEEEiS9_St26pointer_to_binary_functionIRKS9_SH_bEEvT_T0_SK_T1_T2_
                0x00000000671cac00      0x1c0 src\process.o
                0x00000000671cac00                void std::__adjust_heap<__gnu_cxx::__normal_iterator<std::pair<Base::basic_string<wchar_t, Base::char_traits<wchar_t> >, SortInfo>*, std::vector<std::pair<Base::basic_string<wchar_t, Base::char_traits<wchar_t> >, SortInfo>, std::allocator<std::pair<Base::basic_string<wchar_t, Base::char_traits<wchar_t> >, SortInfo> > > >, int, std::pair<Base::basic_string<wchar_t, Base::char_traits<wchar_t> >, SortInfo>, std::pointer_to_binary_function<std::pair<Base::basic_string<wchar_t, Base::char_traits<wchar_t> >, SortInfo> const&, std::pair<Base::basic_string<wchar_t, Base::char_traits<wchar_t> >, SortInfo> const&, bool> >(__gnu_cxx::__normal_iterator<std::pair<Base::basic_string<wchar_t, Base::char_traits<wchar_t> >, SortInfo>*, std::vector<std::pair<Base::basic_string<wchar_t, Base::char_traits<wchar_t> >, SortInfo>, std::allocator<std::pair<Base::basic_string<wchar_t, Base::char_traits<wchar_t> >, SortInfo> > > >, int, int, std::pair<Base::basic_string<wchar_t, Base::char_traits<wchar_t> >, SortInfo>, std::pointer_to_binary_function<std::pair<Base::basic_string<wchar_t, Base::char_traits<wchar_t> >, SortInfo> const&, std::pair<Base::basic_string<wchar_t, Base::char_traits<wchar_t> >, SortInfo> const&, bool>)
 .text$_ZSt13__heap_selectIN9__gnu_cxx17__normal_iteratorIPSt4pairIN4Base12basic_stringIwNS3_11char_traitsIwEEEE8SortInfoESt6vectorIS9_SaIS9_EEEESt26pointer_to_binary_functionIRKS9_SH_bEEvT_SJ_SJ_T0_
                0x00000000671cadc0       0xf0 src\process.o
                0x00000000671cadc0                void std::__heap_select<__gnu_cxx::__normal_iterator<std::pair<Base::basic_string<wchar_t, Base::char_traits<wchar_t> >, SortInfo>*, std::vector<std::pair<Base::basic_string<wchar_t, Base::char_traits<wchar_t> >, SortInfo>, std::allocator<std::pair<Base::basic_string<wchar_t, Base::char_traits<wchar_t> >, SortInfo> > > >, std::pointer_to_binary_function<std::pair<Base::basic_string<wchar_t, Base::char_traits<wchar_t> >, SortInfo> const&, std::pair<Base::basic_string<wchar_t, Base::char_traits<wchar_t> >, SortInfo> const&, bool> >(__gnu_cxx::__normal_iterator<std::pair<Base::basic_string<wchar_t, Base::char_traits<wchar_t> >, SortInfo>*, std::vector<std::pair<Base::basic_string<wchar_t, Base::char_traits<wchar_t> >, SortInfo>, std::allocator<std::pair<Base::basic_string<wchar_t, Base::char_traits<wchar_t> >, SortInfo> > > >, __gnu_cxx::__normal_iterator<std::pair<Base::basic_string<wchar_t, Base::char_traits<wchar_t> >, SortInfo>*, std::vector<std::pair<Base::basic_string<wchar_t, Base::char_traits<wchar_t> >, SortInfo>, std::allocator<std::pair<Base::basic_string<wchar_t, Base::char_traits<wchar_t> >, SortInfo> > > >, __gnu_cxx::__normal_iterator<std::pair<Base::basic_string<wchar_t, Base::char_traits<wchar_t> >, SortInfo>*, std::vector<std::pair<Base::basic_string<wchar_t, Base::char_traits<wchar_t> >, SortInfo>, std::allocator<std::pair<Base::basic_string<wchar_t, Base::char_traits<wchar_t> >, SortInfo> > > >, std::pointer_to_binary_function<std::pair<Base::basic_string<wchar_t, Base::char_traits<wchar_t> >, SortInfo> const&, std::pair<Base::basic_string<wchar_t, Base::char_traits<wchar_t> >, SortInfo> const&, bool>)
 .text$_ZSt16__insertion_sortIN9__gnu_cxx17__normal_iteratorIPSt4pairIN4Base12basic_stringIwNS3_11char_traitsIwEEEE8SortInfoESt6vectorIS9_SaIS9_EEEESt26pointer_to_binary_functionIRKS9_SH_bEEvT_SJ_T0_
                0x00000000671caeb0       0xe0 src\process.o
                0x00000000671caeb0                void std::__insertion_sort<__gnu_cxx::__normal_iterator<std::pair<Base::basic_string<wchar_t, Base::char_traits<wchar_t> >, SortInfo>*, std::vector<std::pair<Base::basic_string<wchar_t, Base::char_traits<wchar_t> >, SortInfo>, std::allocator<std::pair<Base::basic_string<wchar_t, Base::char_traits<wchar_t> >, SortInfo> > > >, std::pointer_to_binary_function<std::pair<Base::basic_string<wchar_t, Base::char_traits<wchar_t> >, SortInfo> const&, std::pair<Base::basic_string<wchar_t, Base::char_traits<wchar_t> >, SortInfo> const&, bool> >(__gnu_cxx::__normal_iterator<std::pair<Base::basic_string<wchar_t, Base::char_traits<wchar_t> >, SortInfo>*, std::vector<std::pair<Base::basic_string<wchar_t, Base::char_traits<wchar_t> >, SortInfo>, std::allocator<std::pair<Base::basic_string<wchar_t, Base::char_traits<wchar_t> >, SortInfo> > > >, __gnu_cxx::__normal_iterator<std::pair<Base::basic_string<wchar_t, Base::char_traits<wchar_t> >, SortInfo>*, std::vector<std::pair<Base::basic_string<wchar_t, Base::char_traits<wchar_t> >, SortInfo>, std::allocator<std::pair<Base::basic_string<wchar_t, Base::char_traits<wchar_t> >, SortInfo> > > >, std::pointer_to_binary_function<std::pair<Base::basic_string<wchar_t, Base::char_traits<wchar_t> >, SortInfo> const&, std::pair<Base::basic_string<wchar_t, Base::char_traits<wchar_t> >, SortInfo> const&, bool>)
 .text$_ZSt16__introsort_loopIN9__gnu_cxx17__normal_iteratorIPSt4pairIN4Base12basic_stringIwNS3_11char_traitsIwEEEE8SortInfoESt6vectorIS9_SaIS9_EEEEiSt26pointer_to_binary_functionIRKS9_SH_bEEvT_SJ_T0_T1_
                0x00000000671caf90      0x9a0 src\process.o
                0x00000000671caf90                void std::__introsort_loop<__gnu_cxx::__normal_iterator<std::pair<Base::basic_string<wchar_t, Base::char_traits<wchar_t> >, SortInfo>*, std::vector<std::pair<Base::basic_string<wchar_t, Base::char_traits<wchar_t> >, SortInfo>, std::allocator<std::pair<Base::basic_string<wchar_t, Base::char_traits<wchar_t> >, SortInfo> > > >, int, std::pointer_to_binary_function<std::pair<Base::basic_string<wchar_t, Base::char_traits<wchar_t> >, SortInfo> const&, std::pair<Base::basic_string<wchar_t, Base::char_traits<wchar_t> >, SortInfo> const&, bool> >(__gnu_cxx::__normal_iterator<std::pair<Base::basic_string<wchar_t, Base::char_traits<wchar_t> >, SortInfo>*, std::vector<std::pair<Base::basic_string<wchar_t, Base::char_traits<wchar_t> >, SortInfo>, std::allocator<std::pair<Base::basic_string<wchar_t, Base::char_traits<wchar_t> >, SortInfo> > > >, __gnu_cxx::__normal_iterator<std::pair<Base::basic_string<wchar_t, Base::char_traits<wchar_t> >, SortInfo>*, std::vector<std::pair<Base::basic_string<wchar_t, Base::char_traits<wchar_t> >, SortInfo>, std::allocator<std::pair<Base::basic_string<wchar_t, Base::char_traits<wchar_t> >, SortInfo> > > >, int, std::pointer_to_binary_function<std::pair<Base::basic_string<wchar_t, Base::char_traits<wchar_t> >, SortInfo> const&, std::pair<Base::basic_string<wchar_t, Base::char_traits<wchar_t> >, SortInfo> const&, bool>)
 .text$_ZSt19__move_median_firstIN9__gnu_cxx17__normal_iteratorIPSt4pairIN4Base12basic_stringIwNS3_11char_traitsIwEEEE8SortInfoESt6vectorIS9_SaIS9_EEEESt26pointer_to_binary_functionIRKS9_SH_bEEvT_SJ_SJ_T0_
                0x00000000671cb930      0x100 src\process.o
                0x00000000671cb930                void std::__move_median_first<__gnu_cxx::__normal_iterator<std::pair<Base::basic_string<wchar_t, Base::char_traits<wchar_t> >, SortInfo>*, std::vector<std::pair<Base::basic_string<wchar_t, Base::char_traits<wchar_t> >, SortInfo>, std::allocator<std::pair<Base::basic_string<wchar_t, Base::char_traits<wchar_t> >, SortInfo> > > >, std::pointer_to_binary_function<std::pair<Base::basic_string<wchar_t, Base::char_traits<wchar_t> >, SortInfo> const&, std::pair<Base::basic_string<wchar_t, Base::char_traits<wchar_t> >, SortInfo> const&, bool> >(__gnu_cxx::__normal_iterator<std::pair<Base::basic_string<wchar_t, Base::char_traits<wchar_t> >, SortInfo>*, std::vector<std::pair<Base::basic_string<wchar_t, Base::char_traits<wchar_t> >, SortInfo>, std::allocator<std::pair<Base::basic_string<wchar_t, Base::char_traits<wchar_t> >, SortInfo> > > >, __gnu_cxx::__normal_iterator<std::pair<Base::basic_string<wchar_t, Base::char_traits<wchar_t> >, SortInfo>*, std::vector<std::pair<Base::basic_string<wchar_t, Base::char_traits<wchar_t> >, SortInfo>, std::allocator<std::pair<Base::basic_string<wchar_t, Base::char_traits<wchar_t> >, SortInfo> > > >, __gnu_cxx::__normal_iterator<std::pair<Base::basic_string<wchar_t, Base::char_traits<wchar_t> >, SortInfo>*, std::vector<std::pair<Base::basic_string<wchar_t, Base::char_traits<wchar_t> >, SortInfo>, std::allocator<std::pair<Base::basic_string<wchar_t, Base::char_traits<wchar_t> >, SortInfo> > > >, std::pointer_to_binary_function<std::pair<Base::basic_string<wchar_t, Base::char_traits<wchar_t> >, SortInfo> const&, std::pair<Base::basic_string<wchar_t, Base::char_traits<wchar_t> >, SortInfo> const&, bool>)
 .text$_ZSt25__unguarded_linear_insertIN9__gnu_cxx17__normal_iteratorIPSt4pairIN4Base12basic_stringIwNS3_11char_traitsIwEEEE8SortInfoESt6vectorIS9_SaIS9_EEEESt26pointer_to_binary_functionIRKS9_SH_bEEvT_T0_
                0x00000000671cba30       0xb0 src\process.o
                0x00000000671cba30                void std::__unguarded_linear_insert<__gnu_cxx::__normal_iterator<std::pair<Base::basic_string<wchar_t, Base::char_traits<wchar_t> >, SortInfo>*, std::vector<std::pair<Base::basic_string<wchar_t, Base::char_traits<wchar_t> >, SortInfo>, std::allocator<std::pair<Base::basic_string<wchar_t, Base::char_traits<wchar_t> >, SortInfo> > > >, std::pointer_to_binary_function<std::pair<Base::basic_string<wchar_t, Base::char_traits<wchar_t> >, SortInfo> const&, std::pair<Base::basic_string<wchar_t, Base::char_traits<wchar_t> >, SortInfo> const&, bool> >(__gnu_cxx::__normal_iterator<std::pair<Base::basic_string<wchar_t, Base::char_traits<wchar_t> >, SortInfo>*, std::vector<std::pair<Base::basic_string<wchar_t, Base::char_traits<wchar_t> >, SortInfo>, std::allocator<std::pair<Base::basic_string<wchar_t, Base::char_traits<wchar_t> >, SortInfo> > > >, std::pointer_to_binary_function<std::pair<Base::basic_string<wchar_t, Base::char_traits<wchar_t> >, SortInfo> const&, std::pair<Base::basic_string<wchar_t, Base::char_traits<wchar_t> >, SortInfo> const&, bool>)
 .text$_ZSt9make_heapIN9__gnu_cxx17__normal_iteratorIPSt4pairIN4Base12basic_stringIwNS3_11char_traitsIwEEEE8SortInfoESt6vectorIS9_SaIS9_EEEESt26pointer_to_binary_functionIRKS9_SH_bEEvT_SJ_T0_
                0x00000000671cbae0       0xc0 src\process.o
                0x00000000671cbae0                void std::make_heap<__gnu_cxx::__normal_iterator<std::pair<Base::basic_string<wchar_t, Base::char_traits<wchar_t> >, SortInfo>*, std::vector<std::pair<Base::basic_string<wchar_t, Base::char_traits<wchar_t> >, SortInfo>, std::allocator<std::pair<Base::basic_string<wchar_t, Base::char_traits<wchar_t> >, SortInfo> > > >, std::pointer_to_binary_function<std::pair<Base::basic_string<wchar_t, Base::char_traits<wchar_t> >, SortInfo> const&, std::pair<Base::basic_string<wchar_t, Base::char_traits<wchar_t> >, SortInfo> const&, bool> >(__gnu_cxx::__normal_iterator<std::pair<Base::basic_string<wchar_t, Base::char_traits<wchar_t> >, SortInfo>*, std::vector<std::pair<Base::basic_string<wchar_t, Base::char_traits<wchar_t> >, SortInfo>, std::allocator<std::pair<Base::basic_string<wchar_t, Base::char_traits<wchar_t> >, SortInfo> > > >, __gnu_cxx::__normal_iterator<std::pair<Base::basic_string<wchar_t, Base::char_traits<wchar_t> >, SortInfo>*, std::vector<std::pair<Base::basic_string<wchar_t, Base::char_traits<wchar_t> >, SortInfo>, std::allocator<std::pair<Base::basic_string<wchar_t, Base::char_traits<wchar_t> >, SortInfo> > > >, std::pointer_to_binary_function<std::pair<Base::basic_string<wchar_t, Base::char_traits<wchar_t> >, SortInfo> const&, std::pair<Base::basic_string<wchar_t, Base::char_traits<wchar_t> >, SortInfo> const&, bool>)
 .text$_ZSt9sort_heapIN9__gnu_cxx17__normal_iteratorIPSt4pairIN4Base12basic_stringIwNS3_11char_traitsIwEEEE8SortInfoESt6vectorIS9_SaIS9_EEEESt26pointer_to_binary_functionIRKS9_SH_bEEvT_SJ_T0_
                0x00000000671cbba0       0xc0 src\process.o
                0x00000000671cbba0                void std::sort_heap<__gnu_cxx::__normal_iterator<std::pair<Base::basic_string<wchar_t, Base::char_traits<wchar_t> >, SortInfo>*, std::vector<std::pair<Base::basic_string<wchar_t, Base::char_traits<wchar_t> >, SortInfo>, std::allocator<std::pair<Base::basic_string<wchar_t, Base::char_traits<wchar_t> >, SortInfo> > > >, std::pointer_to_binary_function<std::pair<Base::basic_string<wchar_t, Base::char_traits<wchar_t> >, SortInfo> const&, std::pair<Base::basic_string<wchar_t, Base::char_traits<wchar_t> >, SortInfo> const&, bool> >(__gnu_cxx::__normal_iterator<std::pair<Base::basic_string<wchar_t, Base::char_traits<wchar_t> >, SortInfo>*, std::vector<std::pair<Base::basic_string<wchar_t, Base::char_traits<wchar_t> >, SortInfo>, std::allocator<std::pair<Base::basic_string<wchar_t, Base::char_traits<wchar_t> >, SortInfo> > > >, __gnu_cxx::__normal_iterator<std::pair<Base::basic_string<wchar_t, Base::char_traits<wchar_t> >, SortInfo>*, std::vector<std::pair<Base::basic_string<wchar_t, Base::char_traits<wchar_t> >, SortInfo>, std::allocator<std::pair<Base::basic_string<wchar_t, Base::char_traits<wchar_t> >, SortInfo> > > >, std::pointer_to_binary_function<std::pair<Base::basic_string<wchar_t, Base::char_traits<wchar_t> >, SortInfo> const&, std::pair<Base::basic_string<wchar_t, Base::char_traits<wchar_t> >, SortInfo> const&, bool>)
 .text$_ZdaPv   0x00000000671cbc60       0x30 src\process.o
                0x00000000671cbc60                operator delete[](void*)
 .text$_ZdlPv   0x00000000671cbc90       0x30 src\process.o
                0x00000000671cbc90                operator delete(void*)
 .text$_Znaj    0x00000000671cbcc0       0x30 src\process.o
                0x00000000671cbcc0                operator new[](unsigned int)
 .text$_Znwj    0x00000000671cbcf0       0x30 src\process.o
                0x00000000671cbcf0                operator new(unsigned int)
 *(.text.*)
 *(.gnu.linkonce.t.*)
 *(.glue_7t)
 *(.glue_7)
                0x00000000671cbd20                ___CTOR_LIST__ = .
                0x00000000671cbd20                __CTOR_LIST__ = .
                0x00000000671cbd20        0x4 LONG 0xffffffffffffffff
 *(.ctors)
 *(.ctor)
 *(SORT(.ctors.*))
                0x00000000671cbd24        0x4 LONG 0x0
                0x00000000671cbd28                ___DTOR_LIST__ = .
                0x00000000671cbd28                __DTOR_LIST__ = .
                0x00000000671cbd28        0x4 LONG 0xffffffffffffffff
 *(.dtors)
 *(.dtor)
 *(SORT(.dtors.*))
                0x00000000671cbd2c        0x4 LONG 0x0
 *(.fini)
 *(.gcc_exc)
                0x00000000671cbd30                PROVIDE (etext, .)
 *(.gcc_except_table)

.data           0x00000000671cc000      0x200
                0x00000000671cc000                __data_start__ = .
 *(.data)
 .data          0x00000000671cc000        0x0 src\process.o
 .data          0x00000000671cc000       0x10 src\main.o
 .data          0x00000000671cc010        0x0 src\guid.o
 .data          0x00000000671cc010        0x0 src\globalinfo.o
 .data          0x00000000671cc010        0x0 src\farplugin.o
 .data          0x00000000671cc010        0x0 D:\projects\andrew-grechkin\libfar3\Release-x32-NoStr/liblibfar3.a(editor.o)
 .data          0x00000000671cc010        0x0 D:\projects\andrew-grechkin\libfar3\Release-x32-NoStr/liblibfar3.a(message.o)
 .data          0x00000000671cc010        0x0 D:\projects\andrew-grechkin\libfar3\Release-x32-NoStr/liblibfar3.a(dialog_builder.o)
 .data          0x00000000671cc010        0x0 D:\projects\andrew-grechkin\libfar3\Release-x32-NoStr/liblibfar3.a(create_checkbox.o)
 .data          0x00000000671cc010        0x0 D:\projects\andrew-grechkin\libfar3\Release-x32-NoStr/liblibfar3.a(create_separator.o)
 .data          0x00000000671cc010        0x0 D:\projects\andrew-grechkin\libfar3\Release-x32-NoStr/liblibfar3.a(create_label.o)
 .data          0x00000000671cc010        0x0 D:\projects\andrew-grechkin\libfar3\Release-x32-NoStr/liblibfar3.a(create_edit.o)
 .data          0x00000000671cc010        0x0 D:\projects\andrew-grechkin\libfar3\Release-x32-NoStr/liblibfar3.a(create_combobox.o)
 .data          0x00000000671cc010        0x0 D:\projects\andrew-grechkin\libfar3\Release-x32-NoStr/liblibfar3.a(globalinfo_i.o)
 .data          0x00000000671cc010        0x0 D:\projects\andrew-grechkin\libfar3\Release-x32-NoStr/liblibfar3.a(plugin_i.o)
 .data          0x00000000671cc010        0x0 D:\projects\andrew-grechkin\libfar3\Release-x32-NoStr/liblibfar3.a(settings.o)
 .data          0x00000000671cc010        0x0 D:\projects\andrew-grechkin\libfar3\Release-x32-NoStr/liblibfar3.a(FarDialogItem.o)
 .data          0x00000000671cc010        0x0 D:\projects\andrew-grechkin\libfar3\Release-x32-NoStr/liblibfar3.a(DlgBuilder_c.o)
 .data          0x00000000671cc010        0x0 D:\projects\andrew-grechkin\libfar3\Release-x32-NoStr/liblibfar3.a(DialogItemBinding.o)
 .data          0x00000000671cc010        0x0 D:\projects\andrew-grechkin\libbase\Release-x32-NoStr/liblibbase.a(ref_cnt.o)
 .data          0x00000000671cc010        0x0 c:/mingw/bin/../lib/gcc/x86_64-w64-mingw32/4.7.1/../../../../x86_64-w64-mingw32/lib/../lib32/libmingwex.a(lib32_libmingwex_a-wcstold.o)
 .data          0x00000000671cc010        0x0 c:/mingw/bin/../lib/gcc/x86_64-w64-mingw32/4.7.1/../../../../x86_64-w64-mingw32/lib/../lib32/libmingwex.a(lib32_libmingwex_a-ilockcxch64.o)
 .data          0x00000000671cc010        0x4 c:/mingw/bin/../lib/gcc/x86_64-w64-mingw32/4.7.1/../../../../x86_64-w64-mingw32/lib/../lib32/libmingwex.a(lib32_libmingwex_a-mingw_get_codepage.o)
                0x00000000671cc010                __lc_codepage
                0x00000000671cc010                __mingw_get_codepage
 .data          0x00000000671cc014        0x0 c:/mingw/bin/../lib/gcc/x86_64-w64-mingw32/4.7.1/../../../../x86_64-w64-mingw32/lib/../lib32/libmingwex.a(lib32_libmingwex_a-strtold.o)
 .data          0x00000000671cc014        0x0 c:/mingw/bin/../lib/gcc/x86_64-w64-mingw32/4.7.1/../../../../x86_64-w64-mingw32/lib/../lib32/libmingwex.a(lib32_libmingwex_a-cephes_emath.o)
 .data          0x00000000671cc014        0x0 c:/mingw/bin/../lib/gcc/x86_64-w64-mingw32/4.7.1/../../../../x86_64-w64-mingw32/lib/../lib32/libmingw32.a(lib32_libmingw32_a-pesect.o)
 .data          0x00000000671cc014        0x0 c:/mingw/bin/../lib/gcc/x86_64-w64-mingw32/4.7.1/../../../../x86_64-w64-mingw32/lib/../lib32/libmsvcrt.a(dwnhs01144.o)
 .data          0x00000000671cc014        0x0 c:/mingw/bin/../lib/gcc/x86_64-w64-mingw32/4.7.1/../../../../x86_64-w64-mingw32/lib/../lib32/libmsvcrt.a(dwnhs01143.o)
 .data          0x00000000671cc014        0x0 c:/mingw/bin/../lib/gcc/x86_64-w64-mingw32/4.7.1/../../../../x86_64-w64-mingw32/lib/../lib32/libmsvcrt.a(dwnhs01148.o)
 .data          0x00000000671cc014        0x0 c:/mingw/bin/../lib/gcc/x86_64-w64-mingw32/4.7.1/../../../../x86_64-w64-mingw32/lib/../lib32/libmsvcrt.a(dwnhs01154.o)
 .data          0x00000000671cc014        0x0 c:/mingw/bin/../lib/gcc/x86_64-w64-mingw32/4.7.1/../../../../x86_64-w64-mingw32/lib/../lib32/libmsvcrt.a(dwnhs01046.o)
 .data          0x00000000671cc014        0x0 c:/mingw/bin/../lib/gcc/x86_64-w64-mingw32/4.7.1/../../../../x86_64-w64-mingw32/lib/../lib32/libmsvcrt.a(dwnhs01150.o)
 .data          0x00000000671cc014        0x0 c:/mingw/bin/../lib/gcc/x86_64-w64-mingw32/4.7.1/../../../../x86_64-w64-mingw32/lib/../lib32/libmsvcrt.a(dwnhs00070.o)
 .data          0x00000000671cc014        0x0 c:/mingw/bin/../lib/gcc/x86_64-w64-mingw32/4.7.1/../../../../x86_64-w64-mingw32/lib/../lib32/libmsvcrt.a(dwnhs01038.o)
 .data          0x00000000671cc014        0x0 c:/mingw/bin/../lib/gcc/x86_64-w64-mingw32/4.7.1/../../../../x86_64-w64-mingw32/lib/../lib32/libmsvcrt.a(dwnhs00473.o)
 .data          0x00000000671cc014        0x0 c:/mingw/bin/../lib/gcc/x86_64-w64-mingw32/4.7.1/../../../../x86_64-w64-mingw32/lib/../lib32/libmsvcrt.a(dwnhs00980.o)
 .data          0x00000000671cc014        0x0 c:/mingw/bin/../lib/gcc/x86_64-w64-mingw32/4.7.1/../../../../x86_64-w64-mingw32/lib/../lib32/libmsvcrt.a(dwnhs01072.o)
 .data          0x00000000671cc014        0x0 c:/mingw/bin/../lib/gcc/x86_64-w64-mingw32/4.7.1/../../../../x86_64-w64-mingw32/lib/../lib32/libmsvcrt.a(dwnhs01085.o)
 .data          0x00000000671cc014        0x0 c:/mingw/bin/../lib/gcc/x86_64-w64-mingw32/4.7.1/../../../../x86_64-w64-mingw32/lib/../lib32/libmsvcrt.a(dwnhs00943.o)
 .data          0x00000000671cc014        0x0 c:/mingw/bin/../lib/gcc/x86_64-w64-mingw32/4.7.1/../../../../x86_64-w64-mingw32/lib/../lib32/libmsvcrt.a(dwnhs01033.o)
 .data          0x00000000671cc014        0x0 c:/mingw/bin/../lib/gcc/x86_64-w64-mingw32/4.7.1/../../../../x86_64-w64-mingw32/lib/../lib32/libmsvcrt.a(dwnhs01094.o)
 .data          0x00000000671cc014        0x0 c:/mingw/bin/../lib/gcc/x86_64-w64-mingw32/4.7.1/../../../../x86_64-w64-mingw32/lib/../lib32/libmsvcrt.a(dwnhs01012.o)
 .data          0x00000000671cc014        0x0 c:/mingw/bin/../lib/gcc/x86_64-w64-mingw32/4.7.1/../../../../x86_64-w64-mingw32/lib/../lib32/libmsvcrt.a(dwnhs00687.o)
 .data          0x00000000671cc014        0x0 c:/mingw/bin/../lib/gcc/x86_64-w64-mingw32/4.7.1/../../../../x86_64-w64-mingw32/lib/../lib32/libmsvcrt.a(dwnhs00209.o)
 .data          0x00000000671cc014        0x0 c:/mingw/bin/../lib/gcc/x86_64-w64-mingw32/4.7.1/../../../../x86_64-w64-mingw32/lib/../lib32/libmsvcrt.a(dwnhs01097.o)
 .data          0x00000000671cc014        0x0 c:/mingw/bin/../lib/gcc/x86_64-w64-mingw32/4.7.1/../../../../x86_64-w64-mingw32/lib/../lib32/libmsvcrt.a(dwnhh.o)
 .data          0x00000000671cc014        0x0 c:/mingw/bin/../lib/gcc/x86_64-w64-mingw32/4.7.1/../../../../x86_64-w64-mingw32/lib/../lib32/libmsvcrt.a(dwnht.o)
 .data          0x00000000671cc014        0x0 c:/mingw/bin/../lib/gcc/x86_64-w64-mingw32/4.7.1/../../../../x86_64-w64-mingw32/lib/../lib32/libkernel32.a(dodps00557.o)
 .data          0x00000000671cc014        0x0 c:/mingw/bin/../lib/gcc/x86_64-w64-mingw32/4.7.1/../../../../x86_64-w64-mingw32/lib/../lib32/libkernel32.a(dodps00689.o)
 .data          0x00000000671cc014        0x0 c:/mingw/bin/../lib/gcc/x86_64-w64-mingw32/4.7.1/../../../../x86_64-w64-mingw32/lib/../lib32/libkernel32.a(dodps00087.o)
 .data          0x00000000671cc014        0x0 c:/mingw/bin/../lib/gcc/x86_64-w64-mingw32/4.7.1/../../../../x86_64-w64-mingw32/lib/../lib32/libkernel32.a(dodps00683.o)
 .data          0x00000000671cc014        0x0 c:/mingw/bin/../lib/gcc/x86_64-w64-mingw32/4.7.1/../../../../x86_64-w64-mingw32/lib/../lib32/libkernel32.a(dodps00693.o)
 .data          0x00000000671cc014        0x0 c:/mingw/bin/../lib/gcc/x86_64-w64-mingw32/4.7.1/../../../../x86_64-w64-mingw32/lib/../lib32/libkernel32.a(dodps01242.o)
 .data          0x00000000671cc014        0x0 c:/mingw/bin/../lib/gcc/x86_64-w64-mingw32/4.7.1/../../../../x86_64-w64-mingw32/lib/../lib32/libkernel32.a(dodps01245.o)
 .data          0x00000000671cc014        0x0 c:/mingw/bin/../lib/gcc/x86_64-w64-mingw32/4.7.1/../../../../x86_64-w64-mingw32/lib/../lib32/libkernel32.a(dodps01183.o)
 .data          0x00000000671cc014        0x0 c:/mingw/bin/../lib/gcc/x86_64-w64-mingw32/4.7.1/../../../../x86_64-w64-mingw32/lib/../lib32/libkernel32.a(dodps00553.o)
 .data          0x00000000671cc014        0x0 c:/mingw/bin/../lib/gcc/x86_64-w64-mingw32/4.7.1/../../../../x86_64-w64-mingw32/lib/../lib32/libkernel32.a(dodps00774.o)
 .data          0x00000000671cc014        0x0 c:/mingw/bin/../lib/gcc/x86_64-w64-mingw32/4.7.1/../../../../x86_64-w64-mingw32/lib/../lib32/libkernel32.a(dodps00510.o)
 .data          0x00000000671cc014        0x0 c:/mingw/bin/../lib/gcc/x86_64-w64-mingw32/4.7.1/../../../../x86_64-w64-mingw32/lib/../lib32/libkernel32.a(dodph.o)
 .data          0x00000000671cc014        0x0 c:/mingw/bin/../lib/gcc/x86_64-w64-mingw32/4.7.1/../../../../x86_64-w64-mingw32/lib/../lib32/libkernel32.a(dodpt.o)
 *(.data2)
 *(SORT(.data$*))
 *fill*         0x00000000671cc014        0xc 
 .data$_ZGVZN3Far8helper_t4instEvE3ret
                0x00000000671cc020       0x10 src\main.o
                0x00000000671cc020                guard variable for Far::helper_t::inst()::ret
 .data$_ZZN3Far8helper_t4instEvE3ret
                0x00000000671cc030       0x10 src\main.o
                0x00000000671cc030                Far::helper_t::inst()::ret
 *(.jcr)
                0x00000000671cc040                __data_end__ = .
 *(.data_cygwin_nocopy)

.rdata          0x00000000671cd000      0x800
 *(.rdata)
 .rdata         0x00000000671cd000       0x30 src\process.o
 .rdata         0x00000000671cd030      0x11c src\globalinfo.o
 .rdata         0x00000000671cd14c        0x4 D:\projects\andrew-grechkin\libfar3\Release-x32-NoStr/liblibfar3.a(message.o)
 .rdata         0x00000000671cd150       0x28 D:\projects\andrew-grechkin\libfar3\Release-x32-NoStr/liblibfar3.a(FarDialogItem.o)
 .rdata         0x00000000671cd178       0x24 c:/mingw/bin/../lib/gcc/x86_64-w64-mingw32/4.7.1/../../../../x86_64-w64-mingw32/lib/../lib32/libmingwex.a(lib32_libmingwex_a-mingw_get_codepage.o)
 *fill*         0x00000000671cd19c        0x4 
 .rdata         0x00000000671cd1a0       0xe0 c:/mingw/bin/../lib/gcc/x86_64-w64-mingw32/4.7.1/../../../../x86_64-w64-mingw32/lib/../lib32/libmingwex.a(lib32_libmingwex_a-strtold.o)
 .rdata         0x00000000671cd280       0x18 c:/mingw/bin/../lib/gcc/x86_64-w64-mingw32/4.7.1/../../../../x86_64-w64-mingw32/lib/../lib32/libmingw32.a(lib32_libmingw32_a-pesect.o)
 *(SORT(.rdata$*))
 .rdata$ConfigGuid
                0x00000000671cd298       0x10 src\guid.o
                0x00000000671cd298                ConfigGuid
 .rdata$DialogGuid
                0x00000000671cd2a8       0x10 src\guid.o
                0x00000000671cd2a8                DialogGuid
 .rdata$GUID_DEVINTERFACE_CDCHANGER
                0x00000000671cd2b8       0x10 src\guid.o
                0x00000000671cd2b8                GUID_DEVINTERFACE_CDCHANGER
 .rdata$GUID_DEVINTERFACE_CDROM
                0x00000000671cd2c8       0x10 src\guid.o
                0x00000000671cd2c8                GUID_DEVINTERFACE_CDROM
 .rdata$GUID_DEVINTERFACE_COMPORT
                0x00000000671cd2d8       0x10 src\guid.o
                0x00000000671cd2d8                GUID_DEVINTERFACE_COMPORT
 .rdata$GUID_DEVINTERFACE_DISK
                0x00000000671cd2e8       0x10 src\guid.o
                0x00000000671cd2e8                GUID_DEVINTERFACE_DISK
 .rdata$GUID_DEVINTERFACE_FLOPPY
                0x00000000671cd2f8       0x10 src\guid.o
                0x00000000671cd2f8                GUID_DEVINTERFACE_FLOPPY
 .rdata$GUID_DEVINTERFACE_MEDIUMCHANGER
                0x00000000671cd308       0x10 src\guid.o
                0x00000000671cd308                GUID_DEVINTERFACE_MEDIUMCHANGER
 .rdata$GUID_DEVINTERFACE_PARTITION
                0x00000000671cd318       0x10 src\guid.o
                0x00000000671cd318                GUID_DEVINTERFACE_PARTITION
 .rdata$GUID_DEVINTERFACE_SERENUM_BUS_ENUMERATOR
                0x00000000671cd328       0x10 src\guid.o
                0x00000000671cd328                GUID_DEVINTERFACE_SERENUM_BUS_ENUMERATOR
 .rdata$GUID_DEVINTERFACE_STORAGEPORT
                0x00000000671cd338       0x10 src\guid.o
                0x00000000671cd338                GUID_DEVINTERFACE_STORAGEPORT
 .rdata$GUID_DEVINTERFACE_TAPE
                0x00000000671cd348       0x10 src\guid.o
                0x00000000671cd348                GUID_DEVINTERFACE_TAPE
 .rdata$GUID_DEVINTERFACE_VOLUME
                0x00000000671cd358       0x10 src\guid.o
                0x00000000671cd358                GUID_DEVINTERFACE_VOLUME
 .rdata$GUID_DEVINTERFACE_WRITEONCEDISK
                0x00000000671cd368       0x10 src\guid.o
                0x00000000671cd368                GUID_DEVINTERFACE_WRITEONCEDISK
 .rdata$IID_AsyncIUnknown
                0x00000000671cd378       0x10 src\guid.o
                0x00000000671cd378                IID_AsyncIUnknown
 .rdata$IID_IAdviseSink
                0x00000000671cd388       0x10 src\guid.o
                0x00000000671cd388                IID_IAdviseSink
 .rdata$IID_IBindCtx
                0x00000000671cd398       0x10 src\guid.o
                0x00000000671cd398                IID_IBindCtx
 .rdata$IID_IBindStatusCallback
                0x00000000671cd3a8       0x10 src\guid.o
                0x00000000671cd3a8                IID_IBindStatusCallback
 .rdata$IID_IBinding
                0x00000000671cd3b8       0x10 src\guid.o
                0x00000000671cd3b8                IID_IBinding
 .rdata$IID_IClassFactory
                0x00000000671cd3c8       0x10 src\guid.o
                0x00000000671cd3c8                IID_IClassFactory
 .rdata$IID_IDataObject
                0x00000000671cd3d8       0x10 src\guid.o
                0x00000000671cd3d8                IID_IDataObject
 .rdata$IID_IDispatch
                0x00000000671cd3e8       0x10 src\guid.o
                0x00000000671cd3e8                IID_IDispatch
 .rdata$IID_IEnumFORMATETC
                0x00000000671cd3f8       0x10 src\guid.o
                0x00000000671cd3f8                IID_IEnumFORMATETC
 .rdata$IID_IEnumMoniker
                0x00000000671cd408       0x10 src\guid.o
                0x00000000671cd408                IID_IEnumMoniker
 .rdata$IID_IEnumSTATDATA
                0x00000000671cd418       0x10 src\guid.o
                0x00000000671cd418                IID_IEnumSTATDATA
 .rdata$IID_IEnumSTATSTG
                0x00000000671cd428       0x10 src\guid.o
                0x00000000671cd428                IID_IEnumSTATSTG
 .rdata$IID_IEnumString
                0x00000000671cd438       0x10 src\guid.o
                0x00000000671cd438                IID_IEnumString
 .rdata$IID_IEnumUnknown
                0x00000000671cd448       0x10 src\guid.o
                0x00000000671cd448                IID_IEnumUnknown
 .rdata$IID_IErrorLog
                0x00000000671cd458       0x10 src\guid.o
                0x00000000671cd458                IID_IErrorLog
 .rdata$IID_IMoniker
                0x00000000671cd468       0x10 src\guid.o
                0x00000000671cd468                IID_IMoniker
 .rdata$IID_IPersist
                0x00000000671cd478       0x10 src\guid.o
                0x00000000671cd478                IID_IPersist
 .rdata$IID_IPersistStream
                0x00000000671cd488       0x10 src\guid.o
                0x00000000671cd488                IID_IPersistStream
 .rdata$IID_IPrintDialogCallback
                0x00000000671cd498       0x10 src\guid.o
                0x00000000671cd498                IID_IPrintDialogCallback
 .rdata$IID_IPrintDialogServices
                0x00000000671cd4a8       0x10 src\guid.o
                0x00000000671cd4a8                IID_IPrintDialogServices
 .rdata$IID_IRecordInfo
                0x00000000671cd4b8       0x10 src\guid.o
                0x00000000671cd4b8                IID_IRecordInfo
 .rdata$IID_IRunningObjectTable
                0x00000000671cd4c8       0x10 src\guid.o
                0x00000000671cd4c8                IID_IRunningObjectTable
 .rdata$IID_ISequentialStream
                0x00000000671cd4d8       0x10 src\guid.o
                0x00000000671cd4d8                IID_ISequentialStream
 .rdata$IID_IStorage
                0x00000000671cd4e8       0x10 src\guid.o
                0x00000000671cd4e8                IID_IStorage
 .rdata$IID_IStream
                0x00000000671cd4f8       0x10 src\guid.o
                0x00000000671cd4f8                IID_IStream
 .rdata$IID_ITypeComp
                0x00000000671cd508       0x10 src\guid.o
                0x00000000671cd508                IID_ITypeComp
 .rdata$IID_ITypeInfo
                0x00000000671cd518       0x10 src\guid.o
                0x00000000671cd518                IID_ITypeInfo
 .rdata$IID_ITypeLib
                0x00000000671cd528       0x10 src\guid.o
                0x00000000671cd528                IID_ITypeLib
 .rdata$MenuGuid
                0x00000000671cd538       0x10 src\guid.o
                0x00000000671cd538                MenuGuid
 .rdata$PluginGuid
                0x00000000671cd548       0x10 src\guid.o
                0x00000000671cd548                PluginGuid
 *fill*         0x00000000671cd558        0x8 
 .rdata$_ZTV13FarGlobalInfo
                0x00000000671cd560       0x40 src\globalinfo.o
                0x00000000671cd560                vtable for FarGlobalInfo
 .rdata$_ZTV9FarPlugin
                0x00000000671cd5a0       0x20 src\farplugin.o
                0x00000000671cd5a0                vtable for FarPlugin
 .rdata$_ZTVN3Far12GlobalInfo_iE
                0x00000000671cd5c0       0x40 D:\projects\andrew-grechkin\libfar3\Release-x32-NoStr/liblibfar3.a(globalinfo_i.o)
                0x00000000671cd5c0                vtable for Far::GlobalInfo_i
 .rdata$_ZTVN3Far15DialogBuilder_iE
                0x00000000671cd600       0x40 D:\projects\andrew-grechkin\libfar3\Release-x32-NoStr/liblibfar3.a(dialog_builder.o)
                0x00000000671cd600                vtable for Far::DialogBuilder_i
 .rdata$_ZTVN3Far19DialogItemBinding_iE
                0x00000000671cd640       0x20 D:\projects\andrew-grechkin\libfar3\Release-x32-NoStr/liblibfar3.a(DialogItemBinding.o)
                0x00000000671cd640                vtable for Far::DialogItemBinding_i
 .rdata$_ZTVN3Far21PluginCheckBoxBindingE
                0x00000000671cd660       0x20 D:\projects\andrew-grechkin\libfar3\Release-x32-NoStr/liblibfar3.a(create_checkbox.o)
                0x00000000671cd660                vtable for Far::PluginCheckBoxBinding
 .rdata$_ZTVN3Far21PluginComboBoxBindingE
                0x00000000671cd680       0x20 D:\projects\andrew-grechkin\libfar3\Release-x32-NoStr/liblibfar3.a(create_combobox.o)
                0x00000000671cd680                vtable for Far::PluginComboBoxBinding
 .rdata$_ZTVN3Far22PluginEditFieldBindingE
                0x00000000671cd6a0       0x20 D:\projects\andrew-grechkin\libfar3\Release-x32-NoStr/liblibfar3.a(create_edit.o)
                0x00000000671cd6a0                vtable for Far::PluginEditFieldBinding
 .rdata$_ZTVN3Far24PluginRadioButtonBindingE
                0x00000000671cd6c0       0x20 D:\projects\andrew-grechkin\libfar3\Release-x32-NoStr/liblibfar3.a(DlgBuilder_c.o)
                0x00000000671cd6c0                vtable for Far::PluginRadioButtonBinding
 .rdata$_ZTVN3Far24SimpleDialogBuilder_implE
                0x00000000671cd6e0       0x40 D:\projects\andrew-grechkin\libfar3\Release-x32-NoStr/liblibfar3.a(dialog_builder.o)
                0x00000000671cd6e0                vtable for Far::SimpleDialogBuilder_impl
 .rdata$_ZTVN3Far8Plugin_iE
                0x00000000671cd720       0x20 D:\projects\andrew-grechkin\libfar3\Release-x32-NoStr/liblibfar3.a(plugin_i.o)
                0x00000000671cd720                vtable for Far::Plugin_i
 .rdata$_ZTVN4Base10shared_ptrIN3Far15DialogBuilder_iEE15shared_ptr_implE
                0x00000000671cd740       0x18 D:\projects\andrew-grechkin\libfar3\Release-x32-NoStr/liblibfar3.a(dialog_builder.o)
                0x00000000671cd740                vtable for Base::shared_ptr<Far::DialogBuilder_i>::shared_ptr_impl
 .rdata$_ZTVN4Base11ref_counterE
                0x00000000671cd758       0x18 D:\projects\andrew-grechkin\libbase\Release-x32-NoStr/liblibbase.a(ref_cnt.o)
                0x00000000671cd758                vtable for Base::ref_counter
 .rdata$_ZTVN4Base12basic_stringIwNS_11char_traitsIwEEE11string_implE
                0x00000000671cd770       0x18 src\process.o
                0x00000000671cd770                vtable for Base::basic_string<wchar_t, Base::char_traits<wchar_t> >::string_impl
                0x00000000671cd788                __rt_psrelocs_start = .
 *(.rdata_runtime_pseudo_reloc)
                0x00000000671cd788                __rt_psrelocs_end = .
                0x0000000000000000                __rt_psrelocs_size = (__rt_psrelocs_end - __rt_psrelocs_start)
                0x00000000671cd788                ___RUNTIME_PSEUDO_RELOC_LIST_END__ = .
                0x00000000671cd788                __RUNTIME_PSEUDO_RELOC_LIST_END__ = .
                0x00000000671cd788                ___RUNTIME_PSEUDO_RELOC_LIST__ = (. - __rt_psrelocs_size)
                0x00000000671cd788                __RUNTIME_PSEUDO_RELOC_LIST__ = (. - __rt_psrelocs_size)

.eh_frame
 *(.eh_frame*)

.pdata
 *(.pdata)

.bss            0x00000000671ce000       0x68
                0x00000000671ce000                __bss_start__ = .
 *(.bss)
 .bss           0x00000000671ce000        0x4 src\process.o
                0x00000000671ce000                EDITOR_EOL
 *fill*         0x00000000671ce004       0x1c 
 .bss           0x00000000671ce020       0x20 src\main.o
 .bss           0x00000000671ce040        0x0 src\guid.o
 .bss           0x00000000671ce040        0x0 src\globalinfo.o
 .bss           0x00000000671ce040       0x20 src\farplugin.o
 .bss           0x00000000671ce060        0x0 D:\projects\andrew-grechkin\libfar3\Release-x32-NoStr/liblibfar3.a(editor.o)
 .bss           0x00000000671ce060        0x0 D:\projects\andrew-grechkin\libfar3\Release-x32-NoStr/liblibfar3.a(message.o)
 .bss           0x00000000671ce060        0x0 D:\projects\andrew-grechkin\libfar3\Release-x32-NoStr/liblibfar3.a(dialog_builder.o)
 .bss           0x00000000671ce060        0x0 D:\projects\andrew-grechkin\libfar3\Release-x32-NoStr/liblibfar3.a(create_checkbox.o)
 .bss           0x00000000671ce060        0x0 D:\projects\andrew-grechkin\libfar3\Release-x32-NoStr/liblibfar3.a(create_separator.o)
 .bss           0x00000000671ce060        0x0 D:\projects\andrew-grechkin\libfar3\Release-x32-NoStr/liblibfar3.a(create_label.o)
 .bss           0x00000000671ce060        0x0 D:\projects\andrew-grechkin\libfar3\Release-x32-NoStr/liblibfar3.a(create_edit.o)
 .bss           0x00000000671ce060        0x0 D:\projects\andrew-grechkin\libfar3\Release-x32-NoStr/liblibfar3.a(create_combobox.o)
 .bss           0x00000000671ce060        0x0 D:\projects\andrew-grechkin\libfar3\Release-x32-NoStr/liblibfar3.a(globalinfo_i.o)
 .bss           0x00000000671ce060        0x0 D:\projects\andrew-grechkin\libfar3\Release-x32-NoStr/liblibfar3.a(plugin_i.o)
 .bss           0x00000000671ce060        0x0 D:\projects\andrew-grechkin\libfar3\Release-x32-NoStr/liblibfar3.a(settings.o)
 .bss           0x00000000671ce060        0x0 D:\projects\andrew-grechkin\libfar3\Release-x32-NoStr/liblibfar3.a(FarDialogItem.o)
 .bss           0x00000000671ce060        0x0 D:\projects\andrew-grechkin\libfar3\Release-x32-NoStr/liblibfar3.a(DlgBuilder_c.o)
 .bss           0x00000000671ce060        0x0 D:\projects\andrew-grechkin\libfar3\Release-x32-NoStr/liblibfar3.a(DialogItemBinding.o)
 .bss           0x00000000671ce060        0x0 D:\projects\andrew-grechkin\libbase\Release-x32-NoStr/liblibbase.a(ref_cnt.o)
 .bss           0x00000000671ce060        0x0 c:/mingw/bin/../lib/gcc/x86_64-w64-mingw32/4.7.1/../../../../x86_64-w64-mingw32/lib/../lib32/libmingwex.a(lib32_libmingwex_a-wcstold.o)
 .bss           0x00000000671ce060        0x0 c:/mingw/bin/../lib/gcc/x86_64-w64-mingw32/4.7.1/../../../../x86_64-w64-mingw32/lib/../lib32/libmingwex.a(lib32_libmingwex_a-ilockcxch64.o)
 .bss           0x00000000671ce060        0x4 c:/mingw/bin/../lib/gcc/x86_64-w64-mingw32/4.7.1/../../../../x86_64-w64-mingw32/lib/../lib32/libmingwex.a(lib32_libmingwex_a-mingw_get_codepage.o)
 .bss           0x00000000671ce064        0x0 c:/mingw/bin/../lib/gcc/x86_64-w64-mingw32/4.7.1/../../../../x86_64-w64-mingw32/lib/../lib32/libmingwex.a(lib32_libmingwex_a-strtold.o)
 .bss           0x00000000671ce064        0x0 c:/mingw/bin/../lib/gcc/x86_64-w64-mingw32/4.7.1/../../../../x86_64-w64-mingw32/lib/../lib32/libmingwex.a(lib32_libmingwex_a-cephes_emath.o)
 .bss           0x00000000671ce064        0x4 c:/mingw/bin/../lib/gcc/x86_64-w64-mingw32/4.7.1/../../../../x86_64-w64-mingw32/lib/../lib32/libmingw32.a(lib32_libmingw32_a-pesect.o)
 .bss           0x00000000671ce068        0x0 c:/mingw/bin/../lib/gcc/x86_64-w64-mingw32/4.7.1/../../../../x86_64-w64-mingw32/lib/../lib32/libmsvcrt.a(dwnhs01144.o)
 .bss           0x00000000671ce068        0x0 c:/mingw/bin/../lib/gcc/x86_64-w64-mingw32/4.7.1/../../../../x86_64-w64-mingw32/lib/../lib32/libmsvcrt.a(dwnhs01143.o)
 .bss           0x00000000671ce068        0x0 c:/mingw/bin/../lib/gcc/x86_64-w64-mingw32/4.7.1/../../../../x86_64-w64-mingw32/lib/../lib32/libmsvcrt.a(dwnhs01148.o)
 .bss           0x00000000671ce068        0x0 c:/mingw/bin/../lib/gcc/x86_64-w64-mingw32/4.7.1/../../../../x86_64-w64-mingw32/lib/../lib32/libmsvcrt.a(dwnhs01154.o)
 .bss           0x00000000671ce068        0x0 c:/mingw/bin/../lib/gcc/x86_64-w64-mingw32/4.7.1/../../../../x86_64-w64-mingw32/lib/../lib32/libmsvcrt.a(dwnhs01046.o)
 .bss           0x00000000671ce068        0x0 c:/mingw/bin/../lib/gcc/x86_64-w64-mingw32/4.7.1/../../../../x86_64-w64-mingw32/lib/../lib32/libmsvcrt.a(dwnhs01150.o)
 .bss           0x00000000671ce068        0x0 c:/mingw/bin/../lib/gcc/x86_64-w64-mingw32/4.7.1/../../../../x86_64-w64-mingw32/lib/../lib32/libmsvcrt.a(dwnhs00070.o)
 .bss           0x00000000671ce068        0x0 c:/mingw/bin/../lib/gcc/x86_64-w64-mingw32/4.7.1/../../../../x86_64-w64-mingw32/lib/../lib32/libmsvcrt.a(dwnhs01038.o)
 .bss           0x00000000671ce068        0x0 c:/mingw/bin/../lib/gcc/x86_64-w64-mingw32/4.7.1/../../../../x86_64-w64-mingw32/lib/../lib32/libmsvcrt.a(dwnhs00473.o)
 .bss           0x00000000671ce068        0x0 c:/mingw/bin/../lib/gcc/x86_64-w64-mingw32/4.7.1/../../../../x86_64-w64-mingw32/lib/../lib32/libmsvcrt.a(dwnhs00980.o)
 .bss           0x00000000671ce068        0x0 c:/mingw/bin/../lib/gcc/x86_64-w64-mingw32/4.7.1/../../../../x86_64-w64-mingw32/lib/../lib32/libmsvcrt.a(dwnhs01072.o)
 .bss           0x00000000671ce068        0x0 c:/mingw/bin/../lib/gcc/x86_64-w64-mingw32/4.7.1/../../../../x86_64-w64-mingw32/lib/../lib32/libmsvcrt.a(dwnhs01085.o)
 .bss           0x00000000671ce068        0x0 c:/mingw/bin/../lib/gcc/x86_64-w64-mingw32/4.7.1/../../../../x86_64-w64-mingw32/lib/../lib32/libmsvcrt.a(dwnhs00943.o)
 .bss           0x00000000671ce068        0x0 c:/mingw/bin/../lib/gcc/x86_64-w64-mingw32/4.7.1/../../../../x86_64-w64-mingw32/lib/../lib32/libmsvcrt.a(dwnhs01033.o)
 .bss           0x00000000671ce068        0x0 c:/mingw/bin/../lib/gcc/x86_64-w64-mingw32/4.7.1/../../../../x86_64-w64-mingw32/lib/../lib32/libmsvcrt.a(dwnhs01094.o)
 .bss           0x00000000671ce068        0x0 c:/mingw/bin/../lib/gcc/x86_64-w64-mingw32/4.7.1/../../../../x86_64-w64-mingw32/lib/../lib32/libmsvcrt.a(dwnhs01012.o)
 .bss           0x00000000671ce068        0x0 c:/mingw/bin/../lib/gcc/x86_64-w64-mingw32/4.7.1/../../../../x86_64-w64-mingw32/lib/../lib32/libmsvcrt.a(dwnhs00687.o)
 .bss           0x00000000671ce068        0x0 c:/mingw/bin/../lib/gcc/x86_64-w64-mingw32/4.7.1/../../../../x86_64-w64-mingw32/lib/../lib32/libmsvcrt.a(dwnhs00209.o)
 .bss           0x00000000671ce068        0x0 c:/mingw/bin/../lib/gcc/x86_64-w64-mingw32/4.7.1/../../../../x86_64-w64-mingw32/lib/../lib32/libmsvcrt.a(dwnhs01097.o)
 .bss           0x00000000671ce068        0x0 c:/mingw/bin/../lib/gcc/x86_64-w64-mingw32/4.7.1/../../../../x86_64-w64-mingw32/lib/../lib32/libmsvcrt.a(dwnhh.o)
 .bss           0x00000000671ce068        0x0 c:/mingw/bin/../lib/gcc/x86_64-w64-mingw32/4.7.1/../../../../x86_64-w64-mingw32/lib/../lib32/libmsvcrt.a(dwnht.o)
 .bss           0x00000000671ce068        0x0 c:/mingw/bin/../lib/gcc/x86_64-w64-mingw32/4.7.1/../../../../x86_64-w64-mingw32/lib/../lib32/libkernel32.a(dodps00557.o)
 .bss           0x00000000671ce068        0x0 c:/mingw/bin/../lib/gcc/x86_64-w64-mingw32/4.7.1/../../../../x86_64-w64-mingw32/lib/../lib32/libkernel32.a(dodps00689.o)
 .bss           0x00000000671ce068        0x0 c:/mingw/bin/../lib/gcc/x86_64-w64-mingw32/4.7.1/../../../../x86_64-w64-mingw32/lib/../lib32/libkernel32.a(dodps00087.o)
 .bss           0x00000000671ce068        0x0 c:/mingw/bin/../lib/gcc/x86_64-w64-mingw32/4.7.1/../../../../x86_64-w64-mingw32/lib/../lib32/libkernel32.a(dodps00683.o)
 .bss           0x00000000671ce068        0x0 c:/mingw/bin/../lib/gcc/x86_64-w64-mingw32/4.7.1/../../../../x86_64-w64-mingw32/lib/../lib32/libkernel32.a(dodps00693.o)
 .bss           0x00000000671ce068        0x0 c:/mingw/bin/../lib/gcc/x86_64-w64-mingw32/4.7.1/../../../../x86_64-w64-mingw32/lib/../lib32/libkernel32.a(dodps01242.o)
 .bss           0x00000000671ce068        0x0 c:/mingw/bin/../lib/gcc/x86_64-w64-mingw32/4.7.1/../../../../x86_64-w64-mingw32/lib/../lib32/libkernel32.a(dodps01245.o)
 .bss           0x00000000671ce068        0x0 c:/mingw/bin/../lib/gcc/x86_64-w64-mingw32/4.7.1/../../../../x86_64-w64-mingw32/lib/../lib32/libkernel32.a(dodps01183.o)
 .bss           0x00000000671ce068        0x0 c:/mingw/bin/../lib/gcc/x86_64-w64-mingw32/4.7.1/../../../../x86_64-w64-mingw32/lib/../lib32/libkernel32.a(dodps00553.o)
 .bss           0x00000000671ce068        0x0 c:/mingw/bin/../lib/gcc/x86_64-w64-mingw32/4.7.1/../../../../x86_64-w64-mingw32/lib/../lib32/libkernel32.a(dodps00774.o)
 .bss           0x00000000671ce068        0x0 c:/mingw/bin/../lib/gcc/x86_64-w64-mingw32/4.7.1/../../../../x86_64-w64-mingw32/lib/../lib32/libkernel32.a(dodps00510.o)
 .bss           0x00000000671ce068        0x0 c:/mingw/bin/../lib/gcc/x86_64-w64-mingw32/4.7.1/../../../../x86_64-w64-mingw32/lib/../lib32/libkernel32.a(dodph.o)
 .bss           0x00000000671ce068        0x0 c:/mingw/bin/../lib/gcc/x86_64-w64-mingw32/4.7.1/../../../../x86_64-w64-mingw32/lib/../lib32/libkernel32.a(dodpt.o)
 *(COMMON)
                0x00000000671ce068                __bss_end__ = .

.edata          0x00000000671cf000      0x200
 *(.edata)
 .edata         0x00000000671cf000       0xbc dll stuff

/DISCARD/
 *(.debug$S)
 *(.debug$T)
 *(.debug$F)
 *(.drectve)
 *(.note.GNU-stack)
 *(.gnu.lto_*)

.idata          0x00000000671d0000      0x400
 SORT(*)(.idata$2)
 .idata$2       0x00000000671d0000       0x14 c:/mingw/bin/../lib/gcc/x86_64-w64-mingw32/4.7.1/../../../../x86_64-w64-mingw32/lib/../lib32/libkernel32.a(dodph.o)
                0x00000000671d0000                _head_lib32_libkernel32_a
 .idata$2       0x00000000671d0014       0x14 c:/mingw/bin/../lib/gcc/x86_64-w64-mingw32/4.7.1/../../../../x86_64-w64-mingw32/lib/../lib32/libmsvcrt.a(dwnhh.o)
                0x00000000671d0014                _head_lib32_libmsvcrt_a
 SORT(*)(.idata$3)
                0x00000000671d0028        0x4 LONG 0x0
                0x00000000671d002c        0x4 LONG 0x0
                0x00000000671d0030        0x4 LONG 0x0
                0x00000000671d0034        0x4 LONG 0x0
                0x00000000671d0038        0x4 LONG 0x0
 SORT(*)(.idata$4)
 .idata$4       0x00000000671d003c        0x0 c:/mingw/bin/../lib/gcc/x86_64-w64-mingw32/4.7.1/../../../../x86_64-w64-mingw32/lib/../lib32/libkernel32.a(dodph.o)
 .idata$4       0x00000000671d003c        0x4 c:/mingw/bin/../lib/gcc/x86_64-w64-mingw32/4.7.1/../../../../x86_64-w64-mingw32/lib/../lib32/libkernel32.a(dodps00087.o)
 .idata$4       0x00000000671d0040        0x4 c:/mingw/bin/../lib/gcc/x86_64-w64-mingw32/4.7.1/../../../../x86_64-w64-mingw32/lib/../lib32/libkernel32.a(dodps00510.o)
 .idata$4       0x00000000671d0044        0x4 c:/mingw/bin/../lib/gcc/x86_64-w64-mingw32/4.7.1/../../../../x86_64-w64-mingw32/lib/../lib32/libkernel32.a(dodps00553.o)
 .idata$4       0x00000000671d0048        0x4 c:/mingw/bin/../lib/gcc/x86_64-w64-mingw32/4.7.1/../../../../x86_64-w64-mingw32/lib/../lib32/libkernel32.a(dodps00557.o)
 .idata$4       0x00000000671d004c        0x4 c:/mingw/bin/../lib/gcc/x86_64-w64-mingw32/4.7.1/../../../../x86_64-w64-mingw32/lib/../lib32/libkernel32.a(dodps00683.o)
 .idata$4       0x00000000671d0050        0x4 c:/mingw/bin/../lib/gcc/x86_64-w64-mingw32/4.7.1/../../../../x86_64-w64-mingw32/lib/../lib32/libkernel32.a(dodps00689.o)
 .idata$4       0x00000000671d0054        0x4 c:/mingw/bin/../lib/gcc/x86_64-w64-mingw32/4.7.1/../../../../x86_64-w64-mingw32/lib/../lib32/libkernel32.a(dodps00693.o)
 .idata$4       0x00000000671d0058        0x4 c:/mingw/bin/../lib/gcc/x86_64-w64-mingw32/4.7.1/../../../../x86_64-w64-mingw32/lib/../lib32/libkernel32.a(dodps00774.o)
 .idata$4       0x00000000671d005c        0x4 c:/mingw/bin/../lib/gcc/x86_64-w64-mingw32/4.7.1/../../../../x86_64-w64-mingw32/lib/../lib32/libkernel32.a(dodps01183.o)
 .idata$4       0x00000000671d0060        0x4 c:/mingw/bin/../lib/gcc/x86_64-w64-mingw32/4.7.1/../../../../x86_64-w64-mingw32/lib/../lib32/libkernel32.a(dodps01242.o)
 .idata$4       0x00000000671d0064        0x4 c:/mingw/bin/../lib/gcc/x86_64-w64-mingw32/4.7.1/../../../../x86_64-w64-mingw32/lib/../lib32/libkernel32.a(dodps01245.o)
 .idata$4       0x00000000671d0068        0x4 c:/mingw/bin/../lib/gcc/x86_64-w64-mingw32/4.7.1/../../../../x86_64-w64-mingw32/lib/../lib32/libkernel32.a(dodpt.o)
 .idata$4       0x00000000671d006c        0x0 c:/mingw/bin/../lib/gcc/x86_64-w64-mingw32/4.7.1/../../../../x86_64-w64-mingw32/lib/../lib32/libmsvcrt.a(dwnhh.o)
 .idata$4       0x00000000671d006c        0x4 c:/mingw/bin/../lib/gcc/x86_64-w64-mingw32/4.7.1/../../../../x86_64-w64-mingw32/lib/../lib32/libmsvcrt.a(dwnhs00070.o)
 .idata$4       0x00000000671d0070        0x4 c:/mingw/bin/../lib/gcc/x86_64-w64-mingw32/4.7.1/../../../../x86_64-w64-mingw32/lib/../lib32/libmsvcrt.a(dwnhs00209.o)
 .idata$4       0x00000000671d0074        0x4 c:/mingw/bin/../lib/gcc/x86_64-w64-mingw32/4.7.1/../../../../x86_64-w64-mingw32/lib/../lib32/libmsvcrt.a(dwnhs00473.o)
 .idata$4       0x00000000671d0078        0x4 c:/mingw/bin/../lib/gcc/x86_64-w64-mingw32/4.7.1/../../../../x86_64-w64-mingw32/lib/../lib32/libmsvcrt.a(dwnhs00687.o)
 .idata$4       0x00000000671d007c        0x4 c:/mingw/bin/../lib/gcc/x86_64-w64-mingw32/4.7.1/../../../../x86_64-w64-mingw32/lib/../lib32/libmsvcrt.a(dwnhs00943.o)
 .idata$4       0x00000000671d0080        0x4 c:/mingw/bin/../lib/gcc/x86_64-w64-mingw32/4.7.1/../../../../x86_64-w64-mingw32/lib/../lib32/libmsvcrt.a(dwnhs00980.o)
 .idata$4       0x00000000671d0084        0x4 c:/mingw/bin/../lib/gcc/x86_64-w64-mingw32/4.7.1/../../../../x86_64-w64-mingw32/lib/../lib32/libmsvcrt.a(dwnhs01012.o)
 .idata$4       0x00000000671d0088        0x4 c:/mingw/bin/../lib/gcc/x86_64-w64-mingw32/4.7.1/../../../../x86_64-w64-mingw32/lib/../lib32/libmsvcrt.a(dwnhs01033.o)
 .idata$4       0x00000000671d008c        0x4 c:/mingw/bin/../lib/gcc/x86_64-w64-mingw32/4.7.1/../../../../x86_64-w64-mingw32/lib/../lib32/libmsvcrt.a(dwnhs01038.o)