 EditCase

 Timestamp is 523ee642 (Sun Sep 22 15:44:50 2013)

 Preferred load address is 10000000

 Start         Length     Name                   Class
 0001:00000000 0000010cH .idata$5                CODE
 0001:0000010c 00000004H .CRT$XCA                CODE
 0001:00000110 00000004H .CRT$XCZ                CODE
 0001:00000114 00000004H .CRT$XIA                CODE
 0001:00000118 00000010H .CRT$XIC                CODE
 0001:00000128 00000004H .CRT$XIZ                CODE
 0001:0000012c 00000004H .CRT$XPA                CODE
 0001:00000130 00000008H .CRT$XPX                CODE
 0001:00000138 00000004H .CRT$XPXA               CODE
 0001:0000013c 00000004H .CRT$XPZ                CODE
 0001:00000140 00000004H .CRT$XTA                CODE
 0001:00000144 00000004H .CRT$XTZ                CODE
 0001:00000150 00003d18H .rdata                  CODE
 0001:00003e68 00000080H .rdata$debug            CODE
 0001:00003ef0 0000000cH .rdata$sxdata           CODE
 0001:00003efc 00000004H .rtc$IAA                CODE
 0001:00003f00 00000004H .rtc$IZZ                CODE
 0001:00003f04 00000004H .rtc$TAA                CODE
 0001:00003f08 00000004H .rtc$TZZ                CODE
 0001:00003f10 000070c0H .text                   CODE
 0001:0000afd0 000002d4H .xdata$x                CODE
 0001:0000b2a4 00000014H .idata$2                CODE
 0001:0000b2b8 00000014H .idata$3                CODE
 0001:0000b2cc 0000010cH .idata$4                CODE
 0001:0000b3d8 000004b4H .idata$6                CODE
 0001:0000b890 000000a4H .edata                  CODE
 0002:00000000 00000db0H .data                   DATA
 0002:00000dc0 00001fb4H .bss                    DATA
 0003:00000000 00000058H .rsrc$01                DATA
 0003:00000060 00000388H .rsrc$02                DATA

  Address         Publics by Value              Rva+Base       Lib:Object

 0000:00000000       __except_list              00000000     <absolute>
 0000:00000003       ___safe_se_handler_count   00000003     <absolute>
 0000:00000000       ___ImageBase               10000000     <linker-defined>
 0001:00000000       __imp__lstrcmpW@8          10001000     kernel32:KERNEL32.dll
 0001:00000004       __imp__lstrcmpiW@8         10001004     kernel32:KERNEL32.dll
 0001:00000008       __imp__lstrcpynW@12        10001008     kernel32:KERNEL32.dll
 0001:0000000c       __imp__lstrcpyW@8          1000100c     kernel32:KERNEL32.dll
 0001:00000010       __imp__lstrcatW@8          10001010     kernel32:KERNEL32.dll
 0001:00000014       __imp__lstrlenW@4          10001014     kernel32:KERNEL32.dll
 0001:00000018       __imp__SetLastError@4      10001018     kernel32:KERNEL32.dll
 0001:0000001c       __imp__GetModuleHandleW@4  1000101c     kernel32:KERNEL32.dll
 0001:00000020       __imp__GetProcAddress@8    10001020     kernel32:KERNEL32.dll
 0001:00000024       __imp__GetLastError@0      10001024     kernel32:KERNEL32.dll
 0001:00000028       __imp__HeapFree@12         10001028     kernel32:KERNEL32.dll
 0001:0000002c       __imp__HeapAlloc@12        1000102c     kernel32:KERNEL32.dll
 0001:00000030       __imp__GetCommandLineA@0   10001030     kernel32:KERNEL32.dll
 0001:00000034       __imp__GetCurrentThreadId@0 10001034     kernel32:KERNEL32.dll
 0001:00000038       __imp__GetProcessHeap@0    10001038     kernel32:KERNEL32.dll
 0001:0000003c       __imp__InterlockedDecrement@4 1000103c     kernel32:KERNEL32.dll
 0001:00000040       __imp__ExitProcess@4       10001040     kernel32:KERNEL32.dll
 0001:00000044       __imp__MultiByteToWideChar@24 10001044     kernel32:KERNEL32.dll
 0001:00000048       __imp__GetStdHandle@4      10001048     kernel32:KERNEL32.dll
 0001:0000004c       __imp__WriteFile@20        1000104c     kernel32:KERNEL32.dll
 0001:00000050       __imp__GetModuleFileNameW@12 10001050     kernel32:KERNEL32.dll
 0001:00000054       __imp__IsProcessorFeaturePresent@4 10001054     kernel32:KERNEL32.dll
 0001:00000058       __imp__InterlockedIncrement@4 10001058     kernel32:KERNEL32.dll
 0001:0000005c       __imp__GetFileType@4       1000105c     kernel32:KERNEL32.dll
 0001:00000060       __imp__InitializeCriticalSectionAndSpinCount@8 10001060     kernel32:KERNEL32.dll
 0001:00000064       __imp__DeleteCriticalSection@4 10001064     kernel32:KERNEL32.dll
 0001:00000068       __imp__GetStartupInfoW@4   10001068     kernel32:KERNEL32.dll
 0001:0000006c       __imp__GetModuleFileNameA@12 1000106c     kernel32:KERNEL32.dll
 0001:00000070       __imp__QueryPerformanceCounter@4 10001070     kernel32:KERNEL32.dll
 0001:00000074       __imp__GetCurrentProcessId@0 10001074     kernel32:KERNEL32.dll
 0001:00000078       __imp__GetSystemTimeAsFileTime@4 10001078     kernel32:KERNEL32.dll
 0001:0000007c       __imp__GetEnvironmentStringsW@0 1000107c     kernel32:KERNEL32.dll
 0001:00000080       __imp__FreeEnvironmentStringsW@4 10001080     kernel32:KERNEL32.dll
 0001:00000084       __imp__WideCharToMultiByte@32 10001084     kernel32:KERNEL32.dll
 0001:00000088       __imp__UnhandledExceptionFilter@4 10001088     kernel32:KERNEL32.dll
 0001:0000008c       __imp__SetUnhandledExceptionFilter@4 1000108c     kernel32:KERNEL32.dll
 0001:00000090       __imp__GetCurrentProcess@0 10001090     kernel32:KERNEL32.dll
 0001:00000094       __imp__TerminateProcess@8  10001094     kernel32:KERNEL32.dll
 0001:00000098       __imp__TlsAlloc@0          10001098     kernel32:KERNEL32.dll
 0001:0000009c       __imp__TlsGetValue@4       1000109c     kernel32:KERNEL32.dll
 0001:000000a0       __imp__TlsSetValue@8       100010a0     kernel32:KERNEL32.dll
 0001:000000a4       __imp__TlsFree@4           100010a4     kernel32:KERNEL32.dll
 0001:000000a8       __imp__Sleep@4             100010a8     kernel32:KERNEL32.dll
 0001:000000ac       __imp__IsDebuggerPresent@0 100010ac     kernel32:KERNEL32.dll
 0001:000000b0       __imp__EnterCriticalSection@4 100010b0     kernel32:KERNEL32.dll
 0001:000000b4       __imp__LeaveCriticalSection@4 100010b4     kernel32:KERNEL32.dll
 0001:000000b8       __imp__LoadLibraryExW@12   100010b8     kernel32:KERNEL32.dll
 0001:000000bc       __imp__IsValidCodePage@4   100010bc     kernel32:KERNEL32.dll
 0001:000000c0       __imp__GetACP@0            100010c0     kernel32:KERNEL32.dll
 0001:000000c4       __imp__GetOEMCP@0          100010c4     kernel32:KERNEL32.dll
 0001:000000c8       __imp__GetCPInfo@8         100010c8     kernel32:KERNEL32.dll
 0001:000000cc       __imp__OutputDebugStringW@4 100010cc     kernel32:KERNEL32.dll
 0001:000000d0       __imp__LoadLibraryW@4      100010d0     kernel32:KERNEL32.dll
 0001:000000d4       __imp__RtlUnwind@16        100010d4     kernel32:KERNEL32.dll
 0001:000000d8       __imp__HeapReAlloc@16      100010d8     kernel32:KERNEL32.dll
 0001:000000dc       __imp__HeapSize@12         100010dc     kernel32:KERNEL32.dll
 0001:000000e0       __imp__LCMapStringW@24     100010e0     kernel32:KERNEL32.dll
 0001:000000e4       __imp__GetStringTypeW@16   100010e4     kernel32:KERNEL32.dll
 0001:000000e8       __imp__FlushFileBuffers@4  100010e8     kernel32:KERNEL32.dll
 0001:000000ec       __imp__GetConsoleCP@0      100010ec     kernel32:KERNEL32.dll
 0001:000000f0       __imp__GetConsoleMode@8    100010f0     kernel32:KERNEL32.dll
 0001:000000f4       __imp__SetStdHandle@8      100010f4     kernel32:KERNEL32.dll
 0001:000000f8       __imp__SetFilePointerEx@20 100010f8     kernel32:KERNEL32.dll
 0001:000000fc       __imp__WriteConsoleW@20    100010fc     kernel32:KERNEL32.dll
 0001:00000100       __imp__CloseHandle@4       10001100     kernel32:KERNEL32.dll
 0001:00000104       __imp__CreateFileW@28      10001104     kernel32:KERNEL32.dll
 0001:00000108       \177KERNEL32_NULL_THUNK_DATA 10001108     kernel32:KERNEL32.dll
 0001:0000010c       ___xc_a                    1000110c     LIBCMT:crt0init.obj
 0001:00000110       ___xc_z                    10001110     LIBCMT:crt0init.obj
 0001:00000114       ___xi_a                    10001114     LIBCMT:crt0init.obj
 0001:00000128       ___xi_z                    10001128     LIBCMT:crt0init.obj
 0001:0000012c       ___xp_a                    1000112c     LIBCMT:crt0init.obj
 0001:0000013c       ___xp_z                    1000113c     LIBCMT:crt0init.obj
 0001:00000140       ___xt_a                    10001140     LIBCMT:crt0init.obj
 0001:00000144       ___xt_z                    10001144     LIBCMT:crt0init.obj
 0001:00000188       _MainGuid                  10001188     EditCase.obj
 0001:00000198       _MenuGuid                  10001198     EditCase.obj
 0001:000001b8       ??_C@_1BC@MGKGEOAP@?$AAE?$AAd?$AAi?$AAt?$AAC?$AAa?$AAs?$AAe?$AA?$AA@ 100011b8     EditCase.obj
 0001:000001d0       ??_C@_1EK@IFCLLMMP@?$AAT?$AAe?$AAx?$AAt?$AA?5?$AAc?$AAa?$AAs?$AAe?$AA?5?$AAc?$AAo?$AAn?$AAv?$AAe?$AAr?$AAs?$AAi?$AAo?$AAn?$AA?5?$AAf?$AAo?$AAr?$AA?5?$AAF?$AAa?$AAr?$AA?5?$AAM?$AAa?$AAn@ 100011d0     EditCase.obj
 0001:0000021c       ??_C@_1DE@BGKMIKPD@?$AAE?$AAu?$AAg?$AAe?$AAn?$AAe?$AA?5?$AAR?$AAo?$AAs?$AAh?$AAa?$AAl?$AA?5?$AA?$CG?$AA?5?$AAF?$AAa?$AAr?$AA?5?$AAG?$AAr?$AAo?$AAu?$AAp?$AA?$AA@ 1000121c     EditCase.obj
 0001:00000250       ??_C@_13GMDMCADD@?$AA?$CD?$AA?$AA@ 10001250     EditCase.obj
 0001:00000254       ??_C@_1BG@DENGNAGA@?$AAA?$AAd?$AAd?$AAW?$AAo?$AAr?$AAd?$AAD?$AAi?$AAv?$AA?$AA@ 10001254     EditCase.obj
 0001:0000026c       ??_C@_1BA@CAKIGJMA@?$AAW?$AAo?$AAr?$AAd?$AAD?$AAi?$AAv?$AA?$AA@ 1000126c     EditCase.obj
 0001:0000027c       ??_C@_19DHONEMF@?$AA?5?$AA?6?$AA?$AN?$AA?7?$AA?$AA@ 1000127c     EditCase.obj
 0001:00000288       ??_C@_1M@LPIADJOF@?$AAL?$AAO?$AAW?$AAE?$AAR?$AA?$AA@ 10001288     EditCase.obj
 0001:00000294       ??_C@_1M@NMMEOLKN@?$AAT?$AAI?$AAT?$AAL?$AAE?$AA?$AA@ 10001294     EditCase.obj
 0001:000002a0       ??_C@_1M@PCFBDNPE@?$AAU?$AAP?$AAP?$AAE?$AAR?$AA?$AA@ 100012a0     EditCase.obj
 0001:000002ac       ??_C@_1O@NJHKFPAK@?$AAT?$AAO?$AAG?$AAG?$AAL?$AAE?$AA?$AA@ 100012ac     EditCase.obj
 0001:000002bc       ??_C@_1O@BIAHPDPJ@?$AAC?$AAY?$AAC?$AAL?$AAI?$AAC?$AA?$AA@ 100012bc     EditCase.obj
 0001:000002cc       ??_C@_1BC@ENICKDH@?$AAC?$AAo?$AAn?$AAt?$AAe?$AAn?$AAt?$AAs?$AA?$AA@ 100012cc     EditCase.obj
 0001:000002e0       __imp__EncodePointer@4     100012e0     vc_crt_fix.obj
 0001:000002e4       __imp__DecodePointer@4     100012e4     vc_crt_fix.obj
 0001:000002e8       __imp__GetModuleHandleExW@12 100012e8     vc_crt_fix.obj
 0001:000002ec       ??_C@_0O@NLDKAIKN@EncodePointer?$AA@ 100012ec     vc_crt_fix_impl.obj
 0001:000002fc       ??_C@_0O@KBPMFGHI@DecodePointer?$AA@ 100012fc     vc_crt_fix_impl.obj
 0001:0000030c       ??_C@_0BD@GIGEJCNH@GetModuleHandleExW?$AA@ 1000130c     vc_crt_fix_impl.obj
 0001:00000320       ??_C@_1BC@GDMECMAK@?$AAk?$AAe?$AAr?$AAn?$AAe?$AAl?$AA3?$AA2?$AA?$AA@ 10001320     vc_crt_fix_impl.obj
 0001:00000334       __pRawDllMain              10001334     LIBCMT:dllcrt0.obj
 0001:00000334       __pDefaultRawDllMain       10001334     LIBCMT:dllcrt0.obj
 0001:00000338       ??_C@_1BI@BGOHAHKC@?$AAm?$AAs?$AAc?$AAo?$AAr?$AAe?$AAe?$AA?4?$AAd?$AAl?$AAl?$AA?$AA@ 10001338     LIBCMT:crt0dat.obj
 0001:00000350       ??_C@_0P@MIGLKIOC@CorExitProcess?$AA@ 10001350     LIBCMT:crt0dat.obj
 0001:00000360       ??_C@_1FE@LLNEDJMD@?$AAR?$AA6?$AA0?$AA0?$AA8?$AA?$AN?$AA?6?$AA?9?$AA?5?$AAn?$AAo?$AAt?$AA?5?$AAe?$AAn?$AAo?$AAu?$AAg?$AAh?$AA?5?$AAs?$AAp?$AAa?$AAc?$AAe?$AA?5?$AAf?$AAo?$AAr?$AA?5?$AAa?$AAr@ 10001360     LIBCMT:crt0msg.obj
 0001:000003b8       ??_C@_1FI@HONFMGBI@?$AAR?$AA6?$AA0?$AA0?$AA9?$AA?$AN?$AA?6?$AA?9?$AA?5?$AAn?$AAo?$AAt?$AA?5?$AAe?$AAn?$AAo?$AAu?$AAg?$AAh?$AA?5?$AAs?$AAp?$AAa?$AAc?$AAe?$AA?5?$AAf?$AAo?$AAr?$AA?5?$AAe?$AAn@ 100013b8     LIBCMT:crt0msg.obj
 0001:00000410       ??_C@_1EG@BEHAGFJD@?$AAR?$AA6?$AA0?$AA1?$AA0?$AA?$AN?$AA?6?$AA?9?$AA?5?$AAa?$AAb?$AAo?$AAr?$AAt?$AA?$CI?$AA?$CJ?$AA?5?$AAh?$AAa?$AAs?$AA?5?$AAb?$AAe?$AAe?$AAn?$AA?5?$AAc?$AAa?$AAl?$AAl?$AAe?$AAd@ 10001410     LIBCMT:crt0msg.obj
 0001:00000458       ??_C@_1FI@LOGNIKDM@?$AAR?$AA6?$AA0?$AA1?$AA6?$AA?$AN?$AA?6?$AA?9?$AA?5?$AAn?$AAo?$AAt?$AA?5?$AAe?$AAn?$AAo?$AAu?$AAg?$AAh?$AA?5?$AAs?$AAp?$AAa?$AAc?$AAe?$AA?5?$AAf?$AAo?$AAr?$AA?5?$AAt?$AAh@ 10001458     LIBCMT:crt0msg.obj
 0001:000004b0       ??_C@_1FK@BEOGODMC@?$AAR?$AA6?$AA0?$AA1?$AA7?$AA?$AN?$AA?6?$AA?9?$AA?5?$AAu?$AAn?$AAe?$AAx?$AAp?$AAe?$AAc?$AAt?$AAe?$AAd?$AA?5?$AAm?$AAu?$AAl?$AAt?$AAi?$AAt?$AAh?$AAr?$AAe?$AAa?$AAd?$AA?5@ 100014b0     LIBCMT:crt0msg.obj
 0001:00000510       ??_C@_1EC@JIBHAOPH@?$AAR?$AA6?$AA0?$AA1?$AA8?$AA?$AN?$AA?6?$AA?9?$AA?5?$AAu?$AAn?$AAe?$AAx?$AAp?$AAe?$AAc?$AAt?$AAe?$AAd?$AA?5?$AAh?$AAe?$AAa?$AAp?$AA?5?$AAe?$AAr?$AAr?$AAo?$AAr?$AA?$AN?$AA?6@ 10001510     LIBCMT:crt0msg.obj
 0001:00000558       ??_C@_1FC@ECHBIFBC@?$AAR?$AA6?$AA0?$AA1?$AA9?$AA?$AN?$AA?6?$AA?9?$AA?5?$AAu?$AAn?$AAa?$AAb?$AAl?$AAe?$AA?5?$AAt?$AAo?$AA?5?$AAo?$AAp?$AAe?$AAn?$AA?5?$AAc?$AAo?$AAn?$AAs?$AAo?$AAl?$AAe?$AA?5@ 10001558     LIBCMT:crt0msg.obj
 0001:000005b0       ??_C@_1GK@FHCKBEFA@?$AAR?$AA6?$AA0?$AA2?$AA4?$AA?$AN?$AA?6?$AA?9?$AA?5?$AAn?$AAo?$AAt?$AA?5?$AAe?$AAn?$AAo?$AAu?$AAg?$AAh?$AA?5?$AAs?$AAp?$AAa?$AAc?$AAe?$AA?5?$AAf?$AAo?$AAr?$AA?5?$AA_?$AAo@ 100015b0     LIBCMT:crt0msg.obj
 0001:00000620       ??_C@_1EM@MAADIHMB@?$AAR?$AA6?$AA0?$AA2?$AA5?$AA?$AN?$AA?6?$AA?9?$AA?5?$AAp?$AAu?$AAr?$AAe?$AA?5?$AAv?$AAi?$AAr?$AAt?$AAu?$AAa?$AAl?$AA?5?$AAf?$AAu?$AAn?$AAc?$AAt?$AAi?$AAo?$AAn?$AA?5?$AAc@ 10001620     LIBCMT:crt0msg.obj
 0001:00000670       ??_C@_1GK@MCAAGJMO@?$AAR?$AA6?$AA0?$AA2?$AA6?$AA?$AN?$AA?6?$AA?9?$AA?5?$AAn?$AAo?$AAt?$AA?5?$AAe?$AAn?$AAo?$AAu?$AAg?$AAh?$AA?5?$AAs?$AAp?$AAa?$AAc?$AAe?$AA?5?$AAf?$AAo?$AAr?$AA?5?$AAs?$AAt@ 10001670     LIBCMT:crt0msg.obj
 0001:000006e0       ??_C@_1GK@MFGOKLAG@?$AAR?$AA6?$AA0?$AA2?$AA7?$AA?$AN?$AA?6?$AA?9?$AA?5?$AAn?$AAo?$AAt?$AA?5?$AAe?$AAn?$AAo?$AAu?$AAg?$AAh?$AA?5?$AAs?$AAp?$AAa?$AAc?$AAe?$AA?5?$AAf?$AAo?$AAr?$AA?5?$AAl?$AAo@ 100016e0     LIBCMT:crt0msg.obj
 0001:00000750       ??_C@_1EK@HHFLMAOL@?$AAR?$AA6?$AA0?$AA2?$AA8?$AA?$AN?$AA?6?$AA?9?$AA?5?$AAu?$AAn?$AAa?$AAb?$AAl?$AAe?$AA?5?$AAt?$AAo?$AA?5?$AAi?$AAn?$AAi?$AAt?$AAi?$AAa?$AAl?$AAi?$AAz?$AAe?$AA?5?$AAh?$AAe@ 10001750     LIBCMT:crt0msg.obj
 0001:0000079c       ??_C@_1DO@BMFCDCD@?$AAR?$AA6?$AA0?$AA3?$AA0?$AA?$AN?$AA?6?$AA?9?$AA?5?$AAC?$AAR?$AAT?$AA?5?$AAn?$AAo?$AAt?$AA?5?$AAi?$AAn?$AAi?$AAt?$AAi?$AAa?$AAl?$AAi?$AAz?$AAe?$AAd?$AA?$AN?$AA?6?$AA?$AA@ 1000179c     LIBCMT:crt0msg.obj
 0001:000007e0       ??_C@_1MG@ENCOOIDF@?$AAR?$AA6?$AA0?$AA3?$AA1?$AA?$AN?$AA?6?$AA?9?$AA?5?$AAA?$AAt?$AAt?$AAe?$AAm?$AAp?$AAt?$AA?5?$AAt?$AAo?$AA?5?$AAi?$AAn?$AAi?$AAt?$AAi?$AAa?$AAl?$AAi?$AAz?$AAe?$AA?5?$AAt@ 100017e0     LIBCMT:crt0msg.obj
 0001:000008a8       ??_C@_1GG@GOPILAJP@?$AAR?$AA6?$AA0?$AA3?$AA2?$AA?$AN?$AA?6?$AA?9?$AA?5?$AAn?$AAo?$AAt?$AA?5?$AAe?$AAn?$AAo?$AAu?$AAg?$AAh?$AA?5?$AAs?$AAp?$AAa?$AAc?$AAe?$AA?5?$AAf?$AAo?$AAr?$AA?5?$AAl?$AAo@ 100018a8     LIBCMT:crt0msg.obj
 0001:00000910       ??_C@_1BOO@KGEDBGAJ@?$AAR?$AA6?$AA0?$AA3?$AA3?$AA?$AN?$AA?6?$AA?9?$AA?5?$AAA?$AAt?$AAt?$AAe?$AAm?$AAp?$AAt?$AA?5?$AAt?$AAo?$AA?5?$AAu?$AAs?$AAe?$AA?5?$AAM?$AAS?$AAI?$AAL?$AA?5?$AAc?$AAo?$AAd@ 10001910     LIBCMT:crt0msg.obj
 0001:00000b00       ??_C@_1GG@MKFPEKFO@?$AAR?$AA6?$AA0?$AA3?$AA4?$AA?$AN?$AA?6?$AA?9?$AA?5?$AAi?$AAn?$AAc?$AAo?$AAn?$AAs?$AAi?$AAs?$AAt?$AAe?$AAn?$AAt?$AA?5?$AAo?$AAn?$AAe?$AAx?$AAi?$AAt?$AA?5?$AAb?$AAe?$AAg@ 10001b00     LIBCMT:crt0msg.obj
 0001:00000b68       ??_C@_1BO@BFCDCGC@?$AAD?$AAO?$AAM?$AAA?$AAI?$AAN?$AA?5?$AAe?$AAr?$AAr?$AAo?$AAr?$AA?$AN?$AA?6?$AA?$AA@ 10001b68     LIBCMT:crt0msg.obj
 0001:00000b88       ??_C@_1BK@KMOMNAAI@?$AAS?$AAI?$AAN?$AAG?$AA?5?$AAe?$AAr?$AAr?$AAo?$AAr?$AA?$AN?$AA?6?$AA?$AA@ 10001b88     LIBCMT:crt0msg.obj
 0001:00000ba4       ??_C@_1BM@JBBEPPHI@?$AAT?$AAL?$AAO?$AAS?$AAS?$AA?5?$AAe?$AAr?$AAr?$AAo?$AAr?$AA?$AN?$AA?6?$AA?$AA@ 10001ba4     LIBCMT:crt0msg.obj
 0001:00000bc0       ??_C@_15JNBOKNOG@?$AA?$AN?$AA?6?$AA?$AA@ 10001bc0     LIBCMT:crt0msg.obj
 0001:00000bc8       ??_C@_1BO@BKOMIGKJ@?$AAr?$AAu?$AAn?$AAt?$AAi?$AAm?$AAe?$AA?5?$AAe?$AAr?$AAr?$AAo?$AAr?$AA?5?$AA?$AA@ 10001bc8     LIBCMT:crt0msg.obj
 0001:00000ca0       ??_C@_1FK@PGACCAFB@?$AAR?$AA6?$AA0?$AA0?$AA2?$AA?$AN?$AA?6?$AA?9?$AA?5?$AAf?$AAl?$AAo?$AAa?$AAt?$AAi?$AAn?$AAg?$AA?5?$AAp?$AAo?$AAi?$AAn?$AAt?$AA?5?$AAs?$AAu?$AAp?$AAp?$AAo?$AAr?$AAt?$AA?5@ 10001ca0     LIBCMT:crt0msg.obj
 0001:00000cfc       ??_C@_1DE@JNGNBFGO@?$AAR?$AAu?$AAn?$AAt?$AAi?$AAm?$AAe?$AA?5?$AAE?$AAr?$AAr?$AAo?$AAr?$AA?$CB?$AA?6?$AA?6?$AAP?$AAr?$AAo?$AAg?$AAr?$AAa?$AAm?$AA?3?$AA?5?$AA?$AA@ 10001cfc     LIBCMT:crt0msg.obj
 0001:00000d30       ??_C@_1CO@EAEJAADC@?$AA?$DM?$AAp?$AAr?$AAo?$AAg?$AAr?$AAa?$AAm?$AA?5?$AAn?$AAa?$AAm?$AAe?$AA?5?$AAu?$AAn?$AAk?$AAn?$AAo?$AAw?$AAn?$AA?$DO?$AA?$AA@ 10001d30     LIBCMT:crt0msg.obj
 0001:00000d60       ??_C@_17LGKOMLJ@?$AA?4?$AA?4?$AA?4?$AA?$AA@ 10001d60     LIBCMT:crt0msg.obj
 0001:00000d68       ??_C@_15IABLJNFO@?$AA?6?$AA?6?$AA?$AA@ 10001d68     LIBCMT:crt0msg.obj
 0001:00000d70       ??_C@_1EK@MBDPDCGA@?$AAM?$AAi?$AAc?$AAr?$AAo?$AAs?$AAo?$AAf?$AAt?$AA?5?$AAV?$AAi?$AAs?$AAu?$AAa?$AAl?$AA?5?$AAC?$AA?$CL?$AA?$CL?$AA?5?$AAR?$AAu?$AAn?$AAt?$AAi?$AAm?$AAe?$AA?5?$AAL?$AAi?$AAb@ 10001d70     LIBCMT:crt0msg.obj
 0001:00000dc0       __XcptActTab               10001dc0     LIBCMT:winxfltr.obj
 0001:00000e50       __XcptActTabCount          10001e50     LIBCMT:winxfltr.obj
 0001:00000e54       __XcptActTabSize           10001e54     LIBCMT:winxfltr.obj
 0001:00000e58       __First_FPE_Indx           10001e58     LIBCMT:winxfltr.obj
 0001:00000e5c       __Num_FPE                  10001e5c     LIBCMT:winxfltr.obj
 0001:00000e60       ??_C@_1BK@MGMFAEKH@?$AAk?$AAe?$AAr?$AAn?$AAe?$AAl?$AA3?$AA2?$AA?4?$AAd?$AAl?$AAl?$AA?$AA@ 10001e60     LIBCMT:winapisupp.obj
 0001:00000e7c       ??_C@_08KNHFBNJ@FlsAlloc?$AA@ 10001e7c     LIBCMT:winapisupp.obj
 0001:00000e88       ??_C@_07PEJMOBNF@FlsFree?$AA@ 10001e88     LIBCMT:winapisupp.obj
 0001:00000e90       ??_C@_0M@GDNOONDI@FlsGetValue?$AA@ 10001e90     LIBCMT:winapisupp.obj
 0001:00000e9c       ??_C@_0M@JCPCPOEF@FlsSetValue?$AA@ 10001e9c     LIBCMT:winapisupp.obj
 0001:00000ea8       ??_C@_0BM@HCFOFFN@InitializeCriticalSectionEx?$AA@ 10001ea8     LIBCMT:winapisupp.obj
 0001:00000ec4       ??_C@_0BD@KIEEOEEH@CreateSemaphoreExW?$AA@ 10001ec4     LIBCMT:winapisupp.obj
 0001:00000ed8       ??_C@_0BI@BKLFFAPO@SetThreadStackGuarantee?$AA@ 10001ed8     LIBCMT:winapisupp.obj
 0001:00000ef0       ??_C@_0BG@OGFAJCKC@CreateThreadpoolTimer?$AA@ 10001ef0     LIBCMT:winapisupp.obj
 0001:00000f08       ??_C@_0BD@LPLEMMDI@SetThreadpoolTimer?$AA@ 10001f08     LIBCMT:winapisupp.obj
 0001:00000f1c       ??_C@_0CA@FMNJENH@WaitForThreadpoolTimerCallbacks?$AA@ 10001f1c     LIBCMT:winapisupp.obj
 0001:00000f3c       ??_C@_0BF@DCFCCNOC@CloseThreadpoolTimer?$AA@ 10001f3c     LIBCMT:winapisupp.obj
 0001:00000f54       ??_C@_0BF@FLABGKKM@CreateThreadpoolWait?$AA@ 10001f54     LIBCMT:winapisupp.obj
 0001:00000f6c       ??_C@_0BC@MGCOHNA@SetThreadpoolWait?$AA@ 10001f6c     LIBCMT:winapisupp.obj
 0001:00000f80       ??_C@_0BE@OCIOMIMP@CloseThreadpoolWait?$AA@ 10001f80     LIBCMT:winapisupp.obj
 0001:00000f94       ??_C@_0BJ@LKGHFHBO@FlushProcessWriteBuffers?$AA@ 10001f94     LIBCMT:winapisupp.obj
 0001:00000fb0       ??_C@_0BP@KALKKPMO@FreeLibraryWhenCallbackReturns?$AA@ 10001fb0     LIBCMT:winapisupp.obj
 0001:00000fd0       ??_C@_0BK@DFNBACLA@GetCurrentProcessorNumber?$AA@ 10001fd0     LIBCMT:winapisupp.obj
 0001:00000fec       ??_C@_0BP@KHGALBC@GetLogicalProcessorInformation?$AA@ 10001fec     LIBCMT:winapisupp.obj
 0001:0000100c       ??_C@_0BE@FKKLLFLM@CreateSymbolicLinkW?$AA@ 1000200c     LIBCMT:winapisupp.obj
 0001:00001020       ??_C@_0BJ@OHNKDLIJ@SetDefaultDllDirectories?$AA@ 10002020     LIBCMT:winapisupp.obj
 0001:0000103c       ??_C@_0BE@LJANKFHF@EnumSystemLocalesEx?$AA@ 1000203c     LIBCMT:winapisupp.obj
 0001:00001050       ??_C@_0BA@IHGNDAEB@CompareStringEx?$AA@ 10002050     LIBCMT:winapisupp.obj
 0001:00001060       ??_C@_0BA@EPCJIIPD@GetDateFormatEx?$AA@ 10002060     LIBCMT:winapisupp.obj
 0001:00001070       ??_C@_0BA@ONOKGCMP@GetLocaleInfoEx?$AA@ 10002070     LIBCMT:winapisupp.obj
 0001:00001080       ??_C@_0BA@CIJJKCJJ@GetTimeFormatEx?$AA@ 10002080     LIBCMT:winapisupp.obj
 0001:00001090       ??_C@_0BJ@PBCCBIPI@GetUserDefaultLocaleName?$AA@ 10002090     LIBCMT:winapisupp.obj
 0001:000010ac       ??_C@_0BC@CELBKLLA@IsValidLocaleName?$AA@ 100020ac     LIBCMT:winapisupp.obj
 0001:000010c0       ??_C@_0O@KKBNKAPF@LCMapStringEx?$AA@ 100020c0     LIBCMT:winapisupp.obj
 0001:000010d0       ??_C@_0BE@JOGNEJCI@GetCurrentPackageId?$AA@ 100020d0     LIBCMT:winapisupp.obj
 0001:000010f4       ??_C@_1M@HPNHIDJI@?$AAj?$AAa?$AA?9?$AAJ?$AAP?$AA?$AA@ 100020f4     LIBCMT:mbctype.obj
 0001:00001100       ??_C@_1M@BIBDDEMK@?$AAz?$AAh?$AA?9?$AAC?$AAN?$AA?$AA@ 10002100     LIBCMT:mbctype.obj
 0001:0000110c       ??_C@_1M@JLOOOEGK@?$AAk?$AAo?$AA?9?$AAK?$AAR?$AA?$AA@ 1000210c     LIBCMT:mbctype.obj
 0001:00001118       ??_C@_1M@CLNBBOPM@?$AAz?$AAh?$AA?9?$AAT?$AAW?$AA?$AA@ 10002118     LIBCMT:mbctype.obj
 0001:00001124       ??_C@_1BG@GOEBHBDC@?$AAU?$AAS?$AAE?$AAR?$AA3?$AA2?$AA?4?$AAD?$AAL?$AAL?$AA?$AA@ 10002124     LIBCMT:crtmboxw.obj
 0001:0000113c       ??_C@_0M@DLDCCGNP@MessageBoxW?$AA@ 1000213c     LIBCMT:crtmboxw.obj
 0001:00001148       ??_C@_0BA@HNOPNCHB@GetActiveWindow?$AA@ 10002148     LIBCMT:crtmboxw.obj
 0001:00001158       ??_C@_0BD@HHGDFDBJ@GetLastActivePopup?$AA@ 10002158     LIBCMT:crtmboxw.obj
 0001:0000116c       ??_C@_0BK@DEKFELLI@GetUserObjectInformationW?$AA@ 1000216c     LIBCMT:crtmboxw.obj
 0001:00001188       ??_C@_0BI@DFKBFLJE@GetProcessWindowStation?$AA@ 10002188     LIBCMT:crtmboxw.obj
 0001:000011a0       ??_C@_03KOEHGMDN@Sun?$AA@  100021a0     LIBCMT:nlsdata.obj
 0001:000011a4       ??_C@_03PDAGKDH@Mon?$AA@   100021a4     LIBCMT:nlsdata.obj
 0001:000011a8       ??_C@_03NAGEINEP@Tue?$AA@  100021a8     LIBCMT:nlsdata.obj
 0001:000011ac       ??_C@_03MHOMLAJA@Wed?$AA@  100021ac     LIBCMT:nlsdata.obj
 0001:000011b0       ??_C@_03IOFIKPDN@Thu?$AA@  100021b0     LIBCMT:nlsdata.obj
 0001:000011b4       ??_C@_03IDIOELNC@Fri?$AA@  100021b4     LIBCMT:nlsdata.obj
 0001:000011b8       ??_C@_03FEFJNEK@Sat?$AA@   100021b8     LIBCMT:nlsdata.obj
 0001:000011bc       ??_C@_06OOPIFAJ@Sunday?$AA@ 100021bc     LIBCMT:nlsdata.obj
 0001:000011c4       ??_C@_06JLEDEDGH@Monday?$AA@ 100021c4     LIBCMT:nlsdata.obj
 0001:000011cc       ??_C@_07BAAGCFCM@Tuesday?$AA@ 100021cc     LIBCMT:nlsdata.obj
 0001:000011d4       ??_C@_09DLIGFAKA@Wednesday?$AA@ 100021d4     LIBCMT:nlsdata.obj
 0001:000011e0       ??_C@_08HACCIKIA@Thursday?$AA@ 100021e0     LIBCMT:nlsdata.obj
 0001:000011ec       ??_C@_06JECMNKMI@Friday?$AA@ 100021ec     LIBCMT:nlsdata.obj
 0001:000011f4       ??_C@_08INBOOONO@Saturday?$AA@ 100021f4     LIBCMT:nlsdata.obj
 0001:00001200       ??_C@_03JIHJHPIE@Jan?$AA@  10002200     LIBCMT:nlsdata.obj
 0001:00001204       ??_C@_03HJBDCHOM@Feb?$AA@  10002204     LIBCMT:nlsdata.obj
 0001:00001208       ??_C@_03ODNJBKGA@Mar?$AA@  10002208     LIBCMT:nlsdata.obj
 0001:0000120c       ??_C@_03LEOLGMJP@Apr?$AA@  1000220c     LIBCMT:nlsdata.obj
 0001:00001210       ??_C@_03CNMDKL@May?$AA@    10002210     LIBCMT:nlsdata.obj
 0001:00001214       ??_C@_03IDFGHECI@Jun?$AA@  10002214     LIBCMT:nlsdata.obj
 0001:00001218       ??_C@_03LBGABGKK@Jul?$AA@  10002218     LIBCMT:nlsdata.obj
 0001:0000121c       ??_C@_03IFJFEIGA@Aug?$AA@  1000221c     LIBCMT:nlsdata.obj
 0001:00001220       ??_C@_03GGCAPAJC@Sep?$AA@  10002220     LIBCMT:nlsdata.obj
 0001:00001224       ??_C@_03BMAOKBAD@Oct?$AA@  10002224     LIBCMT:nlsdata.obj
 0001:00001228       ??_C@_03JPJOFNIA@Nov?$AA@  10002228     LIBCMT:nlsdata.obj
 0001:0000122c       ??_C@_03MKABNOCG@Dec?$AA@  1000222c     LIBCMT:nlsdata.obj
 0001:00001230       ??_C@_07CGJPFGJA@January?$AA@ 10002230     LIBCMT:nlsdata.obj
 0001:00001238       ??_C@_08GNJGEPFN@February?$AA@ 10002238     LIBCMT:nlsdata.obj
 0001:00001244       ??_C@_05HPCKOFNC@March?$AA@ 10002244     LIBCMT:nlsdata.obj
 0001:0000124c       ??_C@_05DMJDNLEJ@April?$AA@ 1000224c     LIBCMT:nlsdata.obj
 0001:00001254       ??_C@_04CNLMGBGM@June?$AA@ 10002254     LIBCMT:nlsdata.obj
 0001:0000125c       ??_C@_04MIEPOIFP@July?$AA@ 1000225c     LIBCMT:nlsdata.obj
 0001:00001264       ??_C@_06LBBHFDDG@August?$AA@ 10002264     LIBCMT:nlsdata.obj
 0001:0000126c       ??_C@_09BHHEALKD@September?$AA@ 1000226c     LIBCMT:nlsdata.obj
 0001:00001278       ??_C@_07JJNFCEND@October?$AA@ 10002278     LIBCMT:nlsdata.obj
 0001:00001280       ??_C@_08HCHEGEOA@November?$AA@ 10002280     LIBCMT:nlsdata.obj
 0001:0000128c       ??_C@_08EDHMEBNP@December?$AA@ 1000228c     LIBCMT:nlsdata.obj
 0001:00001298       ??_C@_02DEDBPAFC@AM?$AA@   10002298     LIBCMT:nlsdata.obj
 0001:0000129c       ??_C@_02CJNFDJBF@PM?$AA@   1000229c     LIBCMT:nlsdata.obj
 0001:000012a0       ??_C@_08BPBNCDIB@MM?1dd?1yy?$AA@ 100022a0     LIBCMT:nlsdata.obj
 0001:000012ac       ??_C@_0BE@CKGJFCPC@dddd?0?5MMMM?5dd?0?5yyyy?$AA@ 100022ac     LIBCMT:nlsdata.obj
 0001:000012c0       ??_C@_08JCCMCCIL@HH?3mm?3ss?$AA@ 100022c0     LIBCMT:nlsdata.obj
 0001:000012cc       ??_C@_17MBGCMIPB@?$AAS?$AAu?$AAn?$AA?$AA@ 100022cc     LIBCMT:nlsdata.obj
 0001:000012d4       ??_C@_17KBOMKBF@?$AAM?$AAo?$AAn?$AA?$AA@ 100022d4     LIBCMT:nlsdata.obj
 0001:000012dc       ??_C@_17BMKGEGOJ@?$AAT?$AAu?$AAe?$AA?$AA@ 100022dc     LIBCMT:nlsdata.obj
 0001:000012e4       ??_C@_17CJEDCEPE@?$AAW?$AAe?$AAd?$AA?$AA@ 100022e4     LIBCMT:nlsdata.obj
 0001:000012ec       ??_C@_17PDPHAADD@?$AAT?$AAh?$AAu?$AA?$AA@ 100022ec     LIBCMT:nlsdata.obj
 0001:000012f4       ??_C@_17HFOLPPLP@?$AAF?$AAr?$AAi?$AA?$AA@ 100022f4     LIBCMT:nlsdata.obj
 0001:000012fc       ??_C@_17GGIBDPIH@?$AAS?$AAa?$AAt?$AA?$AA@ 100022fc     LIBCMT:nlsdata.obj
 0001:00001304       ??_C@_1O@IHNHDHPB@?$AAS?$AAu?$AAn?$AAd?$AAa?$AAy?$AA?$AA@ 10002304     LIBCMT:nlsdata.obj
 0001:00001314       ??_C@_1O@MMNBFLIA@?$AAM?$AAo?$AAn?$AAd?$AAa?$AAy?$AA?$AA@ 10002314     LIBCMT:nlsdata.obj
 0001:00001324       ??_C@_1BA@ENFBFFEK@?$AAT?$AAu?$AAe?$AAs?$AAd?$AAa?$AAy?$AA?$AA@ 10002324     LIBCMT:nlsdata.obj
 0001:00001334       ??_C@_1BE@EBOGMDOH@?$AAW?$AAe?$AAd?$AAn?$AAe?$AAs?$AAd?$AAa?$AAy?$AA?$AA@ 10002334     LIBCMT:nlsdata.obj
 0001:00001348       ??_C@_1BC@HHMNLIHE@?$AAT?$AAh?$AAu?$AAr?$AAs?$AAd?$AAa?$AAy?$AA?$AA@ 10002348     LIBCMT:nlsdata.obj
 0001:0000135c       ??_C@_1O@PDICJHAG@?$AAF?$AAr?$AAi?$AAd?$AAa?$AAy?$AA?$AA@ 1000235c     LIBCMT:nlsdata.obj
 0001:0000136c       ??_C@_1BC@ENMNNPAJ@?$AAS?$AAa?$AAt?$AAu?$AAr?$AAd?$AAa?$AAy?$AA?$AA@ 1000236c     LIBCMT:nlsdata.obj
 0001:00001380       ??_C@_17DKNBKCHM@?$AAJ?$AAa?$AAn?$AA?$AA@ 10002380     LIBCMT:nlsdata.obj
 0001:00001388       ??_C@_17LMDJEKJN@?$AAF?$AAe?$AAb?$AA?$AA@ 10002388     LIBCMT:nlsdata.obj
 0001:00001390       ??_C@_17CKNLEDEC@?$AAM?$AAa?$AAr?$AA?$AA@ 10002390     LIBCMT:nlsdata.obj
 0001:00001398       ??_C@_17LFPOIHDD@?$AAA?$AAp?$AAr?$AA?$AA@ 10002398     LIBCMT:nlsdata.obj
 0001:000013a0       ??_C@_17PNNKMEED@?$AAM?$AAa?$AAy?$AA?$AA@ 100023a0     LIBCMT:nlsdata.obj
 0001:000013a8       ??_C@_17KCJGOCPB@?$AAJ?$AAu?$AAn?$AA?$AA@ 100023a8     LIBCMT:nlsdata.obj
 0001:000013b0       ??_C@_17IJPCKHK@?$AAJ?$AAu?$AAl?$AA?$AA@ 100023b0     LIBCMT:nlsdata.obj
 0001:000013b8       ??_C@_17ICPELBCN@?$AAA?$AAu?$AAg?$AA?$AA@ 100023b8     LIBCMT:nlsdata.obj
 0001:000013c0       ??_C@_17HCHCOKMG@?$AAS?$AAe?$AAp?$AA?$AA@ 100023c0     LIBCMT:nlsdata.obj
 0001:000013c8       ??_C@_17FNLKOI@?$AAO?$AAc?$AAt?$AA?$AA@ 100023c8     LIBCMT:nlsdata.obj
 0001:000013d0       ??_C@_17BBDMLCIG@?$AAN?$AAo?$AAv?$AA?$AA@ 100023d0     LIBCMT:nlsdata.obj
 0001:000013d8       ??_C@_17EGKACKIF@?$AAD?$AAe?$AAc?$AA?$AA@ 100023d8     LIBCMT:nlsdata.obj
 0001:000013e0       ??_C@_1BA@EFMEIEBA@?$AAJ?$AAa?$AAn?$AAu?$AAa?$AAr?$AAy?$AA?$AA@ 100023e0     LIBCMT:nlsdata.obj
 0001:000013f0       ??_C@_1BC@JGDDFFAM@?$AAF?$AAe?$AAb?$AAr?$AAu?$AAa?$AAr?$AAy?$AA?$AA@ 100023f0     LIBCMT:nlsdata.obj
 0001:00001404       ??_C@_1M@IKEENEDF@?$AAM?$AAa?$AAr?$AAc?$AAh?$AA?$AA@ 10002404     LIBCMT:nlsdata.obj
 0001:00001410       ??_C@_1M@GJNLMHFD@?$AAA?$AAp?$AAr?$AAi?$AAl?$AA?$AA@ 10002410     LIBCMT:nlsdata.obj
 0001:0000141c       ??_C@_19EPFLPGAP@?$AAJ?$AAu?$AAn?$AAe?$AA?$AA@ 1000241c     LIBCMT:nlsdata.obj
 0001:00001428       ??_C@_19BIFMLPCD@?$AAJ?$AAu?$AAl?$AAy?$AA?$AA@ 10002428     LIBCMT:nlsdata.obj
 0001:00001434       ??_C@_1O@PAHLKOAC@?$AAA?$AAu?$AAg?$AAu?$AAs?$AAt?$AA?$AA@ 10002434     LIBCMT:nlsdata.obj
 0001:00001444       ??_C@_1BE@DKAAMBJL@?$AAS?$AAe?$AAp?$AAt?$AAe?$AAm?$AAb?$AAe?$AAr?$AA?$AA@ 10002444     LIBCMT:nlsdata.obj
 0001:00001458       ??_C@_1BA@EPANDLNG@?$AAO?$AAc?$AAt?$AAo?$AAb?$AAe?$AAr?$AA?$AA@ 10002458     LIBCMT:nlsdata.obj
 0001:00001468       ??_C@_1BC@BGLIFPF@?$AAN?$AAo?$AAv?$AAe?$AAm?$AAb?$AAe?$AAr?$AA?$AA@ 10002468     LIBCMT:nlsdata.obj
 0001:0000147c       ??_C@_1BC@FEMKIFH@?$AAD?$AAe?$AAc?$AAe?$AAm?$AAb?$AAe?$AAr?$AA?$AA@ 1000247c     LIBCMT:nlsdata.obj
 0001:00001490       ??_C@_15ODEHAHHF@?$AAA?$AAM?$AA?$AA@ 10002490     LIBCMT:nlsdata.obj
 0001:00001498       ??_C@_15CLMNNGEL@?$AAP?$AAM?$AA?$AA@ 10002498     LIBCMT:nlsdata.obj
 0001:000014a0       ??_C@_1BC@IEBCMHCM@?$AAM?$AAM?$AA?1?$AAd?$AAd?$AA?1?$AAy?$AAy?$AA?$AA@ 100024a0     LIBCMT:nlsdata.obj
 0001:000014b4       ??_C@_1CI@KNAKOEBC@?$AAd?$AAd?$AAd?$AAd?$AA?0?$AA?5?$AAM?$AAM?$AAM?$AAM?$AA?5?$AAd?$AAd?$AA?0?$AA?5?$AAy?$AAy?$AAy?$AAy?$AA?$AA@ 100024b4     LIBCMT:nlsdata.obj
 0001:000014dc       ??_C@_1BC@GDGBMEMK@?$AAH?$AAH?$AA?3?$AAm?$AAm?$AA?3?$AAs?$AAs?$AA?$AA@ 100024dc     LIBCMT:nlsdata.obj
 0001:000014f0       ??_C@_1M@BMHNFIME@?$AAe?$AAn?$AA?9?$AAU?$AAS?$AA?$AA@ 100024f0     LIBCMT:nlsdata.obj
 0001:00001500       _LcidToLocaleNameTable     10002500     LIBCMT:winapinls.obj
 0001:00001c20       _LocaleNameToIndexTable    10002c20     LIBCMT:winapinls.obj
 0001:00002340       ??_C@_15EMKDOKLE@?$AAa?$AAr?$AA?$AA@ 10003340     LIBCMT:winapinls.obj
 0001:00002348       ??_C@_15KNPADPLH@?$AAb?$AAg?$AA?$AA@ 10003348     LIBCMT:winapinls.obj
 0001:00002350       ??_C@_15EDMHLDMO@?$AAc?$AAa?$AA?$AA@ 10003350     LIBCMT:winapinls.obj
 0001:00002358       ??_C@_1O@BPEAJADD@?$AAz?$AAh?$AA?9?$AAC?$AAH?$AAS?$AA?$AA@ 10003358     LIBCMT:winapinls.obj
 0001:00002368       ??_C@_15LJNHCMNK@?$AAc?$AAs?$AA?$AA@ 10003368     LIBCMT:winapinls.obj
 0001:00002370       ??_C@_15FOMCIDHG@?$AAd?$AAa?$AA?$AA@ 10003370     LIBCMT:winapinls.obj
 0001:00002378       ??_C@_15NBKABECB@?$AAd?$AAe?$AA?$AA@ 10003378     LIBCMT:winapinls.obj
 0001:00002380       ??_C@_15GHPEIIAO@?$AAe?$AAl?$AA?$AA@ 10003380     LIBCMT:winapinls.obj
 0001:00002388       ??_C@_15MNPNEAIF@?$AAe?$AAn?$AA?$AA@ 10003388     LIBCMT:winapinls.obj
 0001:00002390       ??_C@_15GPIOMPMH@?$AAe?$AAs?$AA?$AA@ 10003390     LIBCMT:winapinls.obj
 0001:00002398       ??_C@_15NGLOAKJC@?$AAf?$AAi?$AA?$AA@ 10003398     LIBCMT:winapinls.obj
 0001:000023a0       ??_C@_15FBKGNKAM@?$AAf?$AAr?$AA?$AA@ 100033a0     LIBCMT:winapinls.obj
 0001:000023a8       ??_C@_15KGGCNEFK@?$AAh?$AAe?$AA?$AA@ 100033a8     LIBCMT:winapinls.obj
 0001:000023b0       ??_C@_15PGHLIDMF@?$AAh?$AAu?$AA?$AA@ 100033b0     LIBCMT:winapinls.obj
 0001:000023b8       ??_C@_15BIEMAPLM@?$AAi?$AAs?$AA?$AA@ 100033b8     LIBCMT:winapinls.obj
 0001:000023c0       ??_C@_15IFJLDHAF@?$AAi?$AAt?$AA?$AA@ 100033c0     LIBCMT:winapinls.obj
 0001:000023c8       ??_C@_15GEMIOCAG@?$AAj?$AAa?$AA?$AA@ 100033c8     LIBCMT:winapinls.obj
 0001:000023d0       ??_C@_15EPELEGJA@?$AAk?$AAo?$AA?$AA@ 100033d0     LIBCMT:winapinls.obj
 0001:000023d8       ??_C@_15NDDHIMN@?$AAn?$AAl?$AA?$AA@ 100033d8     LIBCMT:winapinls.obj
 0001:000023e0       ??_C@_15BPIGNHCD@?$AAn?$AAo?$AA?$AA@ 100033e0     LIBCMT:winapinls.obj
 0001:000023e8       ??_C@_15DEOPBLCG@?$AAp?$AAl?$AA?$AA@ 100033e8     LIBCMT:winapinls.obj
 0001:000023f0       ??_C@_15KBECGEFG@?$AAp?$AAt?$AA?$AA@ 100033f0     LIBCMT:winapinls.obj
 0001:000023f8       ??_C@_15GLJCBFMD@?$AAr?$AAo?$AA?$AA@ 100033f8     LIBCMT:winapinls.obj
 0001:00002400       ??_C@_15FEDGKCDI@?$AAr?$AAu?$AA?$AA@ 10003400     LIBCMT:winapinls.obj
 0001:00002408       ??_C@_15GLKMLLHM@?$AAh?$AAr?$AA?$AA@ 10003408     LIBCMT:winapinls.obj
 0001:00002410       ??_C@_15CPKMFBDB@?$AAs?$AAk?$AA?$AA@ 10003410     LIBCMT:winapinls.obj
 0001:00002418       ??_C@_15BAAIOGMK@?$AAs?$AAq?$AA?$AA@ 10003418     LIBCMT:winapinls.obj
 0001:00002420       ??_C@_15INNPNOHD@?$AAs?$AAv?$AA?$AA@ 10003420     LIBCMT:winapinls.obj
 0001:00002428       ??_C@_15CABMMOGH@?$AAt?$AAh?$AA?$AA@ 10003428     LIBCMT:winapinls.obj
 0001:00002430       ??_C@_15BPLIHJJM@?$AAt?$AAr?$AA?$AA@ 10003430     LIBCMT:winapinls.obj
 0001:00002438       ??_C@_15NEOEKKDJ@?$AAu?$AAr?$AA?$AA@ 10003438     LIBCMT:winapinls.obj
 0001:00002440       ??_C@_15NFICGAJK@?$AAi?$AAd?$AA?$AA@ 10003440     LIBCMT:winapinls.obj
 0001:00002448       ??_C@_15PJPFLCCM@?$AAu?$AAk?$AA?$AA@ 10003448     LIBCMT:winapinls.obj
 0001:00002450       ??_C@_15HPJPHDM@?$AAb?$AAe?$AA?$AA@ 10003450     LIBCMT:winapinls.obj
 0001:00002458       ??_C@_15LCHLGJII@?$AAs?$AAl?$AA?$AA@ 10003458     LIBCMT:winapinls.obj
 0001:00002460       ??_C@_15PCFJPHHO@?$AAe?$AAt?$AA?$AA@ 10003460     LIBCMT:winapinls.obj
 0001:00002468       ??_C@_15HPFPGODN@?$AAl?$AAv?$AA?$AA@ 10003468     LIBCMT:winapinls.obj
 0001:00002470       ??_C@_15NFFGKGLG@?$AAl?$AAt?$AA?$AA@ 10003470     LIBCMT:winapinls.obj
 0001:00002478       ??_C@_15BDAKCCHN@?$AAf?$AAa?$AA?$AA@ 10003478     LIBCMT:winapinls.obj
 0001:00002480       ??_C@_15NFGIAIAJ@?$AAv?$AAi?$AA?$AA@ 10003480     LIBCMT:winapinls.obj
 0001:00002488       ??_C@_15LMKNDMHN@?$AAh?$AAy?$AA?$AA@ 10003488     LIBCMT:winapinls.obj
 0001:00002490       ??_C@_15IJBHMCFL@?$AAa?$AAz?$AA?$AA@ 10003490     LIBCMT:winapinls.obj
 0001:00002498       ??_C@_15EKOFJABL@?$AAe?$AAu?$AA?$AA@ 10003498     LIBCMT:winapinls.obj
 0001:000024a0       ??_C@_15BGHADCNK@?$AAm?$AAk?$AA?$AA@ 100034a0     LIBCMT:winapinls.obj
 0001:000024a8       ??_C@_15JDNICKHM@?$AAa?$AAf?$AA?$AA@ 100034a8     LIBCMT:winapinls.obj
 0001:000024b0       ??_C@_15KPJEDBKD@?$AAk?$AAa?$AA?$AA@ 100034b0     LIBCMT:winapinls.obj
 0001:000024b8       ??_C@_15PDNFFFEO@?$AAf?$AAo?$AA?$AA@ 100034b8     LIBCMT:winapinls.obj
 0001:000024c0       ??_C@_15OMLEGLOC@?$AAh?$AAi?$AA?$AA@ 100034c0     LIBCMT:winapinls.obj
 0001:000024c8       ??_C@_15IDNNENKK@?$AAm?$AAs?$AA?$AA@ 100034c8     LIBCMT:winapinls.obj
 0001:000024d0       ??_C@_15MACJNBMH@?$AAk?$AAk?$AA?$AA@ 100034d0     LIBCMT:winapinls.obj
 0001:000024d8       ??_C@_15DKDJEOND@?$AAk?$AAy?$AA?$AA@ 100034d8     LIBCMT:winapinls.obj
 0001:000024e0       ??_C@_15DFGDLJBG@?$AAs?$AAw?$AA?$AA@ 100034e0     LIBCMT:winapinls.obj
 0001:000024e8       ??_C@_15BBFAICNG@?$AAu?$AAz?$AA?$AA@ 100034e8     LIBCMT:winapinls.obj
 0001:000024f0       ??_C@_15DKNDCGEA@?$AAt?$AAt?$AA?$AA@ 100034f0     LIBCMT:winapinls.obj
 0001:000024f8       ??_C@_15MGIFMDPL@?$AAp?$AAa?$AA?$AA@ 100034f8     LIBCMT:winapinls.obj
 0001:00002500       ??_C@_15HCNDBBA@?$AAg?$AAu?$AA?$AA@ 10003500     LIBCMT:winapinls.obj
 0001:00002508       ??_C@_15FNBEIBON@?$AAt?$AAa?$AA?$AA@ 10003508     LIBCMT:winapinls.obj
 0001:00002510       ??_C@_15NCHGBGLK@?$AAt?$AAe?$AA?$AA@ 10003510     LIBCMT:winapinls.obj
 0001:00002518       ??_C@_15PHPHCBPF@?$AAk?$AAn?$AA?$AA@ 10003518     LIBCMT:winapinls.obj
 0001:00002520       ??_C@_15DLGBCKMP@?$AAm?$AAr?$AA?$AA@ 10003520     LIBCMT:winapinls.obj
 0001:00002528       ??_C@_15EABBLBFF@?$AAs?$AAa?$AA?$AA@ 10003528     LIBCMT:winapinls.obj
 0001:00002530       ??_C@_15CBKOMCOI@?$AAm?$AAn?$AA?$AA@ 10003530     LIBCMT:winapinls.obj
 0001:00002538       ??_C@_15CKDMCJAF@?$AAg?$AAl?$AA?$AA@ 10003538     LIBCMT:winapinls.obj
 0001:00002540       ??_C@_17CNJFBPG@?$AAk?$AAo?$AAk?$AA?$AA@ 10003540     LIBCMT:winapinls.obj
 0001:00002548       ??_C@_17FFBJICPL@?$AAs?$AAy?$AAr?$AA?$AA@ 10003548     LIBCMT:winapinls.obj
 0001:00002550       ??_C@_17KPNDCPAF@?$AAd?$AAi?$AAv?$AA?$AA@ 10003550     LIBCMT:winapinls.obj
 0001:00002558       ??_C@_11LOCGONAA@?$AA?$AA@ 10003558     LIBCMT:winapinls.obj
 0001:0000255c       ??_C@_1M@OKAHONE@?$AAa?$AAr?$AA?9?$AAS?$AAA?$AA?$AA@ 1000355c     LIBCMT:winapinls.obj
 0001:00002568       ??_C@_1M@FFFIGIGK@?$AAb?$AAg?$AA?9?$AAB?$AAG?$AA?$AA@ 10003568     LIBCMT:winapinls.obj
 0001:00002574       ??_C@_1M@BJNKEDC@?$AAc?$AAa?$AA?9?$AAE?$AAS?$AA?$AA@ 10003574     LIBCMT:winapinls.obj
 0001:00002580       ??_C@_1M@IJJHFJHA@?$AAc?$AAs?$AA?9?$AAC?$AAZ?$AA?$AA@ 10003580     LIBCMT:winapinls.obj
 0001:0000258c       ??_C@_1M@CLPEOBGI@?$AAd?$AAa?$AA?9?$AAD?$AAK?$AA?$AA@ 1000358c     LIBCMT:winapinls.obj
 0001:00002598       ??_C@_1M@MCMADGCB@?$AAd?$AAe?$AA?9?$AAD?$AAE?$AA?$AA@ 10003598     LIBCMT:winapinls.obj
 0001:000025a4       ??_C@_1M@OOCKEMAM@?$AAe?$AAl?$AA?9?$AAG?$AAR?$AA?$AA@ 100035a4     LIBCMT:winapinls.obj
 0001:000025b0       ??_C@_1M@DDNJFGID@?$AAf?$AAi?$AA?9?$AAF?$AAI?$AA?$AA@ 100035b0     LIBCMT:winapinls.obj
 0001:000025bc       ??_C@_1M@GLIPPMAC@?$AAf?$AAr?$AA?9?$AAF?$AAR?$AA?$AA@ 100035bc     LIBCMT:winapinls.obj
 0001:000025c8       ??_C@_1M@GFMCHPE@?$AAh?$AAe?$AA?9?$AAI?$AAL?$AA?$AA@ 100035c8     LIBCMT:winapinls.obj
 0001:000025d4       ??_C@_1M@MHLPGNKM@?$AAh?$AAu?$AA?9?$AAH?$AAU?$AA?$AA@ 100035d4     LIBCMT:winapinls.obj
 0001:000025e0       ??_C@_1M@LPDDNNPN@?$AAi?$AAs?$AA?9?$AAI?$AAS?$AA?$AA@ 100035e0     LIBCMT:winapinls.obj
 0001:000025ec       ??_C@_1M@MADIPODN@?$AAi?$AAt?$AA?9?$AAI?$AAT?$AA?$AA@ 100035ec     LIBCMT:winapinls.obj
 0001:000025f8       ??_C@_1M@IHBJJGG@?$AAn?$AAl?$AA?9?$AAN?$AAL?$AA?$AA@ 100035f8     LIBCMT:winapinls.obj
 0001:00002604       ??_C@_1M@EANAGDL@?$AAn?$AAb?$AA?9?$AAN?$AAO?$AA?$AA@ 10003604     LIBCMT:winapinls.obj
 0001:00002610       ??_C@_1M@NEIEMEGP@?$AAp?$AAl?$AA?9?$AAP?$AAL?$AA?$AA@ 10003610     LIBCMT:winapinls.obj
 0001:0000261c       ??_C@_1M@BOCFIGEP@?$AAp?$AAt?$AA?9?$AAB?$AAR?$AA?$AA@ 1000361c     LIBCMT:winapinls.obj
 0001:00002628       ??_C@_1M@IMPFOPBG@?$AAr?$AAo?$AA?9?$AAR?$AAO?$AA?$AA@ 10003628     LIBCMT:winapinls.obj
 0001:00002634       ??_C@_1M@IDNNEJMM@?$AAr?$AAu?$AA?9?$AAR?$AAU?$AA?$AA@ 10003634     LIBCMT:winapinls.obj
 0001:00002640       ??_C@_1M@LILEEOGM@?$AAh?$AAr?$AA?9?$AAH?$AAR?$AA?$AA@ 10003640     LIBCMT:winapinls.obj
 0001:0000264c       ??_C@_1M@FKIFEHPB@?$AAs?$AAk?$AA?9?$AAS?$AAK?$AA?$AA@ 1000364c     LIBCMT:winapinls.obj
 0001:00002658       ??_C@_1M@LJMAMNPJ@?$AAs?$AAq?$AA?9?$AAA?$AAL?$AA?$AA@ 10003658     LIBCMT:winapinls.obj
 0001:00002664       ??_C@_1M@GIAKDKJK@?$AAs?$AAv?$AA?9?$AAS?$AAE?$AA?$AA@ 10003664     LIBCMT:winapinls.obj
 0001:00002670       ??_C@_1M@MKJKIKCL@?$AAt?$AAh?$AA?9?$AAT?$AAH?$AA?$AA@ 10003670     LIBCMT:winapinls.obj
 0001:0000267c       ??_C@_1M@MFLCCMPB@?$AAt?$AAr?$AA?9?$AAT?$AAR?$AA?$AA@ 1000367c     LIBCMT:winapinls.obj
 0001:00002688       ??_C@_1M@OIJHDKJN@?$AAu?$AAr?$AA?9?$AAP?$AAK?$AA?$AA@ 10003688     LIBCMT:winapinls.obj
 0001:00002694       ??_C@_1M@LHIPCIEK@?$AAi?$AAd?$AA?9?$AAI?$AAD?$AA?$AA@ 10003694     LIBCMT:winapinls.obj
 0001:000026a0       ??_C@_1M@MFMOBGI@?$AAu?$AAk?$AA?9?$AAU?$AAA?$AA?$AA@ 100036a0     LIBCMT:winapinls.obj
 0001:000026ac       ??_C@_1M@OBGLJIPL@?$AAb?$AAe?$AA?9?$AAB?$AAY?$AA?$AA@ 100036ac     LIBCMT:winapinls.obj
 0001:000026b8       ??_C@_1M@BCFAJEAD@?$AAs?$AAl?$AA?9?$AAS?$AAI?$AA?$AA@ 100036b8     LIBCMT:winapinls.obj
 0001:000026c4       ??_C@_1M@FKFFEDDN@?$AAe?$AAt?$AA?9?$AAE?$AAE?$AA?$AA@ 100036c4     LIBCMT:winapinls.obj
 0001:000026d0       ??_C@_1M@KGKKAACI@?$AAl?$AAv?$AA?9?$AAL?$AAV?$AA?$AA@ 100036d0     LIBCMT:winapinls.obj
 0001:000026dc       ??_C@_1M@IFGBIJO@?$AAl?$AAt?$AA?9?$AAL?$AAT?$AA?$AA@ 100036dc     LIBCMT:winapinls.obj
 0001:000026e8       ??_C@_1M@FGEAHEDM@?$AAf?$AAa?$AA?9?$AAI?$AAR?$AA?$AA@ 100036e8     LIBCMT:winapinls.obj
 0001:000026f4       ??_C@_1M@KBMAIBFN@?$AAv?$AAi?$AA?9?$AAV?$AAN?$AA?$AA@ 100036f4     LIBCMT:winapinls.obj
 0001:00002700       ??_C@_1M@GPCBKDJK@?$AAh?$AAy?$AA?9?$AAA?$AAM?$AA?$AA@ 10003700     LIBCMT:winapinls.obj
 0001:0000270c       ??_C@_1BG@BECMDDJB@?$AAa?$AAz?$AA?9?$AAA?$AAZ?$AA?9?$AAL?$AAa?$AAt?$AAn?$AA?$AA@ 1000370c     LIBCMT:winapinls.obj
 0001:00002724       ??_C@_1M@MAOFCAEA@?$AAe?$AAu?$AA?9?$AAE?$AAS?$AA?$AA@ 10003724     LIBCMT:winapinls.obj
 0001:00002730       ??_C@_1M@IGHABKPI@?$AAm?$AAk?$AA?9?$AAM?$AAK?$AA?$AA@ 10003730     LIBCMT:winapinls.obj
 0001:0000273c       ??_C@_1M@IAIGNEJG@?$AAt?$AAn?$AA?9?$AAZ?$AAA?$AA?$AA@ 1000373c     LIBCMT:winapinls.obj
 0001:00002748       ??_C@_1M@IIJCOJFA@?$AAx?$AAh?$AA?9?$AAZ?$AAA?$AA?$AA@ 10003748     LIBCMT:winapinls.obj
 0001:00002754       ??_C@_1M@LGPJHNJH@?$AAz?$AAu?$AA?9?$AAZ?$AAA?$AA?$AA@ 10003754     LIBCMT:winapinls.obj
 0001:00002760       ??_C@_1M@HOKAOIO@?$AAa?$AAf?$AA?9?$AAZ?$AAA?$AA?$AA@ 10003760     LIBCMT:winapinls.obj
 0001:0000276c       ??_C@_1M@DPCLHLIE@?$AAk?$AAa?$AA?9?$AAG?$AAE?$AA?$AA@ 1000376c     LIBCMT:winapinls.obj
 0001:00002778       ??_C@_1M@BLKMHJBI@?$AAf?$AAo?$AA?9?$AAF?$AAO?$AA?$AA@ 10003778     LIBCMT:winapinls.obj
 0001:00002784       ??_C@_1M@LGGJAPPB@?$AAh?$AAi?$AA?9?$AAI?$AAN?$AA?$AA@ 10003784     LIBCMT:winapinls.obj
 0001:00002790       ??_C@_1M@FIKPIHFE@?$AAm?$AAt?$AA?9?$AAM?$AAT?$AA?$AA@ 10003790     LIBCMT:winapinls.obj
 0001:0000279c       ??_C@_1M@HEGGPBFA@?$AAs?$AAe?$AA?9?$AAN?$AAO?$AA?$AA@ 1000379c     LIBCMT:winapinls.obj
 0001:000027a8       ??_C@_1M@EIBJEEPA@?$AAm?$AAs?$AA?9?$AAM?$AAY?$AA?$AA@ 100037a8     LIBCMT:winapinls.obj
 0001:000027b4       ??_C@_1M@FHLBGMPP@?$AAk?$AAk?$AA?9?$AAK?$AAZ?$AA?$AA@ 100037b4     LIBCMT:winapinls.obj
 0001:000027c0       ??_C@_1M@NGJJLCGI@?$AAk?$AAy?$AA?9?$AAK?$AAG?$AA?$AA@ 100037c0     LIBCMT:winapinls.obj
 0001:000027cc       ??_C@_1M@GIENNBFC@?$AAs?$AAw?$AA?9?$AAK?$AAE?$AA?$AA@ 100037cc     LIBCMT:winapinls.obj
 0001:000027d8       ??_C@_1BG@NDGMJIMJ@?$AAu?$AAz?$AA?9?$AAU?$AAZ?$AA?9?$AAL?$AAa?$AAt?$AAn?$AA?$AA@ 100037d8     LIBCMT:winapinls.obj
 0001:000027f0       ??_C@_1M@IDCCIHBC@?$AAt?$AAt?$AA?9?$AAR?$AAU?$AA?$AA@ 100037f0     LIBCMT:winapinls.obj
 0001:000027fc       ??_C@_1M@LOICPMOJ@?$AAb?$AAn?$AA?9?$AAI?$AAN?$AA?$AA@ 100037fc     LIBCMT:winapinls.obj
 0001:00002808       ??_C@_1M@KPKKNEAH@?$AAp?$AAa?$AA?9?$AAI?$AAN?$AA?$AA@ 10003808     LIBCMT:winapinls.obj
 0001:00002814       ??_C@_1M@PJGPPBOG@?$AAg?$AAu?$AA?9?$AAI?$AAN?$AA?$AA@ 10003814     LIBCMT:winapinls.obj
 0001:00002820       ??_C@_1M@KMKMOPHI@?$AAt?$AAa?$AA?9?$AAI?$AAN?$AA?$AA@ 10003820     LIBCMT:winapinls.obj
 0001:0000282c       ??_C@_1M@KFEHEPAC@?$AAt?$AAe?$AA?9?$AAI?$AAN?$AA?$AA@ 1000382c     LIBCMT:winapinls.obj
 0001:00002838       ??_C@_1M@CDCLMGHI@?$AAk?$AAn?$AA?9?$AAI?$AAN?$AA?$AA@ 10003838     LIBCMT:winapinls.obj
 0001:00002844       ??_C@_1M@MIODLDKF@?$AAm?$AAl?$AA?9?$AAI?$AAN?$AA?$AA@ 10003844     LIBCMT:winapinls.obj
 0001:00002850       ??_C@_1M@PBIEACPO@?$AAm?$AAr?$AA?9?$AAI?$AAN?$AA?$AA@ 10003850     LIBCMT:winapinls.obj
 0001:0000285c       ??_C@_1M@NIDEAGPH@?$AAs?$AAa?$AA?9?$AAI?$AAN?$AA?$AA@ 1000385c     LIBCMT:winapinls.obj
 0001:00002868       ??_C@_1M@FHIHCBIO@?$AAm?$AAn?$AA?9?$AAM?$AAN?$AA?$AA@ 10003868     LIBCMT:winapinls.obj
 0001:00002874       ??_C@_1M@JAIJPENP@?$AAc?$AAy?$AA?9?$AAG?$AAB?$AA?$AA@ 10003874     LIBCMT:winapinls.obj
 0001:00002880       ??_C@_1M@PHGFBEPN@?$AAg?$AAl?$AA?9?$AAE?$AAS?$AA?$AA@ 10003880     LIBCMT:winapinls.obj
 0001:0000288c       ??_C@_1O@KPIPDNCP@?$AAk?$AAo?$AAk?$AA?9?$AAI?$AAN?$AA?$AA@ 1000388c     LIBCMT:winapinls.obj
 0001:0000289c       ??_C@_1O@KNHJLDJA@?$AAs?$AAy?$AAr?$AA?9?$AAS?$AAY?$AA?$AA@ 1000389c     LIBCMT:winapinls.obj
 0001:000028ac       ??_C@_1O@MKEKBLAH@?$AAd?$AAi?$AAv?$AA?9?$AAM?$AAV?$AA?$AA@ 100038ac     LIBCMT:winapinls.obj
 0001:000028bc       ??_C@_1O@OHDCKDDF@?$AAq?$AAu?$AAz?$AA?9?$AAB?$AAO?$AA?$AA@ 100038bc     LIBCMT:winapinls.obj
 0001:000028cc       ??_C@_1M@LEPJNLFD@?$AAn?$AAs?$AA?9?$AAZ?$AAA?$AA?$AA@ 100038cc     LIBCMT:winapinls.obj
 0001:000028d8       ??_C@_1M@OMLEIIJB@?$AAm?$AAi?$AA?9?$AAN?$AAZ?$AA?$AA@ 100038d8     LIBCMT:winapinls.obj
 0001:000028e4       ??_C@_1M@PMPEAILG@?$AAa?$AAr?$AA?9?$AAI?$AAQ?$AA?$AA@ 100038e4     LIBCMT:winapinls.obj
 0001:000028f0       ??_C@_1M@CNKPNOEE@?$AAd?$AAe?$AA?9?$AAC?$AAH?$AA?$AA@ 100038f0     LIBCMT:winapinls.obj
 0001:000028fc       ??_C@_1M@LKMGMLKO@?$AAe?$AAn?$AA?9?$AAG?$AAB?$AA?$AA@ 100038fc     LIBCMT:winapinls.obj
 0001:00002908       ??_C@_1M@PGKJFFGL@?$AAe?$AAs?$AA?9?$AAM?$AAX?$AA?$AA@ 10003908     LIBCMT:winapinls.obj
 0001:00002914       ??_C@_1M@DNNANBDC@?$AAf?$AAr?$AA?9?$AAB?$AAE?$AA?$AA@ 10003914     LIBCMT:winapinls.obj
 0001:00002920       ??_C@_1M@HLGMDFHM@?$AAi?$AAt?$AA?9?$AAC?$AAH?$AA?$AA@ 10003920     LIBCMT:winapinls.obj
 0001:0000292c       ??_C@_1M@CLLBGJH@?$AAn?$AAl?$AA?9?$AAB?$AAE?$AA?$AA@ 1000392c     LIBCMT:winapinls.obj
 0001:00002938       ??_C@_1M@BODBOGLF@?$AAn?$AAn?$AA?9?$AAN?$AAO?$AA?$AA@ 10003938     LIBCMT:winapinls.obj
 0001:00002944       ??_C@_1M@HFFAHKAD@?$AAp?$AAt?$AA?9?$AAP?$AAT?$AA?$AA@ 10003944     LIBCMT:winapinls.obj
 0001:00002950       ??_C@_1BG@LNOAKHIE@?$AAs?$AAr?$AA?9?$AAS?$AAP?$AA?9?$AAL?$AAa?$AAt?$AAn?$AA?$AA@ 10003950     LIBCMT:winapinls.obj
 0001:00002968       ??_C@_1M@HBMHBGAK@?$AAs?$AAv?$AA?9?$AAF?$AAI?$AA?$AA@ 10003968     LIBCMT:winapinls.obj
 0001:00002974       ??_C@_1BG@DGCJGJBE@?$AAa?$AAz?$AA?9?$AAA?$AAZ?$AA?9?$AAC?$AAy?$AAr?$AAl?$AA?$AA@ 10003974     LIBCMT:winapinls.obj
 0001:0000298c       ??_C@_1M@KEJDAAHB@?$AAs?$AAe?$AA?9?$AAS?$AAE?$AA?$AA@ 1000398c     LIBCMT:winapinls.obj
 0001:00002998       ??_C@_1M@HEIBJJAD@?$AAm?$AAs?$AA?9?$AAB?$AAN?$AA?$AA@ 10003998     LIBCMT:winapinls.obj
 0001:000029a4       ??_C@_1BG@PBGJMCEM@?$AAu?$AAz?$AA?9?$AAU?$AAZ?$AA?9?$AAC?$AAy?$AAr?$AAl?$AA?$AA@ 100039a4     LIBCMT:winapinls.obj
 0001:000029bc       ??_C@_1O@LAOBCMDF@?$AAq?$AAu?$AAz?$AA?9?$AAE?$AAC?$AA?$AA@ 100039bc     LIBCMT:winapinls.obj
 0001:000029cc       ??_C@_1M@POEEMAIO@?$AAa?$AAr?$AA?9?$AAE?$AAG?$AA?$AA@ 100039cc     LIBCMT:winapinls.obj
 0001:000029d8       ??_C@_1M@EFAKDEDL@?$AAz?$AAh?$AA?9?$AAH?$AAK?$AA?$AA@ 100039d8     LIBCMT:winapinls.obj
 0001:000029e4       ??_C@_1M@HKKIJHGI@?$AAd?$AAe?$AA?9?$AAA?$AAT?$AA?$AA@ 100039e4     LIBCMT:winapinls.obj
 0001:000029f0       ??_C@_1M@KBFBEHJF@?$AAe?$AAn?$AA?9?$AAA?$AAU?$AA?$AA@ 100039f0     LIBCMT:winapinls.obj
 0001:000029fc       ??_C@_1M@MNPLFAAH@?$AAe?$AAs?$AA?9?$AAE?$AAS?$AA?$AA@ 100039fc     LIBCMT:winapinls.obj
 0001:00002a08       ??_C@_1M@HJOOJFMA@?$AAf?$AAr?$AA?9?$AAC?$AAA?$AA?$AA@ 10003a08     LIBCMT:winapinls.obj
 0001:00002a14       ??_C@_1BG@JPOFPNAB@?$AAs?$AAr?$AA?9?$AAS?$AAP?$AA?9?$AAC?$AAy?$AAr?$AAl?$AA?$AA@ 10003a14     LIBCMT:winapinls.obj
 0001:00002a2c       ??_C@_1M@LNFOCMOB@?$AAs?$AAe?$AA?9?$AAF?$AAI?$AA?$AA@ 10003a2c     LIBCMT:winapinls.obj
 0001:00002a38       ??_C@_1O@MGJBOAMB@?$AAq?$AAu?$AAz?$AA?9?$AAP?$AAE?$AA?$AA@ 10003a38     LIBCMT:winapinls.obj
 0001:00002a48       ??_C@_1M@GJINLBOK@?$AAa?$AAr?$AA?9?$AAL?$AAY?$AA?$AA@ 10003a48     LIBCMT:winapinls.obj
 0001:00002a54       ??_C@_1M@GGMNHJNL@?$AAz?$AAh?$AA?9?$AAS?$AAG?$AA?$AA@ 10003a54     LIBCMT:winapinls.obj
 0001:00002a60       ??_C@_1M@HOIKODND@?$AAd?$AAe?$AA?9?$AAL?$AAU?$AA?$AA@ 10003a60     LIBCMT:winapinls.obj
 0001:00002a6c       ??_C@_1M@DDOCCGFG@?$AAe?$AAn?$AA?9?$AAC?$AAA?$AA?$AA@ 10003a6c     LIBCMT:winapinls.obj
 0001:00002a78       ??_C@_1M@BNOEMJLF@?$AAe?$AAs?$AA?9?$AAG?$AAT?$AA?$AA@ 10003a78     LIBCMT:winapinls.obj
 0001:00002a84       ??_C@_1M@EOGNKEK@?$AAf?$AAr?$AA?9?$AAC?$AAH?$AA?$AA@ 10003a84     LIBCMT:winapinls.obj
 0001:00002a90       ??_C@_1M@FLIDJFHL@?$AAh?$AAr?$AA?9?$AAB?$AAA?$AA?$AA@ 10003a90     LIBCMT:winapinls.obj
 0001:00002a9c       ??_C@_1O@FMCELNAJ@?$AAs?$AAm?$AAj?$AA?9?$AAN?$AAO?$AA?$AA@ 10003a9c     LIBCMT:winapinls.obj
 0001:00002aac       ??_C@_1M@JHGLJMGJ@?$AAa?$AAr?$AA?9?$AAD?$AAZ?$AA?$AA@ 10003aac     LIBCMT:winapinls.obj
 0001:00002ab8       ??_C@_1M@JKKFDCNP@?$AAz?$AAh?$AA?9?$AAM?$AAO?$AA?$AA@ 10003ab8     LIBCMT:winapinls.obj
 0001:00002ac4       ??_C@_1M@GEEFALPE@?$AAd?$AAe?$AA?9?$AAL?$AAI?$AA?$AA@ 10003ac4     LIBCMT:winapinls.obj
 0001:00002ad0       ??_C@_1M@IGEOFBG@?$AAe?$AAn?$AA?9?$AAN?$AAZ?$AA?$AA@ 10003ad0     LIBCMT:winapinls.obj
 0001:00002adc       ??_C@_1M@KDBONEHP@?$AAe?$AAs?$AA?9?$AAC?$AAR?$AA?$AA@ 10003adc     LIBCMT:winapinls.obj
 0001:00002ae8       ??_C@_1M@FHMDOHNN@?$AAf?$AAr?$AA?9?$AAL?$AAU?$AA?$AA@ 10003ae8     LIBCMT:winapinls.obj
 0001:00002af4       ??_C@_1BG@NFKKMAFG@?$AAb?$AAs?$AA?9?$AAB?$AAA?$AA?9?$AAL?$AAa?$AAt?$AAn?$AA?$AA@ 10003af4     LIBCMT:winapinls.obj
 0001:00002b0c       ??_C@_1O@IMNBEMCI@?$AAs?$AAm?$AAj?$AA?9?$AAS?$AAE?$AA?$AA@ 10003b0c     LIBCMT:winapinls.obj
 0001:00002b1c       ??_C@_1M@DHHMBNDP@?$AAa?$AAr?$AA?9?$AAM?$AAA?$AA?$AA@ 10003b1c     LIBCMT:winapinls.obj
 0001:00002b28       ??_C@_1M@BNBLJCGH@?$AAe?$AAn?$AA?9?$AAI?$AAE?$AA?$AA@ 10003b28     LIBCMT:winapinls.obj
 0001:00002b34       ??_C@_1M@GEPAFMDL@?$AAe?$AAs?$AA?9?$AAP?$AAA?$AA?$AA@ 10003b34     LIBCMT:winapinls.obj
 0001:00002b40       ??_C@_1M@OJONDMDL@?$AAf?$AAr?$AA?9?$AAM?$AAC?$AA?$AA@ 10003b40     LIBCMT:winapinls.obj
 0001:00002b4c       ??_C@_1BG@OBCNFJB@?$AAs?$AAr?$AA?9?$AAB?$AAA?$AA?9?$AAL?$AAa?$AAt?$AAn?$AA?$AA@ 10003b4c     LIBCMT:winapinls.obj
 0001:00002b64       ??_C@_1O@KEMEEGPO@?$AAs?$AAm?$AAa?$AA?9?$AAN?$AAO?$AA?$AA@ 10003b64     LIBCMT:winapinls.obj
 0001:00002b74       ??_C@_1M@ELMGFODK@?$AAa?$AAr?$AA?9?$AAT?$AAN?$AA?$AA@ 10003b74     LIBCMT:winapinls.obj
 0001:00002b80       ??_C@_1M@BHDLHFAF@?$AAe?$AAn?$AA?9?$AAZ?$AAA?$AA?$AA@ 10003b80     LIBCMT:winapinls.obj
 0001:00002b8c       ??_C@_1M@BMGIGLIF@?$AAe?$AAs?$AA?9?$AAD?$AAO?$AA?$AA@ 10003b8c     LIBCMT:winapinls.obj
 0001:00002b98       ??_C@_1BG@CMBHIPBE@?$AAs?$AAr?$AA?9?$AAB?$AAA?$AA?9?$AAC?$AAy?$AAr?$AAl?$AA?$AA@ 10003b98     LIBCMT:winapinls.obj
 0001:00002bb0       ??_C@_1O@HEDBLHNP@?$AAs?$AAm?$AAa?$AA?9?$AAS?$AAE?$AA?$AA@ 10003bb0     LIBCMT:winapinls.obj
 0001:00002bc0       ??_C@_1M@DAGCADIM@?$AAa?$AAr?$AA?9?$AAO?$AAM?$AA?$AA@ 10003bc0     LIBCMT:winapinls.obj
 0001:00002bcc       ??_C@_1M@FODLMICG@?$AAe?$AAn?$AA?9?$AAJ?$AAM?$AA?$AA@ 10003bcc     LIBCMT:winapinls.obj
 0001:00002bd8       ??_C@_1M@DNMLCIHB@?$AAe?$AAs?$AA?9?$AAV?$AAE?$AA?$AA@ 10003bd8     LIBCMT:winapinls.obj
 0001:00002be4       ??_C@_1O@EOKHMKJK@?$AAs?$AAm?$AAs?$AA?9?$AAF?$AAI?$AA?$AA@ 10003be4     LIBCMT:winapinls.obj
 0001:00002bf4       ??_C@_1M@CAFJMKOF@?$AAa?$AAr?$AA?9?$AAY?$AAE?$AA?$AA@ 10003bf4     LIBCMT:winapinls.obj
 0001:00002c00       ??_C@_1M@CBFHIJLI@?$AAe?$AAn?$AA?9?$AAC?$AAB?$AA?$AA@ 10003c00     LIBCMT:winapinls.obj
 0001:00002c0c       ??_C@_1M@BGNFLDN@?$AAe?$AAs?$AA?9?$AAC?$AAO?$AA?$AA@ 10003c0c     LIBCMT:winapinls.obj
 0001:00002c18       ??_C@_1O@JMPHMAMC@?$AAs?$AAm?$AAn?$AA?9?$AAF?$AAI?$AA?$AA@ 10003c18     LIBCMT:winapinls.obj
 0001:00002c28       ??_C@_1M@JLANABKE@?$AAa?$AAr?$AA?9?$AAS?$AAY?$AA?$AA@ 10003c28     LIBCMT:winapinls.obj
 0001:00002c34       ??_C@_1M@HPKGCFGN@?$AAe?$AAn?$AA?9?$AAB?$AAZ?$AA?$AA@ 10003c34     LIBCMT:winapinls.obj
 0001:00002c40       ??_C@_1M@OLJCMLGM@?$AAe?$AAs?$AA?9?$AAP?$AAE?$AA?$AA@ 10003c40     LIBCMT:winapinls.obj
 0001:00002c4c       ??_C@_1M@MKKGFKLE@?$AAa?$AAr?$AA?9?$AAJ?$AAO?$AA?$AA@ 10003c4c     LIBCMT:winapinls.obj
 0001:00002c58       ??_C@_1M@EKPGLDNI@?$AAe?$AAn?$AA?9?$AAT?$AAT?$AA?$AA@ 10003c58     LIBCMT:winapinls.obj
 0001:00002c64       ??_C@_1M@OONGHFHE@?$AAe?$AAs?$AA?9?$AAA?$AAR?$AA?$AA@ 10003c64     LIBCMT:winapinls.obj
 0001:00002c70       ??_C@_1M@OOJFGBHE@?$AAa?$AAr?$AA?9?$AAL?$AAB?$AA?$AA@ 10003c70     LIBCMT:winapinls.obj
 0001:00002c7c       ??_C@_1M@GCEJHNEG@?$AAe?$AAn?$AA?9?$AAZ?$AAW?$AA?$AA@ 10003c7c     LIBCMT:winapinls.obj
 0001:00002c88       ??_C@_1M@JNOCAHJI@?$AAe?$AAs?$AA?9?$AAE?$AAC?$AA?$AA@ 10003c88     LIBCMT:winapinls.obj
 0001:00002c94       ??_C@_1M@JEFHPGGB@?$AAa?$AAr?$AA?9?$AAK?$AAW?$AA?$AA@ 10003c94     LIBCMT:winapinls.obj
 0001:00002ca0       ??_C@_1M@MLKIBJOJ@?$AAe?$AAn?$AA?9?$AAP?$AAH?$AA?$AA@ 10003ca0     LIBCMT:winapinls.obj
 0001:00002cac       ??_C@_1M@BDNIPEND@?$AAe?$AAs?$AA?9?$AAC?$AAL?$AA?$AA@ 10003cac     LIBCMT:winapinls.obj
 0001:00002cb8       ??_C@_1M@MPNMEKBD@?$AAa?$AAr?$AA?9?$AAA?$AAE?$AA?$AA@ 10003cb8     LIBCMT:winapinls.obj
 0001:00002cc4       ??_C@_1M@KBJALCPI@?$AAe?$AAs?$AA?9?$AAU?$AAY?$AA?$AA@ 10003cc4     LIBCMT:winapinls.obj
 0001:00002cd0       ??_C@_1M@LLCCOAGA@?$AAa?$AAr?$AA?9?$AAB?$AAH?$AA?$AA@ 10003cd0     LIBCMT:winapinls.obj
 0001:00002cdc       ??_C@_1M@PBFNCDEL@?$AAe?$AAs?$AA?9?$AAP?$AAY?$AA?$AA@ 10003cdc     LIBCMT:winapinls.obj
 0001:00002ce8       ??_C@_1M@EDGINPNP@?$AAa?$AAr?$AA?9?$AAQ?$AAA?$AA?$AA@ 10003ce8     LIBCMT:winapinls.obj
 0001:00002cf4       ??_C@_1M@MKDBIIJI@?$AAe?$AAs?$AA?9?$AAB?$AAO?$AA?$AA@ 10003cf4     LIBCMT:winapinls.obj
 0001:00002d00       ??_C@_1M@CPKKEBLD@?$AAe?$AAs?$AA?9?$AAS?$AAV?$AA?$AA@ 10003d00     LIBCMT:winapinls.obj
 0001:00002d0c       ??_C@_1M@NDBGMMJL@?$AAe?$AAs?$AA?9?$AAH?$AAN?$AA?$AA@ 10003d0c     LIBCMT:winapinls.obj
 0001:00002d18       ??_C@_1M@JIJIBHDP@?$AAe?$AAs?$AA?9?$AAN?$AAI?$AA?$AA@ 10003d18     LIBCMT:winapinls.obj
 0001:00002d24       ??_C@_1M@CGFMKEEK@?$AAe?$AAs?$AA?9?$AAP?$AAR?$AA?$AA@ 10003d24     LIBCMT:winapinls.obj
 0001:00002d30       ??_C@_1O@ICJHKIIK@?$AAz?$AAh?$AA?9?$AAC?$AAH?$AAT?$AA?$AA@ 10003d30     LIBCMT:winapinls.obj
 0001:00002d40       ??_C@_15CLNEJCE@?$AAs?$AAr?$AA?$AA@ 10003d40     LIBCMT:winapinls.obj
 0001:00002d48       ??_C@_1M@KAHEKEIG@?$AAa?$AAf?$AA?9?$AAz?$AAa?$AA?$AA@ 10003d48     LIBCMT:winapinls.obj
 0001:00002d54       ??_C@_1M@GIECOABL@?$AAa?$AAr?$AA?9?$AAa?$AAe?$AA?$AA@ 10003d54     LIBCMT:winapinls.obj
 0001:00002d60       ??_C@_1M@BMLMEKGI@?$AAa?$AAr?$AA?9?$AAb?$AAh?$AA?$AA@ 10003d60     LIBCMT:winapinls.obj
 0001:00002d6c       ??_C@_1M@DAPFDGGB@?$AAa?$AAr?$AA?9?$AAd?$AAz?$AA?$AA@ 10003d6c     LIBCMT:winapinls.obj
 0001:00002d78       ??_C@_1M@FJNKGKIG@?$AAa?$AAr?$AA?9?$AAe?$AAg?$AA?$AA@ 10003d78     LIBCMT:winapinls.obj
 0001:00002d84       ??_C@_1M@FLGKKCLO@?$AAa?$AAr?$AA?9?$AAi?$AAq?$AA?$AA@ 10003d84     LIBCMT:winapinls.obj
 0001:00002d90       ??_C@_1M@GNDIPALM@?$AAa?$AAr?$AA?9?$AAj?$AAo?$AA?$AA@ 10003d90     LIBCMT:winapinls.obj
 0001:00002d9c       ??_C@_1M@DDMJFMGJ@?$AAa?$AAr?$AA?9?$AAk?$AAw?$AA?$AA@ 10003d9c     LIBCMT:winapinls.obj
 0001:00002da8       ??_C@_1M@EJALMLHM@?$AAa?$AAr?$AA?9?$AAl?$AAb?$AA?$AA@ 10003da8     LIBCMT:winapinls.obj
 0001:00002db4       ??_C@_1M@MOBDBLOC@?$AAa?$AAr?$AA?9?$AAl?$AAy?$AA?$AA@ 10003db4     LIBCMT:winapinls.obj
 0001:00002dc0       ??_C@_1M@JAOCLHDH@?$AAa?$AAr?$AA?9?$AAm?$AAa?$AA?$AA@ 10003dc0     LIBCMT:winapinls.obj
 0001:00002dcc       ??_C@_1M@JHPMKJIE@?$AAa?$AAr?$AA?9?$AAo?$AAm?$AA?$AA@ 10003dcc     LIBCMT:winapinls.obj
 0001:00002dd8       ??_C@_1M@OEPGHFNH@?$AAa?$AAr?$AA?9?$AAq?$AAa?$AA?$AA@ 10003dd8     LIBCMT:winapinls.obj
 0001:00002de4       ??_C@_1M@KJDONENM@?$AAa?$AAr?$AA?9?$AAs?$AAa?$AA?$AA@ 10003de4     LIBCMT:winapinls.obj
 0001:00002df0       ??_C@_1M@DMJDKLKM@?$AAa?$AAr?$AA?9?$AAs?$AAy?$AA?$AA@ 10003df0     LIBCMT:winapinls.obj
 0001:00002dfc       ??_C@_1M@OMFIPEDC@?$AAa?$AAr?$AA?9?$AAt?$AAn?$AA?$AA@ 10003dfc     LIBCMT:winapinls.obj
 0001:00002e08       ??_C@_1M@IHMHGAON@?$AAa?$AAr?$AA?9?$AAy?$AAe?$AA?$AA@ 10003e08     LIBCMT:winapinls.obj
 0001:00002e14       ??_C@_1BG@KDCPGJGB@?$AAa?$AAz?$AA?9?$AAa?$AAz?$AA?9?$AAc?$AAy?$AAr?$AAl?$AA?$AA@ 10003e14     LIBCMT:winapinls.obj
 0001:00002e2c       ??_C@_1BG@IBCKDDOE@?$AAa?$AAz?$AA?9?$AAa?$AAz?$AA?9?$AAl?$AAa?$AAt?$AAn?$AA?$AA@ 10003e2c     LIBCMT:winapinls.obj
 0001:00002e44       ??_C@_1M@EGPFDCPD@?$AAb?$AAe?$AA?9?$AAb?$AAy?$AA?$AA@ 10003e44     LIBCMT:winapinls.obj
 0001:00002e50       ??_C@_1M@PCMGMCGC@?$AAb?$AAg?$AA?9?$AAb?$AAg?$AA?$AA@ 10003e50     LIBCMT:winapinls.obj
 0001:00002e5c       ??_C@_1M@BJBMFGOB@?$AAb?$AAn?$AA?9?$AAi?$AAn?$AA?$AA@ 10003e5c     LIBCMT:winapinls.obj
 0001:00002e68       ??_C@_1BG@EAKMMACD@?$AAb?$AAs?$AA?9?$AAb?$AAa?$AA?9?$AAl?$AAa?$AAt?$AAn?$AA?$AA@ 10003e68     LIBCMT:winapinls.obj
 0001:00002e80       ??_C@_1M@KGADAODK@?$AAc?$AAa?$AA?9?$AAe?$AAs?$AA?$AA@ 10003e80     LIBCMT:winapinls.obj
 0001:00002e8c       ??_C@_1M@COAJPDHI@?$AAc?$AAs?$AA?9?$AAc?$AAz?$AA?$AA@ 10003e8c     LIBCMT:winapinls.obj
 0001:00002e98       ??_C@_1M@DHBHFONH@?$AAc?$AAy?$AA?9?$AAg?$AAb?$AA?$AA@ 10003e98     LIBCMT:winapinls.obj
 0001:00002ea4       ??_C@_1M@IMGKELGA@?$AAd?$AAa?$AA?9?$AAd?$AAk?$AA?$AA@ 10003ea4     LIBCMT:winapinls.obj
 0001:00002eb0       ??_C@_1M@NNDGDNGA@?$AAd?$AAe?$AA?9?$AAa?$AAt?$AA?$AA@ 10003eb0     LIBCMT:winapinls.obj
 0001:00002ebc       ??_C@_1M@IKDBHEEM@?$AAd?$AAe?$AA?9?$AAc?$AAh?$AA?$AA@ 10003ebc     LIBCMT:winapinls.obj
 0001:00002ec8       ??_C@_1M@GFFOJMCJ@?$AAd?$AAe?$AA?9?$AAd?$AAe?$AA?$AA@ 10003ec8     LIBCMT:winapinls.obj
 0001:00002ed4       ??_C@_1M@MDNLKBPM@?$AAd?$AAe?$AA?9?$AAl?$AAi?$AA?$AA@ 10003ed4     LIBCMT:winapinls.obj
 0001:00002ee0       ??_C@_1M@NJBEEJNL@?$AAd?$AAe?$AA?9?$AAl?$AAu?$AA?$AA@ 10003ee0     LIBCMT:winapinls.obj
 0001:00002eec       ??_C@_1O@GNNELBAP@?$AAd?$AAi?$AAv?$AA?9?$AAm?$AAv?$AA?$AA@ 10003eec     LIBCMT:winapinls.obj
 0001:00002efc       ??_C@_1M@EJLEOGAE@?$AAe?$AAl?$AA?9?$AAg?$AAr?$AA?$AA@ 10003efc     LIBCMT:winapinls.obj
 0001:00002f08       ??_C@_1M@GMPONJN@?$AAe?$AAn?$AA?9?$AAa?$AAu?$AA?$AA@ 10003f08     LIBCMT:winapinls.obj
 0001:00002f14       ??_C@_1M@NIDIIPGF@?$AAe?$AAn?$AA?9?$AAb?$AAz?$AA?$AA@ 10003f14     LIBCMT:winapinls.obj
 0001:00002f20       ??_C@_1M@JEHMIMFO@?$AAe?$AAn?$AA?9?$AAc?$AAa?$AA?$AA@ 10003f20     LIBCMT:winapinls.obj
 0001:00002f2c       ??_C@_1M@IGMJCDLA@?$AAe?$AAn?$AA?9?$AAc?$AAb?$AA?$AA@ 10003f2c     LIBCMT:winapinls.obj
 0001:00002f38       ??_C@_1M@BNFIGBKG@?$AAe?$AAn?$AA?9?$AAg?$AAb?$AA?$AA@ 10003f38     LIBCMT:winapinls.obj
 0001:00002f44       ??_C@_1M@LKIFDIGP@?$AAe?$AAn?$AA?9?$AAi?$AAe?$AA?$AA@ 10003f44     LIBCMT:winapinls.obj
 0001:00002f50       ??_C@_1M@PJKFGCCO@?$AAe?$AAn?$AA?9?$AAj?$AAm?$AA?$AA@ 10003f50     LIBCMT:winapinls.obj
 0001:00002f5c       ??_C@_1M@KPPKEPBO@?$AAe?$AAn?$AA?9?$AAn?$AAz?$AA?$AA@ 10003f5c     LIBCMT:winapinls.obj
 0001:00002f68       ??_C@_1M@GMDGLDOB@?$AAe?$AAn?$AA?9?$AAp?$AAh?$AA?$AA@ 10003f68     LIBCMT:winapinls.obj
 0001:00002f74       ??_C@_1M@ONGIBJNA@?$AAe?$AAn?$AA?9?$AAt?$AAt?$AA?$AA@ 10003f74     LIBCMT:winapinls.obj
 0001:00002f80       ??_C@_1M@LLODPCMM@?$AAe?$AAn?$AA?9?$AAu?$AAs?$AA?$AA@ 10003f80     LIBCMT:winapinls.obj
 0001:00002f8c       ??_C@_1M@LAKFNPAN@?$AAe?$AAn?$AA?9?$AAz?$AAa?$AA?$AA@ 10003f8c     LIBCMT:winapinls.obj
 0001:00002f98       ??_C@_1M@MFNHNHEO@?$AAe?$AAn?$AA?9?$AAz?$AAw?$AA?$AA@ 10003f98     LIBCMT:winapinls.obj
 0001:00002fa4       ??_C@_1M@EJEINPHM@?$AAe?$AAs?$AA?9?$AAa?$AAr?$AA?$AA@ 10003fa4     LIBCMT:winapinls.obj
 0001:00002fb0       ??_C@_1M@GNKPCCJA@?$AAe?$AAs?$AA?9?$AAb?$AAo?$AA?$AA@ 10003fb0     LIBCMT:winapinls.obj
 0001:00002fbc       ??_C@_1M@LEEGFONL@?$AAe?$AAs?$AA?9?$AAc?$AAl?$AA?$AA@ 10003fbc     LIBCMT:winapinls.obj
 0001:00002fc8       ??_C@_1M@KGPDPBDF@?$AAe?$AAs?$AA?9?$AAc?$AAo?$AA?$AA@ 10003fc8     LIBCMT:winapinls.obj
 0001:00002fd4       ??_C@_1M@EIAHOHH@?$AAe?$AAs?$AA?9?$AAc?$AAr?$AA?$AA@ 10003fd4     LIBCMT:winapinls.obj
 0001:00002fe0       ??_C@_1M@LLPGMBIN@?$AAe?$AAs?$AA?9?$AAd?$AAo?$AA?$AA@ 10003fe0     LIBCMT:winapinls.obj
 0001:00002fec       ??_C@_1M@DKHMKNJA@?$AAe?$AAs?$AA?9?$AAe?$AAc?$AA?$AA@ 10003fec     LIBCMT:winapinls.obj
 0001:00002ff8       ??_C@_1M@GKGFPKAP@?$AAe?$AAs?$AA?9?$AAe?$AAs?$AA?$AA@ 10003ff8     LIBCMT:winapinls.obj
 0001:00003004       ??_C@_1M@LKHKGDLN@?$AAe?$AAs?$AA?9?$AAg?$AAt?$AA?$AA@ 10004004     LIBCMT:winapinls.obj
 0001:00003010       ??_C@_1M@HEIIGGJD@?$AAe?$AAs?$AA?9?$AAh?$AAn?$AA?$AA@ 10004010     LIBCMT:winapinls.obj
 0001:0000301c       ??_C@_1M@FBDHPPGD@?$AAe?$AAs?$AA?9?$AAm?$AAx?$AA?$AA@ 1000401c     LIBCMT:winapinls.obj
 0001:00003028       ??_C@_1M@DPAGLNDH@?$AAe?$AAs?$AA?9?$AAn?$AAi?$AA?$AA@ 10004028     LIBCMT:winapinls.obj
 0001:00003034       ??_C@_1M@MDGOPGDD@?$AAe?$AAs?$AA?9?$AAp?$AAa?$AA?$AA@ 10004034     LIBCMT:winapinls.obj
 0001:00003040       ??_C@_1M@EMAMGBGE@?$AAe?$AAs?$AA?9?$AAp?$AAe?$AA?$AA@ 10004040     LIBCMT:winapinls.obj
 0001:0000304c       ??_C@_1M@IBMCAOEC@?$AAe?$AAs?$AA?9?$AAp?$AAr?$AA?$AA@ 1000404c     LIBCMT:winapinls.obj
 0001:00003058       ??_C@_1M@FGMDIJED@?$AAe?$AAs?$AA?9?$AAp?$AAy?$AA?$AA@ 10004058     LIBCMT:winapinls.obj
 0001:00003064       ??_C@_1M@IIDEOLLL@?$AAe?$AAs?$AA?9?$AAs?$AAv?$AA?$AA@ 10004064     LIBCMT:winapinls.obj
 0001:00003070       ??_C@_1M@GAOBIPA@?$AAe?$AAs?$AA?9?$AAu?$AAy?$AA?$AA@ 10004070     LIBCMT:winapinls.obj
 0001:0000307c       ??_C@_1M@JKFFICHJ@?$AAe?$AAs?$AA?9?$AAv?$AAe?$AA?$AA@ 1000407c     LIBCMT:winapinls.obj
 0001:00003088       ??_C@_1M@PNMLOJDF@?$AAe?$AAt?$AA?9?$AAe?$AAe?$AA?$AA@ 10004088     LIBCMT:winapinls.obj
 0001:00003094       ??_C@_1M@GHHLIKEI@?$AAe?$AAu?$AA?9?$AAe?$AAs?$AA?$AA@ 10004094     LIBCMT:winapinls.obj
 0001:000030a0       ??_C@_1M@PBNONODE@?$AAf?$AAa?$AA?9?$AAi?$AAr?$AA?$AA@ 100040a0     LIBCMT:winapinls.obj
 0001:000030ac       ??_C@_1M@JEEHPMIL@?$AAf?$AAi?$AA?9?$AAf?$AAi?$AA?$AA@ 100040ac     LIBCMT:winapinls.obj
 0001:000030b8       ??_C@_1M@LMDCNDBA@?$AAf?$AAo?$AA?9?$AAf?$AAo?$AA?$AA@ 100040b8     LIBCMT:winapinls.obj
 0001:000030c4       ??_C@_1M@JKEOHLDK@?$AAf?$AAr?$AA?9?$AAb?$AAe?$AA?$AA@ 100040c4     LIBCMT:winapinls.obj
 0001:000030d0       ??_C@_1M@NOHADPMI@?$AAf?$AAr?$AA?9?$AAc?$AAa?$AA?$AA@ 100040d0     LIBCMT:winapinls.obj
 0001:000030dc       ??_C@_1M@KDHIHAEC@?$AAf?$AAr?$AA?9?$AAc?$AAh?$AA?$AA@ 100040dc     LIBCMT:winapinls.obj
 0001:000030e8       ??_C@_1M@MMBBFGAK@?$AAf?$AAr?$AA?9?$AAf?$AAr?$AA?$AA@ 100040e8     LIBCMT:winapinls.obj
 0001:000030f4       ??_C@_1M@PAFNENNF@?$AAf?$AAr?$AA?9?$AAl?$AAu?$AA?$AA@ 100040f4     LIBCMT:winapinls.obj
 0001:00003100       ??_C@_1M@EOHDJGDD@?$AAf?$AAr?$AA?9?$AAm?$AAc?$AA?$AA@ 10004100     LIBCMT:winapinls.obj
 0001:0000310c       ??_C@_1M@FAPLLOPF@?$AAg?$AAl?$AA?9?$AAe?$AAs?$AA?$AA@ 1000410c     LIBCMT:winapinls.obj
 0001:00003118       ??_C@_1M@FOPBFLOO@?$AAg?$AAu?$AA?9?$AAi?$AAn?$AA?$AA@ 10004118     LIBCMT:winapinls.obj
 0001:00003124       ??_C@_1M@KBMCINPM@?$AAh?$AAe?$AA?9?$AAi?$AAl?$AA?$AA@ 10004124     LIBCMT:winapinls.obj
 0001:00003130       ??_C@_1M@BBPHKFPJ@?$AAh?$AAi?$AA?9?$AAi?$AAn?$AA?$AA@ 10004130     LIBCMT:winapinls.obj
 0001:0000313c       ??_C@_1M@PMBNDPHD@?$AAh?$AAr?$AA?9?$AAb?$AAa?$AA?$AA@ 1000413c     LIBCMT:winapinls.obj
 0001:00003148       ??_C@_1M@BPCKOEGE@?$AAh?$AAr?$AA?9?$AAh?$AAr?$AA?$AA@ 10004148     LIBCMT:winapinls.obj
 0001:00003154       ??_C@_1M@GACBMHKE@?$AAh?$AAu?$AA?9?$AAh?$AAu?$AA?$AA@ 10004154     LIBCMT:winapinls.obj
 0001:00003160       ??_C@_1M@MILPAJJC@?$AAh?$AAy?$AA?9?$AAa?$AAm?$AA?$AA@ 10004160     LIBCMT:winapinls.obj
 0001:0000316c       ??_C@_1M@BABBICEC@?$AAi?$AAd?$AA?9?$AAi?$AAd?$AA?$AA@ 1000416c     LIBCMT:winapinls.obj
 0001:00003178       ??_C@_1M@BIKNHHPF@?$AAi?$AAs?$AA?9?$AAi?$AAs?$AA?$AA@ 10004178     LIBCMT:winapinls.obj
 0001:00003184       ??_C@_1M@NMPCJPHE@?$AAi?$AAt?$AA?9?$AAc?$AAh?$AA?$AA@ 10004184     LIBCMT:winapinls.obj
 0001:00003190       ??_C@_1M@GHKGFEDF@?$AAi?$AAt?$AA?9?$AAi?$AAt?$AA?$AA@ 10004190     LIBCMT:winapinls.obj
 0001:0000319c       ??_C@_1M@NIEJCJJA@?$AAj?$AAa?$AA?9?$AAj?$AAp?$AA?$AA@ 1000419c     LIBCMT:winapinls.obj
 0001:000031a8       ??_C@_1M@JILFNBIM@?$AAk?$AAa?$AA?9?$AAg?$AAe?$AA?$AA@ 100041a8     LIBCMT:winapinls.obj
 0001:000031b4       ??_C@_1M@PACPMGPH@?$AAk?$AAk?$AA?9?$AAk?$AAz?$AA?$AA@ 100041b4     LIBCMT:winapinls.obj
 0001:000031c0       ??_C@_1M@IELFGMHA@?$AAk?$AAn?$AA?9?$AAi?$AAn?$AA?$AA@ 100041c0     LIBCMT:winapinls.obj
 0001:000031cc       ??_C@_1O@IBBJHCH@?$AAk?$AAo?$AAk?$AA?9?$AAi?$AAn?$AA?$AA@ 100041cc     LIBCMT:winapinls.obj
 0001:000031dc       ??_C@_1M@DMHAEOGC@?$AAk?$AAo?$AA?9?$AAk?$AAr?$AA?$AA@ 100041dc     LIBCMT:winapinls.obj
 0001:000031e8       ??_C@_1M@HBAHBIGA@?$AAk?$AAy?$AA?9?$AAk?$AAg?$AA?$AA@ 100041e8     LIBCMT:winapinls.obj
 0001:000031f4       ??_C@_1M@KPMILCJG@?$AAl?$AAt?$AA?9?$AAl?$AAt?$AA?$AA@ 100041f4     LIBCMT:winapinls.obj
 0001:00003200       ??_C@_1M@BDEKKCA@?$AAl?$AAv?$AA?9?$AAl?$AAv?$AA?$AA@ 10004200     LIBCMT:winapinls.obj
 0001:0000320c       ??_C@_1M@ELCKCCJJ@?$AAm?$AAi?$AA?9?$AAn?$AAz?$AA?$AA@ 1000420c     LIBCMT:winapinls.obj
 0001:00003218       ??_C@_1M@CBOOLAPA@?$AAm?$AAk?$AA?9?$AAm?$AAk?$AA?$AA@ 10004218     LIBCMT:winapinls.obj
 0001:00003224       ??_C@_1M@GPHNBJKN@?$AAm?$AAl?$AA?9?$AAi?$AAn?$AA?$AA@ 10004224     LIBCMT:winapinls.obj
 0001:00003230       ??_C@_1M@PABJILIG@?$AAm?$AAn?$AA?9?$AAm?$AAn?$AA?$AA@ 10004230     LIBCMT:winapinls.obj
 0001:0000323c       ??_C@_1M@FGBKKIPG@?$AAm?$AAr?$AA?9?$AAi?$AAn?$AA?$AA@ 1000423c     LIBCMT:winapinls.obj
 0001:00003248       ??_C@_1M@NDBPDDAL@?$AAm?$AAs?$AA?9?$AAb?$AAn?$AA?$AA@ 10004248     LIBCMT:winapinls.obj
 0001:00003254       ??_C@_1M@OPIHOOPI@?$AAm?$AAs?$AA?9?$AAm?$AAy?$AA?$AA@ 10004254     LIBCMT:winapinls.obj
 0001:00003260       ??_C@_1M@PPDBCNFM@?$AAm?$AAt?$AA?9?$AAm?$AAt?$AA?$AA@ 10004260     LIBCMT:winapinls.obj
 0001:0000326c       ??_C@_1M@KDJDKMDD@?$AAn?$AAb?$AA?9?$AAn?$AAo?$AA?$AA@ 1000426c     LIBCMT:winapinls.obj
 0001:00003278       ??_C@_1M@KFCFLMJP@?$AAn?$AAl?$AA?9?$AAb?$AAe?$AA?$AA@ 10004278     LIBCMT:winapinls.obj
 0001:00003284       ??_C@_1M@KPOPDDGO@?$AAn?$AAl?$AA?9?$AAn?$AAl?$AA?$AA@ 10004284     LIBCMT:winapinls.obj
 0001:00003290       ??_C@_1M@LJKPEMLN@?$AAn?$AAn?$AA?9?$AAn?$AAo?$AA?$AA@ 10004290     LIBCMT:winapinls.obj
 0001:0000329c       ??_C@_1M@BDGHHBFL@?$AAn?$AAs?$AA?9?$AAz?$AAa?$AA?$AA@ 1000429c     LIBCMT:winapinls.obj
 0001:000032a8       ??_C@_1M@IDEHOAP@?$AAp?$AAa?$AA?9?$AAi?$AAn?$AA?$AA@ 100042a8     LIBCMT:winapinls.obj
 0001:000032b4       ??_C@_1M@HDBKGOGH@?$AAp?$AAl?$AA?9?$AAp?$AAl?$AA?$AA@ 100042b4     LIBCMT:winapinls.obj
 0001:000032c0       ??_C@_1M@LJLLCMEH@?$AAp?$AAt?$AA?9?$AAb?$AAr?$AA?$AA@ 100042c0     LIBCMT:winapinls.obj
 0001:000032cc       ??_C@_1M@NCMONAAL@?$AAp?$AAt?$AA?9?$AAp?$AAt?$AA?$AA@ 100042cc     LIBCMT:winapinls.obj
 0001:000032d8       ??_C@_1O@EAKMAJDN@?$AAq?$AAu?$AAz?$AA?9?$AAb?$AAo?$AA?$AA@ 100042d8     LIBCMT:winapinls.obj
 0001:000032e8       ??_C@_1O@BHHPIGDN@?$AAq?$AAu?$AAz?$AA?9?$AAe?$AAc?$AA?$AA@ 100042e8     LIBCMT:winapinls.obj
 0001:000032f8       ??_C@_1O@GBAPEKMJ@?$AAq?$AAu?$AAz?$AA?9?$AAp?$AAe?$AA?$AA@ 100042f8     LIBCMT:winapinls.obj
 0001:00003308       ??_C@_1M@CLGLEFBO@?$AAr?$AAo?$AA?9?$AAr?$AAo?$AA?$AA@ 10004308     LIBCMT:winapinls.obj
 0001:00003314       ??_C@_1M@CEEDODME@?$AAr?$AAu?$AA?9?$AAr?$AAu?$AA?$AA@ 10004314     LIBCMT:winapinls.obj
 0001:00003320       ??_C@_1M@HPKKKMPP@?$AAs?$AAa?$AA?9?$AAi?$AAn?$AA?$AA@ 10004320     LIBCMT:winapinls.obj
 0001:0000332c       ??_C@_1M@BKMAIGOJ@?$AAs?$AAe?$AA?9?$AAf?$AAi?$AA?$AA@ 1000432c     LIBCMT:winapinls.obj
 0001:00003338       ??_C@_1M@NDPIFLFI@?$AAs?$AAe?$AA?9?$AAn?$AAo?$AA?$AA@ 10004338     LIBCMT:winapinls.obj
 0001:00003344       ??_C@_1M@DANKKHJ@?$AAs?$AAe?$AA?9?$AAs?$AAe?$AA?$AA@ 10004344     LIBCMT:winapinls.obj
 0001:00003350       ??_C@_1M@PNBLONPJ@?$AAs?$AAk?$AA?9?$AAs?$AAk?$AA?$AA@ 10004350     LIBCMT:winapinls.obj
 0001:0000335c       ??_C@_1M@LFMODOAL@?$AAs?$AAl?$AA?9?$AAs?$AAi?$AA?$AA@ 1000435c     LIBCMT:winapinls.obj
 0001:00003368       ??_C@_1O@DFKOMPG@?$AAs?$AAm?$AAa?$AA?9?$AAn?$AAo?$AA?$AA@ 10004368     LIBCMT:winapinls.obj
 0001:00003378       ??_C@_1O@NDKPBNNH@?$AAs?$AAm?$AAa?$AA?9?$AAs?$AAe?$AA?$AA@ 10004378     LIBCMT:winapinls.obj
 0001:00003388       ??_C@_1O@PLLKBHAB@?$AAs?$AAm?$AAj?$AA?9?$AAn?$AAo?$AA?$AA@ 10004388     LIBCMT:winapinls.obj
 0001:00003398       ??_C@_1O@CLEPOGCA@?$AAs?$AAm?$AAj?$AA?9?$AAs?$AAe?$AA?$AA@ 10004398     LIBCMT:winapinls.obj
 0001:000033a8       ??_C@_1O@DLGJGKMK@?$AAs?$AAm?$AAn?$AA?9?$AAf?$AAi?$AA?$AA@ 100043a8     LIBCMT:winapinls.obj
 0001:000033b8       ??_C@_1O@OJDJGAJC@?$AAs?$AAm?$AAs?$AA?9?$AAf?$AAi?$AA?$AA@ 100043b8     LIBCMT:winapinls.obj
 0001:000033c8       ??_C@_1M@BOFOGHPB@?$AAs?$AAq?$AA?9?$AAa?$AAl?$AA?$AA@ 100043c8     LIBCMT:winapinls.obj
 0001:000033d4       ??_C@_1BG@LJBBIPGB@?$AAs?$AAr?$AA?9?$AAb?$AAa?$AA?9?$AAc?$AAy?$AAr?$AAl?$AA?$AA@ 100043d4     LIBCMT:winapinls.obj
 0001:000033ec       ??_C@_1BG@JLBENFOE@?$AAs?$AAr?$AA?9?$AAb?$AAa?$AA?9?$AAl?$AAa?$AAt?$AAn?$AA?$AA@ 100043ec     LIBCMT:winapinls.obj
 0001:00003404       ??_C@_1BG@KODPNHE@?$AAs?$AAr?$AA?9?$AAs?$AAp?$AA?9?$AAc?$AAy?$AAr?$AAl?$AA?$AA@ 10004404     LIBCMT:winapinls.obj
 0001:0000341c       ??_C@_1BG@CIOGKHPB@?$AAs?$AAr?$AA?9?$AAs?$AAp?$AA?9?$AAl?$AAa?$AAt?$AAn?$AA?$AA@ 1000441c     LIBCMT:winapinls.obj
 0001:00003434       ??_C@_1M@NGFJLMAC@?$AAs?$AAv?$AA?9?$AAf?$AAi?$AA?$AA@ 10004434     LIBCMT:winapinls.obj
 0001:00003440       ??_C@_1M@MPJEJAJC@?$AAs?$AAv?$AA?9?$AAs?$AAe?$AA?$AA@ 10004440     LIBCMT:winapinls.obj
 0001:0000344c       ??_C@_1M@MPNDHLFK@?$AAs?$AAw?$AA?9?$AAk?$AAe?$AA?$AA@ 1000444c     LIBCMT:winapinls.obj
 0001:00003458       ??_C@_1O@KOHBJJI@?$AAs?$AAy?$AAr?$AA?9?$AAs?$AAy?$AA?$AA@ 10004458     LIBCMT:winapinls.obj
 0001:00003468       ??_C@_1M@LDCEFHA@?$AAt?$AAa?$AA?9?$AAi?$AAn?$AA?$AA@ 10004468     LIBCMT:winapinls.obj
 0001:00003474       ??_C@_1M@CNJOFAK@?$AAt?$AAe?$AA?9?$AAi?$AAn?$AA?$AA@ 10004474     LIBCMT:winapinls.obj
 0001:00003480       ??_C@_1M@GNAECACD@?$AAt?$AAh?$AA?9?$AAt?$AAh?$AA?$AA@ 10004480     LIBCMT:winapinls.obj
 0001:0000348c       ??_C@_1M@CHBIHOJO@?$AAt?$AAn?$AA?9?$AAz?$AAa?$AA?$AA@ 1000448c     LIBCMT:winapinls.obj
 0001:00003498       ??_C@_1M@GCCMIGPJ@?$AAt?$AAr?$AA?9?$AAt?$AAr?$AA?$AA@ 10004498     LIBCMT:winapinls.obj
 0001:000034a4       ??_C@_1M@CELMCNBK@?$AAt?$AAt?$AA?9?$AAr?$AAu?$AA?$AA@ 100044a4     LIBCMT:winapinls.obj
 0001:000034b0       ??_C@_1M@KLMCELGA@?$AAu?$AAk?$AA?9?$AAu?$AAa?$AA?$AA@ 100044b0     LIBCMT:winapinls.obj
 0001:000034bc       ??_C@_1M@EPAJJAJF@?$AAu?$AAr?$AA?9?$AAp?$AAk?$AA?$AA@ 100044bc     LIBCMT:winapinls.obj
 0001:000034c8       ??_C@_1BG@GEGPMCDJ@?$AAu?$AAz?$AA?9?$AAu?$AAz?$AA?9?$AAc?$AAy?$AAr?$AAl?$AA?$AA@ 100044c8     LIBCMT:winapinls.obj
 0001:000034e0       ??_C@_1BG@EGGKJILM@?$AAu?$AAz?$AA?9?$AAu?$AAz?$AA?9?$AAl?$AAa?$AAt?$AAn?$AA?$AA@ 100044e0     LIBCMT:winapinls.obj
 0001:000034f8       ??_C@_1M@GFOCLFF@?$AAv?$AAi?$AA?9?$AAv?$AAn?$AA?$AA@ 100044f8     LIBCMT:winapinls.obj
 0001:00003504       ??_C@_1M@CPAMEDFI@?$AAx?$AAh?$AA?9?$AAz?$AAa?$AA?$AA@ 10004504     LIBCMT:winapinls.obj
 0001:00003510       ??_C@_1O@EBKIFIGN@?$AAz?$AAh?$AA?9?$AAc?$AAh?$AAs?$AA?$AA@ 10004510     LIBCMT:winapinls.obj
 0001:00003520       ??_C@_1O@NMHPGANE@?$AAz?$AAh?$AA?9?$AAc?$AAh?$AAt?$AA?$AA@ 10004520     LIBCMT:winapinls.obj
 0001:00003530       ??_C@_1M@LPINJOMC@?$AAz?$AAh?$AA?9?$AAc?$AAn?$AA?$AA@ 10004530     LIBCMT:winapinls.obj
 0001:0000353c       ??_C@_1M@OCJEJODD@?$AAz?$AAh?$AA?9?$AAh?$AAk?$AA?$AA@ 1000453c     LIBCMT:winapinls.obj
 0001:00003548       ??_C@_1M@DNDLJINH@?$AAz?$AAh?$AA?9?$AAm?$AAo?$AA?$AA@ 10004548     LIBCMT:winapinls.obj
 0001:00003554       ??_C@_1M@MBFDNDND@?$AAz?$AAh?$AA?9?$AAs?$AAg?$AA?$AA@ 10004554     LIBCMT:winapinls.obj
 0001:00003560       ??_C@_1M@IMEPLEPE@?$AAz?$AAh?$AA?9?$AAt?$AAw?$AA?$AA@ 10004560     LIBCMT:winapinls.obj
 0001:0000356c       ??_C@_1M@BBGHNHJP@?$AAz?$AAu?$AA?9?$AAz?$AAa?$AA?$AA@ 1000456c     LIBCMT:winapinls.obj
 0001:00003580       ___newctype                10004580     LIBCMT:ctype.obj
 0001:00003880       __wctype                   10004880     LIBCMT:ctype.obj
 0001:00003a88       ___newclmap                10004a88     LIBCMT:ctype.obj
 0001:00003c08       ___newcumap                10004c08     LIBCMT:ctype.obj
 0001:00003e08       ___rg_language_count       10004e08     LIBCMT:getqloc.obj
 0001:00003e0c       ___rg_country_count        10004e0c     LIBCMT:getqloc.obj
 0001:00003e10       ??_C@_1BA@BALFACEM@?$AAC?$AAO?$AAN?$AAO?$AAU?$AAT?$AA$?$AA?$AA@ 10004e10     LIBCMT:initcon.obj
 0001:00003e20       __load_config_used         10004e20     LIBCMT:loadcfg.obj
 0001:00003ef0       ___safe_se_handler_table   10004ef0     <linker-defined>
 0001:00003efc       ___rtc_iaa                 10004efc     LIBCMT:initsect.obj
 0001:00003f00       ___rtc_izz                 10004f00     LIBCMT:initsect.obj
 0001:00003f04       ___rtc_taa                 10004f04     LIBCMT:initsect.obj
 0001:00003f08       ___rtc_tzz                 10004f08     LIBCMT:initsect.obj
 0001:00003f10       __alloca_probe             10004f10     chkstk.obj
 0001:00003f10       __chkstk                   10004f10 f   chkstk.obj
 0001:00003f40       ?ChangeCase@@YAHPA_WHHH@Z  10004f40 f   EditCase.obj
 0001:00004040       ?FindBounds@@YA_NPA_WHHAAH1@Z 10005040 f   EditCase.obj
 0001:00004260       ?FindEnd@@YAHPA_WHH@Z      10005260 f   EditCase.obj
 0001:000042b0       ?FindStart@@YAHPA_WHH@Z    100052b0 f   EditCase.obj
 0001:00004310       ?GetNextCCType@@YAHPA_WHHH@Z 10005310 f   EditCase.obj
 0001:000044a0       _ExitFARW@4                100054a0 f   EditCase.obj
 0001:000044b0       _GetGlobalInfoW@4          100054b0 f   EditCase.obj
 0001:00004570       _GetPluginInfoW@4          10005570 f   EditCase.obj
 0001:000045c0       _OpenW@4                   100055c0 f   EditCase.obj
 0001:000049e0       _SetStartupInfoW@4         100059e0 f   EditCase.obj
 0001:00004cf0       _DecodePointerWrapper@4    10005cf0 f   vc_crt_fix_impl.obj
 0001:00004d00       _EncodePointerWrapper@4    10005d00 f   vc_crt_fix_impl.obj
 0001:00004d10       _GetModuleHandleExWWrapper@12 10005d10 f   vc_crt_fix_impl.obj
 0001:00004d71       _free                      10005d71 f   LIBCMT:free.obj
 0001:00004da9       _malloc                    10005da9 f   LIBCMT:malloc.obj
 0001:00004e40       _memcpy                    10005e40 f   LIBCMT:memcpy.obj
 0001:00005490       _memset                    10006490 f   LIBCMT:memset.obj
 0001:00005520       __CRT_INIT@12              10006520 f   LIBCMT:dllcrt0.obj
 0001:00005692       __DllMainCRTStartup@12     10006692 f   LIBCMT:dllcrt0.obj
 0001:000057c3       ___DllXcptFilter           100067c3 f   LIBCMT:dllcrt0.obj
 0001:000057e8       ___doserrno                100067e8 f   LIBCMT:dosmap.obj
 0001:000057fb       __dosmaperr                100067fb f   LIBCMT:dosmap.obj
 0001:0000581c       __errno                    1000681c f   LIBCMT:dosmap.obj
 0001:0000582f       __get_errno_from_oserr     1000682f f   LIBCMT:dosmap.obj
 0001:00005870       __heap_init                10006870 f   LIBCMT:heapinit.obj
 0001:00005885       __heap_term                10006885 f   LIBCMT:heapinit.obj
 0001:0000588d       __callnewh                 1000688d f   LIBCMT:handler.obj
 0001:000058b3       __initp_heap_handler       100068b3 f   LIBCMT:handler.obj
 0001:000058c0       ___crtCorExitProcess       100068c0 f   LIBCMT:crt0dat.obj
 0001:000058f2       ___crtExitProcess          100068f2 f   LIBCMT:crt0dat.obj
 0001:00005908       ___freeCrtMemory           10006908 f   LIBCMT:crt0dat.obj
 0001:00005a18       __amsg_exit                10006a18 f   LIBCMT:crt0dat.obj
 0001:00005a34       __cexit                    10006a34 f   LIBCMT:crt0dat.obj
 0001:00005a43       __cinit                    10006a43 f   LIBCMT:crt0dat.obj
 0001:00005ad4       __exit                     10006ad4 f   LIBCMT:crt0dat.obj
 0001:00005ae8       __init_pointers            10006ae8 f   LIBCMT:crt0dat.obj
 0001:00005b3c       __initterm_e               10006b3c f   LIBCMT:crt0dat.obj
 0001:00005b5e       __lockexit                 10006b5e f   LIBCMT:crt0dat.obj
 0001:00005b67       __unlockexit               10006b67 f   LIBCMT:crt0dat.obj
 0001:00005c9f       __FF_MSGBANNER             10006c9f f   LIBCMT:crt0msg.obj
 0001:00005cd8       __GET_RTERRMSG             10006cd8 f   LIBCMT:crt0msg.obj
 0001:00005cfc       __NMSG_WRITE               10006cfc f   LIBCMT:crt0msg.obj
 0001:00005eb7       ___isa_available_init      10006eb7 f   LIBCMT:cpu_disp.obj
 0001:00005ff0       __VEC_memset               10006ff0 f   LIBCMT:p4_memset.obj
 0001:000060b8       __XcptFilter               100070b8 f   LIBCMT:winxfltr.obj
 0001:00006213       ___CppXcptFilter           10007213 f   LIBCMT:winxfltr.obj
 0001:00006231       __freefls@4                10007231 f   LIBCMT:tidtable.obj
 0001:00006368       __freeptd                  10007368 f   LIBCMT:tidtable.obj
 0001:0000639e       __getptd                   1000739e f   LIBCMT:tidtable.obj
 0001:000063b6       __getptd_noexit            100073b6 f   LIBCMT:tidtable.obj
 0001:00006425       __initptd                  10007425 f   LIBCMT:tidtable.obj
 0001:000064d8       __mtinit                   100074d8 f   LIBCMT:tidtable.obj
 0001:0000654e       __mtterm                   1000754e f   LIBCMT:tidtable.obj
 0001:0000656b       __ioinit                   1000756b f   LIBCMT:ioinit.obj
 0001:00006819       __ioterm                   10007819 f   LIBCMT:ioinit.obj
 0001:0000686b       __setargv                  1000786b f   LIBCMT:stdargv.obj
 0001:00006a98       __setenvp                  10007a98 f   LIBCMT:stdenvp.obj
 0001:00006b79       ___security_init_cookie    10007b79 f   LIBCMT:gs_support.obj
 0001:00006c13       _DllMain@12                10007c13 f   LIBCMT:dllmain.obj
 0001:00006c19       ___crtGetEnvironmentStringsA 10007c19 f   LIBCMT:a_env.obj
 0001:00006ca4       ___crtFlsAlloc             10007ca4 f   LIBCMT:winapisupp.obj
 0001:00006cc2       ___crtFlsFree              10007cc2 f   LIBCMT:winapisupp.obj
 0001:00006ce1       ___crtFlsGetValue          10007ce1 f   LIBCMT:winapisupp.obj
 0001:00006d00       ___crtFlsSetValue          10007d00 f   LIBCMT:winapisupp.obj
 0001:00006d22       ___crtIsPackagedApp        10007d22 f   LIBCMT:winapisupp.obj
 0001:00006d60       ___crtLoadWinApiPointers   10007d60 f   LIBCMT:winapisupp.obj
 0001:00006f9f       ___crtTerminateProcess     10007f9f f   LIBCMT:winapisupp.obj
 0001:00006fb4       ___crtUnhandledException   10007fb4 f   LIBCMT:winapisupp.obj
 0001:00006fca       __calloc_crt               10007fca f   LIBCMT:crtheap.obj
 0001:00007014       __malloc_crt               10008014 f   LIBCMT:crtheap.obj
 0001:0000705d       __realloc_crt              1000805d f   LIBCMT:crtheap.obj
 0001:000070a9       __RTC_Initialize           100080a9 f   LIBCMT:initsect.obj
 0001:000070c9       __RTC_Terminate            100080c9 f   LIBCMT:initsect.obj
 0001:000070f0       __SEH_prolog4              100080f0 f   LIBCMT:sehprolg4.obj
 0001:00007135       __SEH_epilog4              10008135 f   LIBCMT:sehprolg4.obj
 0001:00007150       __except_handler4          10008150 f   LIBCMT:chandler4.obj
 0001:000072e5       __call_reportfault         100082e5 f   LIBCMT:invarg.obj
 0001:00007408       __initp_misc_invarg        10008408 f   LIBCMT:invarg.obj
 0001:00007415       __invalid_parameter        10008415 f   LIBCMT:invarg.obj
 0001:00007440       __invalid_parameter_noinfo 10008440 f   LIBCMT:invarg.obj
 0001:00007450       __invoke_watson            10008450 f   LIBCMT:invarg.obj
 0001:0000747b       __lock                     1000847b f   LIBCMT:mlock.obj
 0001:000074af       __mtdeletelocks            100084af f   LIBCMT:mlock.obj
 0001:00007503       __mtinitlocknum            10008503 f   LIBCMT:mlock.obj
 0001:000075aa       __mtinitlocks              100085aa f   LIBCMT:mlock.obj
 0001:000075df       __unlock                   100085df f   LIBCMT:mlock.obj
[...]
 0002:000017c8       __maxwait                  1000e7c8     LIBCMT:crtheap.obj
 0002:000017cc       ___pInvalidArgHandler      1000e7cc     LIBCMT:invarg.obj
 0002:00001920       ?__pInconsistency@@3P6AXXZA 1000e920     LIBCMT:hooks.obj
 0002:00001924       ___pPurecall               1000e924     LIBCMT:inithelp.obj
 0002:00001940       ___mblocalename            1000e940     LIBCMT:mbctype.obj
 0002:00001944       ___mbcodepage              1000e944     LIBCMT:mbctype.obj
 0002:00001948       ___ismbcodepage            1000e948     LIBCMT:mbctype.obj
 0002:0000194c       ___mbulinfo                1000e94c     LIBCMT:mbctype.obj
 0002:0000195c       __stdbuf                   1000e95c     LIBCMT:_sftbuf.obj
 0002:00001964       ___error_mode              1000e964     LIBCMT:errmode.obj
 0002:0000197c       __cflush                   1000e97c     LIBCMT:_file.obj
 0002:00001ca8       ___lconv_static_null       1000eca8     LIBCMT:lconv.obj
 0002:00001cac       ___lconv_static_W_null     1000ecac     LIBCMT:lconv.obj
 0002:00001cb0       ___locale_changed          1000ecb0     LIBCMT:wsetloca.obj
 0002:00001cb4       __debugger_hook_dummy      1000ecb4     <common>
 0002:00001cb8       ___piob                    1000ecb8     <common>
 0002:00001cbc       __nstream                  1000ecbc     <common>
 0002:00001cc0       __bufin                    1000ecc0     <common>
 0002:00002cc0       __pDestructExceptionObject 1000fcc0     <common>
 0002:00002ce0       _encodedKERNEL32Functions  1000fce0     <common>
 0002:00002d54       __nhandle                  1000fd54     <common>
 0002:00002d58       ___dyn_tls_init_callback   1000fd58     <common>
 0002:00002d5c       ___onexitend               1000fd5c     <common>
 0002:00002d60       ___onexitbegin             1000fd60     <common>
 0002:00002d64       __FPinit                   1000fd64     <common>
 0002:00002d68       ___mbctype_initialized     1000fd68     <common>
 0002:00002d6c       ___env_initialized         1000fd6c     <common>
 0002:00002d70       __acmdln                   1000fd70     <common>

 entry point at        0001:00005692

 Static symbols

 0000:fffed000       .debug$S                   10000000     kernel32:KERNEL32.dll
 0000:fffed000       .debug$S                   10000000     kernel32:KERNEL32.dll
 0000:fffed000       .debug$S                   10000000     kernel32:KERNEL32.dll
 0000:fffed000       .debug$S                   10000000     kernel32:KERNEL32.dll
 0000:fffed000       .debug$S                   10000000     kernel32:KERNEL32.dll
 0000:fffed000       .debug$S                   10000000     kernel32:KERNEL32.dll
 0000:fffed000       .debug$S                   10000000     kernel32:KERNEL32.dll
 0000:fffed000       .debug$S                   10000000     kernel32:KERNEL32.dll
 0000:fffed000       .debug$S                   10000000     kernel32:KERNEL32.dll
 0000:fffed000       .debug$S                   10000000     kernel32:KERNEL32.dll
 0000:fffed000       .debug$S                   10000000     kernel32:KERNEL32.dll
 0000:fffed000       .debug$S                   10000000     kernel32:KERNEL32.dll
 0000:fffed000       .debug$S                   10000000     kernel32:KERNEL32.dll
 0000:fffed000       .debug$S                   10000000     kernel32:KERNEL32.dll
 0000:fffed000       .debug$S                   10000000     kernel32:KERNEL32.dll
 0000:fffed000       .debug$S                   10000000     kernel32:KERNEL32.dll
 0000:fffed000       .debug$S                   10000000     kernel32:KERNEL32.dll
 0000:fffed000       .debug$S                   10000000     kernel32:KERNEL32.dll
 0000:fffed000       .debug$S                   10000000     kernel32:KERNEL32.dll
 0000:fffed000       .debug$S                   10000000     kernel32:KERNEL32.dll
 0000:fffed000       .debug$S                   10000000     kernel32:KERNEL32.dll
 0000:fffed000       .debug$S                   10000000     kernel32:KERNEL32.dll
 0000:fffed000       .debug$S                   10000000     kernel32:KERNEL32.dll
 0000:fffed000       .debug$S                   10000000     kernel32:KERNEL32.dll
 0000:fffed000       .debug$S                   10000000     kernel32:KERNEL32.dll
 0000:fffed000       .debug$S                   10000000     kernel32:KERNEL32.dll
 0000:fffed000       .debug$S                   10000000     kernel32:KERNEL32.dll
 0000:fffed000       .debug$S                   10000000     kernel32:KERNEL32.dll
 0000:fffed000       .debug$S                   10000000     kernel32:KERNEL32.dll
 0000:fffed000       .debug$S                   10000000     kernel32:KERNEL32.dll
 0000:fffed000       .debug$S                   10000000     kernel32:KERNEL32.dll
 0000:fffed000       .debug$S                   10000000     kernel32:KERNEL32.dll
 0000:fffed000       .debug$S                   10000000     kernel32:KERNEL32.dll
 0000:fffed000       .debug$S                   10000000     kernel32:KERNEL32.dll
 0000:fffed000       .debug$S                   10000000     kernel32:KERNEL32.dll
 0000:fffed000       .debug$S                   10000000     kernel32:KERNEL32.dll
 0000:fffed000       .debug$S                   10000000     kernel32:KERNEL32.dll
 0000:fffed000       .debug$S                   10000000     kernel32:KERNEL32.dll
 0000:fffed000       .debug$S                   10000000     kernel32:KERNEL32.dll
 0000:fffed000       .debug$S                   10000000     kernel32:KERNEL32.dll
 0000:fffed000       .debug$S                   10000000     kernel32:KERNEL32.dll
 0000:fffed000       .debug$S                   10000000     kernel32:KERNEL32.dll
 0000:fffed000       .debug$S                   10000000     kernel32:KERNEL32.dll
 0000:fffed000       .debug$S                   10000000     kernel32:KERNEL32.dll
 0000:fffed000       .debug$S                   10000000     kernel32:KERNEL32.dll
 0000:fffed000       .debug$S                   10000000     kernel32:KERNEL32.dll
 0000:fffed000       .debug$S                   10000000     kernel32:KERNEL32.dll
 0000:fffed000       .debug$S                   10000000     kernel32:KERNEL32.dll
 0000:fffed000       .debug$S                   10000000     kernel32:KERNEL32.dll
 0000:fffed000       .debug$S                   10000000     kernel32:KERNEL32.dll
 0000:fffed000       .debug$S                   10000000     kernel32:KERNEL32.dll
 0000:fffed000       .debug$S                   10000000     kernel32:KERNEL32.dll
 0000:fffed000       .debug$S                   10000000     kernel32:KERNEL32.dll
 0000:fffed000       .debug$S                   10000000     kernel32:KERNEL32.dll
 0000:fffed000       .debug$S                   10000000     kernel32:KERNEL32.dll
 0000:fffed000       .debug$S                   10000000     kernel32:KERNEL32.dll
 0000:fffed000       .debug$S                   10000000     kernel32:KERNEL32.dll
 0000:fffed000       .debug$S                   10000000     kernel32:KERNEL32.dll
 0000:fffed000       .debug$S                   10000000     kernel32:KERNEL32.dll
 0000:fffed000       .debug$S                   10000000     kernel32:KERNEL32.dll
 0000:fffed000       .debug$S                   10000000     kernel32:KERNEL32.dll
 0000:fffed000       .debug$S                   10000000     kernel32:KERNEL32.dll
 0000:fffed000       .debug$S                   10000000     kernel32:KERNEL32.dll
 0000:fffed000       .debug$S                   10000000     kernel32:KERNEL32.dll
 0000:fffed000       .debug$S                   10000000     kernel32:KERNEL32.dll
 0000:fffed000       .debug$S                   10000000     kernel32:KERNEL32.dll
 0000:fffed000       .debug$S                   10000000     kernel32:KERNEL32.dll
 0000:fffed000       .debug$S                   10000000     kernel32:KERNEL32.dll
 0000:fffed000       .debug$S                   10000000     kernel32:KERNEL32.dll
 0000:fffed000       .debug$S                   10000000     kernel32:KERNEL32.dll
 0000:fffed000       .debug$S                   10000000     kernel32:KERNEL32.dll
 0000:fffed000       .debug$S                   10000000     kernel32:KERNEL32.dll
 0000:fffed000       .debug$S                   10000000     kernel32:KERNEL32.dll
 0000:fffed000       .debug$S                   10000000     kernel32:KERNEL32.dll
 0000:fffed000       .debug$S                   10000000     kernel32:KERNEL32.dll
 0000:fffed000       .debug$S                   10000000     kernel32:KERNEL32.dll
 0000:fffed000       .debug$S                   10000000     kernel32:KERNEL32.dll
 0000:fffed000       .debug$S                   10000000     kernel32:KERNEL32.dll
 0000:fffed000       .debug$S                   10000000     kernel32:KERNEL32.dll
 0000:fffed000       .debug$S                   10000000     kernel32:KERNEL32.dll
 0001:00000118       _pinit                     10001118     LIBCMT:cpu_disp.obj
 0001:0000011c       _pinit                     1000111c     LIBCMT:onexit.obj
 0001:00000120       _pinit                     10001120     LIBCMT:mbctype.obj
 0001:00000124       _pinit                     10001124     LIBCMT:_file.obj
 0001:00000130       _pterm                     10001130     LIBCMT:wsetloca.obj
 0001:00000134       _pterm                     10001134     LIBCMT:initcon.obj
 0001:00000138       _pterm                     10001138     LIBCMT:_file.obj
 0001:000001a8       _FarGuid                   100011a8     EditCase.obj
 0001:00000be8       _rterrs                    10001be8     LIBCMT:crt0msg.obj
 0001:000010e4       __mb_locale_names          100020e4     LIBCMT:mbctype.obj
 0001:00003578       _GS_ExceptionPointers      10004578     LIBCMT:gs_report.obj
 0001:00003d88       __first_127char            10004d88     LIBCMT:wsetloca.obj
 0001:00003f10       $$000000                   10004f10     chkstk.obj
 0001:00004024       $LN43                      10005024     EditCase.obj
 0001:00004bc0       ??$Wrapper@UDecodePointerName@?1?DecodePointerWrapper@4@@@YGPAXPAX@Z 10005bc0 f   vc_crt_fix_impl.obj
 0001:00004c30       ??$Wrapper@UEncodePointerName@?1?EncodePointerWrapper@4@@@YGPAXPAX@Z 10005c30 f   vc_crt_fix_impl.obj
 0001:00004ca0       ?GetModuleHandleExWImpl@@YGHKPB_WPAPAUHINSTANCE__@@@Z 10005ca0 f   vc_crt_fix_impl.obj
 0001:00004ce0       ?ReturnSamePointer@@YGPAXPAX@Z 10005ce0 f   vc_crt_fix_impl.obj
 0001:00004e40       $$000000                   10005e40     LIBCMT:memcpy.obj
 0001:00005090       LeadUpVec                  10006090     LIBCMT:memcpy.obj
 0001:0000510c       UnwindUpVec                1000610c     LIBCMT:memcpy.obj
 0001:00005178       TrailUpVec                 10006178     LIBCMT:memcpy.obj
 0001:0000521c       LeadDownVec                1000621c     LIBCMT:memcpy.obj
 0001:000052a8       UnwindDownVec              100062a8     LIBCMT:memcpy.obj
 0001:00005314       TrailDownVec               10006314     LIBCMT:memcpy.obj
 0001:00005490       $$000000                   10006490     LIBCMT:memset.obj
 0001:000056b5       ___DllMainCRTStartup       100066b5 f   LIBCMT:dllcrt0.obj
 0001:00005b20       __initterm                 10006b20 f   LIBCMT:crt0dat.obj
 0001:00005b70       _doexit                    10006b70 f   LIBCMT:crt0dat.obj
 0001:0000691c       _parse_cmdline             1000791c f   LIBCMT:stdargv.obj
 0001:000070f0       $$000000                   100080f0     LIBCMT:sehprolg4.obj
 0001:000077b0       __onexit_nolock            100087b0 f   LIBCMT:onexit.obj
 0001:00007ad7       _siglookup                 10008ad7 f   LIBCMT:winsig.obj
 0001:00007bb9       ?CPtoLocaleName@@YAPB_WH@Z 10008bb9 f   LIBCMT:mbctype.obj
 0001:00007bf3       ?getSystemCP@@YAHH@Z       10008bf3 f   LIBCMT:mbctype.obj
 0001:00007c5f       ?setSBCS@@YAXPAUthreadmbcinfostruct@@@Z 10008c5f f   LIBCMT:mbctype.obj
 0001:00007cc8       ?setSBUpLow@@YAXPAUthreadmbcinfostruct@@@Z 10008cc8 f   LIBCMT:mbctype.obj
 0001:000082a0       $$000000                   100092a0     LIBCMT:strlen.obj
 0001:00008a50       $$000000                   10009a50     LIBCMT:exsup4.obj
 0001:00008ae0       __unwind_handler4          10009ae0 f   LIBCMT:exsup4.obj
 0001:00008d12       ?x_ismbbtype_l@@YAHPAUlocaleinfo_struct@@IHH@Z 10009d12 f   LIBCMT:ismbbyte.obj
 0001:000090cd       ?__crtLCMapStringA_stat@@YAHPAUlocaleinfo_struct@@PB_WKPBDHPADHHH@Z 1000a0cd f   LIBCMT:a_map.obj
 0001:000092fa       ?__crtGetStringTypeA_stat@@YAHPAUlocaleinfo_struct@@KPBDHPAGHH@Z 1000a2fa f   LIBCMT:a_str.obj
 0001:0000954f       _flsall                    1000a54f f   LIBCMT:fflush.obj
 0001:00009c50       $$000000                   1000ac50     LIBCMT:exsup.obj
 0001:00009c70       __unwind_handler           1000ac70 f   LIBCMT:exsup.obj
 0001:00009e30       $$000000                   1000ae30     LIBCMT:alloca16.obj
 0001:0000aef0       $$000000                   1000bef0     LIBCMT:ulldvrm.obj
 0001:0000af90       $$000000                   1000bf90     LIBCMT:llmul.obj
 0001:0000afd0       __sehtable$__CRT_INIT@12   1000bfd0     LIBCMT:dllcrt0.obj
 0001:0000aff0       __sehtable$___DllMainCRTStartup 1000bff0     LIBCMT:dllcrt0.obj
 0001:0000b010       __sehtable$_doexit         1000c010     LIBCMT:crt0dat.obj
 0001:0000b030       __sehtable$__freefls@4     1000c030     LIBCMT:tidtable.obj
 0001:0000b058       __sehtable$__initptd       1000c058     LIBCMT:tidtable.obj
 0001:0000b080       __sehtable$__ioinit        1000c080     LIBCMT:ioinit.obj
 0001:0000b0a0       __sehtable$__mtinitlocknum 1000c0a0     LIBCMT:mlock.obj
 0001:0000b0c0       __sehtable$__IsNonwritableInCurrentImage 1000c0c0     LIBCMT:pesect.obj
 0001:0000b0e0       __sehtable$__onexit        1000c0e0     LIBCMT:onexit.obj
 0001:0000b100       __sehtable$?terminate@@YAXXZ 1000c100     LIBCMT:hooks.obj
 0001:0000b120       __sehtable$_raise          1000c120     LIBCMT:winsig.obj
 0001:0000b140       __sehtable$___updatetmbcinfo 1000c140     LIBCMT:mbctype.obj
 0001:0000b160       __sehtable$__setmbcp       1000c160     LIBCMT:mbctype.obj
 0001:0000b180       __sehtable$___updatetlocinfo 1000c180     LIBCMT:localref.obj
 0001:0000b1a0       __sehtable$_flsall         1000c1a0     LIBCMT:fflush.obj
 0001:0000b1c8       __sehtable$__fcloseall     1000c1c8     LIBCMT:closeall.obj
 0001:0000b1e8       __sehtable$__commit        1000c1e8     LIBCMT:commit.obj
 0001:0000b208       __sehtable$__write         1000c208     LIBCMT:write.obj
 0001:0000b228       __sehtable$__locterm       1000c228     LIBCMT:wsetloca.obj
 0001:0000b248       __sehtable$_fclose         1000c248     LIBCMT:fclose.obj
 0001:0000b268       __sehtable$___lock_fhandle 1000c268     LIBCMT:osfinfo.obj
 0001:0000b288       __sehtable$__close         1000c288     LIBCMT:close.obj
 0001:0000b456       .idata$6                   1000c456     kernel32:KERNEL32.dll
 0001:0000b890       .edata                     1000c890     EditCase.exp
 0001:0000b8b8       rgpv                       1000c8b8     EditCase.exp
 0001:0000b8cc       rgszName                   1000c8cc     EditCase.exp
 0001:0000b8e0       rgwOrd                     1000c8e0     EditCase.exp
 0001:0000b8ea       szName                     1000c8ea     EditCase.exp
 0001:0000b8f7       $N00001                    1000c8f7     EditCase.exp
 0001:0000b900       $N00002                    1000c900     EditCase.exp
 0001:0000b90f       $N00003                    1000c90f     EditCase.exp
 0001:0000b91e       $N00004                    1000c91e     EditCase.exp
 0001:0000b924       $N00005                    1000c924     EditCase.exp
 0002:00000000       ?CmdName@?BD@??OpenW@@9@4@4PAU<unnamed-type-CmdName>@?BD@??1@9@4@A 1000d000     EditCase.obj
 0002:00000030       _errtable                  1000d030     LIBCMT:dosmap.obj
 0002:00000198       _ErrnoNoMem                1000d198     LIBCMT:dosmap.obj
 0002:0000019c       _DoserrorNoMem             1000d19c     LIBCMT:dosmap.obj
 0002:000001e8       ?isPackaged@?1??__crtIsPackagedApp@@9@9 1000d1e8     LIBCMT:winapisupp.obj
 0002:000001f0       __locktable                1000d1f0     LIBCMT:mlock.obj
 0002:0000033c       ___rgctypeflag             1000d33c     LIBCMT:mbctype.obj
 0002:00000340       ___rgcode_page_info        1000d340     LIBCMT:mbctype.obj
 0002:00000da0       __ctype_loc_style          1000dda0     LIBCMT:wsetloca.obj
 0002:00000dc0       _Info                      1000ddc0     EditCase.obj
 0002:00000e48       _FSF                       1000de48     EditCase.obj
 0002:00000f04       _WordDiv                   1000df04     EditCase.obj
 0002:00000f08       _WordDivLen                1000df08     EditCase.obj
 0002:00000f0c       ?PluginMenuStrings@?1??GetPluginInfoW@@9@4@4PAPB_WA 1000df0c     EditCase.obj
 0002:00000f10       ?FunctionAddress@?1??GetModuleHandleExWWrapper@@9@12@4PAXA 1000df10     vc_crt_fix_impl.obj
 0002:00000f14       ?$S1@?1??GetModuleHandleExWWrapper@@9@12@4IA 1000df14     vc_crt_fix_impl.obj
 0002:00000f18       ?ProcessGetModuleHandleExW@?1??GetModuleHandleExWWrapper@@9@12@4P6GHKPB_WPAPAUHINSTANCE__@@@ZA 1000df18     vc_crt_fix_impl.obj
 0002:00000f1c       ?FunctionAddress@?1???$Wrapper@UEncodePointerName@?1?EncodePointerWrapper@4@@@YGPAXPAX@Z@4PAXA 1000df1c     vc_crt_fix_impl.obj
 0002:00000f20       ?$S2@?1???$Wrapper@UEncodePointerName@?1?EncodePointerWrapper@4@@@YGPAXPAX@Z@4IA 1000df20     vc_crt_fix_impl.obj
 0002:00000f24       ?ProcessPointer@?1???$Wrapper@UEncodePointerName@?1?EncodePointerWrapper@4@@@YGPAXPAX@Z@4P6GPAX0@ZA 1000df24     vc_crt_fix_impl.obj
 0002:00000f28       ?FunctionAddress@?1???$Wrapper@UDecodePointerName@?1?DecodePointerWrapper@4@@@YGPAXPAX@Z@4PAXA 1000df28     vc_crt_fix_impl.obj
 0002:00000f2c       ?$S3@?1???$Wrapper@UDecodePointerName@?1?DecodePointerWrapper@4@@@YGPAXPAX@Z@4IA 1000df2c     vc_crt_fix_impl.obj
 0002:00000f30       ?ProcessPointer@?1???$Wrapper@UDecodePointerName@?1?DecodePointerWrapper@4@@@YGPAXPAX@Z@4P6GPAX0@ZA 1000df30     vc_crt_fix_impl.obj
 0002:00000f34       ___proc_attached           1000df34     LIBCMT:dllcrt0.obj
 0002:00000f88       ?outmsg@?8??_NMSG_WRITE@@9@9 1000df88     LIBCMT:crt0msg.obj
 0002:000016c0       ?_pgmname@?1??_setargv@@9@9 1000e6c0     LIBCMT:stdargv.obj
 0002:000017d0       _lclcritsects              1000e7d0     LIBCMT:mlock.obj
 0002:00001928       _g_pfnRtlGenRandom         1000e928     LIBCMT:rand_s.obj
 0002:0000192c       _ctrlc_action              1000e92c     LIBCMT:winsig.obj
 0002:00001930       _ctrlbreak_action          1000e930     LIBCMT:winsig.obj
 0002:00001934       _abort_action              1000e934     LIBCMT:winsig.obj
 0002:00001938       _term_action               1000e938     LIBCMT:winsig.obj
 0002:0000193c       _ConsoleCtrlHandler_Installed 1000e93c     LIBCMT:winsig.obj
 0002:00001958       _fSystemSet                1000e958     LIBCMT:mbctype.obj
 0002:00001968       ?pfnMessageBox@?1??__crtMessageBoxW@@9@9 1000e968     LIBCMT:crtmboxw.obj
 0002:0000196c       ?pfnGetActiveWindow@?1??__crtMessageBoxW@@9@9 1000e96c     LIBCMT:crtmboxw.obj
 0002:00001970       ?pfnGetLastActivePopup@?1??__crtMessageBoxW@@9@9 1000e970     LIBCMT:crtmboxw.obj
 0002:00001974       ?pfnGetProcessWindowStation@?1??__crtMessageBoxW@@9@9 1000e974     LIBCMT:crtmboxw.obj
 0002:00001978       ?pfnGetUserObjectInformation@?1??__crtMessageBoxW@@9@9 1000e978     LIBCMT:crtmboxw.obj
 0002:00001980       ___crtCallProc             1000e980     LIBCMT:winapinls.obj
 0002:00001988       _GS_ExceptionRecord        1000e988     LIBCMT:gs_report.obj
 0002:000019d8       _GS_ContextRecord          1000e9d8     LIBCMT:gs_report.obj
 0002:00001ca4       _DebuggerWasPresent        1000eca4     LIBCMT:gs_report.obj
 0003:00000060       $R000000                   10010060     EditCase.res
