 luafar3

 Timestamp is 523f17e7 (Sun Sep 22 19:16:39 2013)

 Preferred load address is 0000000180000000

 Start         Length     Name                   Class
 0001:00000000 000006c8H .idata$5                CODE
 0001:000006c8 00000008H .CRT$XCA                CODE
 0001:000006d0 00000008H .CRT$XCZ                CODE
 0001:000006d8 00000008H .CRT$XIA                CODE
 0001:000006e0 00000020H .CRT$XIC                CODE
 0001:00000700 00000008H .CRT$XIZ                CODE
 0001:00000708 00000008H .CRT$XPA                CODE
 0001:00000710 00000018H .CRT$XPX                CODE
 0001:00000728 00000008H .CRT$XPXA               CODE
 0001:00000730 00000008H .CRT$XPZ                CODE
 0001:00000738 00000008H .CRT$XTA                CODE
 0001:00000740 00000008H .CRT$XTZ                CODE
 0001:00000750 00015f70H .rdata                  CODE
 0001:000166c0 0000007cH .rdata$debug            CODE
 0001:00016740 00000008H .rtc$IAA                CODE
 0001:00016748 00000008H .rtc$IZZ                CODE
 0001:00016750 00000008H .rtc$TAA                CODE
 0001:00016758 00000008H .rtc$TZZ                CODE
 0001:00016760 000378fbH .text                   CODE
 0001:0004e060 0000046bH .text$x                 CODE
 0001:0004e4d0 00002f98H .xdata                  CODE
 0001:00051468 00000078H .idata$2                CODE
 0001:000514e0 00000014H .idata$3                CODE
 0001:000514f8 000006c8H .idata$4                CODE
 0001:00051bc0 00000ebaH .idata$6                CODE
 0001:00052a80 00000458H .edata                  CODE
 0002:00000000 0000a33cH .data                   DATA
 0002:0000a340 00002520H .bss                    DATA
 0003:00000000 00003210H .pdata                  DATA
 0004:00000000 00000058H .rsrc$01                DATA
 0004:00000060 00000358H .rsrc$02                DATA

  Address         Publics by Value              Rva+Base               Lib:Object

 0000:00000000       ___safe_se_handler_count   0000000000000000     <absolute>
 0000:00000000       ___safe_se_handler_table   0000000000000000     <absolute>
 0000:00000000       __ImageBase                0000000180000000     <linker-defined>
 0001:00000000       __imp_RegEnumKeyExW        0000000180001000     advapi32:ADVAPI32.dll
 0001:00000008       __imp_RegSetValueExW       0000000180001008     advapi32:ADVAPI32.dll
 0001:00000010       __imp_RegQueryValueExW     0000000180001010     advapi32:ADVAPI32.dll
 0001:00000018       __imp_RegOpenKeyExW        0000000180001018     advapi32:ADVAPI32.dll
 0001:00000020       __imp_RegDeleteKeyW        0000000180001020     advapi32:ADVAPI32.dll
 0001:00000028       __imp_RegCreateKeyExW      0000000180001028     advapi32:ADVAPI32.dll
 0001:00000030       __imp_RegCloseKey          0000000180001030     advapi32:ADVAPI32.dll
 0001:00000038       __imp_RegEnumValueW        0000000180001038     advapi32:ADVAPI32.dll
 0001:00000040       \177ADVAPI32_NULL_THUNK_DATA 0000000180001040     advapi32:ADVAPI32.dll
 0001:00000048       __imp_GetConsoleScreenBufferInfo 0000000180001048     kernel32:KERNEL32.dll
 0001:00000050       __imp_FreeLibrary          0000000180001050     kernel32:KERNEL32.dll
 0001:00000058       __imp_LoadLibraryW         0000000180001058     kernel32:KERNEL32.dll
 0001:00000060       __imp_GetModuleFileNameW   0000000180001060     kernel32:KERNEL32.dll
 0001:00000068       __imp_GlobalMemoryStatusEx 0000000180001068     kernel32:KERNEL32.dll
 0001:00000070       __imp_GetLastError         0000000180001070     kernel32:KERNEL32.dll
 0001:00000078       __imp_FormatMessageW       0000000180001078     kernel32:KERNEL32.dll
 0001:00000080       __imp_GetLogicalDriveStringsW 0000000180001080     kernel32:KERNEL32.dll
 0001:00000088       __imp_GetDriveTypeW        0000000180001088     kernel32:KERNEL32.dll
 0001:00000090       __imp_SetFileAttributesW   0000000180001090     kernel32:KERNEL32.dll
 0001:00000098       __imp_SearchPathW          0000000180001098     kernel32:KERNEL32.dll
 0001:000000a0       __imp_GetACP               00000001800010a0     kernel32:KERNEL32.dll
 0001:000000a8       __imp_GetOEMCP             00000001800010a8     kernel32:KERNEL32.dll
 0001:000000b0       __imp_GetCPInfoExW         00000001800010b0     kernel32:KERNEL32.dll
 0001:000000b8       __imp_MultiByteToWideChar  00000001800010b8     kernel32:KERNEL32.dll
 0001:000000c0       __imp_WideCharToMultiByte  00000001800010c0     kernel32:KERNEL32.dll
 0001:000000c8       __imp_GetFileAttributesW   00000001800010c8     kernel32:KERNEL32.dll
 0001:000000d0       __imp_FindClose            00000001800010d0     kernel32:KERNEL32.dll
 0001:000000d8       __imp_SystemTimeToFileTime 00000001800010d8     kernel32:KERNEL32.dll
 0001:000000e0       __imp_FileTimeToLocalFileTime 00000001800010e0     kernel32:KERNEL32.dll
 0001:000000e8       __imp_FileTimeToSystemTime 00000001800010e8     kernel32:KERNEL32.dll
 0001:000000f0       __imp_SetEnvironmentVariableW 00000001800010f0     kernel32:KERNEL32.dll
 0001:000000f8       __imp_CreateDirectoryW     00000001800010f8     kernel32:KERNEL32.dll
 0001:00000100       __imp_RemoveDirectoryW     0000000180001100     kernel32:KERNEL32.dll
 0001:00000108       __imp_DeleteFileW          0000000180001108     kernel32:KERNEL32.dll
 0001:00000110       __imp_FindFirstFileW       0000000180001110     kernel32:KERNEL32.dll
 0001:00000118       __imp_CopyFileW            0000000180001118     kernel32:KERNEL32.dll
 0001:00000120       __imp_MoveFileExW          0000000180001120     kernel32:KERNEL32.dll
 0001:00000128       __imp_CompareStringW       0000000180001128     kernel32:KERNEL32.dll
 0001:00000130       __imp_PeekConsoleInputW    0000000180001130     kernel32:KERNEL32.dll
 0001:00000138       __imp_ReadConsoleInputW    0000000180001138     kernel32:KERNEL32.dll
 0001:00000140       __imp_SetEndOfFile         0000000180001140     kernel32:KERNEL32.dll
 0001:00000148       __imp_HeapSize             0000000180001148     kernel32:KERNEL32.dll
 0001:00000150       __imp_GetEnvironmentVariableW 0000000180001150     kernel32:KERNEL32.dll
 0001:00000158       __imp_GetModuleHandleA     0000000180001158     kernel32:KERNEL32.dll
 0001:00000160       __imp_GetSystemTimeAsFileTime 0000000180001160     kernel32:KERNEL32.dll
 0001:00000168       __imp_GetStdHandle         0000000180001168     kernel32:KERNEL32.dll
 0001:00000170       __imp_Sleep                0000000180001170     kernel32:KERNEL32.dll
 0001:00000178       __imp_CreateThread         0000000180001178     kernel32:KERNEL32.dll
 0001:00000180       __imp_SwitchToThread       0000000180001180     kernel32:KERNEL32.dll
 0001:00000188       __imp_EnumSystemCodePagesW 0000000180001188     kernel32:KERNEL32.dll
 0001:00000190       __imp_GetProcAddress       0000000180001190     kernel32:KERNEL32.dll
 0001:00000198       __imp_WriteConsoleW        0000000180001198     kernel32:KERNEL32.dll
 0001:000001a0       __imp_RaiseException       00000001800011a0     kernel32:KERNEL32.dll
 0001:000001a8       __imp_LCMapStringW         00000001800011a8     kernel32:KERNEL32.dll
 0001:000001b0       __imp_GetStringTypeW       00000001800011b0     kernel32:KERNEL32.dll
 0001:000001b8       __imp_CreateFileW          00000001800011b8     kernel32:KERNEL32.dll
 0001:000001c0       __imp_SetStdHandle         00000001800011c0     kernel32:KERNEL32.dll
 0001:000001c8       __imp_HeapReAlloc          00000001800011c8     kernel32:KERNEL32.dll
 0001:000001d0       __imp_OutputDebugStringW   00000001800011d0     kernel32:KERNEL32.dll
 0001:000001d8       __imp_LoadLibraryExW       00000001800011d8     kernel32:KERNEL32.dll
 0001:000001e0       __imp_GetModuleHandleW     00000001800011e0     kernel32:KERNEL32.dll
 0001:000001e8       __imp_TlsFree              00000001800011e8     kernel32:KERNEL32.dll
 0001:000001f0       __imp_TlsSetValue          00000001800011f0     kernel32:KERNEL32.dll
 0001:000001f8       __imp_TlsGetValue          00000001800011f8     kernel32:KERNEL32.dll
 0001:00000200       __imp_TlsAlloc             0000000180001200     kernel32:KERNEL32.dll
 0001:00000208       __imp_TerminateProcess     0000000180001208     kernel32:KERNEL32.dll
 0001:00000210       __imp_SetUnhandledExceptionFilter 0000000180001210     kernel32:KERNEL32.dll
 0001:00000218       __imp_UnhandledExceptionFilter 0000000180001218     kernel32:KERNEL32.dll
 0001:00000220       __imp_RtlVirtualUnwind     0000000180001220     kernel32:KERNEL32.dll
 0001:00000228       __imp_RtlLookupFunctionEntry 0000000180001228     kernel32:KERNEL32.dll
 0001:00000230       __imp_RtlCaptureContext    0000000180001230     kernel32:KERNEL32.dll
 0001:00000238       __imp_QueryPerformanceCounter 0000000180001238     kernel32:KERNEL32.dll
 0001:00000240       __imp_GetModuleFileNameA   0000000180001240     kernel32:KERNEL32.dll
 0001:00000248       __imp_FreeEnvironmentStringsW 0000000180001248     kernel32:KERNEL32.dll
 0001:00000250       __imp_GetEnvironmentStringsW 0000000180001250     kernel32:KERNEL32.dll
 0001:00000258       __imp_GetFileAttributesExW 0000000180001258     kernel32:KERNEL32.dll
 0001:00000260       __imp_GetCurrentProcessId  0000000180001260     kernel32:KERNEL32.dll
 0001:00000268       __imp_CreatePipe           0000000180001268     kernel32:KERNEL32.dll
 0001:00000270       __imp_GetExitCodeProcess   0000000180001270     kernel32:KERNEL32.dll
 0001:00000278       __imp_WaitForSingleObject  0000000180001278     kernel32:KERNEL32.dll
 0001:00000280       __imp_SetFilePointerEx     0000000180001280     kernel32:KERNEL32.dll
 0001:00000288       __imp_GetConsoleCP         0000000180001288     kernel32:KERNEL32.dll
 0001:00000290       __imp_FlushFileBuffers     0000000180001290     kernel32:KERNEL32.dll
 0001:00000298       __imp_GetCPInfo            0000000180001298     kernel32:KERNEL32.dll
 0001:000002a0       __imp_IsValidCodePage      00000001800012a0     kernel32:KERNEL32.dll
 0001:000002a8       __imp_SetFilePointer       00000001800012a8     kernel32:KERNEL32.dll
 0001:000002b0       __imp_GetStartupInfoW      00000001800012b0     kernel32:KERNEL32.dll
 0001:000002b8       __imp_GetFileType          00000001800012b8     kernel32:KERNEL32.dll
 0001:000002c0       __imp_ReadConsoleW         00000001800012c0     kernel32:KERNEL32.dll
 0001:000002c8       __imp_GetConsoleMode       00000001800012c8     kernel32:KERNEL32.dll
 0001:000002d0       __imp_InitializeCriticalSectionAndSpinCount 00000001800012d0     kernel32:KERNEL32.dll
 0001:000002d8       __imp_DeleteCriticalSection 00000001800012d8     kernel32:KERNEL32.dll
 0001:000002e0       __imp_SetLastError         00000001800012e0     kernel32:KERNEL32.dll
 0001:000002e8       __imp_RtlUnwindEx          00000001800012e8     kernel32:KERNEL32.dll
 0001:000002f0       __imp_WriteFile            00000001800012f0     kernel32:KERNEL32.dll
 0001:000002f8       __imp_AreFileApisANSI      00000001800012f8     kernel32:KERNEL32.dll
 0001:00000300       __imp_GetModuleHandleExW   0000000180001300     kernel32:KERNEL32.dll
 0001:00000308       __imp_ExitProcess          0000000180001308     kernel32:KERNEL32.dll
 0001:00000310       __imp_GetProcessHeap       0000000180001310     kernel32:KERNEL32.dll
 0001:00000318       __imp_IsProcessorFeaturePresent 0000000180001318     kernel32:KERNEL32.dll
 0001:00000320       __imp_DecodePointer        0000000180001320     kernel32:KERNEL32.dll
 0001:00000328       __imp_EncodePointer        0000000180001328     kernel32:KERNEL32.dll
 0001:00000330       __imp_IsDebuggerPresent    0000000180001330     kernel32:KERNEL32.dll
 0001:00000338       __imp_GetCurrentThreadId   0000000180001338     kernel32:KERNEL32.dll
 0001:00000340       __imp_GetCommandLineA      0000000180001340     kernel32:KERNEL32.dll
 0001:00000348       __imp_CreateProcessW       0000000180001348     kernel32:KERNEL32.dll
 0001:00000350       __imp_GetTempPathA         0000000180001350     kernel32:KERNEL32.dll
 0001:00000358       __imp_GetCurrentProcess    0000000180001358     kernel32:KERNEL32.dll
 0001:00000360       __imp_DuplicateHandle      0000000180001360     kernel32:KERNEL32.dll
 0001:00000368       __imp_CloseHandle          0000000180001368     kernel32:KERNEL32.dll
 0001:00000370       __imp_ReadFile             0000000180001370     kernel32:KERNEL32.dll
 0001:00000378       __imp_LeaveCriticalSection 0000000180001378     kernel32:KERNEL32.dll
 0001:00000380       __imp_EnterCriticalSection 0000000180001380     kernel32:KERNEL32.dll
 0001:00000388       __imp_HeapAlloc            0000000180001388     kernel32:KERNEL32.dll
 0001:00000390       __imp_HeapFree             0000000180001390     kernel32:KERNEL32.dll
 0001:00000398       \177KERNEL32_NULL_THUNK_DATA 0000000180001398     kernel32:KERNEL32.dll
 0001:000003a0       __imp_RpcStringFreeA       00000001800013a0     rpcrt4:RPCRT4.dll
 0001:000003a8       __imp_UuidCreate           00000001800013a8     rpcrt4:RPCRT4.dll
 0001:000003b0       __imp_UuidToStringA        00000001800013b0     rpcrt4:RPCRT4.dll
 0001:000003b8       __imp_UuidFromStringA      00000001800013b8     rpcrt4:RPCRT4.dll
 0001:000003c0       \177RPCRT4_NULL_THUNK_DATA 00000001800013c0     rpcrt4:RPCRT4.dll
 0001:000003c8       __imp_ShellExecuteW        00000001800013c8     shell32:SHELL32.dll
 0001:000003d0       __imp_SHGetFolderPathW     00000001800013d0     shell32:SHELL32.dll
 0001:000003d8       \177SHELL32_NULL_THUNK_DATA 00000001800013d8     shell32:SHELL32.dll
 0001:000003e0       __imp_wsprintfW            00000001800013e0     user32:USER32.dll
 0001:000003e8       \177USER32_NULL_THUNK_DATA 00000001800013e8     user32:USER32.dll
 0001:000003f0       __imp_luaL_prepbuffer      00000001800013f0     lua5.1:lua5.1.dll
 0001:000003f8       __imp_lua_tocfunction      00000001800013f8     lua5.1:lua5.1.dll
 0001:00000400       __imp_luaL_checkoption     0000000180001400     lua5.1:lua5.1.dll
 0001:00000408       __imp_lua_iscfunction      0000000180001408     lua5.1:lua5.1.dll
 0001:00000410       __imp_luaL_gsub            0000000180001410     lua5.1:lua5.1.dll
 0001:00000418       __imp_luaL_findtable       0000000180001418     lua5.1:lua5.1.dll
 0001:00000420       __imp_lua_isuserdata       0000000180001420     lua5.1:lua5.1.dll
 0001:00000428       __imp_luaL_checkstack      0000000180001428     lua5.1:lua5.1.dll
 0001:00000430       __imp_lua_dump             0000000180001430     lua5.1:lua5.1.dll
 0001:00000438       __imp_lua_typename         0000000180001438     lua5.1:lua5.1.dll
 0001:00000440       __imp_luaL_newstate        0000000180001440     lua5.1:lua5.1.dll
 0001:00000448       __imp_luaL_checkany        0000000180001448     lua5.1:lua5.1.dll
 0001:00000450       __imp_lua_next             0000000180001450     lua5.1:lua5.1.dll
 0001:00000458       __imp_lua_setfenv          0000000180001458     lua5.1:lua5.1.dll
 0001:00000460       __imp_lua_rawset           0000000180001460     lua5.1:lua5.1.dll
 0001:00000468       __imp_lua_settable         0000000180001468     lua5.1:lua5.1.dll
 0001:00000470       __imp_lua_getfenv          0000000180001470     lua5.1:lua5.1.dll
 0001:00000478       __imp_lua_rawget           0000000180001478     lua5.1:lua5.1.dll
 0001:00000480       __imp_lua_close            0000000180001480     lua5.1:lua5.1.dll
 0001:00000488       __imp_luaopen_debug        0000000180001488     lua5.1:lua5.1.dll
 0001:00000490       __imp_luaopen_math         0000000180001490     lua5.1:lua5.1.dll
 0001:00000498       __imp_luaopen_string       0000000180001498     lua5.1:lua5.1.dll
 0001:000004a0       __imp_luaopen_os           00000001800014a0     lua5.1:lua5.1.dll
 0001:000004a8       __imp_luaopen_table        00000001800014a8     lua5.1:lua5.1.dll
 0001:000004b0       __imp_luaopen_base         00000001800014b0     lua5.1:lua5.1.dll
 0001:000004b8       __imp_lua_getinfo          00000001800014b8     lua5.1:lua5.1.dll
 0001:000004c0       __imp_lua_getstack         00000001800014c0     lua5.1:lua5.1.dll
 0001:000004c8       __imp_luaL_addvalue        00000001800014c8     lua5.1:lua5.1.dll
 0001:000004d0       __imp_luaL_error           00000001800014d0     lua5.1:lua5.1.dll
 0001:000004d8       __imp_luaL_checkudata      00000001800014d8     lua5.1:lua5.1.dll
 0001:000004e0       __imp_luaL_optinteger      00000001800014e0     lua5.1:lua5.1.dll
 0001:000004e8       __imp_luaL_optlstring      00000001800014e8     lua5.1:lua5.1.dll
 0001:000004f0       __imp_luaL_checklstring    00000001800014f0     lua5.1:lua5.1.dll
 0001:000004f8       __imp_lua_checkstack       00000001800014f8     lua5.1:lua5.1.dll
 0001:00000500       __imp_lua_replace          0000000180001500     lua5.1:lua5.1.dll
 0001:00000508       __imp_luaL_pushresult      0000000180001508     lua5.1:lua5.1.dll
 0001:00000510       __imp_luaL_addlstring      0000000180001510     lua5.1:lua5.1.dll
 0001:00000518       __imp_luaL_buffinit        0000000180001518     lua5.1:lua5.1.dll
 0001:00000520       __imp_luaL_optnumber       0000000180001520     lua5.1:lua5.1.dll
 0001:00000528       __imp_lua_error            0000000180001528     lua5.1:lua5.1.dll
 0001:00000530       __imp_lua_load             0000000180001530     lua5.1:lua5.1.dll
 0001:00000538       __imp_lua_pushfstring      0000000180001538     lua5.1:lua5.1.dll
 0001:00000540       __imp_luaL_loadstring      0000000180001540     lua5.1:lua5.1.dll
 0001:00000548       __imp_luaL_unref           0000000180001548     lua5.1:lua5.1.dll
 0001:00000550       __imp_luaL_ref             0000000180001550     lua5.1:lua5.1.dll
 0001:00000558       __imp_lua_gc               0000000180001558     lua5.1:lua5.1.dll
 0001:00000560       __imp_lua_pcall            0000000180001560     lua5.1:lua5.1.dll
 0001:00000568       __imp_lua_call             0000000180001568     lua5.1:lua5.1.dll
 0001:00000570       __imp_lua_rawseti          0000000180001570     lua5.1:lua5.1.dll
 0001:00000578       __imp_lua_setfield         0000000180001578     lua5.1:lua5.1.dll
 0001:00000580       __imp_lua_createtable      0000000180001580     lua5.1:lua5.1.dll
 0001:00000588       __imp_lua_rawgeti          0000000180001588     lua5.1:lua5.1.dll
 0001:00000590       __imp_lua_gettable         0000000180001590     lua5.1:lua5.1.dll
 0001:00000598       __imp_lua_pushlightuserdata 0000000180001598     lua5.1:lua5.1.dll
 0001:000005a0       __imp_lua_pushcclosure     00000001800015a0     lua5.1:lua5.1.dll
 0001:000005a8       __imp_lua_pushlstring      00000001800015a8     lua5.1:lua5.1.dll
 0001:000005b0       __imp_lua_pushinteger      00000001800015b0     lua5.1:lua5.1.dll
 0001:000005b8       __imp_lua_objlen           00000001800015b8     lua5.1:lua5.1.dll
 0001:000005c0       __imp_lua_toboolean        00000001800015c0     lua5.1:lua5.1.dll
 0001:000005c8       __imp_lua_tointeger        00000001800015c8     lua5.1:lua5.1.dll
 0001:000005d0       __imp_lua_isstring         00000001800015d0     lua5.1:lua5.1.dll
 0001:000005d8       __imp_lua_isnumber         00000001800015d8     lua5.1:lua5.1.dll
 0001:000005e0       __imp_lua_insert           00000001800015e0     lua5.1:lua5.1.dll
 0001:000005e8       __imp_lua_remove           00000001800015e8     lua5.1:lua5.1.dll
 0001:000005f0       __imp_lua_pushvalue        00000001800015f0     lua5.1:lua5.1.dll
 0001:000005f8       __imp_luaL_newmetatable    00000001800015f8     lua5.1:lua5.1.dll
 0001:00000600       __imp_luaL_checkinteger    0000000180001600     lua5.1:lua5.1.dll
 0001:00000608       __imp_luaL_argerror        0000000180001608     lua5.1:lua5.1.dll
 0001:00000610       __imp_luaL_register        0000000180001610     lua5.1:lua5.1.dll
 0001:00000618       __imp_lua_setmetatable     0000000180001618     lua5.1:lua5.1.dll
 0001:00000620       __imp_lua_getmetatable     0000000180001620     lua5.1:lua5.1.dll
 0001:00000628       __imp_lua_newuserdata      0000000180001628     lua5.1:lua5.1.dll
 0001:00000630       __imp_lua_getfield         0000000180001630     lua5.1:lua5.1.dll
 0001:00000638       __imp_lua_pushboolean      0000000180001638     lua5.1:lua5.1.dll
 0001:00000640       __imp_lua_pushstring       0000000180001640     lua5.1:lua5.1.dll
 0001:00000648       __imp_lua_pushnumber       0000000180001648     lua5.1:lua5.1.dll
 0001:00000650       __imp_lua_pushnil          0000000180001650     lua5.1:lua5.1.dll
 0001:00000658       __imp_lua_touserdata       0000000180001658     lua5.1:lua5.1.dll
 0001:00000660       __imp_lua_tolstring        0000000180001660     lua5.1:lua5.1.dll
 0001:00000668       __imp_lua_tonumber         0000000180001668     lua5.1:lua5.1.dll
 0001:00000670       __imp_lua_rawequal         0000000180001670     lua5.1:lua5.1.dll
 0001:00000678       __imp_lua_type             0000000180001678     lua5.1:lua5.1.dll
 0001:00000680       __imp_lua_settop           0000000180001680     lua5.1:lua5.1.dll
 0001:00000688       __imp_lua_gettop           0000000180001688     lua5.1:lua5.1.dll
 0001:00000690       __imp_luaL_checknumber     0000000180001690     lua5.1:lua5.1.dll
 0001:00000698       __imp_luaL_typerror        0000000180001698     lua5.1:lua5.1.dll
 0001:000006a0       __imp_lua_setallocf        00000001800016a0     lua5.1:lua5.1.dll
 0001:000006a8       __imp_lua_concat           00000001800016a8     lua5.1:lua5.1.dll
 0001:000006b0       __imp_lua_getallocf        00000001800016b0     lua5.1:lua5.1.dll
 0001:000006b8       __imp_luaL_checktype       00000001800016b8     lua5.1:lua5.1.dll
 0001:000006c0       \177lua5.1_NULL_THUNK_DATA 00000001800016c0     lua5.1:lua5.1.dll
 0001:000006c8       __xc_a                     00000001800016c8     LIBCMT:crt0init.obj
 0001:000006d0       __xc_z                     00000001800016d0     LIBCMT:crt0init.obj
 0001:000006d8       __xi_a                     00000001800016d8     LIBCMT:crt0init.obj
 0001:00000700       __xi_z                     0000000180001700     LIBCMT:crt0init.obj
 0001:00000708       __xp_a                     0000000180001708     LIBCMT:crt0init.obj
 0001:00000730       __xp_z                     0000000180001730     LIBCMT:crt0init.obj
 0001:00000738       __xt_a                     0000000180001738     LIBCMT:crt0init.obj
 0001:00000740       __xt_z                     0000000180001740     LIBCMT:crt0init.obj
 0001:00000790       metatable_name             0000000180001790     bit64.obj
 0001:00000970       ??_C@_04JAOJMBA@bnot?$AA@  0000000180001970     bit64.obj
 0001:00000978       ??_C@_04BKGNPECA@band?$AA@ 0000000180001978     bit64.obj
 0001:00000980       ??_C@_03BBBGIIAC@bor?$AA@  0000000180001980     bit64.obj
 0001:00000984       ??_C@_04CKCGDDNF@bxor?$AA@ 0000000180001984     bit64.obj
 0001:0000098c       ??_C@_06ELFGPGBK@lshift?$AA@ 000000018000198c     bit64.obj
 0001:00000994       ??_C@_06HMLHBBIJ@rshift?$AA@ 0000000180001994     bit64.obj
 0001:000009a0       ??_C@_07JILILBLL@arshift?$AA@ 00000001800019a0     bit64.obj
 0001:000009a8       ??_C@_03CLCAEGCJ@new?$AA@  00000001800019a8     bit64.obj
 0001:000009ac       ??_C@_03BDGOHNNK@add?$AA@  00000001800019ac     bit64.obj
 0001:000009b0       ??_C@_03KCMAIMAP@sub?$AA@  00000001800019b0     bit64.obj
 0001:000009b4       ??_C@_03IMIFIBCN@mul?$AA@  00000001800019b4     bit64.obj
 0001:000009b8       ??_C@_03FEJMGOGI@div?$AA@  00000001800019b8     bit64.obj
 0001:000009bc       ??_C@_03FFONCNID@mod?$AA@  00000001800019bc     bit64.obj
 0001:000009c0       ??_C@_02HIIGGHJB@eq?$AA@   00000001800019c0     bit64.obj
 0001:000009c4       ??_C@_02KCAKIFL@lt?$AA@    00000001800019c4     bit64.obj
 0001:000009c8       ??_C@_02FJPJILEL@le?$AA@   00000001800019c8     bit64.obj
 0001:000009cc       ??_C@_04GPMDFGEJ@type?$AA@ 00000001800019cc     bit64.obj
 0001:000009d4       ??_C@_05MEHDOBFN@__add?$AA@ 00000001800019d4     bit64.obj
 0001:000009dc       ??_C@_05HFNNBAII@__sub?$AA@ 00000001800019dc     bit64.obj
 0001:000009e4       ??_C@_05FLJIBNKK@__mul?$AA@ 00000001800019e4     bit64.obj
 0001:000009ec       ??_C@_05IDIBPCOP@__div?$AA@ 00000001800019ec     bit64.obj
 0001:000009f4       ??_C@_05ICPALBAE@__mod?$AA@ 00000001800019f4     bit64.obj
 0001:000009fc       ??_C@_05MHFNBPAK@__unm?$AA@ 00000001800019fc     bit64.obj
 0001:00000a04       ??_C@_04GIMIAOHA@__eq?$AA@ 0000000180001a04     bit64.obj
 0001:00000a0c       ??_C@_04BKGOMBLK@__lt?$AA@ 0000000180001a0c     bit64.obj
 0001:00000a14       ??_C@_04EJLHOCKK@__le?$AA@ 0000000180001a14     bit64.obj
 0001:00000a20       ??_C@_0L@HDFPAPPH@__tostring?$AA@ 0000000180001a20     bit64.obj
 0001:00000a30       ??_C@_09GPALILFO@bad?5int64?$AA@ 0000000180001a30     bit64.obj
 0001:00000a3c       ??_C@_05LLAMLEHD@?$CFI64d?$AA@ 0000000180001a3c     bit64.obj
 0001:00000a44       ??_C@_05OALCLICP@bit64?$AA@ 0000000180001a44     bit64.obj
 0001:00000a50       __real@433fffffffffffff    0000000180001a50     bit64.obj
 0001:00000a60       __xmm@80000000000000008000000000000000 0000000180001a60     bit64.obj
 0001:00000fb8       COLLECTOR_FD               0000000180001fb8     exported.obj
 0001:00000fd0       COLLECTOR_OPI              0000000180001fd0     exported.obj
 0001:00000fe8       COLLECTOR_PI               0000000180001fe8     exported.obj
 0001:00001000       KEY_OBJECT                 0000000180002000     exported.obj
 0001:00001288       ??_C@_05GFCDIDHO@debug?$AA@ 0000000180002288     exported.obj
 0001:00001290       ??_C@_09GPFEECNC@traceback?$AA@ 0000000180002290     exported.obj
 0001:0000129c       ??_C@_06NKNNMLDJ@export?$AA@ 000000018000229c     exported.obj
 0001:000012a8       ??_C@_07PCNKBAGB@OnError?$AA@ 00000001800022a8     exported.obj
 0001:000012b0       ??_C@_0N@NJMIGDDL@CreationTime?$AA@ 00000001800022b0     exported.obj
 0001:000012c0       ??_C@_0P@MFHPCDDH@LastAccessTime?$AA@ 00000001800022c0     exported.obj
 0001:000012d0       ??_C@_0O@FCFNCAHK@LastWriteTime?$AA@ 00000001800022d0     exported.obj
 0001:000012e0       ??_C@_0L@FCILKIIG@ChangeTime?$AA@ 00000001800022e0     exported.obj
 0001:000012f0       ??_C@_08BHIEONMC@FileSize?$AA@ 00000001800022f0     exported.obj
 0001:00001300       ??_C@_0P@JBACEJLL@AllocationSize?$AA@ 0000000180002300     exported.obj
 0001:00001310       ??_C@_05BOOEKJH@Flags?$AA@ 0000000180002310     exported.obj
 0001:00001318       ??_C@_0O@DLGJHFNH@NumberOfLinks?$AA@ 0000000180002318     exported.obj
 0001:00001328       ??_C@_05MHNOECFO@CRC32?$AA@ 0000000180002328     exported.obj
 0001:00001330       ??_C@_08FDCJCDOL@FileName?$AA@ 0000000180002330     exported.obj
 0001:00001340       ??_C@_0BC@COCBGKAE@AlternateFileName?$AA@ 0000000180002340     exported.obj
 0001:00001358       ??_C@_0M@OHKMKKDH@Description?$AA@ 0000000180002358     exported.obj
 0001:00001364       ??_C@_05HDCNEILF@Owner?$AA@ 0000000180002364     exported.obj
 0001:0000136c       ??_C@_11LOCGONAA@?$AA?$AA@ 000000018000236c     exported.obj
 0001:00001370       ??_C@_08JNHPECBG@UserData?$AA@ 0000000180002370     exported.obj
 0001:00001380       ??_C@_0M@DFMHDHBL@GetFindData?$AA@ 0000000180002380     exported.obj
 0001:00001390       ??_C@_08CJLOJPNI@selected?$AA@ 0000000180002390     exported.obj
 0001:000013a0       ??_C@_08FFPEEIHA@GetFiles?$AA@ 00000001800023a0     exported.obj
 0001:000013b0       ??_C@_0BC@IECOKJFL@GetFiles?4DestPath?$AA@ 00000001800023b0     exported.obj
 0001:000013c4       ??_C@_03JEOKDCFP@far?$AA@  00000001800023c4     exported.obj
 0001:000013c8       ??_C@_0BE@HCPAIELH@ReloadDefaultScript?$AA@ 00000001800023c8     exported.obj
 0001:000013e0       ??_C@_0L@OCPPMCCK@StructSize?$AA@ 00000001800023e0     exported.obj
 0001:000013ec       ??_C@_06LBMCOACO@Buffer?$AA@ 00000001800023ec     exported.obj
 0001:000013f4       ??_C@_06EPIAKPGD@OpMode?$AA@ 00000001800023f4     exported.obj
 0001:00001400       ??_C@_07GDADDFBD@Analyse?$AA@ 0000000180002400     exported.obj
 0001:00001408       ??_C@_0BB@CKIGBGLB@GetOpenPanelInfo?$AA@ 0000000180002408     exported.obj
 0001:0000141c       ??_C@_05ELNJBDOO@reuse?$AA@ 000000018000241c     exported.obj
 0001:00001430       ??_C@_1EO@OOOCECGK@?$AAG?$AAe?$AAt?$AAO?$AAp?$AAe?$AAn?$AAP?$AAa?$AAn?$AAe?$AAl?$AAI?$AAn?$AAf?$AAo?$AA?5?$AAs?$AAh?$AAo?$AAu?$AAl?$AAd?$AA?5?$AAr?$AAe?$AAt?$AAu?$AAr?$AAn?$AA?5?$AAa@ 0000000180002430     exported.obj
 0001:00001480       ??_C@_08KDMNIFGM@FreeSize?$AA@ 0000000180002480     exported.obj
 0001:00001490       ??_C@_08PAJOMFPO@HostFile?$AA@ 0000000180002490     exported.obj
 0001:0000149c       ??_C@_06IBPEEEAJ@CurDir?$AA@ 000000018000249c     exported.obj
 0001:000014a4       ??_C@_06PEPCFMNJ@Format?$AA@ 00000001800024a4     exported.obj
 0001:000014b0       ??_C@_0L@CMHIOLLB@PanelTitle?$AA@ 00000001800024b0     exported.obj
 0001:000014c0       ??_C@_09PMEOAIAA@InfoLines?$AA@ 00000001800024c0     exported.obj
 0001:000014d0       ??_C@_0BA@BLCGOCOG@InfoLinesNumber?$AA@ 00000001800024d0     exported.obj
 0001:000014e0       ??_C@_04OJAHODMC@Text?$AA@ 00000001800024e0     exported.obj
 0001:000014e8       ??_C@_04DICKPMGH@Data?$AA@ 00000001800024e8     exported.obj
 0001:000014f0       ??_C@_0L@FPEHOFAI@DescrFiles?$AA@ 00000001800024f0     exported.obj
 0001:00001500       ??_C@_0BA@BBOGKOKF@PanelModesArray?$AA@ 0000000180002500     exported.obj
 0001:00001510       ??_C@_0BB@LFNABPEF@PanelModesNumber?$AA@ 0000000180002510     exported.obj
 0001:00001528       ??_C@_0M@KDJPJFOF@ColumnTypes?$AA@ 0000000180002528     exported.obj
 0001:00001538       ??_C@_0N@ILFJPGHI@ColumnWidths?$AA@ 0000000180002538     exported.obj
 0001:00001548       ??_C@_0BC@KELOOKNK@StatusColumnTypes?$AA@ 0000000180002548     exported.obj
 0001:00001560       ??_C@_0BD@DNDIPKDK@StatusColumnWidths?$AA@ 0000000180002560     exported.obj
 0001:00001578       ??_C@_0N@EHCEJHEE@ColumnTitles?$AA@ 0000000180002578     exported.obj
 0001:00001588       ??_C@_0P@BEEDPJDK@StartPanelMode?$AA@ 0000000180002588     exported.obj
 0001:00001598       ??_C@_0O@NIFKFGBJ@StartSortMode?$AA@ 0000000180002598     exported.obj
 0001:000015a8       ??_C@_0P@KMACBLNK@StartSortOrder?$AA@ 00000001800025a8     exported.obj
 0001:000015b8       ??_C@_06ONGFDHIA@KeyBar?$AA@ 00000001800025b8     exported.obj
 0001:000015c0       ??_C@_0P@PKDBPEJI@VirtualKeyCode?$AA@ 00000001800025c0     exported.obj
 0001:000015d0       ??_C@_0BA@MFFHAKP@ControlKeyState?$AA@ 00000001800025d0     exported.obj
 0001:000015e0       ??_C@_08DGDJEKCP@LongText?$AA@ 00000001800025e0     exported.obj
 0001:000015f0       ??_C@_0N@IHDKLODA@ShortcutData?$AA@ 00000001800025f0     exported.obj
 0001:00001600       ??_C@_05HIFJDKLD@array?$AA@ 0000000180002600     exported.obj
 0001:00001608       ??_C@_01EFFIKLCJ@n?$AA@    0000000180002608     exported.obj
 0001:0000160a       ??_C@_00CNPNBAHC@?$AA@     000000018000260a     exported.obj
 0001:0000160c       ??_C@_04DNCDCIAE@Open?$AA@ 000000018000260c     exported.obj
 0001:00001614       ??_C@_04OPJIDECA@hDlg?$AA@ 0000000180002614     exported.obj
 0001:0000161c       ??_C@_06BNNOMDLO@Handle?$AA@ 000000018000261c     exported.obj
 0001:00001628       ??_C@_0L@JMPDJFBN@ClosePanel?$AA@ 0000000180002628     exported.obj
 0001:00001638       ??_C@_07MBOMJGGF@Compare?$AA@ 0000000180002638     exported.obj
 0001:00001640       ??_C@_09NANCCILE@Configure?$AA@ 0000000180002640     exported.obj
 0001:00001650       ??_C@_0M@MMKKMEFA@DeleteFiles?$AA@ 0000000180002650     exported.obj
 0001:00001660       ??_C@_0O@GLLEDHJA@MakeDirectory?$AA@ 0000000180002660     exported.obj
 0001:00001670       ??_C@_0BD@PJNONGDB@MakeDirectory?4Name?$AA@ 0000000180002670     exported.obj
 0001:00001688       ??_C@_0BC@COPMJGBI@ProcessPanelEvent?$AA@ 0000000180002688     exported.obj
 0001:000016a0       ??_C@_0BA@DPJAKFGC@ProcessHostFile?$AA@ 00000001800026a0     exported.obj
 0001:000016b0       ??_C@_0BC@HOBKGBBM@ProcessPanelInput?$AA@ 00000001800026b0     exported.obj
 0001:000016c8       ??_C@_08OBOOFGOD@PutFiles?$AA@ 00000001800026c8     exported.obj
 0001:000016d8       ??_C@_0N@KCFEBPAO@SetDirectory?$AA@ 00000001800026d8     exported.obj
 0001:000016e8       ??_C@_0M@PNOHHCCH@SetFindList?$AA@ 00000001800026e8     exported.obj
 0001:000016f8       ??_C@_07EACELFAO@ExitFAR?$AA@ 00000001800026f8     exported.obj
 0001:00001700       ??_C@_0O@OBCKADMD@GetPluginInfo?$AA@ 0000000180002700     exported.obj
 0001:00001710       ??_C@_0O@GDMHGAFH@CommandPrefix?$AA@ 0000000180002710     exported.obj
 0001:00001720       ??_C@_0O@PHBKMNMJ@DiskMenuGuids?$AA@ 0000000180002720     exported.obj
 0001:00001730       ??_C@_0BA@NLBDFPEO@DiskMenuStrings?$AA@ 0000000180002730     exported.obj
 0001:00001740       ??_C@_0BA@FOMPNLJF@PluginMenuGuids?$AA@ 0000000180002740     exported.obj
 0001:00001750       ??_C@_0BC@DJMJFBJC@PluginMenuStrings?$AA@ 0000000180002750     exported.obj
 0001:00001768       ??_C@_0BC@ILBHAHCH@PluginConfigGuids?$AA@ 0000000180002768     exported.obj
 0001:00001780       ??_C@_0BE@GAFPNGIP@PluginConfigStrings?$AA@ 0000000180002780     exported.obj
 0001:00001798       ??_C@_0BD@DECJPBBK@ProcessEditorInput?$AA@ 0000000180002798     exported.obj
 0001:000017b0       ??_C@_0BD@GEMPAGBO@ProcessEditorEvent?$AA@ 00000001800027b0     exported.obj
 0001:000017c4       ??_C@_04KOACHJEN@Type?$AA@ 00000001800027c4     exported.obj
 0001:000017d0       ??_C@_0N@EKPHGDMI@StringNumber?$AA@ 00000001800027d0     exported.obj
 0001:000017e0       ??_C@_07MOCFLHCN@FileEOL?$AA@ 00000001800027e0     exported.obj
 0001:000017e8       ??_C@_08DOHJINHB@CodePage?$AA@ 00000001800027e8     exported.obj
 0001:000017f8       ??_C@_0BD@GGKMLEJG@ProcessViewerEvent?$AA@ 00000001800027f8     exported.obj
 0001:00001810       ??_C@_0BD@FNHBEIC@ProcessDialogEvent?$AA@ 0000000180002810     exported.obj
 0001:00001824       ??_C@_06CPBJDKAC@Param2?$AA@ 0000000180002824     exported.obj
 0001:0000182c       ??_C@_06EDEGJMB@Param1?$AA@ 000000018000282c     exported.obj
 0001:00001834       ??_C@_03MLMOILGK@Msg?$AA@  0000000180002834     exported.obj
 0001:00001838       ??_C@_0BE@LHJGGGHN@ProcessSynchroEvent?$AA@ 0000000180002838     exported.obj
 0001:00001850       ??_C@_0O@EIDNINIK@GetCustomData?$AA@ 0000000180002850     exported.obj
 0001:00001860       ??_C@_0N@DDJEHLKE@?$DM_globalinfo?$AA@ 0000000180002860     exported.obj
 0001:00001870       ??_C@_07KNEGBPNO@package?$AA@ 0000000180002870     exported.obj
 0001:00001878       ??_C@_07GCEAJMEA@preload?$AA@ 0000000180002878     exported.obj
 0001:00001880       ??_C@_1CA@IBKDMBNJ@?$AA_?$AAg?$AAl?$AAo?$AAb?$AAa?$AAl?$AAi?$AAn?$AAf?$AAo?$AA?4?$AAl?$AAu?$AAa?$AA?$AA@ 0000000180002880     exported.obj
 0001:000018a0       ??_C@_0O@GJMOPLGM@GetGlobalInfo?$AA@ 00000001800028a0     exported.obj
 0001:000018b0       ??_C@_0O@CALOEOI@MinFarVersion?$AA@ 00000001800028b0     exported.obj
 0001:000018c0       ??_C@_07NGFJPNPN@Version?$AA@ 00000001800028c0     exported.obj
 0001:000018c8       ??_C@_04MJHIICBJ@Guid?$AA@ 00000001800028c8     exported.obj
 0001:000018d0       ??_C@_05PABKJLOM@Title?$AA@ 00000001800028d0     exported.obj
 0001:000018d8       ??_C@_06HHECMMLE@Author?$AA@ 00000001800028d8     exported.obj
 0001:000018e0       ??_C@_0BE@DONMOPMJ@ProcessConsoleInput?$AA@ 00000001800028e0     exported.obj
 0001:000018f8       __real@43e0000000000000    00000001800028f8     exported.obj
 0001:00001900       __real@bff0000000000000    0000000180002900     exported.obj
 0001:00001da0       Vals                       0000000180002da0     flags.obj
 0001:000035d8       ??_C@_0BI@IDKIJMME@FARMANAGERVERSION_MAJOR?$AA@ 00000001800045d8     flags.obj
 0001:000035f0       ??_C@_0BI@DMLKEAFC@FARMANAGERVERSION_MINOR?$AA@ 00000001800045f0     flags.obj
 0001:00003608       ??_C@_0BL@NMALNAFP@FARMANAGERVERSION_REVISION?$AA@ 0000000180004608     flags.obj
 0001:00003628       ??_C@_0BI@OLPFLLDD@FARMANAGERVERSION_BUILD?$AA@ 0000000180004628     flags.obj
 0001:00003640       ??_C@_0BI@MOOFLFPC@FARMANAGERVERSION_STAGE?$AA@ 0000000180004640     flags.obj
 0001:00003658       ??_C@_0BD@BKCIMEKM@FARMACRO_KEY_EVENT?$AA@ 0000000180004658     flags.obj
 0001:00003670       ??_C@_0L@MIDBGFJO@CP_UNICODE?$AA@ 0000000180004670     flags.obj
 0001:00003680       ??_C@_0O@MNMCMEJH@CP_REVERSEBOM?$AA@ 0000000180004680     flags.obj
 0001:00003690       ??_C@_0L@JDNPCEDH@CP_DEFAULT?$AA@ 0000000180004690     flags.obj
 0001:000036a0       ??_C@_0M@OMCMFJHA@CP_REDETECT?$AA@ 00000001800046a0     flags.obj
 0001:000036b0       ??_C@_09MNAPNKKC@INDEXMASK?$AA@ 00000001800046b0     flags.obj
 0001:000036c0       ??_C@_09BLFIDJLF@COLORMASK?$AA@ 00000001800046c0     flags.obj
 0001:000036d0       ??_C@_09ENNBLPJC@ALPHAMASK?$AA@ 00000001800046d0     flags.obj
 0001:000036e0       ??_C@_0L@EHFOPLFD@PANEL_NONE?$AA@ 00000001800046e0     flags.obj
 0001:000036f0       ??_C@_0N@LPMKALBG@PANEL_ACTIVE?$AA@ 00000001800046f0     flags.obj
 0001:00003700       ??_C@_0O@HPKEABPN@PANEL_PASSIVE?$AA@ 0000000180004700     flags.obj
 0001:00003710       ??_C@_0L@GOEBPENN@PANEL_STOP?$AA@ 0000000180004710     flags.obj
 0001:00003720       ??_C@_0N@HLIFAAPJ@EEREDRAW_ALL?$AA@ 0000000180004720     flags.obj
 0001:00003730       ??_C@_0P@NHNDIKJ@CURRENT_EDITOR?$AA@ 0000000180004730     flags.obj
 0001:00003740       ??_C@_0BN@PPNDCHHA@EDITOR_COLOR_NORMAL_PRIORITY?$AA@ 0000000180004740     flags.obj
 0001:00003760       ??_C@_07MGGAEAFF@DI_TEXT?$AA@ 0000000180004760     flags.obj
 0001:00003768       ??_C@_08HODBDEHE@DI_VTEXT?$AA@ 0000000180004768     flags.obj
 0001:00003778       ??_C@_0N@IGKKGFMF@DI_SINGLEBOX?$AA@ 0000000180004778     flags.obj
 0001:00003788       ??_C@_0N@EDCLIEAE@DI_DOUBLEBOX?$AA@ 0000000180004788     flags.obj
 0001:00003798       ??_C@_07DOLIFAEF@DI_EDIT?$AA@ 0000000180004798     flags.obj
 0001:000037a0       ??_C@_0L@EOMEIIFM@DI_PSWEDIT?$AA@ 00000001800047a0     flags.obj
 0001:000037b0       ??_C@_0L@MGOIMBKF@DI_FIXEDIT?$AA@ 00000001800047b0     flags.obj
 0001:000037c0       ??_C@_09GGAEMAPJ@DI_BUTTON?$AA@ 00000001800047c0     flags.obj
 0001:000037d0       ??_C@_0M@MHFHGPHJ@DI_CHECKBOX?$AA@ 00000001800047d0     flags.obj
 0001:000037e0       ??_C@_0P@GIPCGMBE@DI_RADIOBUTTON?$AA@ 00000001800047e0     flags.obj
 0001:000037f0       ??_C@_0M@MAKBFNGC@DI_COMBOBOX?$AA@ 00000001800047f0     flags.obj
 0001:00003800       ??_C@_0L@ONDMPPPO@DI_LISTBOX?$AA@ 0000000180004800     flags.obj
 0001:00003810       ??_C@_0P@GDJDPEIK@DI_USERCONTROL?$AA@ 0000000180004810     flags.obj
 0001:00003820       ??_C@_08KAEGOLOB@DM_FIRST?$AA@ 0000000180004820     flags.obj
 0001:00003830       ??_C@_08MJMBFJHA@DM_CLOSE?$AA@ 0000000180004830     flags.obj
 0001:00003840       ??_C@_09KLJOCKAA@DM_ENABLE?$AA@ 0000000180004840     flags.obj
 0001:00003850       ??_C@_0BA@KAMJGFDG@DM_ENABLEREDRAW?$AA@ 0000000180004850     flags.obj
 0001:00003860       ??_C@_0O@FKGMMKLP@DM_GETDLGDATA?$AA@ 0000000180004860     flags.obj
 0001:00003870       ??_C@_0O@HEGKCPOI@DM_GETDLGITEM?$AA@ 0000000180004870     flags.obj
 0001:00003880       ??_C@_0O@BEHCGMCL@DM_GETDLGRECT?$AA@ 0000000180004880     flags.obj
 0001:00003890       ??_C@_0L@ELBDNLFO@DM_GETTEXT?$AA@ 0000000180004890     flags.obj
 0001:0000389c       ??_C@_06IKGPEGEJ@DM_KEY?$AA@ 000000018000489c     flags.obj
 0001:000038a8       ??_C@_0O@DIPLLJEH@DM_MOVEDIALOG?$AA@ 00000001800048a8     flags.obj
 0001:000038b8       ??_C@_0O@EEEDHNPG@DM_SETDLGDATA?$AA@ 00000001800048b8     flags.obj
 0001:000038c8       ??_C@_0O@GKEFJIKB@DM_SETDLGITEM?$AA@ 00000001800048c8     flags.obj
 0001:000038d8       ??_C@_0M@GOFGHDFK@DM_SETFOCUS?$AA@ 00000001800048d8     flags.obj
 0001:000038e8       ??_C@_09ILPFEDOM@DM_REDRAW?$AA@ 00000001800048e8     flags.obj
 0001:000038f8       ??_C@_0L@LDOCOEIP@DM_SETTEXT?$AA@ 00000001800048f8     flags.obj
 0001:00003908       ??_C@_0BE@LABEAIPD@DM_SETMAXTEXTLENGTH?$AA@ 0000000180004908     flags.obj
 0001:00003920       ??_C@_0O@BIFKIPIP@DM_SHOWDIALOG?$AA@ 0000000180004920     flags.obj
 0001:00003930       ??_C@_0M@JPHKGACH@DM_GETFOCUS?$AA@ 0000000180004930     flags.obj
 0001:00003940       ??_C@_0BA@NLMONBKJ@DM_GETCURSORPOS?$AA@ 0000000180004940     flags.obj
 0001:00003950       ??_C@_0BA@KPHABNOF@DM_SETCURSORPOS?$AA@ 0000000180004950     flags.obj
 0001:00003960       ??_C@_0O@LGEKFPKK@DM_SETTEXTPTR?$AA@ 0000000180004960     flags.obj
 0001:00003970       ??_C@_0M@NCOJHJKI@DM_SHOWITEM?$AA@ 0000000180004970     flags.obj
 0001:00003980       ??_C@_0O@GKKCFHIM@DM_ADDHISTORY?$AA@ 0000000180004980     flags.obj
 0001:00003990       ??_C@_0M@MCEMDFMD@DM_GETCHECK?$AA@ 0000000180004990     flags.obj
 0001:000039a0       ??_C@_0M@DDGACGLO@DM_SETCHECK?$AA@ 00000001800049a0     flags.obj
 0001:000039b0       ??_C@_0N@MEGOPFGK@DM_SET3STATE?$AA@ 00000001800049b0     flags.obj
 0001:000039c0       ??_C@_0M@GEPBDDNC@DM_LISTSORT?$AA@ 00000001800049c0     flags.obj
 0001:000039d0       ??_C@_0P@NFJNHAKH@DM_LISTGETITEM?$AA@ 00000001800049d0     flags.obj
 0001:000039e0       ??_C@_0BB@EEIMACNO@DM_LISTGETCURPOS?$AA@ 00000001800049e0     flags.obj
 0001:000039f8       ??_C@_0BB@GKMJCDEM@DM_LISTSETCURPOS?$AA@ 00000001800049f8     flags.obj
 0001:00003a10       ??_C@_0O@NOPCAHGJ@DM_LISTDELETE?$AA@ 0000000180004a10     flags.obj
 0001:00003a20       ??_C@_0L@BMEAECNG@DM_LISTADD?$AA@ 0000000180004a20     flags.obj
 0001:00003a30       ??_C@_0O@HBHDMHP@DM_LISTADDSTR?$AA@ 0000000180004a30     flags.obj
 0001:00003a40       ??_C@_0O@PDFCNPKN@DM_LISTUPDATE?$AA@ 0000000180004a40     flags.obj
 0001:00003a50       ??_C@_0O@GAAGMJJL@DM_LISTINSERT?$AA@ 0000000180004a50     flags.obj
 0001:00003a60       ??_C@_0BC@MIFCLOBD@DM_LISTFINDSTRING?$AA@ 0000000180004a60     flags.obj
 0001:00003a78       ??_C@_0M@EEAEBLKC@DM_LISTINFO?$AA@ 0000000180004a78     flags.obj
 0001:00003a88       ??_C@_0P@PLJLJFPA@DM_LISTGETDATA?$AA@ 0000000180004a88     flags.obj
 0001:00003a98       ??_C@_0P@DGKKKCB@DM_LISTSETDATA?$AA@ 0000000180004a98     flags.obj
 0001:00003aa8       ??_C@_0BB@CELMNLLN@DM_LISTSETTITLES?$AA@ 0000000180004aa8     flags.obj
 0001:00003ac0       ??_C@_0BB@KPJPKCP@DM_LISTGETTITLES?$AA@ 0000000180004ac0     flags.obj
 0001:00003ad8       ??_C@_0BA@ICDJCFLE@DM_RESIZEDIALOG?$AA@ 0000000180004ad8     flags.obj
 0001:00003ae8       ??_C@_0BD@CNGGHGJF@DM_SETITEMPOSITION?$AA@ 0000000180004ae8     flags.obj
 0001:00003b00       ??_C@_0BF@JMINBGBA@DM_GETDROPDOWNOPENED?$AA@ 0000000180004b00     flags.obj
 0001:00003b18       ??_C@_0BF@LJIGJNAO@DM_SETDROPDOWNOPENED?$AA@ 0000000180004b18     flags.obj
 0001:00003b30       ??_C@_0O@NPDKADMJ@DM_SETHISTORY?$AA@ 0000000180004b30     flags.obj
 0001:00003b40       ??_C@_0BD@BPHAAEIM@DM_GETITEMPOSITION?$AA@ 0000000180004b40     flags.obj
 0001:00003b58       ??_C@_0BH@CFMLLNNM@DM_SETMOUSEEVENTNOTIFY?$AA@ 0000000180004b58     flags.obj
 0001:00003b70       ??_C@_0BF@IAGIACOD@DM_EDITUNCHANGEDFLAG?$AA@ 0000000180004b70     flags.obj
 0001:00003b88       ??_C@_0P@OJKNHIPN@DM_GETITEMDATA?$AA@ 0000000180004b88     flags.obj
 0001:00003b98       ??_C@_0P@OGLDKOHO@DM_SETITEMDATA?$AA@ 0000000180004b98     flags.obj
 0001:00003ba8       ??_C@_0L@KNFAKFKE@DM_LISTSET?$AA@ 0000000180004ba8     flags.obj
 0001:00003bb8       ??_C@_0BB@EPMFHAFO@DM_GETCURSORSIZE?$AA@ 0000000180004bb8     flags.obj
 0001:00003bd0       ??_C@_0BB@DANLMDCJ@DM_SETCURSORSIZE?$AA@ 0000000180004bd0     flags.obj
 0001:00003be8       ??_C@_0BD@LAOOKGHD@DM_LISTGETDATASIZE?$AA@ 0000000180004be8     flags.obj
 0001:00003c00       ??_C@_0BA@BHGANJAP@DM_GETSELECTION?$AA@ 0000000180004c00     flags.obj
 0001:00003c10       ??_C@_0BA@GDNOBFED@DM_SETSELECTION?$AA@ 0000000180004c10     flags.obj
 0001:00003c20       ??_C@_0BD@FIHDGIGO@DM_GETEDITPOSITION?$AA@ 0000000180004c20     flags.obj
 0001:00003c38       ??_C@_0BD@GKGFBKHH@DM_SETEDITPOSITION?$AA@ 0000000180004c38     flags.obj
 0001:00003c50       ??_C@_0BE@MCECGHBC@DM_SETCOMBOBOXEVENT?$AA@ 0000000180004c50     flags.obj
 0001:00003c68       ??_C@_0BE@KGBLNJKA@DM_GETCOMBOBOXEVENT?$AA@ 0000000180004c68     flags.obj
 0001:00003c80       ??_C@_0BD@CJEPBACF@DM_GETCONSTTEXTPTR?$AA@ 0000000180004c80     flags.obj
 0001:00003c98       ??_C@_0BD@HOOHICEG@DM_GETDLGITEMSHORT?$AA@ 0000000180004c98     flags.obj
 0001:00003cb0       ??_C@_0BD@EMPBPAFP@DM_SETDLGITEMSHORT?$AA@ 0000000180004cb0     flags.obj
 0001:00003cc8       ??_C@_0BB@GAPFMPKE@DM_GETDIALOGINFO?$AA@ 0000000180004cc8     flags.obj
 0001:00003ce0       ??_C@_08COMJOMAC@DN_FIRST?$AA@ 0000000180004ce0     flags.obj
 0001:00003cf0       ??_C@_0M@NNNAPNMA@DN_BTNCLICK?$AA@ 0000000180004cf0     flags.obj
 0001:00003d00       ??_C@_0BC@MJFJAANN@DN_CTLCOLORDIALOG?$AA@ 0000000180004d00     flags.obj
 0001:00003d18       ??_C@_0BD@HFGBIBBL@DN_CTLCOLORDLGITEM?$AA@ 0000000180004d18     flags.obj
 0001:00003d30       ??_C@_0BD@JMFJPHPD@DN_CTLCOLORDLGLIST?$AA@ 0000000180004d30     flags.obj
 0001:00003d48       ??_C@_0O@NKBDPILK@DN_DRAWDIALOG?$AA@ 0000000180004d48     flags.obj
 0001:00003d58       ??_C@_0P@KGKEDPBI@DN_DRAWDLGITEM?$AA@ 0000000180004d58     flags.obj
 0001:00003d68       ??_C@_0O@JMKNGFLE@DN_EDITCHANGE?$AA@ 0000000180004d68     flags.obj
 0001:00003d78       ??_C@_0N@OCGKCPJF@DN_ENTERIDLE?$AA@ 0000000180004d78     flags.obj
 0001:00003d88       ??_C@_0M@JHFIBKOO@DN_GOTFOCUS?$AA@ 0000000180004d88     flags.obj
 0001:00003d98       ??_C@_07NJJEMKPA@DN_HELP?$AA@ 0000000180004d98     flags.obj
 0001:00003da0       ??_C@_09EDGJFAK@DN_HOTKEY?$AA@ 0000000180004da0     flags.obj
 0001:00003db0       ??_C@_0O@BJECHBCA@DN_INITDIALOG?$AA@ 0000000180004db0     flags.obj
 0001:00003dc0       ??_C@_0N@CHLLLNBO@DN_KILLFOCUS?$AA@ 0000000180004dc0     flags.obj
 0001:00003dd0       ??_C@_0O@CLPABIGO@DN_LISTCHANGE?$AA@ 0000000180004dd0     flags.obj
 0001:00003de0       ??_C@_0L@MLMFBHN@DN_DRAGGED?$AA@ 0000000180004de0     flags.obj
 0001:00003df0       ??_C@_0BB@BOOOCAEG@DN_RESIZECONSOLE?$AA@ 0000000180004df0     flags.obj
 0001:00003e08       ??_C@_0BC@FHPPFLKG@DN_DRAWDIALOGDONE?$AA@ 0000000180004e08     flags.obj
 0001:00003e20       ??_C@_0O@EONPBNNP@DN_LISTHOTKEY?$AA@ 0000000180004e20     flags.obj
 0001:00003e30       ??_C@_08MDDLDGPO@DN_INPUT?$AA@ 0000000180004e30     flags.obj
 0001:00003e40       ??_C@_0BA@FGOGLDBC@DN_CONTROLINPUT?$AA@ 0000000180004e40     flags.obj
 0001:00003e50       ??_C@_08EHEOFOJD@DN_CLOSE?$AA@ 0000000180004e50     flags.obj
 0001:00003e60       ??_C@_0M@POIFBPFN@DN_GETVALUE?$AA@ 0000000180004e60     flags.obj
 0001:00003e70       ??_C@_07DIJJNCBA@DM_USER?$AA@ 0000000180004e70     flags.obj
 0001:00003e78       ??_C@_0BB@HLBBGMAN@BSTATE_UNCHECKED?$AA@ 0000000180004e78     flags.obj
 0001:00003e90       ??_C@_0P@FALAMPGP@BSTATE_CHECKED?$AA@ 0000000180004e90     flags.obj
 0001:00003ea0       ??_C@_0O@KBIFGGHO@BSTATE_3STATE?$AA@ 0000000180004ea0     flags.obj
 0001:00003eb0       ??_C@_0O@ILJOJGLD@BSTATE_TOGGLE?$AA@ 0000000180004eb0     flags.obj
 0001:00003ec0       ??_C@_08PPADCPCM@CBET_KEY?$AA@ 0000000180004ec0     flags.obj
 0001:00003ed0       ??_C@_0L@KHCLMGFJ@CBET_MOUSE?$AA@ 0000000180004ed0     flags.obj
 0001:00003ee0       ??_C@_0BA@KNHGEBNE@PTYPE_FILEPANEL?$AA@ 0000000180004ee0     flags.obj
 0001:00003ef0       ??_C@_0BA@LPPHNHIG@PTYPE_TREEPANEL?$AA@ 0000000180004ef0     flags.obj
 0001:00003f00       ??_C@_0BB@JBINOKAI@PTYPE_QVIEWPANEL?$AA@ 0000000180004f00     flags.obj
 0001:00003f18       ??_C@_0BA@NKMDEBG@PTYPE_INFOPANEL?$AA@ 0000000180004f18     flags.obj
 0001:00003f28       ??_C@_0L@OPHJOKKE@SM_DEFAULT?$AA@ 0000000180004f28     flags.obj
 0001:00003f38       ??_C@_0M@JGBFGGEA@SM_UNSORTED?$AA@ 0000000180004f38     flags.obj
 0001:00003f48       ??_C@_07KIFHAGIL@SM_NAME?$AA@ 0000000180004f48     flags.obj
 0001:00003f50       ??_C@_06GJJJNNFE@SM_EXT?$AA@ 0000000180004f50     flags.obj
 0001:00003f58       ??_C@_08FICJBKFN@SM_MTIME?$AA@ 0000000180004f58     flags.obj
 0001:00003f68       ??_C@_08GCCDHLCN@SM_CTIME?$AA@ 0000000180004f68     flags.obj
 0001:00003f78       ??_C@_08CPOLNKCG@SM_ATIME?$AA@ 0000000180004f78     flags.obj
 0001:00003f88       ??_C@_07OMPKMIKC@SM_SIZE?$AA@ 0000000180004f88     flags.obj
 0001:00003f90       ??_C@_08BCBPOLMA@SM_DESCR?$AA@ 0000000180004f90     flags.obj
 0001:00003fa0       ??_C@_08MEAGCMBB@SM_OWNER?$AA@ 0000000180004fa0     flags.obj
 0001:00003fb0       ??_C@_0BC@NKDBNAHD@SM_COMPRESSEDSIZE?$AA@ 0000000180004fb0     flags.obj
 0001:00003fc8       ??_C@_0M@PKNLKFI@SM_NUMLINKS?$AA@ 0000000180004fc8     flags.obj
 0001:00003fd8       ??_C@_0O@CCKEKPHL@SM_NUMSTREAMS?$AA@ 0000000180004fd8     flags.obj
 0001:00003fe8       ??_C@_0P@PKGMDPMD@SM_STREAMSSIZE?$AA@ 0000000180004fe8     flags.obj
 0001:00003ff8       ??_C@_0M@OAFEBGNH@SM_FULLNAME?$AA@ 0000000180004ff8     flags.obj
 0001:00004008       ??_C@_09KFKGJDHC@SM_CHTIME?$AA@ 0000000180005008     flags.obj
 0001:00004018       ??_C@_0P@FEMAMJLE@EEC_OPEN_ERROR?$AA@ 0000000180005018     flags.obj
 0001:00004028       ??_C@_0N@GLMELIKF@EEC_MODIFIED?$AA@ 0000000180005028     flags.obj
 0001:00004038       ??_C@_0BB@HALKEFOL@EEC_NOT_MODIFIED?$AA@ 0000000180005038     flags.obj
 0001:00004050       ??_C@_0BI@CNPFKHKO@EEC_LOADING_INTERRUPTED?$AA@ 0000000180005050     flags.obj
 0001:00004068       ??_C@_0BK@PHBCABMB@ACTL_GETFARMANAGERVERSION?$AA@ 0000000180005068     flags.obj
 0001:00004088       ??_C@_0N@DPABJDML@ACTL_WAITKEY?$AA@ 0000000180005088     flags.obj
 0001:00004098       ??_C@_0O@CEHHJAFD@ACTL_GETCOLOR?$AA@ 0000000180005098     flags.obj
 0001:000040a8       ??_C@_0BD@OKPAACIK@ACTL_GETARRAYCOLOR?$AA@ 00000001800050a8     flags.obj
 0001:000040c0       ??_C@_0BD@DIFEEKNN@ACTL_GETWINDOWINFO?$AA@ 00000001800050c0     flags.obj
 0001:000040d8       ??_C@_0BE@PJBIPKOD@ACTL_GETWINDOWCOUNT?$AA@ 00000001800050d8     flags.obj
 0001:000040f0       ??_C@_0BG@MNKPOEEN@ACTL_SETCURRENTWINDOW?$AA@ 00000001800050f0     flags.obj
 0001:00004108       ??_C@_0M@IHHFGPPA@ACTL_COMMIT?$AA@ 0000000180005108     flags.obj
 0001:00004118       ??_C@_0BA@CLHFKJJP@ACTL_GETFARHWND?$AA@ 0000000180005118     flags.obj
 0001:00004128       ??_C@_0BD@JFOOLBPN@ACTL_SETARRAYCOLOR?$AA@ 0000000180005128     flags.obj
 0001:00004140       ??_C@_0P@JECKFIA@ACTL_REDRAWALL?$AA@ 0000000180005140     flags.obj
 0001:00004150       ??_C@_0N@DHPLJLHO@ACTL_SYNCHRO?$AA@ 0000000180005150     flags.obj
 0001:00004160       ??_C@_0BG@IJPADENB@ACTL_SETPROGRESSSTATE?$AA@ 0000000180005160     flags.obj
 0001:00004178       ??_C@_0BG@ICJFAPHK@ACTL_SETPROGRESSVALUE?$AA@ 0000000180005178     flags.obj
 0001:00004190       ??_C@_09HNDBKLDC@ACTL_QUIT?$AA@ 0000000180005190     flags.obj
 0001:000041a0       ??_C@_0BA@LJCPDIKK@ACTL_GETFARRECT?$AA@ 00000001800051a0     flags.obj
 0001:000041b0       ??_C@_0BC@FELBEIDG@ACTL_GETCURSORPOS?$AA@ 00000001800051b0     flags.obj
 0001:000041c8       ??_C@_0BC@CAAPIEHK@ACTL_SETCURSORPOS?$AA@ 00000001800051c8     flags.obj
 0001:000041e0       ??_C@_0BE@NPJGMDBM@ACTL_PROGRESSNOTIFY?$AA@ 00000001800051e0     flags.obj
 0001:000041f8       ??_C@_0BD@IPKOEBIA@ACTL_GETWINDOWTYPE?$AA@ 00000001800051f8     flags.obj
 0001:00004210       ??_C@_09CEDFMINA@MSSC_POST?$AA@ 0000000180005210     flags.obj
 0001:00004220       ??_C@_0L@MOADGAEB@MSSC_CHECK?$AA@ 0000000180005220     flags.obj
 0001:00004230       ??_C@_0BA@MMOAIEKP@MACROAREA_OTHER?$AA@ 0000000180005230     flags.obj
 0001:00004240       ??_C@_0BA@DEBOOAEB@MACROAREA_SHELL?$AA@ 0000000180005240     flags.obj
 0001:00004250       ??_C@_0BB@JIMPEHCD@MACROAREA_VIEWER?$AA@ 0000000180005250     flags.obj
 0001:00004268       ??_C@_0BB@KILFBFJH@MACROAREA_EDITOR?$AA@ 0000000180005268     flags.obj
 0001:00004280       ??_C@_0BB@CADENPFI@MACROAREA_DIALOG?$AA@ 0000000180005280     flags.obj
 0001:00004298       ??_C@_0BB@MLMLHIGE@MACROAREA_SEARCH?$AA@ 0000000180005298     flags.obj
 0001:000042b0       ??_C@_0BA@KKMKOLIK@MACROAREA_DISKS?$AA@ 00000001800052b0     flags.obj
 0001:000042c0       ??_C@_0BD@IGOOIJP@MACROAREA_MAINMENU?$AA@ 00000001800052c0     flags.obj
 0001:000042d8       ??_C@_0P@LFLMAHBF@MACROAREA_MENU?$AA@ 00000001800052d8     flags.obj
 0001:000042e8       ??_C@_0P@DKPKIEO@MACROAREA_HELP?$AA@ 00000001800052e8     flags.obj
 0001:000042f8       ??_C@_0BE@MDJPICHC@MACROAREA_INFOPANEL?$AA@ 00000001800052f8     flags.obj
 0001:00004310       ??_C@_0BF@NLJMHMPP@MACROAREA_QVIEWPANEL?$AA@ 0000000180005310     flags.obj
 0001:00004328       ??_C@_0BE@HBMEGBOC@MACROAREA_TREEPANEL?$AA@ 0000000180005328     flags.obj
 0001:00004340       ??_C@_0BF@FCHKCGLL@MACROAREA_FINDFOLDER?$AA@ 0000000180005340     flags.obj
 0001:00004358       ??_C@_0BD@JCFMJGDE@MACROAREA_USERMENU?$AA@ 0000000180005358     flags.obj
 0001:00004370       ??_C@_0BO@OMLEPJPM@MACROAREA_SHELLAUTOCOMPLETION?$AA@ 0000000180005370     flags.obj
 0001:00004390       ??_C@_0BP@OIHAIGBK@MACROAREA_DIALOGAUTOCOMPLETION?$AA@ 0000000180005390     flags.obj
 0001:000043b0       ??_C@_0BB@JPEEDDOG@MACROAREA_COMMON?$AA@ 00000001800053b0     flags.obj
 0001:000043c8       ??_C@_0BD@DIKEKAIJ@MACROSTATE_NOMACRO?$AA@ 00000001800053c8     flags.obj
 0001:000043e0       ??_C@_0BF@PCDEFEGP@MACROSTATE_EXECUTING?$AA@ 00000001800053e0     flags.obj
 0001:000043f8       ??_C@_0BM@EJOFDENO@MACROSTATE_EXECUTING_COMMON?$AA@ 00000001800053f8     flags.obj
 0001:00004418       ??_C@_0BF@BGODKPBB@MACROSTATE_RECORDING?$AA@ 0000000180005418     flags.obj
 0001:00004430       ??_C@_0BM@OICPADFE@MACROSTATE_RECORDING_COMMON?$AA@ 0000000180005430     flags.obj
 0001:00004450       ??_C@_0N@CGFFMLBC@MPEC_SUCCESS?$AA@ 0000000180005450     flags.obj
 0001:00004460       ??_C@_0L@FJDDLDNN@MPEC_ERROR?$AA@ 0000000180005460     flags.obj
 0001:00004470       ??_C@_0N@IBOAADDD@FMVT_UNKNOWN?$AA@ 0000000180005470     flags.obj
 0001:00004480       ??_C@_0N@BDMFKEKE@FMVT_INTEGER?$AA@ 0000000180005480     flags.obj
 0001:00004490       ??_C@_0M@LFMLDDKI@FMVT_STRING?$AA@ 0000000180005490     flags.obj
 0001:000044a0       ??_C@_0M@CKDAIOEN@FMVT_DOUBLE?$AA@ 00000001800054a0     flags.obj
 0001:000044b0       ??_C@_0N@MHKOBOGF@FMVT_BOOLEAN?$AA@ 00000001800054b0     flags.obj
 0001:000044c0       ??_C@_0M@GKPDICDA@FMVT_BINARY?$AA@ 00000001800054c0     flags.obj
 0001:000044d0       ??_C@_0N@FMHCFNDF@FMVT_POINTER?$AA@ 00000001800054d0     flags.obj
 0001:000044e0       ??_C@_08DDPDBBNO@FMVT_NIL?$AA@ 00000001800054e0     flags.obj
 0001:000044f0       ??_C@_0L@DJIKMOJA@FMVT_ARRAY?$AA@ 00000001800054f0     flags.obj
 0001:00004500       ??_C@_0N@FNCFCPIG@WTYPE_PANELS?$AA@ 0000000180005500     flags.obj
 0001:00004510       ??_C@_0N@EJKMDMBK@WTYPE_VIEWER?$AA@ 0000000180005510     flags.obj
 0001:00004520       ??_C@_0N@HJNGGOKO@WTYPE_EDITOR?$AA@ 0000000180005520     flags.obj
 0001:00004530       ??_C@_0N@PBFHKEGB@WTYPE_DIALOG?$AA@ 0000000180005530     flags.obj
 0001:00004540       ??_C@_0M@OMKLELFA@WTYPE_VMENU?$AA@ 0000000180005540     flags.obj
 0001:00004550       ??_C@_0L@BCEMNGOG@WTYPE_HELP?$AA@ 0000000180005550     flags.obj
 0001:00004560       ??_C@_0BA@IPEAOBGN@TBPS_NOPROGRESS?$AA@ 0000000180005560     flags.obj
 0001:00004570       ??_C@_0BD@HMEHMDAL@TBPS_INDETERMINATE?$AA@ 0000000180005570     flags.obj
 0001:00004588       ??_C@_0M@KHLNKPHE@TBPS_NORMAL?$AA@ 0000000180005588     flags.obj
 0001:00004598       ??_C@_0L@DFDPCOFD@TBPS_ERROR?$AA@ 0000000180005598     flags.obj
 0001:000045a8       ??_C@_0M@GHGAPHPP@TBPS_PAUSED?$AA@ 00000001800055a8     flags.obj
 0001:000045b8       ??_C@_0O@MCNCFBLF@VSMT_VIEWMODE?$AA@ 00000001800055b8     flags.obj
 0001:000045c8       ??_C@_09FLKONCNO@VSMT_WRAP?$AA@ 00000001800055c8     flags.obj
 0001:000045d8       ??_C@_0O@INKALKJK@VSMT_WORDWRAP?$AA@ 00000001800055d8     flags.obj
 0001:000045e8       ??_C@_08FNEFFFEL@VMT_TEXT?$AA@ 00000001800055e8     flags.obj
 0001:000045f8       ??_C@_07FLIHDEDA@VMT_HEX?$AA@ 00000001800055f8     flags.obj
 0001:00004600       ??_C@_08BDDNDBMJ@VMT_DUMP?$AA@ 0000000180005600     flags.obj
 0001:00004610       ??_C@_07OJCLGDHJ@VE_READ?$AA@ 0000000180005610     flags.obj
 0001:00004618       ??_C@_08JIBCCIDC@VE_CLOSE?$AA@ 0000000180005618     flags.obj
 0001:00004628       ??_C@_0M@FEFKOOMJ@VE_GOTFOCUS?$AA@ 0000000180005628     flags.obj
 0001:00004638       ??_C@_0N@ICHCAKIB@VE_KILLFOCUS?$AA@ 0000000180005638     flags.obj
 0001:00004648       ??_C@_07BLBPFFLB@EE_READ?$AA@ 0000000180005648     flags.obj
 0001:00004650       ??_C@_07KJGPGPOC@EE_SAVE?$AA@ 0000000180005650     flags.obj
 0001:00004658       ??_C@_09NPOPIKMK@EE_REDRAW?$AA@ 0000000180005658     flags.obj
 0001:00004668       ??_C@_08NFPFGIG@EE_CLOSE?$AA@ 0000000180005668     flags.obj
 0001:00004678       ??_C@_0M@CPNMNBMF@EE_GOTFOCUS?$AA@ 0000000180005678     flags.obj
 0001:00004688       ??_C@_0N@ILLPMAJF@EE_KILLFOCUS?$AA@ 0000000180005688     flags.obj
 0001:00004698       ??_C@_09MIOGFFI@EE_CHANGE?$AA@ 0000000180005698     flags.obj
 0001:000046a8       ??_C@_0P@MBHAHBBG@DE_DLGPROCINIT?$AA@ 00000001800056a8     flags.obj
 0001:000046b8       ??_C@_0BC@BMFEJAMO@DE_DEFDLGPROCINIT?$AA@ 00000001800056b8     flags.obj
 0001:000046d0       ??_C@_0O@ICBCOJCG@DE_DLGPROCEND?$AA@ 00000001800056d0     flags.obj
 0001:000046e0       ??_C@_0BB@MNODJNPE@SE_COMMONSYNCHRO?$AA@ 00000001800056e0     flags.obj
 0001:000046f8       ??_C@_0N@HKGMPMJE@ESPT_TABSIZE?$AA@ 00000001800056f8     flags.obj
 0001:00004708       ??_C@_0BA@GOKHPFCK@ESPT_EXPANDTABS?$AA@ 0000000180005708     flags.obj
 0001:00004718       ??_C@_0BA@KOADDMLI@ESPT_AUTOINDENT?$AA@ 0000000180005718     flags.obj
 0001:00004728       ??_C@_0BF@LPNONOMF@ESPT_CURSORBEYONDEOL?$AA@ 0000000180005728     flags.obj
 0001:00004740       ??_C@_0BC@OECOCGLJ@ESPT_CHARCODEBASE?$AA@ 0000000180005740     flags.obj
 0001:00004758       ??_C@_0O@PIAOJINE@ESPT_CODEPAGE?$AA@ 0000000180005758     flags.obj
 0001:00004768       ??_C@_0BG@HAPABMJH@ESPT_SAVEFILEPOSITION?$AA@ 0000000180005768     flags.obj
 0001:00004780       ??_C@_0O@KCPDJCKC@ESPT_LOCKMODE?$AA@ 0000000180005780     flags.obj
 0001:00004790       ??_C@_0BA@EIGIAOHM@ESPT_SETWORDDIV?$AA@ 0000000180005790     flags.obj
 0001:000047a0       ??_C@_0BA@FGEHLJDF@ESPT_GETWORDDIV?$AA@ 00000001800057a0     flags.obj
 0001:000047b0       ??_C@_0BE@MACJBCFP@ESPT_SHOWWHITESPACE?$AA@ 00000001800057b0     flags.obj
 0001:000047c8       ??_C@_0M@FICNFPPA@ESPT_SETBOM?$AA@ 00000001800057c8     flags.obj
 0001:000047d8       ??_C@_09FLEMPKKP@EUR_BEGIN?$AA@ 00000001800057d8     flags.obj
 0001:000047e8       ??_C@_07DDJDFJCN@EUR_END?$AA@ 00000001800057e8     flags.obj
 0001:000047f0       ??_C@_08FCONALGE@EUR_UNDO?$AA@ 00000001800057f0     flags.obj
 0001:00004800       ??_C@_08DHMMFAHF@EUR_REDO?$AA@ 0000000180005800     flags.obj
 0001:00004810       ??_C@_0O@PKOIFEBO@EXPAND_NOTABS?$AA@ 0000000180005810     flags.obj
 0001:00004820       ??_C@_0P@MLHPCNDM@EXPAND_ALLTABS?$AA@ 0000000180005820     flags.obj
 0001:00004830       ??_C@_0P@OONGIIBL@EXPAND_NEWTABS?$AA@ 0000000180005830     flags.obj
 0001:00004840       ??_C@_0BD@DKHPEOHH@EOPT_EXPANDALLTABS?$AA@ 0000000180005840     flags.obj
 0001:00004858       ??_C@_0BG@BOINMDEK@EOPT_PERSISTENTBLOCKS?$AA@ 0000000180005858     flags.obj
 0001:00004870       ??_C@_0BG@PIIHHCAN@EOPT_DELREMOVESBLOCKS?$AA@ 0000000180005870     flags.obj
 0001:00004888       ??_C@_0BA@KPJEAKBD@EOPT_AUTOINDENT?$AA@ 0000000180005888     flags.obj
 0001:00004898       ??_C@_0BG@MBPADLG@EOPT_SAVEFILEPOSITION?$AA@ 0000000180005898     flags.obj
 0001:000048b0       ??_C@_0BI@PFHCGCAI@EOPT_AUTODETECTCODEPAGE?$AA@ 00000001800058b0     flags.obj
 0001:000048c8       ??_C@_0BF@IMCOEIAL@EOPT_CURSORBEYONDEOL?$AA@ 00000001800058c8     flags.obj
 0001:000048e0       ??_C@_0BH@CJPAGGLC@EOPT_EXPANDONLYNEWTABS?$AA@ 00000001800058e0     flags.obj
 0001:000048f8       ??_C@_0BE@DDKCDJDC@EOPT_SHOWWHITESPACE?$AA@ 00000001800058f8     flags.obj
 0001:00004910       ??_C@_08HMMLONBH@EOPT_BOM?$AA@ 0000000180005910     flags.obj
 0001:00004920       ??_C@_0BD@CLLAKGOA@EOPT_SHOWLINEBREAK?$AA@ 0000000180005920     flags.obj
 0001:00004938       ??_C@_0L@BJCBJJNB@BTYPE_NONE?$AA@ 0000000180005938     flags.obj
 0001:00004948       ??_C@_0N@OPHHGFPF@BTYPE_STREAM?$AA@ 0000000180005948     flags.obj
 0001:00004958       ??_C@_0N@EMEGNPLI@BTYPE_COLUMN?$AA@ 0000000180005958     flags.obj
 0001:00004968       ??_C@_0BB@BNPDAPGB@ECSTATE_MODIFIED?$AA@ 0000000180005968     flags.obj
 0001:00004980       ??_C@_0O@GBBGHDFM@ECSTATE_SAVED?$AA@ 0000000180005980     flags.obj
 0001:00004990       ??_C@_0P@BECIAJAM@ECSTATE_LOCKED?$AA@ 0000000180005990     flags.obj
 0001:000049a0       ??_C@_0P@DOBJCNIG@ECTYPE_CHANGED?$AA@ 00000001800059a0     flags.obj
 0001:000049b0       ??_C@_0N@MDEFMEEA@ECTYPE_ADDED?$AA@ 00000001800059b0     flags.obj
 0001:000049c0       ??_C@_0P@NMOJJPOB@ECTYPE_DELETED?$AA@ 00000001800059c0     flags.obj
 0001:000049d0       ??_C@_08HHHKLJPB@PLT_PATH?$AA@ 00000001800059d0     flags.obj
 0001:000049e0       ??_C@_08KBAMIIFB@PFM_GUID?$AA@ 00000001800059e0     flags.obj
 0001:000049f0       ??_C@_0P@KKEMMPNI@PFM_MODULENAME?$AA@ 00000001800059f0     flags.obj
 0001:00004a00       ??_C@_09BOODOHKD@FFT_PANEL?$AA@ 0000000180005a00     flags.obj
 0001:00004a10       ??_C@_0N@GMEDAGNH@FFT_FINDFILE?$AA@ 0000000180005a10     flags.obj
 0001:00004a20       ??_C@_08KKCPIPGP@FFT_COPY?$AA@ 0000000180005a20     flags.obj
 0001:00004a30       ??_C@_0L@EKPDMFDD@FFT_SELECT?$AA@ 0000000180005a30     flags.obj
 0001:00004a40       ??_C@_0L@LGPEDLLD@FFT_CUSTOM?$AA@ 0000000180005a40     flags.obj
 0001:00004a50       ??_C@_0M@OIOMMFOE@FST_UNKNOWN?$AA@ 0000000180005a50     flags.obj
 0001:00004a60       ??_C@_0L@GGGOEGKJ@FST_SUBKEY?$AA@ 0000000180005a60     flags.obj
 0001:00004a70       ??_C@_09LFEEAJIC@FST_QWORD?$AA@ 0000000180005a70     flags.obj
 0001:00004a80       ??_C@_0L@LPMPBKDL@FST_STRING?$AA@ 0000000180005a80     flags.obj
 0001:00004a90       ??_C@_08EJJJCLIG@FST_DATA?$AA@ 0000000180005a90     flags.obj
 0001:00004aa0       ??_C@_09OBBBBFPE@FSSF_ROOT?$AA@ 0000000180005aa0     flags.obj
 0001:00004ab0       ??_C@_0BB@HDKCPBIO@FSSF_HISTORY_CMD?$AA@ 0000000180005ab0     flags.obj
 0001:00004ac8       ??_C@_0BE@BLPOFODL@FSSF_HISTORY_FOLDER?$AA@ 0000000180005ac8     flags.obj
 0001:00004ae0       ??_C@_0BC@NJCJCCNH@FSSF_HISTORY_VIEW?$AA@ 0000000180005ae0     flags.obj
 0001:00004af8       ??_C@_0BC@CODELNPP@FSSF_HISTORY_EDIT?$AA@ 0000000180005af8     flags.obj
 0001:00004b10       ??_C@_0BG@IFGEMJIF@FSSF_HISTORY_EXTERNAL?$AA@ 0000000180005b10     flags.obj
 0001:00004b28       ??_C@_0BG@DGAKDKFK@FSSF_FOLDERSHORTCUT_0?$AA@ 0000000180005b28     flags.obj
 0001:00004b40       ??_C@_0BG@CPBBALBL@FSSF_FOLDERSHORTCUT_1?$AA@ 0000000180005b40     flags.obj
 0001:00004b58       ??_C@_0BG@EDMFINI@FSSF_FOLDERSHORTCUT_2?$AA@ 0000000180005b58     flags.obj
 0001:00004b70       ??_C@_0BG@BNCHGJJJ@FSSF_FOLDERSHORTCUT_3?$AA@ 0000000180005b70     flags.obj
 0001:00004b88       ??_C@_0BG@FCGGPPFO@FSSF_FOLDERSHORTCUT_4?$AA@ 0000000180005b88     flags.obj
 0001:00004ba0       ??_C@_0BG@ELHNMOBP@FSSF_FOLDERSHORTCUT_5?$AA@ 0000000180005ba0     flags.obj
 0001:00004bb8       ??_C@_0BG@GAFAJNNM@FSSF_FOLDERSHORTCUT_6?$AA@ 0000000180005bb8     flags.obj
 0001:00004bd0       ??_C@_0BG@HJELKMJN@FSSF_FOLDERSHORTCUT_7?$AA@ 0000000180005bd0     flags.obj
 0001:00004be8       ??_C@_0BG@PONDLAFC@FSSF_FOLDERSHORTCUT_8?$AA@ 0000000180005be8     flags.obj
 0001:00004c00       ??_C@_0BG@OHMIIBBD@FSSF_FOLDERSHORTCUT_9?$AA@ 0000000180005c00     flags.obj
 0001:00004c18       ??_C@_0BD@PBIEGEHP@FSSF_CONFIRMATIONS?$AA@ 0000000180005c18     flags.obj
 0001:00004c30       ??_C@_0M@PIGDMPJB@FSSF_SYSTEM?$AA@ 0000000180005c30     flags.obj
 0001:00004c40       ??_C@_0L@LBFNJGFB@FSSF_PANEL?$AA@ 0000000180005c40     flags.obj
 0001:00004c50       ??_C@_0M@KJLIHDEL@FSSF_EDITOR?$AA@ 0000000180005c50     flags.obj
 0001:00004c60       ??_C@_0M@KEMGKEOF@FSSF_SCREEN?$AA@ 0000000180005c60     flags.obj
 0001:00004c70       ??_C@_0M@CBDJLJIE@FSSF_DIALOG?$AA@ 0000000180005c70     flags.obj
 0001:00004c80       ??_C@_0P@OCDADNBF@FSSF_INTERFACE?$AA@ 0000000180005c80     flags.obj
 0001:00004c90       ??_C@_0BB@GBBEBNKE@FSSF_PANELLAYOUT?$AA@ 0000000180005c90     flags.obj
 0001:00004ca8       ??_C@_0M@JCGHGLJF@PSL_ROAMING?$AA@ 0000000180005ca8     flags.obj
 0001:00004cb8       ??_C@_09EDBNDHCM@PSL_LOCAL?$AA@ 0000000180005cb8     flags.obj
 0001:00004cc8       ??_C@_07BPEFOPGM@FCT_ANY?$AA@ 0000000180005cc8     flags.obj
 0001:00004cd0       ??_C@_0L@CDAEILNM@FCT_STREAM?$AA@ 0000000180005cd0     flags.obj
 0001:00004ce0       ??_C@_0L@IADFDBJB@FCT_COLUMN?$AA@ 0000000180005ce0     flags.obj
 0001:00004cf0       ??_C@_0O@KJFMBLFE@LINK_HARDLINK?$AA@ 0000000180005cf0     flags.obj
 0001:00004d00       ??_C@_0O@OOAFIIDA@LINK_JUNCTION?$AA@ 0000000180005d00     flags.obj
 0001:00004d10       ??_C@_0O@FIAPLKLH@LINK_VOLMOUNT?$AA@ 0000000180005d10     flags.obj
 0001:00004d20       ??_C@_0BB@JDBEPJDK@LINK_SYMLINKFILE?$AA@ 0000000180005d20     flags.obj
 0001:00004d38       ??_C@_0BA@GFPIOFMG@LINK_SYMLINKDIR?$AA@ 0000000180005d38     flags.obj
 0001:00004d48       ??_C@_0N@PJENIJFN@LINK_SYMLINK?$AA@ 0000000180005d48     flags.obj
 0001:00004d58       ??_C@_08HNOHKPBK@CPM_FULL?$AA@ 0000000180005d58     flags.obj
 0001:00004d68       ??_C@_08LAEGFKJE@CPM_REAL?$AA@ 0000000180005d68     flags.obj
 0001:00004d78       ??_C@_0L@NPJNPCJM@CPM_NATIVE?$AA@ 0000000180005d78     flags.obj
 0001:00004d88       ??_C@_0L@NCFOENCC@VS_RELEASE?$AA@ 0000000180005d88     flags.obj
 0001:00004d98       ??_C@_08BDGLHPMJ@VS_ALPHA?$AA@ 0000000180005d98     flags.obj
 0001:00004da8       ??_C@_07OKFPMINB@VS_BETA?$AA@ 0000000180005da8     flags.obj
 0001:00004db0       ??_C@_05MMFLPJEB@VS_RC?$AA@ 0000000180005db0     flags.obj
 0001:00004db8       ??_C@_0BC@OOKLINPG@OPEN_LEFTDISKMENU?$AA@ 0000000180005db8     flags.obj
 0001:00004dd0       ??_C@_0BB@CEFDHHLF@OPEN_PLUGINSMENU?$AA@ 0000000180005dd0     flags.obj
 0001:00004de8       ??_C@_0O@IEJHJCNB@OPEN_FINDLIST?$AA@ 0000000180005de8     flags.obj
 0001:00004df8       ??_C@_0O@OGDCDPNG@OPEN_SHORTCUT?$AA@ 0000000180005df8     flags.obj
 0001:00004e08       ??_C@_0BB@JHCCMIPF@OPEN_COMMANDLINE?$AA@ 0000000180005e08     flags.obj
 0001:00004e20       ??_C@_0M@DMJLHMGM@OPEN_EDITOR?$AA@ 0000000180005e20     flags.obj
 0001:00004e30       ??_C@_0M@MOBCONI@OPEN_VIEWER?$AA@ 0000000180005e30     flags.obj
 0001:00004e40       ??_C@_0P@LCDNLGDE@OPEN_FILEPANEL?$AA@ 0000000180005e40     flags.obj
 0001:00004e50       ??_C@_0M@LEBKLGKD@OPEN_DIALOG?$AA@ 0000000180005e50     flags.obj
 0001:00004e60       ??_C@_0N@CBHPGAKB@OPEN_ANALYSE?$AA@ 0000000180005e60     flags.obj
 0001:00004e70       ??_C@_0BD@NFNGGFHI@OPEN_RIGHTDISKMENU?$AA@ 0000000180005e70     flags.obj
 0001:00004e88       ??_C@_0P@FOKOAMLC@OPEN_FROMMACRO?$AA@ 0000000180005e88     flags.obj
 0001:00004e98       ??_C@_0O@NEDDJIHC@OPEN_LUAMACRO?$AA@ 0000000180005e98     flags.obj
 0001:00004ea8       ??_C@_0O@MMDEJBDC@MCT_MACROINIT?$AA@ 0000000180005ea8     flags.obj
 0001:00004eb8       ??_C@_0O@LELGJFIK@MCT_MACROSTEP?$AA@ 0000000180005eb8     flags.obj
 0001:00004ec8       ??_C@_0P@FAJLFCPP@MCT_MACROFINAL?$AA@ 0000000180005ec8     flags.obj
 0001:00004ed8       ??_C@_0P@GBMLNMMI@MCT_MACROPARSE?$AA@ 0000000180005ed8     flags.obj
 0001:00004ee8       ??_C@_0P@GNPFPCF@MCT_LOADMACROS?$AA@ 0000000180005ee8     flags.obj
 0001:00004ef8       ??_C@_0P@HMDDACMI@MCT_ENUMMACROS?$AA@ 0000000180005ef8     flags.obj
 0001:00004f08       ??_C@_0BA@MOCJHMJK@MCT_WRITEMACROS?$AA@ 0000000180005f08     flags.obj
 0001:00004f18       ??_C@_0N@IGJGAHKE@MCT_GETMACRO?$AA@ 0000000180005f18     flags.obj
 0001:00004f28       ??_C@_0BB@PIGPKBDF@MCT_PROCESSMACRO?$AA@ 0000000180005f28     flags.obj
 0001:00004f40       ??_C@_0N@OLCKOJMI@MCT_DELMACRO?$AA@ 0000000180005f40     flags.obj
 0001:00004f50       ??_C@_0BC@NALHIHJ@MCT_RUNSTARTMACRO?$AA@ 0000000180005f50     flags.obj
 0001:00004f68       ??_C@_0P@HOMHAEFB@MCT_EXECSTRING?$AA@ 0000000180005f68     flags.obj
 0001:00004f78       ??_C@_0O@CDBDPKIC@MCT_PANELSORT?$AA@ 0000000180005f78     flags.obj
 0001:00004f88       ??_C@_0BH@PKKJIOHM@MCT_GETCUSTOMSORTMODES?$AA@ 0000000180005f88     flags.obj
 0001:00004fa0       ??_C@_0BC@IOECJI@MPRT_NORMALFINISH?$AA@ 0000000180005fa0     flags.obj
 0001:00004fb8       ??_C@_0BB@PMCBIGCA@MPRT_ERRORFINISH?$AA@ 0000000180005fb8     flags.obj
 0001:00004fd0       ??_C@_0BA@BCBAEEOI@MPRT_ERRORPARSE?$AA@ 0000000180005fd0     flags.obj
 0001:00004fe0       ??_C@_09EJDAADCN@MPRT_KEYS?$AA@ 0000000180005fe0     flags.obj
 0001:00004ff0       ??_C@_0L@GEHHCKFA@MPRT_PRINT?$AA@ 0000000180005ff0     flags.obj
 0001:00005000       ??_C@_0BA@OBIDLEIM@MPRT_PLUGINCALL?$AA@ 0000000180006000     flags.obj
 0001:00005010       ??_C@_0BA@EJFFOAMM@MPRT_PLUGINMENU?$AA@ 0000000180006010     flags.obj
 0001:00005020       ??_C@_0BC@LEDOPMKI@MPRT_PLUGINCONFIG?$AA@ 0000000180006020     flags.obj
 0001:00005038       ??_C@_0BD@HHINMPPI@MPRT_PLUGINCOMMAND?$AA@ 0000000180006038     flags.obj
 0001:00005050       ??_C@_0O@IEMNLPAB@MPRT_USERMENU?$AA@ 0000000180006050     flags.obj
 0001:00005060       ??_C@_0BC@PNCKAHJO@FE_CHANGEVIEWMODE?$AA@ 0000000180006060     flags.obj
 0001:00005078       ??_C@_09DENIDBMJ@FE_REDRAW?$AA@ 0000000180006078     flags.obj
 0001:00005088       ??_C@_07CLNPDBLG@FE_IDLE?$AA@ 0000000180006088     flags.obj
 0001:00005090       ??_C@_08DENCGKED@FE_CLOSE?$AA@ 0000000180006090     flags.obj
 0001:000050a0       ??_C@_08MOMCCKPB@FE_BREAK?$AA@ 00000001800060a0     flags.obj
 0001:000050b0       ??_C@_0L@LELAIPLL@FE_COMMAND?$AA@ 00000001800060b0     flags.obj
 0001:000050c0       ??_C@_0M@FIECADDF@FE_GOTFOCUS?$AA@ 00000001800060c0     flags.obj
 0001:000050d0       ??_C@_0N@DGHFKMFL@FE_KILLFOCUS?$AA@ 00000001800060d0     flags.obj
 0001:000050e0       ??_C@_0M@HNDHDHHO@FCF_FG_4BIT?$AA@ 00000001800060e0     flags.obj
 0001:000050f0       ??_C@_0M@PJHNDJIE@FCF_BG_4BIT?$AA@ 00000001800060f0     flags.obj
 0001:00005100       ??_C@_0N@HMKJBHOA@FCF_4BITMASK?$AA@ 0000000180006100     flags.obj
 0001:00005110       ??_C@_0BC@NKBLNNIA@FCF_EXTENDEDFLAGS?$AA@ 0000000180006110     flags.obj
 0001:00005128       ??_C@_0M@LFMGCKHG@FCF_FG_BOLD?$AA@ 0000000180006128     flags.obj
 0001:00005138       ??_C@_0O@FAPDECBF@FCF_FG_ITALIC?$AA@ 0000000180006138     flags.obj
 0001:00005148       ??_C@_0BB@NPEFGEGA@FCF_FG_UNDERLINE?$AA@ 0000000180006148     flags.obj
 0001:00005160       ??_C@_0O@LGBGBIGB@FCF_STYLEMASK?$AA@ 0000000180006160     flags.obj
 0001:00005170       ??_C@_08BKNBBLHK@FCF_NONE?$AA@ 0000000180006170     flags.obj
 0001:00005180       ??_C@_08FKIDFHCM@CDF_NONE?$AA@ 0000000180006180     flags.obj
 0001:00005190       ??_C@_0N@ELMEMNDH@FMSG_WARNING?$AA@ 0000000180006190     flags.obj
 0001:000051a0       ??_C@_0P@HHIGLJAP@FMSG_ERRORTYPE?$AA@ 00000001800061a0     flags.obj
 0001:000051b0       ??_C@_0BE@FHOOILPH@FMSG_KEEPBACKGROUND?$AA@ 00000001800061b0     flags.obj
 0001:000051c8       ??_C@_0P@KBEMNNEP@FMSG_LEFTALIGN?$AA@ 00000001800061c8     flags.obj
 0001:000051d8       ??_C@_0O@FOIOKDHJ@FMSG_ALLINONE?$AA@ 00000001800061d8     flags.obj
 0001:000051e8       ??_C@_0L@BGALGPOK@FMSG_MB_OK?$AA@ 00000001800061e8     flags.obj
 0001:000051f8       ??_C@_0BB@JGAPGIEP@FMSG_MB_OKCANCEL?$AA@ 00000001800061f8     flags.obj
 0001:00005210       ??_C@_0BJ@BKJADAHA@FMSG_MB_ABORTRETRYIGNORE?$AA@ 0000000180006210     flags.obj
 0001:00005230       ??_C@_0O@GPCAPHCL@FMSG_MB_YESNO?$AA@ 0000000180006230     flags.obj
 0001:00005240       ??_C@_0BE@IBNOLCGP@FMSG_MB_YESNOCANCEL?$AA@ 0000000180006240     flags.obj
 0001:00005258       ??_C@_0BE@OCLAIENB@FMSG_MB_RETRYCANCEL?$AA@ 0000000180006258     flags.obj
 0001:00005270       ??_C@_09NEGPLEAH@FMSG_NONE?$AA@ 0000000180006270     flags.obj
 0001:00005280       ??_C@_0N@DHJCDIKM@DIF_BOXCOLOR?$AA@ 0000000180006280     flags.obj
 0001:00005290       ??_C@_09IAEPIICA@DIF_GROUP?$AA@ 0000000180006290     flags.obj
 0001:000052a0       ??_C@_0N@GCKJNBCM@DIF_LEFTTEXT?$AA@ 00000001800062a0     flags.obj
 0001:000052b0       ??_C@_0P@BGPBEDHH@DIF_MOVESELECT?$AA@ 00000001800062b0     flags.obj
 0001:000052c0       ??_C@_0BC@PDKFKKEI@DIF_SHOWAMPERSAND?$AA@ 00000001800062c0     flags.obj
 0001:000052d8       ??_C@_0BA@BLCOKAAO@DIF_CENTERGROUP?$AA@ 00000001800062d8     flags.obj
 0001:000052e8       ??_C@_0P@MKFBJPOB@DIF_NOBRACKETS?$AA@ 00000001800062e8     flags.obj
 0001:000052f8       ??_C@_0BF@JBCDBJCL@DIF_MANUALADDHISTORY?$AA@ 00000001800062f8     flags.obj
 0001:00005310       ??_C@_0O@JKNMBNLA@DIF_SEPARATOR?$AA@ 0000000180006310     flags.obj
 0001:00005320       ??_C@_0P@CGILDLOA@DIF_SEPARATOR2?$AA@ 0000000180006320     flags.obj
 0001:00005330       ??_C@_0L@NBPFNGLB@DIF_EDITOR?$AA@ 0000000180006330     flags.obj
 0001:00005340       ??_C@_0BE@PFICAGJF@DIF_LISTNOAMPERSAND?$AA@ 0000000180006340     flags.obj
 0001:00005358       ??_C@_0O@FFJNBMAD@DIF_LISTNOBOX?$AA@ 0000000180006358     flags.obj
 0001:00005368       ??_C@_0M@IPFBMFDN@DIF_HISTORY?$AA@ 0000000180006368     flags.obj
 0001:00005378       ??_C@_0P@EGFAEEDC@DIF_BTNNOCLOSE?$AA@ 0000000180006378     flags.obj
 0001:00005388       ??_C@_0P@KOJCCCGB@DIF_CENTERTEXT?$AA@ 0000000180006388     flags.obj
 0001:00005398       ??_C@_0BC@ODEMBOPK@DIF_SEPARATORUSER?$AA@ 0000000180006398     flags.obj
 0001:000053b0       ??_C@_0O@IKJBMPOF@DIF_SETSHIELD?$AA@ 00000001800063b0     flags.obj
 0001:000053c0       ??_C@_0P@EEJEDBLH@DIF_EDITEXPAND?$AA@ 00000001800063c0     flags.obj
 0001:000053d0       ??_C@_0BB@EIMEKEFP@DIF_DROPDOWNLIST?$AA@ 00000001800063d0     flags.obj
 0001:000053e8       ??_C@_0BD@MNGIOLFF@DIF_USELASTHISTORY?$AA@ 00000001800063e8     flags.obj
 0001:00005400       ??_C@_0N@MOCGNIKC@DIF_MASKEDIT?$AA@ 0000000180006400     flags.obj
 0001:00005410       ??_C@_0BD@LPDHCLJI@DIF_LISTTRACKMOUSE?$AA@ 0000000180006410     flags.obj
 0001:00005428       ??_C@_0BK@LEFIBDOA@DIF_LISTTRACKMOUSEINFOCUS?$AA@ 0000000180006428     flags.obj
 0001:00005448       ??_C@_0BC@JNLDMGBD@DIF_SELECTONENTRY?$AA@ 0000000180006448     flags.obj
 0001:00005460       ??_C@_0L@KKNJDNBK@DIF_3STATE?$AA@ 0000000180006460     flags.obj
 0001:00005470       ??_C@_0N@GBGHICKO@DIF_EDITPATH?$AA@ 0000000180006470     flags.obj
 0001:00005480       ??_C@_0BB@NPNALIGO@DIF_LISTWRAPMODE?$AA@ 0000000180006480     flags.obj
 0001:00005498       ??_C@_0BD@MFOKKGGF@DIF_NOAUTOCOMPLETE?$AA@ 0000000180006498     flags.obj
 0001:000054b0       ??_C@_0BG@MONEJILE@DIF_LISTAUTOHIGHLIGHT?$AA@ 00000001800064b0     flags.obj
 0001:000054c8       ??_C@_0BA@JNOKLHOL@DIF_LISTNOCLOSE?$AA@ 00000001800064c8     flags.obj
 0001:000054d8       ??_C@_0BB@GMKDKOOP@DIF_EDITPATHEXEC?$AA@ 00000001800064d8     flags.obj
 0001:000054f0       ??_C@_0L@EPNFOPAK@DIF_HIDDEN?$AA@ 00000001800064f0     flags.obj
 0001:00005500       ??_C@_0N@KOGKCAKJ@DIF_READONLY?$AA@ 0000000180006500     flags.obj
 0001:00005510       ??_C@_0M@NLLDINIM@DIF_NOFOCUS?$AA@ 0000000180006510     flags.obj
 0001:00005520       ??_C@_0M@HCFLMDHK@DIF_DISABLE?$AA@ 0000000180006520     flags.obj
 0001:00005530       ??_C@_0BC@CHAAKEJO@DIF_DEFAULTBUTTON?$AA@ 0000000180006530     flags.obj
 0001:00005548       ??_C@_09LCJIOEMN@DIF_FOCUS?$AA@ 0000000180006548     flags.obj
 0001:00005558       ??_C@_0O@KJADCBBN@DIF_RIGHTTEXT?$AA@ 0000000180006558     flags.obj
 0001:00005568       ??_C@_0N@LAEOODAD@DIF_WORDWRAP?$AA@ 0000000180006568     flags.obj
 0001:00005578       ??_C@_08KFOHCPDE@DIF_NONE?$AA@ 0000000180006578     flags.obj
 0001:00005588       ??_C@_0N@EDHAFIIL@LIF_SELECTED?$AA@ 0000000180006588     flags.obj
 0001:00005598       ??_C@_0M@BMGIEAIL@LIF_CHECKED?$AA@ 0000000180006598     flags.obj
 0001:000055a8       ??_C@_0O@KJIFADIG@LIF_SEPARATOR?$AA@ 00000001800065a8     flags.obj
 0001:000055b8       ??_C@_0M@HEFHLFIE@LIF_DISABLE?$AA@ 00000001800065b8     flags.obj
 0001:000055c8       ??_C@_0L@PKDDGEEG@LIF_GRAYED?$AA@ 00000001800065c8     flags.obj
 0001:000055d8       ??_C@_0L@PFBGAOEP@LIF_HIDDEN?$AA@ 00000001800065d8     flags.obj
 0001:000055e8       ??_C@_0BD@HEPCOIEH@LIF_DELETEUSERDATA?$AA@ 00000001800065e8     flags.obj
 0001:00005600       ??_C@_08BODPINCM@LIF_NONE?$AA@ 0000000180006600     flags.obj
 0001:00005610       ??_C@_0BC@BGAENNBJ@LIFIND_EXACTMATCH?$AA@ 0000000180006610     flags.obj
 0001:00005628       ??_C@_0M@FPOGKIGO@LIFIND_NONE?$AA@ 0000000180006628     flags.obj
 0001:00005638       ??_C@_0BA@OOIEKCFB@LINFO_SHOWNOBOX?$AA@ 0000000180006638     flags.obj
 0001:00005648       ??_C@_0BE@DECCEGNO@LINFO_AUTOHIGHLIGHT?$AA@ 0000000180006648     flags.obj
 0001:00005660       ??_C@_0BH@BADLEILJ@LINFO_REVERSEHIGHLIGHT?$AA@ 0000000180006660     flags.obj
 0001:00005678       ??_C@_0P@KLBMHNCG@LINFO_WRAPMODE?$AA@ 0000000180006678     flags.obj
 0001:00005688       ??_C@_0BE@OHJCOKAE@LINFO_SHOWAMPERSAND?$AA@ 0000000180006688     flags.obj
 0001:000056a0       ??_C@_0L@EPACPANF@LINFO_NONE?$AA@ 00000001800066a0     flags.obj
 0001:000056b0       ??_C@_0N@OLGDMHKL@FDLG_WARNING?$AA@ 00000001800066b0     flags.obj
 0001:000056c0       ??_C@_0BB@DKMEBDJJ@FDLG_SMALLDIALOG?$AA@ 00000001800066c0     flags.obj
 0001:000056d8       ??_C@_0BC@ONGLDAJN@FDLG_NODRAWSHADOW?$AA@ 00000001800066d8     flags.obj
 0001:000056f0       ??_C@_0BB@NPLEEAKK@FDLG_NODRAWPANEL?$AA@ 00000001800066f0     flags.obj
 0001:00005708       ??_C@_0BG@GHNOOENB@FDLG_KEEPCONSOLETITLE?$AA@ 0000000180006708     flags.obj
 0001:00005720       ??_C@_09NNFHCBNL@FDLG_NONE?$AA@ 0000000180006720     flags.obj
 0001:00005730       ??_C@_0N@JOOGIBAO@MIF_SELECTED?$AA@ 0000000180006730     flags.obj
 0001:00005740       ??_C@_0M@IHMNAMOE@MIF_CHECKED?$AA@ 0000000180006740     flags.obj
 0001:00005750       ??_C@_0O@DEIKOCPA@MIF_SEPARATOR?$AA@ 0000000180006750     flags.obj
 0001:00005760       ??_C@_0M@OPPCPJOL@MIF_DISABLE?$AA@ 0000000180006760     flags.obj
 0001:00005770       ??_C@_0L@DLLNLLIG@MIF_GRAYED?$AA@ 0000000180006770     flags.obj
 0001:00005780       ??_C@_0L@DEJINBIP@MIF_HIDDEN?$AA@ 0000000180006780     flags.obj
 0001:00005790       ??_C@_08JEEJJGP@MIF_NONE?$AA@ 0000000180006790     flags.obj
 0001:000057a0       ??_C@_0BE@FALMPPJK@FMENU_SHOWAMPERSAND?$AA@ 00000001800067a0     flags.obj
 0001:000057b8       ??_C@_0P@HICDNKDJ@FMENU_WRAPMODE?$AA@ 00000001800067b8     flags.obj
 0001:000057c8       ??_C@_0BE@IDAMFDEA@FMENU_AUTOHIGHLIGHT?$AA@ 00000001800067c8     flags.obj
 0001:000057e0       ??_C@_0BL@OKAIKPMN@FMENU_REVERSEAUTOHIGHLIGHT?$AA@ 00000001800067e0     flags.obj
 0001:00005800       ??_C@_0BJ@FCEONOJC@FMENU_CHANGECONSOLETITLE?$AA@ 0000000180006800     flags.obj
 0001:00005820       ??_C@_0L@DGFIEOMD@FMENU_NONE?$AA@ 0000000180006820     flags.obj
 0001:00005830       ??_C@_0O@JEAJLDHC@PPIF_SELECTED?$AA@ 0000000180006830     flags.obj
 0001:00005840       ??_C@_0BC@LPBDBIOM@PPIF_PROCESSDESCR?$AA@ 0000000180006840     flags.obj
 0001:00005858       ??_C@_09OIFMMGNJ@PPIF_NONE?$AA@ 0000000180006858     flags.obj
 0001:00005868       ??_C@_0BC@BONLDOOD@PFLAGS_SHOWHIDDEN?$AA@ 0000000180006868     flags.obj
 0001:00005880       ??_C@_0BB@BCAJEJEH@PFLAGS_HIGHLIGHT?$AA@ 0000000180006880     flags.obj
 0001:00005898       ??_C@_0BI@BFAFODJ@PFLAGS_REVERSESORTORDER?$AA@ 0000000180006898     flags.obj
 0001:000058b0       ??_C@_0BF@KJNCJPKN@PFLAGS_USESORTGROUPS?$AA@ 00000001800068b0     flags.obj
 0001:000058c8       ??_C@_0BF@LBBAIOCD@PFLAGS_SELECTEDFIRST?$AA@ 00000001800068c8     flags.obj
[...]
 0003:00002880       $pdata$_read               0000000180063880     LIBCMT:read.obj
 0003:0000288c       $pdata$_read_nolock        000000018006388c     LIBCMT:read.obj
 0003:00002898       $pdata$_ioinit             0000000180063898     LIBCMT:ioinit.obj
 0003:000028a4       $pdata$_ioterm             00000001800638a4     LIBCMT:ioinit.obj
 0003:000028b0       $pdata$_lseek              00000001800638b0     LIBCMT:lseek.obj
 0003:000028bc       $pdata$_lseek_nolock       00000001800638bc     LIBCMT:lseek.obj
 0003:000028c8       $pdata$_getbuf             00000001800638c8     LIBCMT:_getbuf.obj
 0003:000028d4       $pdata$_getstream          00000001800638d4     LIBCMT:stream.obj
 0003:000028e0       $pdata$_wopenfile          00000001800638e0     LIBCMT:_wopen.obj
 0003:0000291c       $pdata$__freetlocinfo      000000018006391c     LIBCMT:localref.obj
 0003:00002928       $pdata$__updatetlocinfo    0000000180063928     LIBCMT:localref.obj
 0003:00002934       $pdata$_updatetlocinfoEx_nolock 0000000180063934     LIBCMT:localref.obj
 0003:00002940       $pdata$__initmbctable      0000000180063940     LIBCMT:mbctype.obj
 0003:0000294c       $pdata$?getSystemCP@@YAHH@Z 000000018006394c     LIBCMT:mbctype.obj
 0003:00002958       $pdata$?setSBCS@@YAXPEAUthreadmbcinfostruct@@@Z 0000000180063958     LIBCMT:mbctype.obj
 0003:00002964       $pdata$?setSBUpLow@@YAXPEAUthreadmbcinfostruct@@@Z 0000000180063964     LIBCMT:mbctype.obj
 0003:00002970       $pdata$__updatetmbcinfo    0000000180063970     LIBCMT:mbctype.obj
 0003:0000297c       $pdata$_setmbcp            000000018006397c     LIBCMT:mbctype.obj
 0003:00002988       $pdata$_setmbcp_nolock     0000000180063988     LIBCMT:mbctype.obj
 0003:00002994       $pdata$_isctype_l          0000000180063994     LIBCMT:isctype.obj
 0003:000029a0       $pdata$_locterm            00000001800639a0     LIBCMT:wsetloca.obj
 0003:000029ac       $pdata$_towlower_l         00000001800639ac     LIBCMT:towlower.obj
 0003:000029b8       $pdata$_ftbuf              00000001800639b8     LIBCMT:_sftbuf.obj
 0003:000029c4       $pdata$_stbuf              00000001800639c4     LIBCMT:_sftbuf.obj
 0003:000029d0       $pdata$_call_matherr       00000001800639d0     LIBCMT:libm_error.obj
 0003:000029dc       $pdata$_exception_enabled  00000001800639dc     LIBCMT:libm_error.obj
 0003:000029e8       $pdata$_handle_error       00000001800639e8     LIBCMT:libm_error.obj
 0003:000029f4       $pdata$_log10_special      00000001800639f4     LIBCMT:log_special.obj
 0003:00002a00       $pdata$_log_special_common 0000000180063a00     LIBCMT:log_special.obj
 0003:00002a0c       $pdata$_woutput_l          0000000180063a0c     LIBCMT:woutput.obj
 0003:00002a18       $pdata$write_char          0000000180063a18     LIBCMT:woutput.obj
 0003:00002a24       $pdata$write_multi_char    0000000180063a24     LIBCMT:woutput.obj
 0003:00002a30       $pdata$write_string        0000000180063a30     LIBCMT:woutput.obj
 0003:00002a3c       $pdata$__raise_securityfailure 0000000180063a3c     LIBCMT:gs_report.obj
 0003:00002a48       $pdata$__report_gsfailure  0000000180063a48     LIBCMT:gs_report.obj
 0003:00002a54       $pdata$__report_rangecheckfailure 0000000180063a54     LIBCMT:gs_report.obj
 0003:00002a60       $pdata$__report_securityfailure 0000000180063a60     LIBCMT:gs_report.obj
 0003:00002a6c       $pdata$__GSHandlerCheck    0000000180063a6c     LIBCMT:gshandler.obj
 0003:00002a78       $pdata$__GSHandlerCheckCommon 0000000180063a78     LIBCMT:gshandler.obj
 0003:00002a90       $pdata$_commit             0000000180063a90     LIBCMT:commit.obj
 0003:00002a9c       $pdata$_write              0000000180063a9c     LIBCMT:write.obj
 0003:00002aa8       $pdata$_write_nolock       0000000180063aa8     LIBCMT:write.obj
 0003:00002ab4       $pdata$__check_float_string 0000000180063ab4     LIBCMT:input.obj
 0003:00002ac0       $pdata$_inc                0000000180063ac0     LIBCMT:input.obj
 0003:00002acc       $pdata$_input_l            0000000180063acc     LIBCMT:input.obj
 0003:00002ad8       $pdata$_lseeki64           0000000180063ad8     LIBCMT:lseeki64.obj
 0003:00002ae4       $pdata$_lseeki64_nolock    0000000180063ae4     LIBCMT:lseeki64.obj
 0003:00002af0       $pdata$_cwait              0000000180063af0     LIBCMT:wait.obj
 0003:00002afc       $pdata$_pipe               0000000180063afc     LIBCMT:pipe.obj
 0003:00002b08       $pdata$strcat_s            0000000180063b08     LIBCMT:strcat_s.obj
 0003:00002b20       $pdata$_mbsrchr_l          0000000180063b20     LIBCMT:mbsrchr.obj
 0003:00002b2c       $pdata$_sopen_helper       0000000180063b2c     LIBCMT:open.obj
 0003:00002b38       $pdata$_sopen_nolock       0000000180063b38     LIBCMT:open.obj
 0003:00002b44       $pdata$_sopen_s            0000000180063b44     LIBCMT:open.obj
 0003:00002b50       $pdata$_strdup             0000000180063b50     LIBCMT:strdup.obj
 0003:00002b5c       $pdata$?strtoxl@@YAKPEAUlocaleinfo_struct@@PEBDPEAPEBDHH@Z 0000000180063b5c     LIBCMT:strtol.obj
 0003:00002b68       $pdata$strtoul             0000000180063b68     LIBCMT:strtol.obj
 0003:00002b74       $pdata$_ultoa_s            0000000180063b74     LIBCMT:xtoas.obj
 0003:00002b80       $pdata$xtoa_s              0000000180063b80     LIBCMT:xtoas.obj
 0003:00002b8c       $pdata$_rmtmp              0000000180063b8c     LIBCMT:rmtmp.obj
 0003:00002b98       $pdata$_wfdopen            0000000180063b98     LIBCMT:wfdopen.obj
 0003:00002ba4       $pdata$_waccess_s          0000000180063ba4     LIBCMT:waccess.obj
 0003:00002bb0       $pdata$wcscat_s            0000000180063bb0     LIBCMT:wcscat_s.obj
 0003:00002bbc       $pdata$_wgetpath           0000000180063bbc     LIBCMT:wgetpath.obj
 0003:00002bc8       $pdata$__GSHandlerCheck_SEH 0000000180063bc8     LIBCMT:gshandlerseh.obj
 0003:00002bd4       $pdata$_wcsnicoll          0000000180063bd4     LIBCMT:wcsnicol.obj
 0003:00002be0       $pdata$_wcsnicoll_l        0000000180063be0     LIBCMT:wcsnicol.obj
 0003:00002bec       $pdata$_wsetenvp           0000000180063bec     LIBCMT:wstdenvp.obj
 0003:00002bf8       $pdata$__mbtow_environ     0000000180063bf8     LIBCMT:mbtowenv.obj
 0003:00002c04       $pdata$__crtGetEnvironmentStringsW 0000000180063c04     LIBCMT:w_env.obj
 0003:00002c10       $pdata$_XcptFilter         0000000180063c10     LIBCMT:winxfltr.obj
 0003:00002c1c       $pdata$_setargv            0000000180063c1c     LIBCMT:stdargv.obj
 0003:00002c28       $pdata$parse_cmdline       0000000180063c28     LIBCMT:stdargv.obj
 0003:00002c34       $pdata$_setenvp            0000000180063c34     LIBCMT:stdenvp.obj
 0003:00002c40       $pdata$__security_init_cookie 0000000180063c40     LIBCMT:gs_support.obj
 0003:00002c4c       $pdata$__crtGetEnvironmentStringsA 0000000180063c4c     LIBCMT:a_env.obj
 0003:00002c58       $pdata$__crtCaptureCurrentContext 0000000180063c58     LIBCMT:winapisupp.obj
 0003:00002c64       $pdata$__crtCapturePreviousContext 0000000180063c64     LIBCMT:winapisupp.obj
 0003:00002c70       $pdata$__crtIsPackagedApp  0000000180063c70     LIBCMT:winapisupp.obj
 0003:00002c7c       $pdata$__crtLoadWinApiPointers 0000000180063c7c     LIBCMT:winapisupp.obj
 0003:00002c88       $pdata$__crtTerminateProcess 0000000180063c88     LIBCMT:winapisupp.obj
 0003:00002c94       $pdata$__crtUnhandledException 0000000180063c94     LIBCMT:winapisupp.obj
 0003:00002ca0       $pdata$_RTC_Initialize     0000000180063ca0     LIBCMT:initsect.obj
 0003:00002cac       $pdata$_RTC_Terminate      0000000180063cac     LIBCMT:initsect.obj
 0003:00002cb8       $pdata$_isatty             0000000180063cb8     LIBCMT:isatty.obj
 0003:00002cc4       $pdata$_isleadbyte_l       0000000180063cc4     LIBCMT:_wctype.obj
 0003:00002cd0       $pdata$isleadbyte          0000000180063cd0     LIBCMT:_wctype.obj
 0003:00002cdc       $pdata$_wctomb_s_l         0000000180063cdc     LIBCMT:wctomb.obj
 0003:00002ce8       $pdata$wctomb_s            0000000180063ce8     LIBCMT:wctomb.obj
 0003:00002cf4       $pdata$_tolower_l          0000000180063cf4     LIBCMT:tolower.obj
 0003:00002d00       $pdata$_fptostr            0000000180063d00     LIBCMT:_fptostr.obj
 0003:00002d0c       $pdata$_atodbl_l           0000000180063d0c     LIBCMT:atodbl.obj
 0003:00002d18       $pdata$_atoflt_l           0000000180063d18     LIBCMT:atodbl.obj
 0003:00002d24       $pdata$__dtold             0000000180063d24     LIBCMT:cfout.obj
 0003:00002d30       $pdata$_fltout2            0000000180063d30     LIBCMT:cfout.obj
 0003:00002d3c       $pdata$_calloc_impl        0000000180063d3c     LIBCMT:calloc_impl.obj
 0003:00002d48       $pdata$_IsNonwritableInCurrentImage 0000000180063d48     LIBCMT:pesect.obj
 0003:00002d54       $pdata$__onexitinit        0000000180063d54     LIBCMT:onexit.obj
 0003:00002d60       $pdata$_onexit             0000000180063d60     LIBCMT:onexit.obj
 0003:00002d6c       $pdata$atexit              0000000180063d6c     LIBCMT:onexit.obj
 0003:00002d78       $pdata$?terminate@@YAXXZ   0000000180063d78     LIBCMT:hooks.obj
 0003:00002d84       $pdata$_initp_eh_hooks     0000000180063d84     LIBCMT:hooks.obj
 0003:00002d90       $pdata$raise               0000000180063d90     LIBCMT:winsig.obj
 0003:00002d9c       $pdata$wcsncpy_s           0000000180063d9c     LIBCMT:wcsncpy_s.obj
 0003:00002da8       $pdata$_set_error_mode     0000000180063da8     LIBCMT:errmode.obj
 0003:00002db4       $pdata$__crtMessageBoxW    0000000180063db4     LIBCMT:crtmboxw.obj
 0003:00002dc0       $pdata$realloc             0000000180063dc0     LIBCMT:realloc.obj
 0003:00002dcc       $pdata$_recalloc           0000000180063dcc     LIBCMT:recalloc.obj
 0003:00002dd8       $pdata$__lock_fhandle      0000000180063dd8     LIBCMT:osfinfo.obj
 0003:00002de4       $pdata$_alloc_osfhnd       0000000180063de4     LIBCMT:osfinfo.obj
 0003:00002df0       $pdata$_free_osfhnd        0000000180063df0     LIBCMT:osfinfo.obj
 0003:00002dfc       $pdata$_get_osfhandle      0000000180063dfc     LIBCMT:osfinfo.obj
 0003:00002e08       $pdata$_set_osfhnd         0000000180063e08     LIBCMT:osfinfo.obj
 0003:00002e14       $pdata$__createFile        0000000180063e14     LIBCMT:wopen.obj
 0003:00002e20       $pdata$_wsopen_helper      0000000180063e20     LIBCMT:wopen.obj
 0003:00002e2c       $pdata$_wsopen_nolock      0000000180063e2c     LIBCMT:wopen.obj
 0003:00002e38       $pdata$_wsopen_s           0000000180063e38     LIBCMT:wopen.obj
 0003:00002e44       $pdata$_wcsnicmp           0000000180063e44     LIBCMT:wcsnicmp.obj
 0003:00002e50       $pdata$_wcsnicmp_l         0000000180063e50     LIBCMT:wcsnicmp.obj
 0003:00002e5c       $pdata$__free_lconv_mon    0000000180063e5c     LIBCMT:initmon.obj
 0003:00002e68       $pdata$__free_lconv_num    0000000180063e68     LIBCMT:initnum.obj
 0003:00002e74       $pdata$__free_lc_time      0000000180063e74     LIBCMT:inittime.obj
 0003:00002e80       $pdata$?__crtLCMapStringA_stat@@YAHPEAUlocaleinfo_struct@@PEB_WKPEBDHPEADHHH@Z 0000000180063e80     LIBCMT:a_map.obj
 0003:00002e8c       $pdata$__crtLCMapStringA   0000000180063e8c     LIBCMT:a_map.obj
 0003:00002e98       $pdata$?__crtGetStringTypeA_stat@@YAHPEAUlocaleinfo_struct@@KPEBDHPEAGHH@Z 0000000180063e98     LIBCMT:a_str.obj
 0003:00002ea4       $pdata$__crtGetStringTypeA 0000000180063ea4     LIBCMT:a_str.obj
 0003:00002eb0       $pdata$GetTableIndexFromLocaleName 0000000180063eb0     LIBCMT:winapinls.obj
 0003:00002ebc       $pdata$__crtCompareStringEx 0000000180063ebc     LIBCMT:winapinls.obj
 0003:00002ec8       $pdata$__crtDownlevelLocaleNameToLCID 0000000180063ec8     LIBCMT:winapinls.obj
 0003:00002ed4       $pdata$__crtLCMapStringEx  0000000180063ed4     LIBCMT:winapinls.obj
 0003:00002ee0       $pdata$iswctype            0000000180063ee0     LIBCMT:iswctype.obj
 0003:00002eec       $pdata$__crtLCMapStringW   0000000180063eec     LIBCMT:w_map.obj
 0003:00002ef8       $pdata$_raise_exc          0000000180063ef8     LIBCMT:fpexcept.obj
 0003:00002f04       $pdata$_raise_exc_ex       0000000180063f04     LIBCMT:fpexcept.obj
 0003:00002f10       $pdata$_set_errno_from_matherr 0000000180063f10     LIBCMT:fpexcept.obj
 0003:00002f1c       $pdata$_clrfp              0000000180063f1c     LIBCMT:fpctrl.obj
 0003:00002f28       $pdata$_ctrlfp             0000000180063f28     LIBCMT:fpctrl.obj
 0003:00002f34       $pdata$_set_statfp         0000000180063f34     LIBCMT:fpctrl.obj
 0003:00002f40       $pdata$_statfp             0000000180063f40     LIBCMT:fpctrl.obj
 0003:00002f4c       $pdata$_fputwc_nolock      0000000180063f4c     LIBCMT:fputwc.obj
 0003:00002f58       $pdata$_mbtowc_l           0000000180063f58     LIBCMT:mbtowc.obj
 0003:00002f64       $pdata$_putwch_nolock      0000000180063f64     LIBCMT:putwch.obj
 0003:00002f70       $pdata$_get_fmode          0000000180063f70     LIBCMT:setmode.obj
 0003:00002f7c       $pdata$_setmode_nolock     0000000180063f7c     LIBCMT:setmode.obj
 0003:00002f88       $pdata$__crtCompareStringW 0000000180063f88     LIBCMT:w_cmp.obj
 0003:00002f94       $pdata$__crtwsetenv        0000000180063f94     LIBCMT:wsetenv.obj
 0003:00002fa0       $pdata$?x_ismbbtype_l@@YAHPEAUlocaleinfo_struct@@IHH@Z 0000000180063fa0     LIBCMT:ismbbyte.obj
 0003:00002fac       $pdata$_ld12tod            0000000180063fac     LIBCMT:intrncvt.obj
 0003:00002fb8       $pdata$_ld12tof            0000000180063fb8     LIBCMT:intrncvt.obj
 0003:00002fc4       $pdata$__strgtold12_l      0000000180063fc4     LIBCMT:strgtold.obj
 0003:00002fd0       $pdata$$I10_OUTPUT         0000000180063fd0     LIBCMT:x10fout.obj
 0003:00002fdc       $pdata$_msize              0000000180063fdc     LIBCMT:msize.obj
 0003:00002fe8       $pdata$abort               0000000180063fe8     LIBCMT:abort.obj
 0003:00002ff4       $pdata$_chsize_nolock      0000000180063ff4     LIBCMT:chsize.obj
 0003:00003000       $pdata$_flswbuf            0000000180064000     LIBCMT:_flswbuf.obj
 0003:0000300c       $pdata$__termconout        000000018006400c     LIBCMT:initcon.obj
 0003:00003018       $pdata$__initconout        0000000180064018     LIBCMT:initcon.obj
 0003:00003024       $pdata$__mtold12           0000000180064024     LIBCMT:mantold.obj
 0003:00003030       $pdata$?_strupr_s_l_stat@@YAHPEAD_KPEAUlocaleinfo_struct@@@Z 0000000180064030     LIBCMT:strupr.obj
 0003:0000303c       $pdata$_strupr             000000018006403c     LIBCMT:strupr.obj
 0003:00003048       $pdata$_strupr_s_l         0000000180064048     LIBCMT:strupr.obj
 0003:00003054       $pdata$fread_s$fin$0       0000000180064054     LIBCMT:fread.obj
 0003:00003060       $pdata$ungetc$fin$0        0000000180064060     LIBCMT:ungetc.obj
 0003:0000306c       $pdata$_wfsopen$fin$0      000000018006406c     LIBCMT:wfopen.obj
 0003:0000306c       $pdata$fprintf$fin$0       000000018006406c     LIBCMT:wfopen.obj
 0003:00003078       $pdata$_wfreopen_helper$fin$0 0000000180064078     LIBCMT:wfreopen.obj
 0003:00003084       $pdata$rewind$fin$0        0000000180064084     LIBCMT:fflush.obj
 0003:00003084       $pdata$ftell$fin$0         0000000180064084     LIBCMT:fflush.obj
 0003:00003084       $pdata$fseek$fin$0         0000000180064084     LIBCMT:fflush.obj
 0003:00003084       $pdata$fflush$fin$0        0000000180064084     LIBCMT:fflush.obj
 0003:00003084       $pdata$getc$fin$0          0000000180064084     LIBCMT:fflush.obj
 0003:00003084       $pdata$fclose$fin$0        0000000180064084     LIBCMT:fflush.obj
 0003:00003084       $pdata$clearerr_s$fin$0    0000000180064084     LIBCMT:fflush.obj
 0003:00003090       $pdata$flsall$fin$0        0000000180064090     LIBCMT:fflush.obj
 0003:00003090       $pdata$_rmtmp$fin$0        0000000180064090     LIBCMT:fflush.obj
 0003:0000309c       $pdata$_rmtmp$fin$1        000000018006409c     LIBCMT:fflush.obj
 0003:0000309c       $pdata$flsall$fin$1        000000018006409c     LIBCMT:fflush.obj
 0003:000030a8       $pdata$fgets$fin$0         00000001800640a8     LIBCMT:fgets.obj
 0003:000030b4       $pdata$fwrite$fin$0        00000001800640b4     LIBCMT:fwrite.obj
 0003:000030b4       $pdata$vfscanf$fin$0       00000001800640b4     LIBCMT:fwrite.obj
 0003:000030b4       $pdata$_wfdopen$fin$0      00000001800640b4     LIBCMT:fwrite.obj
 0003:000030c0       $pdata$_pclose$fin$0       00000001800640c0     LIBCMT:popen.obj
 0003:000030cc       $pdata$setvbuf$fin$0       00000001800640cc     LIBCMT:setvbuf.obj
 0003:000030d8       $pdata$_tmpfile_helper$fin$0 00000001800640d8     LIBCMT:tmpfile.obj
 0003:000030e4       $pdata$_wpopen$fin$0       00000001800640e4     LIBCMT:wpopen.obj
 0003:000030f0       $pdata$_wdupenv_s$fin$0    00000001800640f0     LIBCMT:wgetenv.obj
 0003:000030fc       $pdata$_wgetenv$fin$0      00000001800640fc     LIBCMT:wgetenv.obj
 0003:00003108       $pdata$_CRT_INIT$fin$0     0000000180064108     LIBCMT:dllcrt0.obj
 0003:00003114       $pdata$__DllMainCRTStartup$filt$0 0000000180064114     LIBCMT:dllcrt0.obj
 0003:00003120       $pdata$doexit$fin$0        0000000180064120     LIBCMT:crt0dat.obj
 0003:0000312c       $pdata$_freefls$fin$1      000000018006412c     LIBCMT:tidtable.obj
 0003:0000312c       $pdata$_initptd$fin$1      000000018006412c     LIBCMT:tidtable.obj
 0003:00003138       $pdata$_initptd$fin$0      0000000180064138     LIBCMT:tidtable.obj
 0003:00003138       $pdata$_freefls$fin$0      0000000180064138     LIBCMT:tidtable.obj
 0003:00003144       $pdata$_mtinitlocknum$fin$0 0000000180064144     LIBCMT:mlock.obj
 0003:00003150       $pdata$_close$fin$0        0000000180064150     LIBCMT:close.obj
 0003:00003150       $pdata$_commit$fin$0       0000000180064150     LIBCMT:close.obj
 0003:0000315c       $pdata$_ioinit$fin$0       000000018006415c     LIBCMT:ioinit.obj
 0003:00003168       $pdata$_read$fin$0         0000000180064168     LIBCMT:lseek.obj
 0003:00003168       $pdata$_lseek$fin$0        0000000180064168     LIBCMT:lseek.obj
 0003:00003168       $pdata$_lseeki64$fin$0     0000000180064168     LIBCMT:lseek.obj
 0003:00003168       $pdata$_write$fin$0        0000000180064168     LIBCMT:lseek.obj
 0003:00003174       $pdata$_getstream$fin$0    0000000180064174     LIBCMT:stream.obj
 0003:00003174       $pdata$_fcloseall$fin$0    0000000180064174     LIBCMT:stream.obj
 0003:00003180       $pdata$__updatetlocinfo$fin$0 0000000180064180     LIBCMT:localref.obj
 0003:00003180       $pdata$_locterm$fin$0      0000000180064180     LIBCMT:localref.obj
 0003:0000318c       $pdata$_setmbcp$fin$0      000000018006418c     LIBCMT:mbctype.obj
 0003:0000318c       $pdata$__updatetmbcinfo$fin$0 000000018006418c     LIBCMT:mbctype.obj
 0003:00003198       $pdata$_pipe$fin$1         0000000180064198     LIBCMT:pipe.obj
 0003:000031a4       $pdata$_pipe$fin$0         00000001800641a4     LIBCMT:pipe.obj
 0003:000031b0       $pdata$_sopen_helper$fin$0 00000001800641b0     LIBCMT:open.obj
 0003:000031b0       $pdata$_wsopen_helper$fin$0 00000001800641b0     LIBCMT:open.obj
 0003:000031bc       $pdata$_IsNonwritableInCurrentImage$filt$0 00000001800641bc     LIBCMT:pesect.obj
 0003:000031c8       $pdata$_onexit$fin$0       00000001800641c8     LIBCMT:onexit.obj
 0003:000031d4       $pdata$raise$fin$0         00000001800641d4     LIBCMT:winsig.obj
 0003:000031e0       $pdata$__lock_fhandle$fin$0 00000001800641e0     LIBCMT:osfinfo.obj
 0003:000031ec       $pdata$_alloc_osfhnd$fin$0 00000001800641ec     LIBCMT:osfinfo.obj
 0003:000031f8       $pdata$_alloc_osfhnd$fin$1 00000001800641f8     LIBCMT:osfinfo.obj
 0003:00003204       $pdata$_control87$filt$0   0000000180064204     LIBCMT:fpctrl.obj
 0003:00003204       $pdata$_ctrlfp$filt$0      0000000180064204     LIBCMT:fpctrl.obj
 0004:00000060       $R000000                   0000000180065060     luafar3.res
