 wmexplorer

 Timestamp is 50797d94 (Sat Oct 13 18:41:24 2012)

 Preferred load address is 0000000074000000

 Start         Length     Name                   Class
 0001:00000000 000329d1H .text                   CODE
 0001:000329e0 00009c52H .text$x                 CODE
 0001:0003c634 000001a4H .text$yc                CODE
 0001:0003c7d8 000001e2H .text$yd                CODE
 0002:00000000 000003b8H .idata$5                DATA
 0002:000003b8 00000008H .CRT$XCA                DATA
 0002:000003c0 00000030H .CRT$XCU                DATA
 0002:000003f0 00000008H .CRT$XCZ                DATA
 0002:000003f8 00000008H .CRT$XIA                DATA
 0002:00000400 00000018H .CRT$XIC                DATA
 0002:00000418 00000008H .CRT$XIZ                DATA
 0002:00000420 00000008H .CRT$XPA                DATA
 0002:00000428 00000008H .CRT$XPX                DATA
 0002:00000430 00000008H .CRT$XPXA               DATA
 0002:00000438 00000008H .CRT$XPZ                DATA
 0002:00000440 00000008H .CRT$XTA                DATA
 0002:00000448 00000008H .CRT$XTZ                DATA
 0002:00000450 00004b96H .rdata                  DATA
 0002:00004fe8 0000004fH .rdata$debug            DATA
 0002:00005038 000006dcH .rdata$r                DATA
 0002:00005718 00000008H .rtc$IAA                DATA
 0002:00005720 00000008H .rtc$IZZ                DATA
 0002:00005728 00000008H .rtc$TAA                DATA
 0002:00005730 00000008H .rtc$TZZ                DATA
 0002:00005738 0000d908H .xdata                  DATA
 0002:00013040 000002e4H .xdata$x                DATA
 0002:00013324 00000078H .idata$2                DATA
 0002:0001339c 00000014H .idata$3                DATA
 0002:000133b0 000003b8H .idata$4                DATA
 0002:00013768 00000862H .idata$6                DATA
 0002:00013fd0 000001a9H .edata                  DATA
 0003:00000000 00001a10H .data                   DATA
 0003:00001a20 000027b0H .bss                    DATA
 0004:00000000 00002c1cH .pdata                  DATA
 0005:00000000 00000058H .rsrc$01                DATA
 0005:00000060 000002a0H .rsrc$02                DATA

  Address         Publics by Value              Rva+Base               Lib:Object

 0000:00000000       ___safe_se_handler_count   0000000000000000     <absolute>
 0000:00000000       ___safe_se_handler_table   0000000000000000     <absolute>
 0000:00000000       __ImageBase                0000000074000000     <linker-defined>
 0001:00000000       ?object@CustomError@@QEBA?AVUnicodeString@col@@XZ 0000000074001000 f i plugin.obj
 0001:00000000       ?message@MsgError@@UEBA?AVUnicodeString@col@@XZ 0000000074001000 f i plugin.obj
 0001:00000010       ?message@CustomError@@UEBA?AVUnicodeString@col@@XZ 0000000074001010 f i plugin.obj
 0001:00000020       ?get_system_message@@YA?AVUnicodeString@col@@K@Z 0000000074001020 f i plugin.obj
 0001:000000e4       ?message@SystemError@@UEBA?AVUnicodeString@col@@XZ 00000000740010e4 f i plugin.obj
 0001:00000108       ??4FilePath@@QEAAAEAV0@AEBV0@@Z 0000000074001108 f i plugin.obj
 0001:000001b8       ?get_dir_path@FilePath@@QEBA?AVUnicodeString@col@@XZ 00000000740011b8 f i plugin.obj
 0001:000001e8       ?get_file_name@FilePath@@QEBA?AVUnicodeString@col@@XZ 00000000740011e8 f i plugin.obj
 0001:00000220       ?get_partial_path@FilePath@@QEBA?AVUnicodeString@col@@I@Z 0000000074001220 f i plugin.obj
 0001:0000033c       ?get_full_path@FilePath@@QEBA?AVUnicodeString@col@@XZ 000000007400133c f i plugin.obj
 0001:00000360       ??1DeviceInfo@@QEAA@XZ     0000000074001360 f i plugin.obj
 0001:000003b0       ??1PluginItemList@@QEAA@XZ 00000000740013b0 f i plugin.obj
 0001:000003b0       ??1InfoPanel@@QEAA@XZ      00000000740013b0 f i plugin.obj
 0001:000003e0       ??1PluginOptions@@QEAA@XZ  00000000740013e0 f i plugin.obj
 0001:0000044c       ?strid@DeviceInfo@@QEAA?AVUnicodeString@col@@XZ 000000007400144c f   plugin.obj
 0001:000004d0       ?error_dlg@@YAXAEAVError@@AEBVUnicodeString@col@@@Z 00000000740014d0 f   plugin.obj
 0001:00000758       ?error_dlg@@YAXAEAVCustomError@@@Z 0000000074001758 f   plugin.obj
 0001:00000a60       ?error_dlg@@YAXAEBVexception@std@@@Z 0000000074001a60 f   plugin.obj
 0001:00000c2c       ?msg_dlg@@YAXAEBVUnicodeString@col@@@Z 0000000074001c2c f   plugin.obj
 0001:00000d64       GetGlobalInfoW             0000000074001d64 f   plugin.obj
 0001:00000e10       SetStartupInfoW            0000000074001e10 f   plugin.obj
 0001:00000ecc       GetPluginInfoW             0000000074001ecc f   plugin.obj
 0001:000010d4       OpenW                      00000000740020d4 f   plugin.obj
 0001:00001864       ??1MsgError@@QEAA@XZ       0000000074002864 f i plugin.obj
 0001:00001878       ??_GPluginInstance@@QEAAPEAXI@Z 0000000074002878 f i plugin.obj
 0001:00001a0c       ??0MsgError@@QEAA@AEBV0@@Z 0000000074002a0c f i plugin.obj
 0001:00001a40       ??0Error@@QEAA@AEBV0@@Z    0000000074002a40 f i plugin.obj
 0001:00001a5c       GetOpenPanelInfoW          0000000074002a5c f   plugin.obj
 0001:00001be8       ClosePanelW                0000000074002be8 f   plugin.obj
 0001:00001ce8       GetFindDataW               0000000074002ce8 f   plugin.obj
 0001:00001eb8       FreeFindDataW              0000000074002eb8 f   plugin.obj
 0001:00001f0c       SetDirectoryW              0000000074002f0c f   plugin.obj
 0001:00001f4c       ?set_dir@@YAHPEAUPluginInstance@@PEB_W_N@Z 0000000074002f4c f   plugin.obj
 0001:00002228       ??1FilePath@@QEAA@XZ       0000000074003228 f i plugin.obj
 0001:00002254       ??0SystemError@@QEAA@AEBV0@@Z 0000000074003254 f i plugin.obj
 0001:00002280       ?get_files@@YA_JPEAXPEAUPluginPanelItem@@_KHAEAVUnicodeString@col@@2@Z 0000000074003280 f   plugin.obj
 0001:00003bc4       ??1Log@@QEAA@XZ            0000000074004bc4 f i plugin.obj
 0001:00003c48       ??1CustomError@@QEAA@XZ    0000000074004c48 f i plugin.obj
 0001:00003c84       ??1ListData@FarDialog@@QEAA@XZ 0000000074004c84 f i ui.obj
 0001:00003c84       ??1CopyFilesProgress@@QEAA@XZ 0000000074004c84 f i plugin.obj
 0001:00003cc0       ??1AutoBuffer@@QEAA@XZ     0000000074004cc0 f i plugin.obj
 0001:00003cd4       ??0CustomError@@QEAA@AEBV0@@Z 0000000074004cd4 f i plugin.obj
 0001:00003d10       GetFilesW                  0000000074004d10 f   plugin.obj
 0001:00003dd0       PutFilesW                  0000000074004dd0 f   plugin.obj
 0001:00004ba8       DeleteFilesW               0000000074005ba8 f   plugin.obj
 0001:00005048       MakeDirectoryW             0000000074006048 f   plugin.obj
 0001:000052d0       ConfigureW                 00000000740062d0 f   plugin.obj
 0001:000052f8       ProcessPanelInputW         00000000740062f8 f   plugin.obj
 0001:000061a0       ExitFARW                   00000000740071a0 f   plugin.obj
 0001:00006208       DllMain                    0000000074007208 f   plugin.obj
 0001:00006224       ??1?$ObjectArray@VUnicodeString@col@@@col@@QEAA@XZ 0000000074007224 f i plugin.obj
 0001:00006288       ??1?$ObjectArray@UPluginItemList@@@col@@QEAA@XZ 0000000074007288 f i plugin.obj
 0001:00006300       ??0?$Array@E@col@@QEAA@XZ  0000000074007300 f i plugin.obj
 0001:00006390       ??1?$ObjectArray@UDeviceInfo@@@col@@QEAA@XZ 0000000074007390 f i plugin.obj
 0001:0000642c       ??1?$ObjectArray@UFileInfo@@@col@@QEAA@XZ 000000007400742c f i plugin.obj
 0001:00006490       ??0?$Array@I@col@@QEAA@XZ  0000000074007490 f i plugin.obj
 0001:00006490       ??0?$Array@H@col@@QEAA@XZ  0000000074007490 f i ui.obj
 0001:00006520       ??1?$ObjectArray@V?$ObjectArray@UFileInfo@@@col@@@col@@QEAA@XZ 0000000074007520 f i plugin.obj
 0001:00006568       ??1?$ObjectArray@UFilterInterface@@@col@@QEAA@XZ 0000000074007568 f i plugin.obj
 0001:000065b4       ??0?$Array@UFilterSelection@@@col@@QEAA@XZ 00000000740075b4 f i plugin.obj
 0001:00006644       ??1?$ObjectArray@UPanelFileInfo@@@col@@QEAA@XZ 0000000074007644 f i plugin.obj
 0001:000066c8       ?create@?$ObjectArray@VUnicodeString@col@@@col@@CAPEAUBuffer@12@PEBVUnicodeString@2@I@Z 00000000740076c8 f i plugin.obj
 0001:00006768       ?create@?$ObjectArray@ULogRecord@@@col@@CAPEAUBuffer@12@PEBULogRecord@@I@Z 0000000074007768 f i plugin.obj
 0001:00006820       ?create@?$ObjectArray@UPluginItemList@@@col@@CAPEAUBuffer@12@PEBUPluginItemList@@I@Z 0000000074007820 f i plugin.obj
 0001:000068d0       ?remove@?$Array@PEAUPluginInstance@@@col@@QEAAAEAV12@II@Z 00000000740078d0 f i plugin.obj
 0001:00006b3c       ?create@?$ObjectArray@UDeviceInfo@@@col@@CAPEAUBuffer@12@PEBUDeviceInfo@@I@Z 0000000074007b3c f i plugin.obj
 0001:00006c04       ?create@?$ObjectArray@UFileInfo@@@col@@CAPEAUBuffer@12@PEBUFileInfo@@I@Z 0000000074007c04 f i plugin.obj
 0001:00006cdc       ?_cmp_def@?$Array@I@col@@CAHPEBX0@Z 0000000074007cdc f i plugin.obj
 0001:00006cf0       ?create@?$ObjectArray@V?$ObjectArray@UFileInfo@@@col@@@col@@CAPEAUBuffer@12@PEBV?$ObjectArray@UFileInfo@@@2@I@Z 0000000074007cf0 f i plugin.obj
 0001:00006d90       ?create@?$ObjectArray@UFilterInterface@@@col@@CAPEAUBuffer@12@PEBUFilterInterface@@I@Z 0000000074007d90 f i plugin.obj
 0001:00006e40       ?create@?$ObjectArray@UPanelFileInfo@@@col@@CAPEAUBuffer@12@PEBUPanelFileInfo@@I@Z 0000000074007e40 f i plugin.obj
 0001:00006f24       ?replace@?$ObjectArray@VUnicodeString@col@@@col@@QEAAAEAV12@IIPEBVUnicodeString@2@I@Z 0000000074007f24 f i plugin.obj
 0001:00007260       ?replace@?$ObjectArray@UPluginItemList@@@col@@QEAAAEAV12@IIPEBUPluginItemList@@I@Z 0000000074008260 f i plugin.obj
 0001:000076fc       ?replace@?$Array@PEAUPluginInstance@@@col@@QEAAAEAV12@IIPEBQEAUPluginInstance@@I@Z 00000000740086fc f i plugin.obj
 0001:00007a60       ?replace@?$ObjectArray@UDeviceInfo@@@col@@QEAAAEAV12@IIPEBUDeviceInfo@@I@Z 0000000074008a60 f i plugin.obj
 0001:00007f60       ?copy_item@?$ObjectArray@UFilterInterface@@@col@@CAXPEAUFilterInterface@@PEBU3@@Z 0000000074008f60 f i plugin.obj
 0001:00008004       ??1?$Array@UInfoPanelLine@@@col@@QEAA@XZ 0000000074009004 f i plugin.obj
 0001:00008004       ??1?$Array@_W@col@@QEAA@XZ 0000000074009004 f i ui.obj
 0001:00008004       ??1?$Array@UFarDialogItem@@@col@@QEAA@XZ 0000000074009004 f i ui.obj
 0001:00008004       ??1?$Array@UFilterSelection@@@col@@QEAA@XZ 0000000074009004 f i plugin.obj
 0001:00008004       ??1DeleteFilesProgress@@QEAA@XZ 0000000074009004 f i plugin.obj
 0001:00008004       ??1?$Array@I@col@@QEAA@XZ  0000000074009004 f i plugin.obj
 0001:00008004       ??1?$Array@H@col@@QEAA@XZ  0000000074009004 f i ui.obj
 0001:00008004       ??1?$Array@UPluginPanelItem@@@col@@QEAA@XZ 0000000074009004 f i plugin.obj
 0001:00008004       ??1RunOptions@@QEAA@XZ     0000000074009004 f i plugin.obj
 0001:00008004       ??1AnsiString@col@@QEAA@XZ 0000000074009004 f i plugin.obj
 0001:00008004       ??1UnicodeString@col@@QEAA@XZ 0000000074009004 f i plugin.obj
 0001:00008004       ??1CreateDirOptions@@QEAA@XZ 0000000074009004 f i plugin.obj
 0001:00008004       ??1?$Array@UFarList@@@col@@QEAA@XZ 0000000074009004 f i ui.obj
 0001:00008004       ??1?$Array@UFarMenuItem@@@col@@QEAA@XZ 0000000074009004 f i ui.obj
 0001:00008004       ??1CopyFilesOptions@@QEAA@XZ 0000000074009004 f i plugin.obj
 0001:00008004       ??1FileInfo@@QEAA@XZ       0000000074009004 f i plugin.obj
 0001:00008004       ??1?$Array@D@col@@QEAA@XZ  0000000074009004 f i util.obj
 0001:00008018       ??1PanelFileInfo@@QEAA@XZ  0000000074009018 f i plugin.obj
 0001:00008054       ?ref_alloc@?$ObjectArray@VUnicodeString@col@@@col@@AEAAPEAUBuffer@12@I@Z 0000000074009054 f i plugin.obj
 0001:000080e0       ?ref_alloc@?$Array@PEAUPluginInstance@@@col@@AEAAPEAUBuffer@12@I@Z 00000000740090e0 f i plugin.obj
 0001:00008168       ?ref_alloc@?$ObjectArray@UDeviceInfo@@@col@@AEAAPEAUBuffer@12@I@Z 0000000074009168 f i plugin.obj
 0001:000081f8       ?replace@?$Array@I@col@@QEAAAEAV12@IIPEBII@Z 00000000740091f8 f i plugin.obj
 0001:00008608       ?replace@?$ObjectArray@V?$ObjectArray@UFileInfo@@@col@@@col@@QEAAAEAV12@IIPEBV?$ObjectArray@UFileInfo@@@2@I@Z 0000000074009608 f i plugin.obj
 0001:000089f4       ?replace@?$ObjectArray@UFilterInterface@@@col@@QEAAAEAV12@IIPEBUFilterInterface@@I@Z 00000000740099f4 f i plugin.obj
 0001:00008d50       ??3@YAXPEAX0@Z             0000000074009d50 f i plugin.obj
 0001:00008d54       ?slice@UnicodeString@col@@QEBA?AV12@II@Z 0000000074009d54 f i plugin.obj
 0001:00008d84       ??Hcol@@YA?AVUnicodeString@0@AEB_WAEBV10@@Z 0000000074009d84 f i plugin.obj
 0001:00008e00       ?search@UnicodeString@col@@QEBAIIIPEB_WI@Z 0000000074009e00 f i plugin.obj
 0001:00008ea0       ??Hcol@@YA?AVUnicodeString@0@AEBV10@PEB_W@Z 0000000074009ea0 f i plugin.obj
 0001:00008f1c       ??Hcol@@YA?AVUnicodeString@0@AEBV10@0@Z 0000000074009f1c f i plugin.obj
 0001:00008f84       ??Hcol@@YA?AVUnicodeString@0@PEB_WAEBV10@@Z 0000000074009f84 f i plugin.obj
 0001:00009010       ?create@AnsiString@col@@CAPEAUBuffer@12@PEBDI@Z 000000007400a010 f i plugin.obj
 0001:000090b8       ??Hcol@@YA?AVUnicodeString@0@AEBV10@AEB_W@Z 000000007400a0b8 f i plugin.obj
 0001:0000911c       ?format@UnicodeString@col@@SA?AV12@PEB_WZZ 000000007400a11c f i plugin.obj
 0001:00009178       ?buf@UnicodeString@col@@QEAAPEA_WI@Z 000000007400a178 f i plugin.obj
 0001:00009244       ?set_size@UnicodeString@col@@QEAAAEAV12@I@Z 000000007400a244 f i plugin.obj
 0001:000092bc       ?extend@UnicodeString@col@@QEAAAEAV12@I@Z 000000007400a2bc f i plugin.obj
 0001:00009378       ?do_format@UnicodeString@col@@AEAAAEAV12@PEB_WPEAD@Z 000000007400a378 f i plugin.obj
 0001:00009a24       ?add_fmt@UnicodeString@col@@QEAAAEAV12@PEB_WZZ 000000007400aa24 f i plugin.obj
 0001:00009a50       ?strip@UnicodeString@col@@QEAAAEAV12@XZ 000000007400aa50 f i plugin.obj
 0001:00009ac0       ?ref_alloc@UnicodeString@col@@AEAAPEAUBuffer@12@I@Z 000000007400aac0 f i plugin.obj
 0001:00009b4c       ?replace@UnicodeString@col@@QEAAAEAV12@IIPEB_WI@Z 000000007400ab4c f i plugin.obj
 0001:00009eac       ??1bad_alloc@std@@UEAA@XZ  000000007400aeac f i plugin.obj
 0001:00009ebc       ??_Ebad_alloc@std@@UEAAPEAXI@Z 000000007400aebc f i  CIL library: CIL module
 0001:00009ebc       ??_Gbad_alloc@std@@UEAAPEAXI@Z 000000007400aebc f i plugin.obj
 0001:00009ef8       ??0bad_alloc@std@@QEAA@AEBV01@@Z 000000007400aef8 f i plugin.obj
 0001:00009f1c       ?create@UnicodeString@col@@CAPEAUBuffer@12@PEB_WI@Z 000000007400af1c f i plugin.obj
 0001:00009fc4       ?message@ComError@@UEBA?AVUnicodeString@col@@XZ 000000007400afc4 f i rapi_proc.obj
 0001:0000a1cc       ?add@Log@@QEAAXW4LogOpType@@AEBVUnicodeString@col@@1@Z 000000007400b1cc f i rapi_proc.obj
 0001:0000a2c4       ?error_dlg@@YA_JAEAVError@@AEBVUnicodeString@col@@@Z 000000007400b2c4 f   rapi_proc.obj
 0001:0000a6fc       ?long_path@@YA?AVUnicodeString@col@@AEBV12@@Z 000000007400b6fc f   rapi_proc.obj
 0001:0000ad5c       ?init_if_needed@@YAXXZ     000000007400bd5c f   rapi_proc.obj
 0001:0000bbec       ??0ComError@@QEAA@AEBV0@@Z 000000007400cbec f i rapi_proc.obj
 0001:0000bc18       ?get_device_list@@YAXAEAV?$ObjectArray@UDeviceInfo@@@col@@@Z 000000007400cc18 f   rapi_proc.obj
 0001:0000c104       ?create_session@@YAXU_GUID@@PEAUPluginInstance@@@Z 000000007400d104 f   rapi_proc.obj
 0001:0000c30c       ?gen_file_list@@YAXAEBVUnicodeString@col@@PEAUIRAPISession@@AEAUPluginItemList@@AEBUFileListOptions@@AEAVUiLink@@@Z 000000007400d30c f   rapi_proc.obj
 0001:0000c7bc       ?overwrite_decision@@YAXAEBVUnicodeString@col@@AEBUFileInfo@@1AEA_NAEAW4OverwriteOption@@@Z 000000007400d7bc f   rapi_proc.obj
 0001:0000c8b4       ?list_add_file@@YAXAEBU_WIN32_FIND_DATAW@@AEAUCreateListStats@@AEAVUiLink@@AEAV?$ObjectArray@UFileInfo@@@col@@@Z 000000007400d8b4 f   rapi_proc.obj
 0001:0000c950       ?list_add_dir@@YAXAEBVUnicodeString@col@@AEAU_WIN32_FIND_DATAW@@AEAUCreateListStats@@AEAUCreateListOptions@@AEAVUiLink@@AEAULog@@PEAUPluginInstance@@AEAV?$ObjectArray@UFileInfo@@@2@@Z 000000007400d950 f   rapi_proc.obj
 0001:0000cd8c       ?create_file_list@@YA?AV?$ObjectArray@UFileInfo@@@col@@AEBVUnicodeString@2@0AEAUCreateListStats@@AEAUCreateListOptions@@AEAVUiLink@@AEAULog@@PEAUPluginInstance@@@Z 000000007400dd8c f   rapi_proc.obj
 0001:0000d034       ?list_add_file@@YAXAEAUCE_FIND_DATA@@AEAUCreateListStats@@AEAVUiLink@@AEAV?$ObjectArray@UFileInfo@@@col@@@Z 000000007400e034 f   rapi_proc.obj
 0001:0000d0d0       ?list_add_dir@@YAXAEBVUnicodeString@col@@AEAUCE_FIND_DATA@@AEAUCreateListStats@@AEAUCreateListOptions@@AEAVUiLink@@AEAULog@@PEAUIRAPISession@@PEAUPluginInstance@@AEAV?$ObjectArray@UFileInfo@@@2@@Z 000000007400e0d0 f   rapi_proc.obj
 0001:0000d580       ?create_file_list@@YA?AV?$ObjectArray@UFileInfo@@@col@@AEBVUnicodeString@2@0AEAUCreateListStats@@AEAUCreateListOptions@@AEAVUiLink@@AEAULog@@PEAUIRAPISession@@PEAUPluginInstance@@@Z 000000007400e580 f   rapi_proc.obj
 0001:0000d8cc       ?prepare_target_path@@YAXAEBVUnicodeString@col@@PEAUPluginInstance@@@Z 000000007400e8cc f   rapi_proc.obj
 0001:0000da4c       ?prepare_target_path@@YAXAEBVUnicodeString@col@@PEAUIRAPISession@@PEAUPluginInstance@@@Z 000000007400ea4c f   rapi_proc.obj
 0001:0000dc24       ?copy_files@@YAX_NAEBVUnicodeString@col@@AEBV?$ObjectArray@UFileInfo@@@2@011AEAUCopyFilesStats@@AEAUCopyFilesProgress@@AEAUCopyFilesOptions@@AEAVUiLink@@AEAUAutoBuffer@@AEAULog@@AEAV?$ObjectArray@UFilterInterface@@@2@PEAUIRAPISession@@PEAUPluginInstance@@@Z 000000007400ec24 f   rapi_proc.obj
 0001:000101a0       ?delete_files@@YAX_NAEBVUnicodeString@col@@AEBV?$ObjectArray@UFileInfo@@@2@AEAUDeleteFilesStats@@AEAUDeleteFilesProgress@@AEAUDeleteFilesOptions@@AEAVUiLink@@AEAULog@@PEAUIRAPISession@@PEAUPluginInstance@@@Z 00000000740111a0 f   rapi_proc.obj
 0001:00010968       ?create_dir@@YAXAEBVUnicodeString@col@@0PEAUIRAPISession@@PEAUPluginInstance@@@Z 0000000074011968 f   rapi_proc.obj
 0001:00010bd4       ?set_file_attr@@YAXAEBVUnicodeString@col@@KPEAUIRAPISession@@PEAUPluginInstance@@@Z 0000000074011bd4 f   rapi_proc.obj
 0001:00010cf0       ?find_real_file_path@@YAXAEAVFilePath@@PEAUIRAPISession@@@Z 0000000074011cf0 f   rapi_proc.obj
 0001:00010e98       ?dir_exists@@YA_NAEBVUnicodeString@col@@@Z 0000000074011e98 f   rapi_proc.obj
 0001:00010f34       ?dir_exists@@YA_NAEBVUnicodeString@col@@PEAUIRAPISession@@@Z 0000000074011f34 f   rapi_proc.obj
 0001:00010fe0       ?add_separator@InfoPanel@@QEAAXAEBVUnicodeString@col@@@Z 0000000074011fe0 f   rapi_proc.obj
 0001:00011070       ?add_info@InfoPanel@@QEAAXAEBVUnicodeString@col@@0@Z 0000000074012070 f   rapi_proc.obj
 0001:00011134       ?refresh_system_info@@YAXPEAUPluginInstance@@@Z 0000000074012134 f   rapi_proc.obj
 0001:00011e38       ?get_open_command@@YA?AVUnicodeString@col@@AEBV12@0PEAUIRAPISession@@@Z 0000000074012e38 f   rapi_proc.obj
 0001:000129e8       ?create_process@@YAXAEBVUnicodeString@col@@0PEAUIRAPISession@@@Z 00000000740139e8 f   rapi_proc.obj
 0001:00012b88       ?panel_items_to_file_list@@YAXPEAUPluginPanelItem@@_KAEAV?$ObjectArray@UFileInfo@@@col@@@Z 0000000074013b88 f   rapi_proc.obj
 0001:00012c8c       ?file_panel_items_to_file_list@@YAXAEBVUnicodeString@col@@PEAUPluginPanelItem@@_KAEAV?$ObjectArray@UPanelFileInfo@@@2@AEAVUiLink@@PEAUPluginInstance@@@Z 0000000074013c8c f   rapi_proc.obj
 0001:0001319c       ?buf@?$Array@E@col@@QEAAPEAEI@Z 000000007401419c f i rapi_proc.obj
 0001:00013230       ?extend@?$ObjectArray@UFileInfo@@@col@@QEAAAEAV12@I@Z 0000000074014230 f i rapi_proc.obj
 0001:000132c4       ?remove@?$Array@UPluginPanelItem@@@col@@QEAAAEAV12@II@Z 00000000740142c4 f i rapi_proc.obj
 0001:0001354c       ?remove@?$Array@UInfoPanelLine@@@col@@QEAAAEAV12@II@Z 000000007401454c f i rapi_proc.obj
 0001:000137bc       ?ref_resize@?$Array@E@col@@AEAAXI@Z 00000000740147bc f i rapi_proc.obj
 0001:00013868       ?ref_resize@?$ObjectArray@UFileInfo@@@col@@AEAAXI@Z 0000000074014868 f i rapi_proc.obj
 0001:00013900       ?remove@?$Array@I@col@@QEAAAEAV12@II@Z 0000000074014900 f i rapi_proc.obj
 0001:00013be4       ?ref_resize@?$ObjectArray@UPanelFileInfo@@@col@@AEAAXI@Z 0000000074014be4 f i rapi_proc.obj
 0001:00013c88       ?ref_resize@?$ObjectArray@VUnicodeString@col@@@col@@AEAAXI@Z 0000000074014c88 f i rapi_proc.obj
 0001:00013ce0       ?replace@?$ObjectArray@ULogRecord@@@col@@QEAAAEAV12@IIPEBULogRecord@@I@Z 0000000074014ce0 f i rapi_proc.obj
 0001:00014148       ?ref_alloc@?$Array@UPluginPanelItem@@@col@@AEAAPEAUBuffer@12@I@Z 0000000074015148 f i rapi_proc.obj
 0001:000141d8       ?replace@?$Array@UPluginPanelItem@@@col@@QEAAAEAV12@IIPEBUPluginPanelItem@@I@Z 00000000740151d8 f i rapi_proc.obj
 0001:0001462c       ?replace@?$Array@UInfoPanelLine@@@col@@QEAAAEAV12@IIPEBUInfoPanelLine@@I@Z 000000007401562c f i rapi_proc.obj
 0001:00014a30       ?ref_alloc@?$ObjectArray@UFileInfo@@@col@@AEAAPEAUBuffer@12@I@Z 0000000074015a30 f i rapi_proc.obj
 0001:00014abc       ?replace@?$ObjectArray@UFileInfo@@@col@@QEAAAEAV12@IIPEBUFileInfo@@I@Z 0000000074015abc f i rapi_proc.obj
 0001:00014fa0       ?ref_alloc@?$ObjectArray@UPanelFileInfo@@@col@@AEAAPEAUBuffer@12@I@Z 0000000074015fa0 f i rapi_proc.obj
 0001:0001502c       ?replace@?$ObjectArray@UPanelFileInfo@@@col@@QEAAAEAV12@IIPEBUPanelFileInfo@@I@Z 000000007401602c f i rapi_proc.obj
 0001:0001557c       ?right@UnicodeString@col@@QEBA?AV12@I@Z 000000007401657c f i rapi_proc.obj
 0001:000155a4       ?rsearch@UnicodeString@col@@QEBAIAEB_W@Z 00000000740165a4 f i rapi_proc.obj
 0001:00015618       ?remove@UnicodeString@col@@QEAAAEAV12@II@Z 0000000074016618 f i rapi_proc.obj
 0001:000158a8       ?copy_fmt@UnicodeString@col@@QEAAAEAV12@PEB_WZZ 00000000740168a8 f i rapi_proc.obj
 0001:000158ec       ?oem_to_unicode@@YAXAEAVUnicodeString@col@@AEBVAnsiString@2@@Z 00000000740168ec f   util.obj
 0001:00015984       ?oem_to_unicode@@YA?AVUnicodeString@col@@AEBVAnsiString@2@@Z 0000000074016984 f   util.obj
 0001:000159d8       ?unicode_to_ansi@@YAXAEAVAnsiString@col@@AEBVUnicodeString@2@@Z 00000000740169d8 f   util.obj
 0001:00015a90       ?ansi_to_unicode@@YAXAEAVUnicodeString@col@@AEBVAnsiString@2@@Z 0000000074016a90 f   util.obj
 0001:00015b24       ?unicode_to_ansi@@YA?AVAnsiString@col@@AEBVUnicodeString@2@@Z 0000000074016b24 f   util.obj
 0001:00015b78       ?ansi_to_unicode@@YA?AVUnicodeString@col@@AEBVAnsiString@2@@Z 0000000074016b78 f   util.obj
 0001:00015bcc       ?word_wrap@@YA?AVUnicodeString@col@@AEBV12@I@Z 0000000074016bcc f   util.obj
 0001:00015c8c       ?format_data_size@@YA?AVUnicodeString@col@@_KAEBV?$ObjectArray@VUnicodeString@col@@@2@@Z 0000000074016c8c f   util.obj
 0001:00015dc8       ?format_time@@YA?AVUnicodeString@col@@_K@Z 0000000074016dc8 f   util.obj
 0001:00015e48       ?fit_str@@YA?AVUnicodeString@col@@AEBV12@I@Z 0000000074016e48 f   util.obj
 0001:00015f24       ?center@@YA?AVUnicodeString@col@@AEBV12@I@Z 0000000074016f24 f   util.obj
 0001:00015f7c       ?get_module_version@@YA?AUModuleVersion@@PEAUHINSTANCE__@@@Z 0000000074016f7c f   util.obj
 0001:00016160       ?extract_file_name@@YA?BVUnicodeString@col@@AEBV12@@Z 0000000074017160 f   util.obj
 0001:000161c0       ?unquote@@YAXAEAVUnicodeString@col@@@Z 00000000740171c0 f   util.obj
 0001:00016210       ?make_temp_file@@YA?AVUnicodeString@col@@XZ 0000000074017210 f   util.obj
 0001:000163ac       ?format_file_time@@YA?AVUnicodeString@col@@AEBU_FILETIME@@@Z 00000000740173ac f   util.obj
 0001:000165a4       ?del_trailing_slash@@YA?AVUnicodeString@col@@AEBV12@@Z 00000000740175a4 f   util.obj
 0001:000165ec       ?far_get_panel_item@@YAPEAUPluginPanelItem@@PEAX_JAEBUPanelInfo@@@Z 00000000740175ec f   util.obj
 0001:000166e8       ?far_get_selected_panel_item@@YAPEAUPluginPanelItem@@PEAX_JAEBUPanelInfo@@@Z 00000000740176e8 f   util.obj
 0001:000167e4       ?far_set_progress_value@@YAX_K0@Z 00000000740177e4 f   util.obj
 0001:00016844       ?buf@?$Array@D@col@@QEAAPEADI@Z 0000000074017844 f i util.obj
 0001:00016968       ?left@UnicodeString@col@@QEBA?AV12@I@Z 0000000074017968 f i util.obj
 0001:0001698c       ?swprintf@@YAHPEA_WPEB_WZZ 000000007401798c f i util.obj
 0001:000169b0       ?ref_resize@AnsiString@col@@AEAAXI@Z 00000000740179b0 f i util.obj
 0001:00016a64       ?buf@AnsiString@col@@QEAAPEADI@Z 0000000074017a64 f i util.obj
 0001:00016afc       ?far_get_msg@@YA?AVUnicodeString@col@@H@Z 0000000074017afc f   ui.obj
 0001:00016b44       ?far_message@@YA_JAEBU_GUID@@AEBVUnicodeString@col@@_J_K@Z 0000000074017b44 f   ui.obj
 0001:00016b84       ?far_load_colors@@YAXXZ    0000000074017b84 f   ui.obj
 0001:00016c78       ?far_get_text@@YA?AVUnicodeString@col@@PEAXI@Z 0000000074017c78 f   ui.obj
 0001:00016d34       ?draw_text_box@@YAXAEBVUnicodeString@col@@AEBV?$ObjectArray@VUnicodeString@col@@@2@I@Z 0000000074017d34 f   ui.obj
 0001:00016edc       ??0UiLink@@QEAA@_N@Z       0000000074017edc f   ui.obj
 0001:00016f34       ??1UiLink@@QEAA@XZ         0000000074017f34 f   ui.obj
 0001:00016f4c       ?update_needed@UiLink@@QEAA_NXZ 0000000074017f4c f   ui.obj
 0001:000171b8       ?get_size_suffixes@@YA?AV?$ObjectArray@VUnicodeString@col@@@col@@XZ 00000000740181b8 f   ui.obj
 0001:00017330       ?get_speed_suffixes@@YA?AV?$ObjectArray@VUnicodeString@col@@@col@@XZ 0000000074018330 f   ui.obj
 0001:000174a8       ?show_log@@YAXAEBULog@@@Z  00000000740184a8 f   ui.obj
 0001:00017a04       ?get_msg_width@@YAIXZ      0000000074018a04 f   ui.obj
 0001:00017a68       ?draw_progress_msg@@YAXAEBVUnicodeString@col@@@Z 0000000074018a68 f   ui.obj
 0001:00017b50       ?draw_create_list_progress@@YAXAEBUCreateListStats@@@Z 0000000074018b50 f   ui.obj
 0001:00017d6c       ?copy_files_dlg_proc@@YA_JPEAX_J10@Z 0000000074018d6c f   ui.obj
 0001:00017f4c       ?show_copy_files_dlg@@YA_NAEAUCopyFilesOptions@@_N@Z 0000000074018f4c f   ui.obj
 0001:000184ac       ??1FarDialog@@QEAA@XZ      00000000740194ac f i ui.obj
 0001:00018554       ?show_overwrite_dlg@@YA?AW4OverwriteAction@@AEBVUnicodeString@col@@AEBUFileInfo@@1@Z 0000000074019554 f   ui.obj
 0001:00018ab0       ?show_copy_files_results_dlg@@YAXAEBUCopyFilesStats@@AEBULog@@@Z 0000000074019ab0 f   ui.obj
 0001:00018d88       ?draw_copy_files_progress@@YAXAEBUCopyFilesProgress@@AEBUCopyFilesStats@@_N@Z 0000000074019d88 f   ui.obj
 0001:00019684       ?draw_move_remote_files_progress@@YAXAEBUCopyFilesProgress@@AEBUCopyFilesStats@@@Z 000000007401a684 f   ui.obj
 0001:00019aa4       ?delete_files_dlg_proc@@YA_JPEAX_J10@Z 000000007401aaa4 f   ui.obj
 0001:00019b88       ?show_delete_files_dlg@@YA_NAEAUDeleteFilesOptions@@@Z 000000007401ab88 f   ui.obj
 0001:00019e88       ?draw_delete_files_progress@@YAXAEBUDeleteFilesProgress@@AEBUDeleteFilesStats@@@Z 000000007401ae88 f   ui.obj
 0001:0001a2dc       ?show_delete_files_results_dlg@@YAXAEBUDeleteFilesStats@@AEBULog@@@Z 000000007401b2dc f   ui.obj
 0001:0001a5a8       ?create_dir_dlg_proc@@YA_JPEAX_J10@Z 000000007401b5a8 f   ui.obj
 0001:0001a67c       ?show_create_dir_dlg@@YA_NAEAUCreateDirOptions@@@Z 000000007401b67c f   ui.obj
 0001:0001a810       ?def_option_values_dlg_proc@@YA_JPEAX_J10@Z 000000007401b810 f   ui.obj
 0001:0001a974       ?show_def_option_values_dlg@@YA_NAEAUPluginOptions@@@Z 000000007401b974 f   ui.obj
 0001:0001ae10       ?verify_hot_key@@YA_NPEAXH@Z 000000007401be10 f   ui.obj
 0001:0001af98       ?get_hot_key@@YA?AVUnicodeString@col@@PEAXH@Z 000000007401bf98 f   ui.obj
 0001:0001afb4       ?hot_key_options_dlg_proc@@YA_JPEAX_J10@Z 000000007401bfb4 f   ui.obj
 0001:0001b160       ?show_hot_key_options_dlg@@YA_NAEAUPluginOptions@@@Z 000000007401c160 f   ui.obj
 0001:0001b610       ?plugin_options_dlg_proc@@YA_JPEAX_J10@Z 000000007401c610 f   ui.obj
 0001:0001b9bc       ?show_plugin_options_dlg@@YA_NAEAUPluginOptions@@@Z 000000007401c9bc f   ui.obj
 0001:0001c250       ?file_attr_dlg_proc@@YA_JPEAX_J10@Z 000000007401d250 f   ui.obj
 0001:0001c3dc       ?show_file_attr_dlg@@YA_NAEAUFileAttrOptions@@@Z 000000007401d3dc f   ui.obj
 0001:0001c998       ?run_dlg_proc@@YA_JPEAX_J10@Z 000000007401d998 f   ui.obj
 0001:0001ca64       ?show_run_dlg@@YA_NAEAURunOptions@@@Z 000000007401da64 f   ui.obj
 0001:0001cc60       ?filter_dlg_proc@@YA_JPEAX_J10@Z 000000007401dc60 f   ui.obj
 0001:0001cd60       ?show_filters_dlg@@YA_NAEBV?$ObjectArray@UFileFilters@@@col@@AEAV?$Array@UFilterSelection@@@2@@Z 000000007401dd60 f   ui.obj
 0001:0001d28c       ??1?$ObjectArray@UListData@FarDialog@@@col@@QEAA@XZ 000000007401e28c f i ui.obj
 0001:0001d310       ?ref_resize@?$Array@UFarColor@@@col@@AEAAXI@Z 000000007401e310 f i ui.obj
 0001:0001d3d0       ?remove@?$Array@UFilterSelection@@@col@@QEAAAEAV12@II@Z 000000007401e3d0 f i ui.obj
 0001:0001d6c4       ?replace@?$Array@UFilterSelection@@@col@@QEAAAEAV12@IIPEBUFilterSelection@@I@Z 000000007401e6c4 f i ui.obj
 0001:0001dad4       ?replace@?$Array@UFarMenuItem@@@col@@QEAAAEAV12@IIPEBUFarMenuItem@@I@Z 000000007401ead4 f i ui.obj
 0001:0001de18       ?replace@?$Array@H@col@@QEAAAEAV12@IIPEBHI@Z 000000007401ee18 f i ui.obj
 0001:0001e16c       ?replace@?$Array@_W@col@@QEAAAEAV12@IIPEB_WI@Z 000000007401f16c f i ui.obj
 0001:0001e4a8       ?ref_alloc@?$Array@UFarDialogItem@@@col@@AEAAPEAUBuffer@12@I@Z 000000007401f4a8 f i ui.obj
 0001:0001e534       ?ref_alloc@?$Array@UFarMenuItem@@@col@@AEAAPEAUBuffer@12@I@Z 000000007401f534 f i ui.obj
 0001:0001e5c4       ?set_text@FarDialog@@AEAAXAEAUFarDialogItem@@AEBVUnicodeString@col@@@Z 000000007401f5c4 f   dlgapi.obj
 0001:0001e610       ??0FarDialog@@QEAA@AEBU_GUID@@AEBVUnicodeString@col@@I@Z 000000007401f610 f   dlgapi.obj
 0001:0001e764       ?separator@FarDialog@@QEAAIXZ 000000007401f764 f   dlgapi.obj
 0001:0001e7e4       ?label@FarDialog@@QEAAIAEBVUnicodeString@col@@@Z 000000007401f7e4 f   dlgapi.obj
 0001:0001e8bc       ?var_edit_box@FarDialog@@QEAAIAEBVUnicodeString@col@@IK@Z 000000007401f8bc f   dlgapi.obj
 0001:0001e984       ?button@FarDialog@@QEAAIAEBVUnicodeString@col@@K_N@Z 000000007401f984 f   dlgapi.obj
 0001:0001ea74       ?check_box@FarDialog@@QEAAIAEBVUnicodeString@col@@HK@Z 000000007401fa74 f   dlgapi.obj
 0001:0001eb54       ?radio_button@FarDialog@@QEAAIAEBVUnicodeString@col@@_NK@Z 000000007401fb54 f   dlgapi.obj
 0001:0001ec40       ?combo_box@FarDialog@@QEAAIAEBV?$ObjectArray@VUnicodeString@col@@@col@@IIK@Z 000000007401fc40 f   dlgapi.obj
 0001:0001ef54       ?show@FarDialog@@QEAA_JP6A_JPEAX_J10@Z0PEB_W@Z 000000007401ff54 f   dlgapi.obj
 0001:0001f134       ?create@?$ObjectArray@UListData@FarDialog@@@col@@CAPEAUBuffer@12@PEBUListData@FarDialog@@I@Z 0000000074020134 f i dlgapi.obj
 0001:0001f1e4       ?replace@?$Array@UFarDialogItem@@@col@@QEAAAEAV12@IIPEBUFarDialogItem@@I@Z 00000000740201e4 f i dlgapi.obj
 0001:0001f508       ?replace@?$Array@UFarList@@@col@@QEAAAEAV12@IIPEBUFarList@@I@Z 0000000074020508 f i dlgapi.obj
 0001:0001f7c8       ?replace@?$Array@UFarListItem@@@col@@QEAAAEAV12@IIPEBUFarListItem@@I@Z 00000000740207c8 f i dlgapi.obj
 0001:0001fb80       ?replace@?$ObjectArray@UListData@FarDialog@@@col@@QEAAAEAV12@IIPEBUListData@FarDialog@@I@Z 0000000074020b80 f i dlgapi.obj
 0001:00020044       ?get@Options@@IEAA_N_KPEB_WAEA_K@Z 0000000074021044 f i options.obj
 0001:000200c8       ??1Options@@QEAA@XZ        00000000740210c8 f i options.obj
 0001:000200f4       ?create@Options@@QEAA_N_N@Z 00000000740210f4 f i options.obj
 0001:000201a4       ?get_str@Options@@QEAA?AVUnicodeString@col@@_KPEB_WAEBV23@@Z 00000000740211a4 f i options.obj
 0001:000202a4       ?get_str@Options@@QEAA?AVUnicodeString@col@@PEB_WAEBV23@@Z 00000000740212a4 f i options.obj
 0001:000202c0       ?set_int@Options@@QEAAXPEB_WII@Z 00000000740212c0 f i options.obj
 0001:0002035c       ?set_bool@Options@@QEAAXPEB_W_N1@Z 000000007402135c f i options.obj
 0001:000203fc       ?set_str@Options@@QEAAXPEB_WAEBVUnicodeString@col@@1@Z 00000000740213fc f i options.obj
 0001:000204d0       ??0PluginOptions@@QEAA@XZ  00000000740214d0 f   options.obj
 0001:000205a0       ?load_plugin_options@@YAXAEAUPluginOptions@@@Z 00000000740215a0 f   options.obj
 0001:000209e8       ?save_plugin_options@@YAXAEBUPluginOptions@@@Z 00000000740219e8 f   options.obj
 0001:00020c74       ?save_def_option_values@@YAXAEBUPluginOptions@@@Z 0000000074021c74 f   options.obj
 0001:00020d94       ?load_last_dir@@YA?AVUnicodeString@col@@AEBV12@@Z 0000000074021d94 f   options.obj
 0001:00020e94       ?save_last_dir@@YAXAEBVUnicodeString@col@@0@Z 0000000074021e94 f   options.obj
 0001:00020f74       ?get_app_option@@YA_N_KPEB_W_N@Z 0000000074021f74 f   options.obj
 0001:00021014       ?convert_path@FilePath@@AEAAXAEBVUnicodeString@col@@@Z 0000000074022014 f   filepath.obj
 0001:00021324       ?normalize@FilePath@@AEAAXXZ 0000000074022324 f   filepath.obj
 0001:0002149c       ?reg_read_string@@YA?AVUnicodeString@col@@PEAUHKEY__@@AEBV12@1@Z 000000007402249c f   file_filters.obj
 0001:000215b0       ?load_file_filters@@YAXPEAUHKEY__@@@Z 00000000740225b0 f   file_filters.obj
 0001:000220dc       ??1FileFilters@@QEAA@XZ    00000000740230dc f i file_filters.obj
 0001:00022108       ?load_file_filters@@YAXXZ  0000000074023108 f   file_filters.obj
 0001:00022304       ?create_interface@@YAPEAUICeFileFilter@@AEBVUnicodeString@col@@@Z 0000000074023304 f   file_filters.obj
 0001:000223cc       ??1FilterInterface@@QEAA@XZ 00000000740233cc f   file_filters.obj
 0001:0002241c       ?open_if_needed@FileStream@@AEAAXXZ 000000007402341c f i file_filters.obj
 0001:000224b4       ?QueryInterface@FileStream@@UEAAJAEBU_GUID@@PEAPEAX@Z 00000000740234b4 f i file_filters.obj
 0001:00022548       ?AddRef@FileStream@@UEAAKXZ 0000000074023548 f i file_filters.obj
 0001:00022558       ?Release@FileStream@@UEAAKXZ 0000000074023558 f i file_filters.obj
 0001:000225bc       ?Read@FileStream@@UEAAJPEAXKPEAK@Z 00000000740235bc f i file_filters.obj
 0001:00022660       ?Write@FileStream@@UEAAJPEBXKPEAK@Z 0000000074023660 f i file_filters.obj
 0001:00022704       ?Seek@FileStream@@UEAAJT_LARGE_INTEGER@@KPEAT_ULARGE_INTEGER@@@Z 0000000074023704 f i file_filters.obj
 0001:000227b8       ?Stat@FileStream@@UEAAJPEAUtagSTATSTG@@K@Z 00000000740237b8 f i file_filters.obj
 0001:00022924       ?CopyTo@FileStream@@UEAAJPEAUIStream@@T_ULARGE_INTEGER@@PEAT3@2@Z 0000000074023924 f i file_filters.obj
 0001:00022924       ?SetSize@FileStream@@UEAAJT_ULARGE_INTEGER@@@Z 0000000074023924 f i file_filters.obj
 0001:00022924       ?Commit@FileStream@@UEAAJK@Z 0000000074023924 f i file_filters.obj
 0001:00022924       ?Revert@FileStream@@UEAAJXZ 0000000074023924 f i file_filters.obj
 0001:00022924       ?LockRegion@FileStream@@UEAAJT_ULARGE_INTEGER@@0K@Z 0000000074023924 f i file_filters.obj
 0001:00022924       ?UnlockRegion@FileStream@@UEAAJT_ULARGE_INTEGER@@0K@Z 0000000074023924 f i file_filters.obj
 0001:00022924       ?Clone@FileStream@@UEAAJPEAPEAUIStream@@@Z 0000000074023924 f i file_filters.obj
 0001:0002292c       ?QueryInterface@FileFilterSite@@UEAAJAEBU_GUID@@PEAPEAX@Z 000000007402392c f i file_filters.obj
 0001:00022998       ?OpenSourceFile@FileFilterSite@@UEAAJHPEAPEAX@Z 0000000074023998 f i file_filters.obj
 0001:00022a04       ?OpenDestinationFile@FileFilterSite@@UEAAJHPEBDPEAPEAX@Z 0000000074023a04 f i file_filters.obj
 0001:00022a70       ?CloseSourceFile@FileFilterSite@@UEAAJPEAUIUnknown@@@Z 0000000074023a70 f i file_filters.obj
 0001:00022a84       ?CloseDestinationFile@FileFilterSite@@UEAAJHPEAUIUnknown@@@Z 0000000074023a84 f i file_filters.obj
 0001:00022a98       ?split_path@@YA?AUFilePathParts@@AEBVUnicodeString@col@@@Z 0000000074023a98 f   file_filters.obj
 0001:00022d34       ??1Filter@@QEAA@XZ         0000000074023d34 f i file_filters.obj
 0001:00022d34       ??1FilePathParts@@QEAA@XZ  0000000074023d34 f i file_filters.obj
 0001:00022d84       ?convert_file@@YAXPEAUICeFileFilter@@AEBVUnicodeString@col@@1_N@Z 0000000074023d84 f   file_filters.obj
 0001:000236ac       ??1LogRecord@@QEAA@XZ      00000000740246ac f i plugin.obj
 0001:000236ac       ??1FileFilterSite@@QEAA@XZ 00000000740246ac f i file_filters.obj
 0001:000236ac       ??1FilterDlgData@@QEAA@XZ  00000000740246ac f i ui.obj
 0001:000236e8       ??1?$ObjectArray@UFilter@@@col@@QEAA@XZ 00000000740246e8 f i file_filters.obj
 0001:00023784       ?create@?$ObjectArray@UFilter@@@col@@CAPEAUBuffer@12@PEBUFilter@@I@Z 0000000074024784 f i file_filters.obj
 0001:00023840       ?create@?$ObjectArray@UFileFilters@@@col@@CAPEAUBuffer@12@PEBUFileFilters@@I@Z 0000000074024840 f i file_filters.obj
 0001:000238f0       ?_cmp_def@?$ObjectArray@UFileFilters@@@col@@CAHPEBX0@Z 00000000740248f0 f i file_filters.obj
 0001:000239a4       ?replace@?$ObjectArray@UFilter@@@col@@QEAAAEAV12@IIPEBUFilter@@I@Z 00000000740249a4 f i file_filters.obj
 0001:00023e34       ?ref_resize@?$ObjectArray@UFileFilters@@@col@@AEAAXI@Z 0000000074024e34 f i file_filters.obj
 0001:00023ea0       ?replace@?$ObjectArray@UFileFilters@@@col@@QEAAAEAV12@IIPEBUFileFilters@@I@Z 0000000074024ea0 f i file_filters.obj
 0001:00024278       ?ref_alloc@?$Array@UFarList@@@col@@AEAAPEAUBuffer@12@I@Z 0000000074025278 f i dlgapi.obj
 0001:00024278       ?ref_alloc@?$Array@UInfoPanelLine@@@col@@AEAAPEAUBuffer@12@I@Z 0000000074025278 f i rapi_proc.obj
 0001:00024278       ?ref_alloc@?$ObjectArray@UFilter@@@col@@AEAAPEAUBuffer@12@I@Z 0000000074025278 f i file_filters.obj
 0001:00024278       ?ref_alloc@?$ObjectArray@UFilterInterface@@@col@@AEAAPEAUBuffer@12@I@Z 0000000074025278 f i plugin.obj
 0001:00024278       ?ref_alloc@?$ObjectArray@ULogRecord@@@col@@AEAAPEAUBuffer@12@I@Z 0000000074025278 f i rapi_proc.obj
 0001:00024308       ?ref_alloc@?$ObjectArray@UFileFilters@@@col@@AEAAPEAUBuffer@12@I@Z 0000000074025308 f i file_filters.obj
 0001:00024394       ??0FileInfo@@QEAA@AEBU_WIN32_FIND_DATAW@@@Z 0000000074025394 f   file_info.obj
 0001:0002442c       ??0FileInfo@@QEAA@AEBUCE_FIND_DATA@@@Z 000000007402542c f   file_info.obj
 0001:000244e0       __security_check_cookie    00000000740254e0 f   LIBCMT:amdsecgs.obj
 0001:00024500       free                       0000000074025500 f   LIBCMT:free.obj
 0001:00024550       memcpy                     0000000074025550 f   LIBCMT:memcpy.obj
 0001:00024550       memmove                    0000000074025550     LIBCMT:memcpy.obj
 0001:00024884       ??0exception@std@@QEAA@AEBQEBDH@Z 0000000074025884 f   LIBCMT:stdexcpt.obj
 0001:000248a0       ?what@exception@std@@UEBAPEBDXZ 00000000740258a0 f   LIBCMT:stdexcpt.obj
 0001:000248b4       ?_Copy_str@exception@std@@AEAAXPEBD@Z 00000000740258b4 f   LIBCMT:stdexcpt.obj
 0001:00024910       ?_Tidy@exception@std@@AEAAXXZ 0000000074025910 f   LIBCMT:stdexcpt.obj
 0001:00024938       ??0exception@std@@QEAA@AEBQEBD@Z 0000000074025938 f   LIBCMT:stdexcpt.obj
 0001:00024968       ??4exception@std@@QEAAAEAV01@AEBV01@@Z 0000000074025968 f   LIBCMT:stdexcpt.obj
 0001:000249ac       ??1exception@std@@UEAA@XZ  00000000740259ac f   LIBCMT:stdexcpt.obj
 0001:000249bc       ??_Gexception@std@@UEAAPEAXI@Z 00000000740259bc f i LIBCMT:stdexcpt.obj
 0001:000249bc       ??_Eexception@std@@UEAAPEAXI@Z 00000000740259bc f i LIBCMT:stdexcpt.obj
 0001:000249f8       ??0exception@std@@QEAA@AEBV01@@Z 00000000740259f8 f   LIBCMT:stdexcpt.obj
 0001:00024a24       ??_Etype_info@@UEAAPEAXI@Z 0000000074025a24 f i LIBCMT:typinfo.obj
 0001:00024a24       ??_Gtype_info@@UEAAPEAXI@Z 0000000074025a24 f i LIBCMT:typinfo.obj
 0001:00024a60       ??8type_info@@QEBA_NAEBV0@@Z 0000000074025a60 f   LIBCMT:typinfo.obj
 0001:00024a80       malloc                     0000000074025a80 f   LIBCMT:malloc.obj
 0001:00024b38       wcslen                     0000000074025b38 f   LIBCMT:wcslen.obj
 0001:00024b54       realloc                    0000000074025b54 f   LIBCMT:realloc.obj
 0001:00024c40       memcmp                     0000000074025c40 f   LIBCMT:memcmp.obj
 0001:00024d08       __onexitinit               0000000074025d08 f   LIBCMT:onexit.obj
 0001:00024d4c       _onexit                    0000000074025d4c f   LIBCMT:onexit.obj
 0001:00024e58       atexit                     0000000074025e58 f   LIBCMT:onexit.obj
 0001:00024e80       strlen                     0000000074025e80 f   LIBCMT:strlen.obj
 0001:00024f28       ??2@YAPEAX_K@Z             0000000074025f28 f   LIBCMT:new.obj
 0001:00024fcc       ??3@YAXPEAX@Z              0000000074025fcc f   LIBCMT:delete.obj
 0001:00024fd4       wcscmp                     0000000074025fd4 f   LIBCMT:wcscmp.obj
 0001:00025020       memset                     0000000074026020 f   LIBCMT:memset.obj
 0001:0002510c       bsearch                    000000007402610c f   LIBCMT:bsearch.obj
 0001:000251fc       _purecall                  00000000740261fc f   LIBCMT:purevirt.obj
 0001:00025234       ??0_LocaleUpdate@@QEAA@PEAUlocaleinfo_struct@@@Z 0000000074026234 f i LIBCMT:wcsnicmp.obj
 0001:000252d8       _wcsnicmp_l                00000000740262d8 f   LIBCMT:wcsnicmp.obj
 0001:000253f0       _wcsnicmp                  00000000740263f0 f   LIBCMT:wcsnicmp.obj
 0001:00025488       floor                      0000000074026488 f   LIBCMT:_floor_.obj
 0001:0002558c       _vswprintf_l               000000007402658c f   LIBCMT:vswprint.obj
 0001:0002566c       _vswprintf                 000000007402666c f   LIBCMT:vswprint.obj
 0001:00025678       _wtoi                      0000000074026678 f   LIBCMT:wtox.obj
 0001:00025684       wcscpy                     0000000074026684 f   LIBCMT:wcscat.obj
 0001:00025760       qsort                      0000000074026760 f   LIBCMT:qsort.obj
 0001:00025a58       strcpy_s                   0000000074026a58 f   LIBCMT:strcpy_s.obj
 0001:00025abc       _CRT_INIT                  0000000074026abc f   LIBCMT:dllcrt0.obj
 0001:00025d2c       _DllMainCRTStartup         0000000074026d2c f   LIBCMT:dllcrt0.obj
 0001:00025d6c       __report_gsfailure         0000000074026d6c f   LIBCMT:gs_report.obj
 0001:00025eb8       _get_errno_from_oserr      0000000074026eb8 f   LIBCMT:dosmap.obj
 0001:00025f00       _errno                     0000000074026f00 f   LIBCMT:dosmap.obj
 0001:00025f20       __doserrno                 0000000074026f20 f   LIBCMT:dosmap.obj
 0001:00025f40       _dosmaperr                 0000000074026f40 f   LIBCMT:dosmap.obj
 0001:00025f88       _heap_init                 0000000074026f88 f   LIBCMT:heapinit.obj
 0001:00025fe0       _heap_term                 0000000074026fe0 f   LIBCMT:heapinit.obj
 0001:00026000       ?_Type_info_dtor@type_info@@CAXPEAV1@@Z 0000000074027000 f   LIBCMT:typname.obj
 0001:00026080       strcmp                     0000000074027080 f   LIBCMT:strcmp.obj
 0001:00026130       __crtCorExitProcess        0000000074027130 f   LIBCMT:crt0dat.obj
 0001:0002616c       __crtExitProcess           000000007402716c f   LIBCMT:crt0dat.obj
 0001:00026184       _lockexit                  0000000074027184 f   LIBCMT:crt0dat.obj
 0001:00026190       _unlockexit                0000000074027190 f   LIBCMT:crt0dat.obj
 0001:0002619c       _init_pointers             000000007402719c f   LIBCMT:crt0dat.obj
 0001:00026214       _initterm_e                0000000074027214 f   LIBCMT:crt0dat.obj
 0001:00026250       _cinit                     0000000074027250 f   LIBCMT:crt0dat.obj
 0001:00026490       _exit                      0000000074027490 f   LIBCMT:crt0dat.obj
 0001:0002649c       _cexit                     000000007402749c f   LIBCMT:crt0dat.obj
 0001:000264ac       _amsg_exit                 00000000740274ac f   LIBCMT:crt0dat.obj
 0001:000264d4       _GET_RTERRMSG              00000000740274d4 f   LIBCMT:crt0msg.obj
 0001:00026500       _NMSG_WRITE                0000000074027500 f   LIBCMT:crt0msg.obj
 0001:00026760       _FF_MSGBANNER              0000000074027760 f   LIBCMT:crt0msg.obj
 0001:000267a4       _initp_heap_handler        00000000740277a4 f   LIBCMT:handler.obj
 0001:000267ac       _callnewh                  00000000740277ac f   LIBCMT:handler.obj
 0001:000267e0       _malloc_crt                00000000740277e0 f   LIBCMT:crtheap.obj
 0001:00026860       _calloc_crt                0000000074027860 f   LIBCMT:crtheap.obj
 0001:000268e4       _realloc_crt               00000000740278e4 f   LIBCMT:crtheap.obj
 0001:0002696c       _msize                     000000007402796c f   LIBCMT:msize.obj
 0001:000269a8       __C_specific_handler       00000000740279a8 f   LIBCMT:chandler.obj
 0001:00026ba8       _CxxThrowException         0000000074027ba8 f   LIBCMT:throw.obj
 0001:00026c3c       _initp_misc_invarg         0000000074027c3c f   LIBCMT:invarg.obj
 0001:00026c44       _call_reportfault          0000000074027c44 f   LIBCMT:invarg.obj
 0001:00026d90       _invoke_watson             0000000074027d90 f   LIBCMT:invarg.obj
 0001:00026dc4       _invalid_parameter         0000000074027dc4 f   LIBCMT:invarg.obj
 0001:00026e34       _invalid_parameter_noinfo  0000000074027e34 f   LIBCMT:invarg.obj
 0001:00026e54       abort                      0000000074027e54 f   LIBCMT:abort.obj
 0001:00026e94       _set_abort_behavior        0000000074027e94 f   LIBCMT:abort.obj
 0001:00026eb0       _initp_misc_purevirt       0000000074027eb0 f   LIBCMT:inithelp.obj
 0001:00027134       __updatetmbcinfo           0000000074028134 f   LIBCMT:mbctype.obj
 0001:00027280       _setmbcp_nolock            0000000074028280 f   LIBCMT:mbctype.obj
 0001:000274f8       _setmbcp                   00000000740284f8 f   LIBCMT:mbctype.obj
 0001:000276d8       __initmbctable             00000000740286d8 f   LIBCMT:mbctype.obj
 0001:00027700       __addlocaleref             0000000074028700 f   LIBCMT:localref.obj
 0001:0002778c       __removelocaleref          000000007402878c f   LIBCMT:localref.obj
 0001:00027830       __freetlocinfo             0000000074028830 f   LIBCMT:localref.obj
 0001:000279ac       _updatetlocinfoEx_nolock   00000000740289ac f   LIBCMT:localref.obj
 0001:00027a04       __updatetlocinfo           0000000074028a04 f   LIBCMT:localref.obj
 0001:00027a7c       _encoded_null              0000000074028a7c f   LIBCMT:tidtable.obj
 0001:00027a88       ?ReportProgress@FileFilterSite@@UEAAJI@Z 0000000074028a88 f   file_filters.obj
 0001:00027a88       _matherr                   0000000074028a88 f   LIBCMT:_matherr_.obj
 0001:00027a88       ?ReportLoss@FileFilterSite@@UEAAJKPEBDPEAD@Z 0000000074028a88 f   file_filters.obj
 0001:00027a88       ?AddRef@FileFilterSite@@UEAAKXZ 0000000074028a88 f   file_filters.obj
 0001:00027a88       ?Release@FileFilterSite@@UEAAKXZ 0000000074028a88 f   file_filters.obj
 0001:00027a88       __set_flsgetvalue          0000000074028a88 f   LIBCMT:tidtable.obj
 0001:00027a8c       _mtterm                    0000000074028a8c f   LIBCMT:tidtable.obj
 0001:00027ab4       _initptd                   0000000074028ab4 f   LIBCMT:tidtable.obj
 0001:00027b6c       _getptd_noexit             0000000074028b6c f   LIBCMT:tidtable.obj
 0001:00027bf0       _getptd                    0000000074028bf0 f   LIBCMT:tidtable.obj
 0001:00027c14       _freefls                   0000000074028c14 f   LIBCMT:tidtable.obj
 0001:00027d48       _freeptd                   0000000074028d48 f   LIBCMT:tidtable.obj
 0001:00027d88       _mtinit                    0000000074028d88 f   LIBCMT:tidtable.obj
 0001:00027e0c       _towlower_l                0000000074028e0c f   LIBCMT:towlower.obj
 0001:00027fa0       _handle_error              0000000074028fa0 f   LIBCMT:_libm_error_.obj
 0001:000280f0       _cfltcvt_init              00000000740290f0 f   LIBCMT:_fpinit_.obj
 0001:00028178       _fpmath                    0000000074029178 f   LIBCMT:_fpinit_.obj
 0001:00028180       _flsbuf                    0000000074029180 f   LIBCMT:_flsbuf.obj
 0001:00028438       _woutput_l                 0000000074029438 f   LIBCMT:woutput.obj
 0001:00029114       wcstol                     000000007402a114 f   LIBCMT:wcstol.obj
 0001:0002911c       _ioinit                    000000007402a11c f   LIBCMT:ioinit.obj
 0001:000293f0       _ioterm                    000000007402a3f0 f   LIBCMT:ioinit.obj
 0001:00029464       _setenvp                   000000007402a464 f   LIBCMT:stdenvp.obj
 0001:00029764       _setargv                   000000007402a764 f   LIBCMT:stdargv.obj
 0001:0002985c       __crtGetEnvironmentStringsA 000000007402a85c f   LIBCMT:a_env.obj
 0001:00029950       _RTC_Initialize            000000007402a950 f   LIBCMT:_initsect_.obj
 0001:00029988       _RTC_Terminate             000000007402a988 f   LIBCMT:_initsect_.obj
 0001:000299c0       _XcptFilter                000000007402a9c0 f   LIBCMT:winxfltr.obj
 0001:00029b90       __CppXcptFilter            000000007402ab90 f   LIBCMT:winxfltr.obj
 0001:00029ba4       __security_init_cookie     000000007402aba4 f   LIBCMT:gs_support.obj
 0001:00029c58       __crt_debugger_hook        000000007402ac58 f   LIBCMT:dbghook.obj
 0001:00029c60       _mtinitlocks               000000007402ac60 f   LIBCMT:mlock.obj
 0001:00029ce4       _mtdeletelocks             000000007402ace4 f   LIBCMT:mlock.obj
 0001:00029d6c       _unlock                    000000007402ad6c f   LIBCMT:mlock.obj
 0001:00029d84       _mtinitlocknum             000000007402ad84 f   LIBCMT:mlock.obj
 0001:00029e6c       _lock                      000000007402ae6c f   LIBCMT:mlock.obj
 0001:00029ec0       _local_unwind              000000007402aec0 f   LIBCMT:jmpuwind.obj
 0001:00029ef0       _NLG_Notify                000000007402aef0 f   LIBCMT:jmpuwind.obj
 0001:00029f10       __NLG_Dispatch2            000000007402af10 f   LIBCMT:jmpuwind.obj
 0001:00029f20       __NLG_Return2              000000007402af20 f   LIBCMT:jmpuwind.obj
 0001:00029f24       ?terminate@@YAXXZ          000000007402af24 f   LIBCMT:hooks.obj
 0001:00029f48       ?_inconsistency@@YAXXZ     000000007402af48 f   LIBCMT:hooks.obj
 0001:00029f70       _initp_eh_hooks            000000007402af70 f   LIBCMT:hooks.obj
 0001:00029f90       _initp_misc_winsig         000000007402af90 f   LIBCMT:winsig.obj
 0001:00029fb0       __get_sigabrt              000000007402afb0 f   LIBCMT:winsig.obj
 0001:00029fc0       raise                      000000007402afc0 f   LIBCMT:winsig.obj
 0001:0002a1f4       _initp_misc_rand_s         000000007402b1f4 f   LIBCMT:rand_s.obj
 0001:0002a1fc       _initp_misc_cfltcvt_tab    000000007402b1fc f   LIBCMT:cmiscdat.obj
 0001:0002a240       _ValidateImageBase         000000007402b240 f   LIBCMT:pesect.obj
 0001:0002a270       _FindPESection             000000007402b270 f   LIBCMT:pesect.obj
 0001:0002a2c0       _IsNonwritableInCurrentImage 000000007402b2c0 f   LIBCMT:pesect.obj
 0001:0002a304       __GSHandlerCheckCommon     000000007402b304 f   LIBCMT:gshandler.obj
 0001:0002a368       __GSHandlerCheck           000000007402b368 f   LIBCMT:gshandler.obj
 0001:0002a388       __crtMessageBoxW           000000007402b388 f   LIBCMT:crtmboxw.obj
 0001:0002a590       wcscat_s                   000000007402b590 f   LIBCMT:wcscat_s.obj
 0001:0002a618       wcsncpy_s                  000000007402b618 f   LIBCMT:wcsncpy_s.obj
 0001:0002a6e8       wcscpy_s                   000000007402b6e8 f   LIBCMT:wcscpy_s.obj
 0001:0002a754       _set_error_mode            000000007402b754 f   LIBCMT:errmode.obj
 0001:0002a794       _calloc_impl               000000007402b794 f   LIBCMT:calloc_impl.obj
 0001:0002aafc       __crtLCMapStringA          000000007402bafc f   LIBCMT:a_map.obj
 0001:0002acf4       __crtGetStringTypeA        000000007402bcf4 f   LIBCMT:a_str.obj
 0001:0002ad74       __free_lc_time             000000007402bd74 f   LIBCMT:inittime.obj
 0001:0002b164       __free_lconv_num           000000007402c164 f   LIBCMT:initnum.obj
 0001:0002b1d0       __free_lconv_mon           000000007402c1d0 f   LIBCMT:initmon.obj
 0001:0002b2dc       __crtLCMapStringW          000000007402c2dc f   LIBCMT:w_map.obj
 0001:0002b33c       iswctype                   000000007402c33c f   LIBCMT:iswctype.obj
 0001:0002b3c0       strncmp                    000000007402c3c0 f   LIBCMT:strncmp.obj
 0001:0002b478       _raise_exc_ex              000000007402c478 f   LIBCMT:_fpexcept_.obj
 0001:0002b784       _raise_exc                 000000007402c784 f   LIBCMT:_fpexcept_.obj
 0001:0002b7ac       _set_errno_from_matherr    000000007402c7ac f   LIBCMT:_fpexcept_.obj
 0001:0002b7dc       _statfp                    000000007402c7dc f   LIBCMT:_fpctrl_.obj
 0001:0002b7f0       _clrfp                     000000007402c7f0 f   LIBCMT:_fpctrl_.obj
 0001:0002b810       _ctrlfp                    000000007402c810 f   LIBCMT:_fpctrl_.obj
 0001:0002b88c       _set_statfp                000000007402c88c f   LIBCMT:_fpctrl_.obj
 0001:0002b8ac       _forcdecpt_l               000000007402c8ac f   LIBCMT:cvt.obj
 0001:0002b92c       _cropzeros_l               000000007402c92c f   LIBCMT:cvt.obj
 0001:0002b9cc       _positive                  000000007402c9cc f   LIBCMT:cvt.obj
 0001:0002b9e4       _fassign_l                 000000007402c9e4 f   LIBCMT:cvt.obj
 0001:0002ba28       _fassign                   000000007402ca28 f   LIBCMT:cvt.obj
 0001:0002ba30       _forcdecpt                 000000007402ca30 f   LIBCMT:cvt.obj
 0001:0002ba38       _cropzeros                 000000007402ca38 f   LIBCMT:cvt.obj
 0001:0002bc74       _cftoe_l                   000000007402cc74 f   LIBCMT:cvt.obj
 0001:0002bd6c       _cftoa_l                   000000007402cd6c f   LIBCMT:cvt.obj
 0001:0002c2e8       _cftof_l                   000000007402d2e8 f   LIBCMT:cvt.obj
 0001:0002c3bc       _cftog_l                   000000007402d3bc f   LIBCMT:cvt.obj
 0001:0002c4f0       _cfltcvt_l                 000000007402d4f0 f   LIBCMT:cvt.obj
 0001:0002c588       _cfltcvt                   000000007402d588 f   LIBCMT:cvt.obj
 0001:0002c5ac       _lseeki64_nolock           000000007402d5ac f   LIBCMT:lseeki64.obj
 0001:0002c644       _lseeki64                  000000007402d644 f   LIBCMT:lseeki64.obj
 0001:0002c728       _write_nolock              000000007402d728 f   LIBCMT:write.obj
 0001:0002ce88       _write                     000000007402de88 f   LIBCMT:write.obj
 0001:0002cf68       _getbuf                    000000007402df68 f   LIBCMT:_getbuf.obj
 0001:0002cfbc       _isatty                    000000007402dfbc f   LIBCMT:isatty.obj
 0001:0002d01c       __iob_func                 000000007402e01c f   LIBCMT:_file.obj
 0001:0002d024       __initstdio                000000007402e024 f   LIBCMT:_file.obj
 0001:0002d104       __endstdio                 000000007402e104 f   LIBCMT:_file.obj
 0001:0002d12c       _lock_file                 000000007402e12c f   LIBCMT:_file.obj
 0001:0002d190       _lock_file2                000000007402e190 f   LIBCMT:_file.obj
 0001:0002d1c4       _unlock_file               000000007402e1c4 f   LIBCMT:_file.obj
 0001:0002d210       _unlock_file2              000000007402e210 f   LIBCMT:_file.obj
 0001:0002d230       _fileno                    000000007402e230 f   LIBCMT:fileno.obj
 0001:0002d258       _fputwc_nolock             000000007402e258 f   LIBCMT:fputwc.obj
 0001:0002d458       _get_printf_count_output   000000007402e458 f   LIBCMT:printf.obj
 0001:0002d470       _mbtowc_l                  000000007402e470 f   LIBCMT:mbtowc.obj
 0001:0002d5e8       mbtowc                     000000007402e5e8 f   LIBCMT:mbtowc.obj
 0001:0002d5f0       _isleadbyte_l              000000007402e5f0 f i LIBCMT:_wctype.obj
 0001:0002d638       isleadbyte                 000000007402e638 f i LIBCMT:_wctype.obj
 0001:0002d680       _wchartodigit              000000007402e680 f   LIBCMT:wchtodig.obj
 0001:0002d894       _ismbblead                 000000007402e894 f   LIBCMT:ismbbyte.obj
 0001:0002d8a8       _fptrap                    000000007402e8a8 f   LIBCMT:crt0fp.obj
 0001:0002d8d0       __chkstk                   000000007402e8d0 f   LIBCMT:chkstk.obj
 0001:0002d8d0       _alloca_probe              000000007402e8d0     LIBCMT:chkstk.obj
 0001:0002d920       wcsnlen                    000000007402e920 f   LIBCMT:wcslen_s.obj
 0001:0002d950       _get_fpsr                  000000007402e950 f   LIBCMT:_fpsr_.obj
 0001:0002d960       _set_fpsr                  000000007402e960 f   LIBCMT:_fpsr_.obj
 0001:0002d96a       _fclrf                     000000007402e96a f   LIBCMT:_fpsr_.obj
 0001:0002d97e       _frnd                      000000007402e97e f   LIBCMT:_fpsr_.obj
 0001:0002d9a0       strrchr                    000000007402e9a0 f   LIBCMT:strrchr.obj
 0001:0002d9c8       isdigit                    000000007402e9c8 f i LIBCMT:_ctype.obj
 0001:0002da48       _tolower_l                 000000007402ea48 f   LIBCMT:tolower.obj
 0001:0002db98       tolower                    000000007402eb98 f   LIBCMT:tolower.obj
 0001:0002dbb8       _atodbl_l                  000000007402ebb8 f   LIBCMT:atodbl.obj
 0001:0002dcb8       _atoflt_l                  000000007402ecb8 f   LIBCMT:atodbl.obj
 0001:0002ddb8       _fptostr                   000000007402edb8 f   LIBCMT:_fptostr.obj
 0001:0002de84       __dtold                    000000007402ee84 f   LIBCMT:_cfout_.obj
 0001:0002df4c       _fltout2                   000000007402ef4c f   LIBCMT:_cfout_.obj
 0001:0002e004       _free_osfhnd               000000007402f004 f   LIBCMT:osfinfo.obj
 0001:0002e0b0       _get_osfhandle             000000007402f0b0 f   LIBCMT:osfinfo.obj
 0001:0002e124       __lock_fhandle             000000007402f124 f   LIBCMT:osfinfo.obj
 0001:0002e1cc       _unlock_fhandle            000000007402f1cc f   LIBCMT:osfinfo.obj
 0001:0002e1f4       _putwch_nolock             000000007402f1f4 f   LIBCMT:putwch.obj
 0001:0002e250       _fcloseall                 000000007402f250 f   LIBCMT:closeall.obj
 0001:0002e2fc       _flush                     000000007402f2fc f   LIBCMT:fflush.obj
 0001:0002e378       _fflush_nolock             000000007402f378 f   LIBCMT:fflush.obj
 0001:0002e4b0       _flushall                  000000007402f4b0 f   LIBCMT:fflush.obj
 0001:0002e4bc       _flswbuf                   000000007402f4bc f   LIBCMT:_flswbuf.obj
 0001:0002e64c       _wctomb_s_l                000000007402f64c f   LIBCMT:wctomb.obj
 0001:0002e810       wctomb_s                   000000007402f810 f   LIBCMT:wctomb.obj
 0001:0002e824       _isctype_l                 000000007402f824 f   LIBCMT:isctype.obj
 0001:0002e90c       _ld12tod                   000000007402f90c f   LIBCMT:_intrncvt_.obj
 0001:0002eed8       _ld12tof                   000000007402fed8 f   LIBCMT:_intrncvt_.obj
 0001:0002f4a4       __strgtold12_l             00000000740304a4 f   LIBCMT:_strgtold_.obj
 0001:0002fd08       $I10_OUTPUT                0000000074030d08 f   LIBCMT:_x10fout_.obj
 0001:000307b4       __initconout               00000000740317b4 f   LIBCMT:initcon.obj
 0001:000307f0       __termconout               00000000740317f0 f   LIBCMT:initcon.obj
 0001:00030814       _fclose_nolock             0000000074031814 f   LIBCMT:fclose.obj
 0001:00030890       fclose                     0000000074031890 f   LIBCMT:fclose.obj
 0001:000308f8       _commit                    00000000740318f8 f   LIBCMT:commit.obj
 0001:000309d0       __mtold12                  00000000740319d0 f   LIBCMT:_mantold_.obj
 0001:00030bf8       _close_nolock              0000000074031bf8 f   LIBCMT:close.obj
 0001:00030cb4       _close                     0000000074031cb4 f   LIBCMT:close.obj
 0001:00030d78       _freebuf                   0000000074031d78 f   LIBCMT:_freebuf.obj
 0001:00030db0       RtlVirtualUnwind           0000000074031db0 f   kernel32:KERNEL32.dll
 0001:00030db6       RtlLookupFunctionEntry     0000000074031db6 f   kernel32:KERNEL32.dll
 0001:00030dbc       RtlUnwindEx                0000000074031dbc f   kernel32:KERNEL32.dll
 0001:00030dc2       RtlPcToFileHeader          0000000074031dc2 f   kernel32:KERNEL32.dll
 0001:00030dc8       ?_GetEstablisherFrame@@YAPEA_KPEA_KPEAU_xDISPATCHER_CONTEXT@@PEBU_s_FuncInfo@@0@Z 0000000074031dc8 f   LIBCMT:trnsctrl.obj
 0001:00030eb4       _GetImageBase              0000000074031eb4 f   LIBCMT:trnsctrl.obj
 0001:00030ecc       _GetThrowImageBase         0000000074031ecc f   LIBCMT:trnsctrl.obj
 0001:00030ee4       _SetImageBase              0000000074031ee4 f   LIBCMT:trnsctrl.obj
 0001:00030f00       _SetThrowImageBase         0000000074031f00 f   LIBCMT:trnsctrl.obj
 0001:00030f1c       ?__FrameUnwindToEmptyState@@YAXPEA_KPEAU_xDISPATCHER_CONTEXT@@PEBU_s_FuncInfo@@@Z 0000000074031f1c f   LIBCMT:trnsctrl.obj
 0001:00030fc8       __CxxFrameHandler3         0000000074031fc8 f   LIBCMT:trnsctrl.obj
 0001:00031050       ?__SehTransFilter@@YAHPEAU_EXCEPTION_POINTERS@@PEAUEHExceptionRecord@@PEA_KPEAU_CONTEXT@@PEAU_xDISPATCHER_CONTEXT@@PEBU_s_FuncInfo@@PEAH@Z 0000000074032050 f   LIBCMT:trnsctrl.obj
 0001:000310f4       _CallSETranslator          00000000740320f4 f   LIBCMT:trnsctrl.obj
 0001:00031148       ?_GetRangeOfTrysToCheck@@YAPEBU_s_TryBlockMapEntry@@PEA_KPEBU_s_FuncInfo@@HHPEAI2PEAU_xDISPATCHER_CONTEXT@@@Z 0000000074032148 f   LIBCMT:trnsctrl.obj
 0001:00031274       _CreateFrameInfo           0000000074032274 f   LIBCMT:trnsctrl.obj
 0001:000312b8       _IsExceptionObjectToBeDestroyed 00000000740322b8 f   LIBCMT:trnsctrl.obj
 0001:000312ec       _FindAndUnlinkFrame        00000000740322ec f   LIBCMT:trnsctrl.obj
 0001:0003134c       _UnwindNestedFrames        000000007403234c f   LIBCMT:trnsctrl.obj
 0001:0003143c       __GSHandlerCheck_EH        000000007403243c f   LIBCMT:gshandlereh.obj
 0001:000314cc       ?__StateFromIp@@YAHPEBU_s_FuncInfo@@PEAU_xDISPATCHER_CONTEXT@@_J@Z 00000000740324cc f   LIBCMT:ehstate.obj
 0001:00031558       ?__StateFromControlPc@@YAHPEBU_s_FuncInfo@@PEAU_xDISPATCHER_CONTEXT@@@Z 0000000074032558 f   LIBCMT:ehstate.obj
 0001:00031560       ?__GetCurrentState@@YAHPEA_KPEAU_xDISPATCHER_CONTEXT@@PEBU_s_FuncInfo@@@Z 0000000074032560 f   LIBCMT:ehstate.obj
 0001:00031588       ?__SetState@@YAXPEA_KPEAU_xDISPATCHER_CONTEXT@@PEBU_s_FuncInfo@@H@Z 0000000074032588 f   LIBCMT:ehstate.obj
 0001:00031594       ?__SetUnwindTryBlock@@YAXPEA_KPEAU_xDISPATCHER_CONTEXT@@PEBU_s_FuncInfo@@H@Z 0000000074032594 f   LIBCMT:ehstate.obj
 0001:000315d0       ?__GetUnwindTryBlock@@YAHPEA_KPEAU_xDISPATCHER_CONTEXT@@PEBU_s_FuncInfo@@@Z 00000000740325d0 f   LIBCMT:ehstate.obj
 0001:000315fc       ??1bad_exception@std@@UEAA@XZ 00000000740325fc f i LIBCMT:frame.obj
 0001:0003160c       ??_Ebad_exception@std@@UEAAPEAXI@Z 000000007403260c f i LIBCMT:frame.obj
 0001:0003160c       ??_Gbad_exception@std@@UEAAPEAXI@Z 000000007403260c f i LIBCMT:frame.obj
 0001:00031648       __TypeMatch                0000000074032648 f   LIBCMT:frame.obj
 0001:0003176c       __FrameUnwindFilter        000000007403276c f   LIBCMT:frame.obj
 0001:000317c0       __FrameUnwindToState       00000000740327c0 f   LIBCMT:frame.obj
 0001:0003194c       __DestructExceptionObject  000000007403294c f   LIBCMT:frame.obj
 0001:00031990       __AdjustPointer            0000000074032990 f   LIBCMT:frame.obj
 0001:00031a88       __CxxCallCatchBlock        0000000074032a88 f   LIBCMT:frame.obj
 0001:00031c9c       __BuildCatchObjectHelper   0000000074032c9c f   LIBCMT:frame.obj
 0001:00031ea0       __BuildCatchObject         0000000074032ea0 f   LIBCMT:frame.obj
 0001:0003271c       ??0bad_exception@std@@QEAA@AEBV01@@Z 000000007403371c f i LIBCMT:frame.obj
 0001:00032740       __InternalCxxFrameHandler  0000000074033740 f   LIBCMT:frame.obj
 0001:00032980       _CallSettingFrame          0000000074033980 f   LIBCMT:handlers.obj
 0001:000329c0       _GetNextInstrOffset        00000000740339c0 f   LIBCMT:handlers.obj
 0001:000329c8       ?_ValidateWrite@@YAHPEAXI@Z 00000000740339c8 f   LIBCMT:validate.obj
 0001:000329c8       ?_ValidateRead@@YAHPEBXI@Z 00000000740339c8 f   LIBCMT:validate.obj
 0001:000329c8       ?_ValidateExecute@@YAHP6A_JXZ@Z 00000000740339c8 f   LIBCMT:validate.obj
 0002:00000000       __imp_RegCloseKey          000000007403e000     advapi32:ADVAPI32.dll
 0002:00000008       __imp_RegQueryValueExW     000000007403e008     advapi32:ADVAPI32.dll
 0002:00000010       __imp_RegEnumKeyExW        000000007403e010     advapi32:ADVAPI32.dll
 0002:00000018       __imp_RegOpenKeyExW        000000007403e018     advapi32:ADVAPI32.dll
 0002:00000020       __imp_RegEnumValueW        000000007403e020     advapi32:ADVAPI32.dll
 0002:00000028       \177ADVAPI32_NULL_THUNK_DATA 000000007403e028     advapi32:ADVAPI32.dll
 0002:00000030       __imp_FlushFileBuffers     000000007403e030     kernel32:KERNEL32.dll
 0002:00000038       __imp_HeapAlloc            000000007403e038     kernel32:KERNEL32.dll
 0002:00000040       __imp_WriteConsoleW        000000007403e040     kernel32:KERNEL32.dll
 0002:00000048       __imp_SetStdHandle         000000007403e048     kernel32:KERNEL32.dll
 0002:00000050       __imp_GetConsoleMode       000000007403e050     kernel32:KERNEL32.dll
 0002:00000058       __imp_GetConsoleCP         000000007403e058     kernel32:KERNEL32.dll
 0002:00000060       __imp_SetFilePointer       000000007403e060     kernel32:KERNEL32.dll
 0002:00000068       __imp_GetStringTypeW       000000007403e068     kernel32:KERNEL32.dll
 0002:00000070       __imp_LCMapStringW         000000007403e070     kernel32:KERNEL32.dll
 0002:00000078       __imp_EnterCriticalSection 000000007403e078     kernel32:KERNEL32.dll
 0002:00000080       __imp_FormatMessageW       000000007403e080     kernel32:KERNEL32.dll
 0002:00000088       __imp_LocalFree            000000007403e088     kernel32:KERNEL32.dll
 0002:00000090       __imp_GetLastError         000000007403e090     kernel32:KERNEL32.dll
 0002:00000098       __imp_QueryPerformanceFrequency 000000007403e098     kernel32:KERNEL32.dll
 0002:000000a0       __imp_QueryPerformanceCounter 000000007403e0a0     kernel32:KERNEL32.dll
 0002:000000a8       __imp_CreateProcessW       000000007403e0a8     kernel32:KERNEL32.dll
 0002:000000b0       __imp_CloseHandle          000000007403e0b0     kernel32:KERNEL32.dll
 0002:000000b8       __imp_LoadLibraryW         000000007403e0b8     kernel32:KERNEL32.dll
 0002:000000c0       __imp_GetProcAddress       000000007403e0c0     kernel32:KERNEL32.dll
 0002:000000c8       __imp_FreeLibrary          000000007403e0c8     kernel32:KERNEL32.dll
 0002:000000d0       __imp_GetVersionExA        000000007403e0d0     kernel32:KERNEL32.dll
 0002:000000d8       __imp_WaitForSingleObject  000000007403e0d8     kernel32:KERNEL32.dll
 0002:000000e0       __imp_FindFirstFileW       000000007403e0e0     kernel32:KERNEL32.dll
 0002:000000e8       __imp_FindNextFileW        000000007403e0e8     kernel32:KERNEL32.dll
 0002:000000f0       __imp_FindClose            000000007403e0f0     kernel32:KERNEL32.dll
 0002:000000f8       __imp_CreateDirectoryW     000000007403e0f8     kernel32:KERNEL32.dll
 0002:00000100       __imp_SetFileAttributesW   000000007403e100     kernel32:KERNEL32.dll
 0002:00000108       __imp_CreateFileW          000000007403e108     kernel32:KERNEL32.dll
 0002:00000110       __imp_ReadFile             000000007403e110     kernel32:KERNEL32.dll
 0002:00000118       __imp_WriteFile            000000007403e118     kernel32:KERNEL32.dll
 0002:00000120       __imp_SetFileTime          000000007403e120     kernel32:KERNEL32.dll
 0002:00000128       __imp_DeleteFileW          000000007403e128     kernel32:KERNEL32.dll
 0002:00000130       __imp_RemoveDirectoryW     000000007403e130     kernel32:KERNEL32.dll
 0002:00000138       __imp_WideCharToMultiByte  000000007403e138     kernel32:KERNEL32.dll
 0002:00000140       __imp_MultiByteToWideChar  000000007403e140     kernel32:KERNEL32.dll
 0002:00000148       __imp_GetModuleFileNameW   000000007403e148     kernel32:KERNEL32.dll
 0002:00000150       __imp_GetTempPathW         000000007403e150     kernel32:KERNEL32.dll
 0002:00000158       __imp_GetTempFileNameW     000000007403e158     kernel32:KERNEL32.dll
 0002:00000160       __imp_FileTimeToLocalFileTime 000000007403e160     kernel32:KERNEL32.dll
 0002:00000168       __imp_FileTimeToSystemTime 000000007403e168     kernel32:KERNEL32.dll
 0002:00000170       __imp_GetDateFormatW       000000007403e170     kernel32:KERNEL32.dll
 0002:00000178       __imp_GetTimeFormatW       000000007403e178     kernel32:KERNEL32.dll
 0002:00000180       __imp_GetStdHandle         000000007403e180     kernel32:KERNEL32.dll
 0002:00000188       __imp_PeekConsoleInputA    000000007403e188     kernel32:KERNEL32.dll
 0002:00000190       __imp_ReadConsoleInputA    000000007403e190     kernel32:KERNEL32.dll
 0002:00000198       __imp_GetConsoleScreenBufferInfo 000000007403e198     kernel32:KERNEL32.dll
 0002:000001a0       __imp_SetConsoleTitleW     000000007403e1a0     kernel32:KERNEL32.dll
 0002:000001a8       __imp_CompareFileTime      000000007403e1a8     kernel32:KERNEL32.dll
 0002:000001b0       __imp_SetFilePointerEx     000000007403e1b0     kernel32:KERNEL32.dll
 0002:000001b8       __imp_GetFileInformationByHandle 000000007403e1b8     kernel32:KERNEL32.dll
 0002:000001c0       __imp_GetFullPathNameW     000000007403e1c0     kernel32:KERNEL32.dll
 0002:000001c8       __imp_HeapFree             000000007403e1c8     kernel32:KERNEL32.dll
 0002:000001d0       __imp_HeapReAlloc          000000007403e1d0     kernel32:KERNEL32.dll
 0002:000001d8       __imp_EncodePointer        000000007403e1d8     kernel32:KERNEL32.dll
 0002:000001e0       __imp_DecodePointer        000000007403e1e0     kernel32:KERNEL32.dll
 0002:000001e8       __imp_GetCurrentThreadId   000000007403e1e8     kernel32:KERNEL32.dll
 0002:000001f0       __imp_FlsSetValue          000000007403e1f0     kernel32:KERNEL32.dll
 0002:000001f8       __imp_GetCommandLineA      000000007403e1f8     kernel32:KERNEL32.dll
 0002:00000200       __imp_TerminateProcess     000000007403e200     kernel32:KERNEL32.dll
 0002:00000208       __imp_GetCurrentProcess    000000007403e208     kernel32:KERNEL32.dll
 0002:00000210       __imp_UnhandledExceptionFilter 000000007403e210     kernel32:KERNEL32.dll
 0002:00000218       __imp_SetUnhandledExceptionFilter 000000007403e218     kernel32:KERNEL32.dll
 0002:00000220       __imp_IsDebuggerPresent    000000007403e220     kernel32:KERNEL32.dll
 0002:00000228       __imp_RtlVirtualUnwind     000000007403e228     kernel32:KERNEL32.dll
 0002:00000230       __imp_RtlLookupFunctionEntry 000000007403e230     kernel32:KERNEL32.dll
 0002:00000238       __imp_RtlCaptureContext    000000007403e238     kernel32:KERNEL32.dll
 0002:00000240       __imp_HeapSetInformation   000000007403e240     kernel32:KERNEL32.dll
 0002:00000248       __imp_GetVersion           000000007403e248     kernel32:KERNEL32.dll
 0002:00000250       __imp_HeapCreate           000000007403e250     kernel32:KERNEL32.dll
 0002:00000258       __imp_HeapDestroy          000000007403e258     kernel32:KERNEL32.dll
 0002:00000260       __imp_GetModuleHandleW     000000007403e260     kernel32:KERNEL32.dll
 0002:00000268       __imp_ExitProcess          000000007403e268     kernel32:KERNEL32.dll
 0002:00000270       __imp_Sleep                000000007403e270     kernel32:KERNEL32.dll
 0002:00000278       __imp_HeapSize             000000007403e278     kernel32:KERNEL32.dll
 0002:00000280       __imp_RtlUnwindEx          000000007403e280     kernel32:KERNEL32.dll
 0002:00000288       __imp_RaiseException       000000007403e288     kernel32:KERNEL32.dll
 0002:00000290       __imp_RtlPcToFileHeader    000000007403e290     kernel32:KERNEL32.dll
 0002:00000298       __imp_GetCPInfo            000000007403e298     kernel32:KERNEL32.dll
 0002:000002a0       __imp_GetACP               000000007403e2a0     kernel32:KERNEL32.dll
 0002:000002a8       __imp_GetOEMCP             000000007403e2a8     kernel32:KERNEL32.dll
 0002:000002b0       __imp_IsValidCodePage      000000007403e2b0     kernel32:KERNEL32.dll
 0002:000002b8       __imp_FlsGetValue          000000007403e2b8     kernel32:KERNEL32.dll
 0002:000002c0       __imp_FlsFree              000000007403e2c0     kernel32:KERNEL32.dll
 0002:000002c8       __imp_SetLastError         000000007403e2c8     kernel32:KERNEL32.dll
 0002:000002d0       __imp_FlsAlloc             000000007403e2d0     kernel32:KERNEL32.dll
 0002:000002d8       __imp_SetHandleCount       000000007403e2d8     kernel32:KERNEL32.dll
 0002:000002e0       __imp_InitializeCriticalSectionAndSpinCount 000000007403e2e0     kernel32:KERNEL32.dll
 0002:000002e8       __imp_GetFileType          000000007403e2e8     kernel32:KERNEL32.dll
 0002:000002f0       __imp_GetStartupInfoW      000000007403e2f0     kernel32:KERNEL32.dll
 0002:000002f8       __imp_DeleteCriticalSection 000000007403e2f8     kernel32:KERNEL32.dll
 0002:00000300       __imp_GetModuleFileNameA   000000007403e300     kernel32:KERNEL32.dll
 0002:00000308       __imp_FreeEnvironmentStringsW 000000007403e308     kernel32:KERNEL32.dll
 0002:00000310       __imp_GetEnvironmentStringsW 000000007403e310     kernel32:KERNEL32.dll
 0002:00000318       __imp_GetTickCount         000000007403e318     kernel32:KERNEL32.dll
 0002:00000320       __imp_GetCurrentProcessId  000000007403e320     kernel32:KERNEL32.dll
 0002:00000328       __imp_GetSystemTimeAsFileTime 000000007403e328     kernel32:KERNEL32.dll
 0002:00000330       __imp_LeaveCriticalSection 000000007403e330     kernel32:KERNEL32.dll
 0002:00000338       \177KERNEL32_NULL_THUNK_DATA 000000007403e338     kernel32:KERNEL32.dll
 0002:00000340       __imp_SysFreeString        000000007403e340     oleaut32:OLEAUT32.dll
 0002:00000348       \177OLEAUT32_NULL_THUNK_DATA 000000007403e348     oleaut32:OLEAUT32.dll
 0002:00000350       __imp_GetDesktopWindow     000000007403e350     user32:USER32.dll
 0002:00000358       \177USER32_NULL_THUNK_DATA 000000007403e358     user32:USER32.dll
 0002:00000360       __imp_GetFileVersionInfoW  000000007403e360     version:VERSION.dll
 0002:00000368       __imp_VerQueryValueW       000000007403e368     version:VERSION.dll
 0002:00000370       __imp_GetFileVersionInfoSizeW 000000007403e370     version:VERSION.dll
 0002:00000378       \177VERSION_NULL_THUNK_DATA 000000007403e378     version:VERSION.dll
 0002:00000380       __imp_IIDFromString        000000007403e380     ole32:ole32.dll
 0002:00000388       __imp_CoCreateInstance     000000007403e388     ole32:ole32.dll
 0002:00000390       __imp_CoUninitialize       000000007403e390     ole32:ole32.dll
 0002:00000398       __imp_StringFromGUID2      000000007403e398     ole32:ole32.dll
 0002:000003a0       __imp_CoTaskMemAlloc       000000007403e3a0     ole32:ole32.dll
 0002:000003a8       __imp_CoInitializeEx       000000007403e3a8     ole32:ole32.dll
 0002:000003b0       \177ole32_NULL_THUNK_DATA  000000007403e3b0     ole32:ole32.dll
 0002:000003b8       __xc_a                     000000007403e3b8     LIBCMT:crt0init.obj
 0002:000003f0       __xc_z                     000000007403e3f0     LIBCMT:crt0init.obj
 0002:000003f8       __xi_a                     000000007403e3f8     LIBCMT:crt0init.obj
 0002:00000418       __xi_z                     000000007403e418     LIBCMT:crt0init.obj
 0002:00000420       __xp_a                     000000007403e420     LIBCMT:crt0init.obj
 0002:00000438       __xp_z                     000000007403e438     LIBCMT:crt0init.obj
 0002:00000440       __xt_a                     000000007403e440     LIBCMT:crt0init.obj
 0002:00000448       __xt_z                     000000007403e448     LIBCMT:crt0init.obj
 0002:00000470       IID_IUnknown               000000007403e470     uuid:unknwn_i.obj
 0002:00000480       IID_ISequentialStream      000000007403e480     uuid:objidl_i.obj
 0002:00000490       IID_IStream                000000007403e490     uuid:objidl_i.obj
 0002:000004a8       ??_7exception@std@@6B@     000000007403e4a8     LIBCMT:stdexcpt.obj
 0002:000004b8       ??_C@_0BC@EOODALEL@Unknown?5exception?$AA@ 000000007403e4b8     LIBCMT:stdexcpt.obj
 0002:000004d8       ??_7type_info@@6B@         000000007403e4d8     LIBCMT:typinfo.obj
 0002:000004e8       ??_7bad_alloc@std@@6B@     000000007403e4e8     LIBCMT:new.obj
 0002:000004f8       __real@bff0000000000000    000000007403e4f8     LIBCMT:_floor_.obj
 0002:00000500       ??_C@_05PBJFFIGL@floor?$AA@ 000000007403e500     LIBCMT:_floor_.obj
 0002:00000508       _pDefaultRawDllMain        000000007403e508     LIBCMT:dllcrt0.obj
 0002:00000508       _pRawDllMain               000000007403e508     LIBCMT:dllcrt0.obj
 0002:00000520       ??_C@_0P@MIGLKIOC@CorExitProcess?$AA@ 000000007403e520     LIBCMT:crt0dat.obj
 0002:00000530       ??_C@_1BI@BGOHAHKC@?$AAm?$AAs?$AAc?$AAo?$AAr?$AAe?$AAe?$AA?4?$AAd?$AAl?$AAl?$AA?$AA@ 000000007403e530     LIBCMT:crt0dat.obj
 0002:00000548       ??_C@_1BO@BKOMIGKJ@?$AAr?$AAu?$AAn?$AAt?$AAi?$AAm?$AAe?$AA?5?$AAe?$AAr?$AAr?$AAo?$AAr?$AA?5?$AA?$AA@ 000000007403e548     LIBCMT:crt0msg.obj
 0002:00000568       ??_C@_15JNBOKNOG@?$AA?$AN?$AA?6?$AA?$AA@ 000000007403e568     LIBCMT:crt0msg.obj
 0002:00000570       ??_C@_1BM@JBBEPPHI@?$AAT?$AAL?$AAO?$AAS?$AAS?$AA?5?$AAe?$AAr?$AAr?$AAo?$AAr?$AA?$AN?$AA?6?$AA?$AA@ 000000007403e570     LIBCMT:crt0msg.obj
 0002:00000590       ??_C@_1BK@KMOMNAAI@?$AAS?$AAI?$AAN?$AAG?$AA?5?$AAe?$AAr?$AAr?$AAo?$AAr?$AA?$AN?$AA?6?$AA?$AA@ 000000007403e590     LIBCMT:crt0msg.obj
 0002:000005b0       ??_C@_1BO@BFCDCGC@?$AAD?$AAO?$AAM?$AAA?$AAI?$AAN?$AA?5?$AAe?$AAr?$AAr?$AAo?$AAr?$AA?$AN?$AA?6?$AA?$AA@ 000000007403e5b0     LIBCMT:crt0msg.obj
 0002:000005d0       ??_C@_1BOO@KGEDBGAJ@?$AAR?$AA6?$AA0?$AA3?$AA3?$AA?$AN?$AA?6?$AA?9?$AA?5?$AAA?$AAt?$AAt?$AAe?$AAm?$AAp?$AAt?$AA?5?$AAt?$AAo?$AA?5?$AAu?$AAs?$AAe?$AA?5?$AAM?$AAS?$AAI?$AAL?$AA?5?$AAc?$AAo?$AAd@ 000000007403e5d0     LIBCMT:crt0msg.obj
 0002:000007c0       ??_C@_1GG@GOPILAJP@?$AAR?$AA6?$AA0?$AA3?$AA2?$AA?$AN?$AA?6?$AA?9?$AA?5?$AAn?$AAo?$AAt?$AA?5?$AAe?$AAn?$AAo?$AAu?$AAg?$AAh?$AA?5?$AAs?$AAp?$AAa?$AAc?$AAe?$AA?5?$AAf?$AAo?$AAr?$AA?5?$AAl?$AAo@ 000000007403e7c0     LIBCMT:crt0msg.obj
 0002:00000830       ??_C@_1MG@ENCOOIDF@?$AAR?$AA6?$AA0?$AA3?$AA1?$AA?$AN?$AA?6?$AA?9?$AA?5?$AAA?$AAt?$AAt?$AAe?$AAm?$AAp?$AAt?$AA?5?$AAt?$AAo?$AA?5?$AAi?$AAn?$AAi?$AAt?$AAi?$AAa?$AAl?$AAi?$AAz?$AAe?$AA?5?$AAt@ 000000007403e830     LIBCMT:crt0msg.obj
 0002:000008f8       ??_C@_1DO@BMFCDCD@?$AAR?$AA6?$AA0?$AA3?$AA0?$AA?$AN?$AA?6?$AA?9?$AA?5?$AAC?$AAR?$AAT?$AA?5?$AAn?$AAo?$AAt?$AA?5?$AAi?$AAn?$AAi?$AAt?$AAi?$AAa?$AAl?$AAi?$AAz?$AAe?$AAd?$AA?$AN?$AA?6?$AA?$AA@ 000000007403e8f8     LIBCMT:crt0msg.obj
 0002:00000940       ??_C@_1EK@HHFLMAOL@?$AAR?$AA6?$AA0?$AA2?$AA8?$AA?$AN?$AA?6?$AA?9?$AA?5?$AAu?$AAn?$AAa?$AAb?$AAl?$AAe?$AA?5?$AAt?$AAo?$AA?5?$AAi?$AAn?$AAi?$AAt?$AAi?$AAa?$AAl?$AAi?$AAz?$AAe?$AA?5?$AAh?$AAe@ 000000007403e940     LIBCMT:crt0msg.obj
 0002:00000990       ??_C@_1GK@MFGOKLAG@?$AAR?$AA6?$AA0?$AA2?$AA7?$AA?$AN?$AA?6?$AA?9?$AA?5?$AAn?$AAo?$AAt?$AA?5?$AAe?$AAn?$AAo?$AAu?$AAg?$AAh?$AA?5?$AAs?$AAp?$AAa?$AAc?$AAe?$AA?5?$AAf?$AAo?$AAr?$AA?5?$AAl?$AAo@ 000000007403e990     LIBCMT:crt0msg.obj
 0002:00000a00       ??_C@_1GK@MCAAGJMO@?$AAR?$AA6?$AA0?$AA2?$AA6?$AA?$AN?$AA?6?$AA?9?$AA?5?$AAn?$AAo?$AAt?$AA?5?$AAe?$AAn?$AAo?$AAu?$AAg?$AAh?$AA?5?$AAs?$AAp?$AAa?$AAc?$AAe?$AA?5?$AAf?$AAo?$AAr?$AA?5?$AAs?$AAt@ 000000007403ea00     LIBCMT:crt0msg.obj
 0002:00000a70       ??_C@_1EM@MAADIHMB@?$AAR?$AA6?$AA0?$AA2?$AA5?$AA?$AN?$AA?6?$AA?9?$AA?5?$AAp?$AAu?$AAr?$AAe?$AA?5?$AAv?$AAi?$AAr?$AAt?$AAu?$AAa?$AAl?$AA?5?$AAf?$AAu?$AAn?$AAc?$AAt?$AAi?$AAo?$AAn?$AA?5?$AAc@ 000000007403ea70     LIBCMT:crt0msg.obj
[...]
 0001:0003b40c       ?dtor$48@?0??get_files@@YA_JPEAXPEAUPluginPanelItem@@_KHAEAVUnicodeString@col@@2@Z@4HA 000000007403c40c f    CIL library: CIL module
 0001:0003b41c       ?dtor$24@?0??get_files@@YA_JPEAXPEAUPluginPanelItem@@_KHAEAVUnicodeString@col@@2@Z@4HA 000000007403c41c f    CIL library: CIL module
 0001:0003b42c       ?dtor$25@?0??get_files@@YA_JPEAXPEAUPluginPanelItem@@_KHAEAVUnicodeString@col@@2@Z@4HA 000000007403c42c f    CIL library: CIL module
 0001:0003b43c       ?dtor$26@?0??get_files@@YA_JPEAXPEAUPluginPanelItem@@_KHAEAVUnicodeString@col@@2@Z@4HA 000000007403c43c f    CIL library: CIL module
 0001:0003b44c       ?dtor$27@?0??get_files@@YA_JPEAXPEAUPluginPanelItem@@_KHAEAVUnicodeString@col@@2@Z@4HA 000000007403c44c f    CIL library: CIL module
 0001:0003b45c       ?catch$4@?0??get_files@@YA_JPEAXPEAUPluginPanelItem@@_KHAEAVUnicodeString@col@@2@Z@4HA 000000007403c45c f    CIL library: CIL module
 0001:0003b46c       __catch$?get_files@@YA_JPEAXPEAUPluginPanelItem@@_KHAEAVUnicodeString@col@@2@Z$4 000000007403c46c f    CIL library: CIL module
 0001:0003b47c       ?dtor$28@?0??get_files@@YA_JPEAXPEAUPluginPanelItem@@_KHAEAVUnicodeString@col@@2@Z@4HA 000000007403c47c f    CIL library: CIL module
 0001:0003b48c       ?dtor$29@?0??get_files@@YA_JPEAXPEAUPluginPanelItem@@_KHAEAVUnicodeString@col@@2@Z@4HA 000000007403c48c f    CIL library: CIL module
 0001:0003b49c       ?catch$2@?0??get_files@@YA_JPEAXPEAUPluginPanelItem@@_KHAEAVUnicodeString@col@@2@Z@4HA 000000007403c49c f    CIL library: CIL module
 0001:0003b4ac       __catch$?get_files@@YA_JPEAXPEAUPluginPanelItem@@_KHAEAVUnicodeString@col@@2@Z$6 000000007403c4ac f    CIL library: CIL module
 0001:0003b4dc       ?dtor$50@?0??get_files@@YA_JPEAXPEAUPluginPanelItem@@_KHAEAVUnicodeString@col@@2@Z@4HA 000000007403c4dc f    CIL library: CIL module
 0001:0003b4ec       ?dtor$51@?0??get_files@@YA_JPEAXPEAUPluginPanelItem@@_KHAEAVUnicodeString@col@@2@Z@4HA 000000007403c4ec f    CIL library: CIL module
 0001:0003b4fc       ?dtor$30@?0??get_files@@YA_JPEAXPEAUPluginPanelItem@@_KHAEAVUnicodeString@col@@2@Z@4HA 000000007403c4fc f    CIL library: CIL module
 0001:0003b50c       ?dtor$52@?0??get_files@@YA_JPEAXPEAUPluginPanelItem@@_KHAEAVUnicodeString@col@@2@Z@4HA 000000007403c50c f    CIL library: CIL module
 0001:0003b51c       ?dtor$31@?0??get_files@@YA_JPEAXPEAUPluginPanelItem@@_KHAEAVUnicodeString@col@@2@Z@4HA 000000007403c51c f    CIL library: CIL module
 0001:0003b52c       ?dtor$32@?0??get_files@@YA_JPEAXPEAUPluginPanelItem@@_KHAEAVUnicodeString@col@@2@Z@4HA 000000007403c52c f    CIL library: CIL module
 0001:0003b53c       ?dtor$33@?0??get_files@@YA_JPEAXPEAUPluginPanelItem@@_KHAEAVUnicodeString@col@@2@Z@4HA 000000007403c53c f    CIL library: CIL module
 0001:0003b54c       ?catch$3@?0??get_files@@YA_JPEAXPEAUPluginPanelItem@@_KHAEAVUnicodeString@col@@2@Z@4HA 000000007403c54c f    CIL library: CIL module
 0001:0003b55c       __catch$?get_files@@YA_JPEAXPEAUPluginPanelItem@@_KHAEAVUnicodeString@col@@2@Z$8 000000007403c55c f    CIL library: CIL module
 0001:0003b56c       ?catch$5@?0??get_files@@YA_JPEAXPEAUPluginPanelItem@@_KHAEAVUnicodeString@col@@2@Z@4HA 000000007403c56c f    CIL library: CIL module
 0001:0003b57c       __catch$?get_files@@YA_JPEAXPEAUPluginPanelItem@@_KHAEAVUnicodeString@col@@2@Z$10 000000007403c57c f    CIL library: CIL module
 0001:0003b59c       ?catch$6@?0??get_files@@YA_JPEAXPEAUPluginPanelItem@@_KHAEAVUnicodeString@col@@2@Z@4HA 000000007403c59c f    CIL library: CIL module
 0001:0003b5ac       __catch$?get_files@@YA_JPEAXPEAUPluginPanelItem@@_KHAEAVUnicodeString@col@@2@Z$11 000000007403c5ac f    CIL library: CIL module
 0001:0003b5dc       ?catch$7@?0??get_files@@YA_JPEAXPEAUPluginPanelItem@@_KHAEAVUnicodeString@col@@2@Z@4HA 000000007403c5dc f    CIL library: CIL module
 0001:0003b5ec       __catch$?get_files@@YA_JPEAXPEAUPluginPanelItem@@_KHAEAVUnicodeString@col@@2@Z$12 000000007403c5ec f    CIL library: CIL module
 0001:0003b63c       ?dtor$35@?0??get_files@@YA_JPEAXPEAUPluginPanelItem@@_KHAEAVUnicodeString@col@@2@Z@4HA 000000007403c63c f    CIL library: CIL module
 0001:0003b64c       ?catch$8@?0??get_files@@YA_JPEAXPEAUPluginPanelItem@@_KHAEAVUnicodeString@col@@2@Z@4HA 000000007403c64c f    CIL library: CIL module
 0001:0003b65d       __catch$?get_files@@YA_JPEAXPEAUPluginPanelItem@@_KHAEAVUnicodeString@col@@2@Z$13 000000007403c65d f    CIL library: CIL module
 0001:0003b70c       ?dtor$36@?0??get_files@@YA_JPEAXPEAUPluginPanelItem@@_KHAEAVUnicodeString@col@@2@Z@4HA 000000007403c70c f    CIL library: CIL module
 0001:0003b71c       ?dtor$37@?0??get_files@@YA_JPEAXPEAUPluginPanelItem@@_KHAEAVUnicodeString@col@@2@Z@4HA 000000007403c71c f    CIL library: CIL module
 0001:0003b72c       ?catch$9@?0??get_files@@YA_JPEAXPEAUPluginPanelItem@@_KHAEAVUnicodeString@col@@2@Z@4HA 000000007403c72c f    CIL library: CIL module
 0001:0003b73c       __catch$?get_files@@YA_JPEAXPEAUPluginPanelItem@@_KHAEAVUnicodeString@col@@2@Z$14 000000007403c73c f    CIL library: CIL module
 0001:0003b7ac       ?dtor$38@?0??get_files@@YA_JPEAXPEAUPluginPanelItem@@_KHAEAVUnicodeString@col@@2@Z@4HA 000000007403c7ac f    CIL library: CIL module
 0001:0003b7bc       ?catch$10@?0??get_files@@YA_JPEAXPEAUPluginPanelItem@@_KHAEAVUnicodeString@col@@2@Z@4HA 000000007403c7bc f    CIL library: CIL module
 0001:0003b7cc       __catch$?get_files@@YA_JPEAXPEAUPluginPanelItem@@_KHAEAVUnicodeString@col@@2@Z$15 000000007403c7cc f    CIL library: CIL module
 0001:0003b7fc       ?catch$11@?0??get_files@@YA_JPEAXPEAUPluginPanelItem@@_KHAEAVUnicodeString@col@@2@Z@4HA 000000007403c7fc f    CIL library: CIL module
 0001:0003b80d       __catch$?get_files@@YA_JPEAXPEAUPluginPanelItem@@_KHAEAVUnicodeString@col@@2@Z$16 000000007403c80d f    CIL library: CIL module
 0001:0003b87c       ?dtor$39@?0??get_files@@YA_JPEAXPEAUPluginPanelItem@@_KHAEAVUnicodeString@col@@2@Z@4HA 000000007403c87c f    CIL library: CIL module
 0001:0003b888       OpenW$dtor$0               000000007403c888 f    CIL library: CIL module
 0001:0003b898       OpenW$dtor$1               000000007403c898 f    CIL library: CIL module
 0001:0003b8a8       OpenW$catch$0              000000007403c8a8 f    CIL library: CIL module
 0001:0003b8b5       __catch$OpenW$0            000000007403c8b5 f    CIL library: CIL module
 0001:0003b8d8       OpenW$dtor$2               000000007403c8d8 f    CIL library: CIL module
 0001:0003b8e8       OpenW$dtor$3               000000007403c8e8 f    CIL library: CIL module
 0001:0003b8f8       OpenW$dtor$4               000000007403c8f8 f    CIL library: CIL module
 0001:0003b908       OpenW$dtor$11              000000007403c908 f    CIL library: CIL module
 0001:0003b918       OpenW$catch$1              000000007403c918 f    CIL library: CIL module
 0001:0003b925       __catch$OpenW$2            000000007403c925 f    CIL library: CIL module
 0001:0003b948       OpenW$dtor$5               000000007403c948 f    CIL library: CIL module
 0001:0003b958       OpenW$dtor$12              000000007403c958 f    CIL library: CIL module
 0001:0003b968       OpenW$dtor$13              000000007403c968 f    CIL library: CIL module
 0001:0003b978       OpenW$dtor$20              000000007403c978 f    CIL library: CIL module
 0001:0003b988       OpenW$dtor$21              000000007403c988 f    CIL library: CIL module
 0001:0003b998       OpenW$dtor$14              000000007403c998 f    CIL library: CIL module
 0001:0003b9a8       OpenW$dtor$15              000000007403c9a8 f    CIL library: CIL module
 0001:0003b9b8       OpenW$dtor$23              000000007403c9b8 f    CIL library: CIL module
 0001:0003b9c8       OpenW$dtor$16              000000007403c9c8 f    CIL library: CIL module
 0001:0003b9d8       OpenW$dtor$17              000000007403c9d8 f    CIL library: CIL module
 0001:0003b9e8       OpenW$dtor$18              000000007403c9e8 f    CIL library: CIL module
 0001:0003b9f8       OpenW$dtor$6               000000007403c9f8 f    CIL library: CIL module
 0001:0003ba08       OpenW$catch$2              000000007403ca08 f    CIL library: CIL module
 0001:0003ba15       __catch$OpenW$4            000000007403ca15 f    CIL library: CIL module
 0001:0003ba28       OpenW$catch$3              000000007403ca28 f    CIL library: CIL module
 0001:0003ba35       __catch$OpenW$6            000000007403ca35 f    CIL library: CIL module
 0001:0003ba58       OpenW$catch$4              000000007403ca58 f    CIL library: CIL module
 0001:0003ba65       __catch$OpenW$8            000000007403ca65 f    CIL library: CIL module
 0001:0003ba78       OpenW$catch$5              000000007403ca78 f    CIL library: CIL module
 0001:0003ba85       __catch$OpenW$9            000000007403ca85 f    CIL library: CIL module
 0001:0003bac8       OpenW$dtor$8               000000007403cac8 f    CIL library: CIL module
 0001:0003bad8       OpenW$catch$6              000000007403cad8 f    CIL library: CIL module
 0001:0003bae5       __catch$OpenW$10           000000007403cae5 f    CIL library: CIL module
 0001:0003bb38       OpenW$dtor$9               000000007403cb38 f    CIL library: CIL module
 0001:0003bb48       OpenW$catch$7              000000007403cb48 f    CIL library: CIL module
 0001:0003bb56       __catch$OpenW$11           000000007403cb56 f    CIL library: CIL module
 0001:0003bbc8       OpenW$dtor$10              000000007403cbc8 f    CIL library: CIL module
 0001:0003bbd4       ?dtor$0@?0??show_plugin_options_dlg@@YA_NAEAUPluginOptions@@@Z@4HA 000000007403cbd4 f    CIL library: CIL module
 0001:0003bbe4       ?dtor$1@?0??show_plugin_options_dlg@@YA_NAEAUPluginOptions@@@Z@4HA 000000007403cbe4 f    CIL library: CIL module
 0001:0003bbf4       ?dtor$2@?0??show_plugin_options_dlg@@YA_NAEAUPluginOptions@@@Z@4HA 000000007403cbf4 f    CIL library: CIL module
 0001:0003bc04       ?dtor$3@?0??show_plugin_options_dlg@@YA_NAEAUPluginOptions@@@Z@4HA 000000007403cc04 f    CIL library: CIL module
 0001:0003bc14       ?dtor$4@?0??show_plugin_options_dlg@@YA_NAEAUPluginOptions@@@Z@4HA 000000007403cc14 f    CIL library: CIL module
 0001:0003bc24       ?dtor$5@?0??show_plugin_options_dlg@@YA_NAEAUPluginOptions@@@Z@4HA 000000007403cc24 f    CIL library: CIL module
 0001:0003bc34       ?dtor$6@?0??show_plugin_options_dlg@@YA_NAEAUPluginOptions@@@Z@4HA 000000007403cc34 f    CIL library: CIL module
 0001:0003bc44       ?dtor$7@?0??show_plugin_options_dlg@@YA_NAEAUPluginOptions@@@Z@4HA 000000007403cc44 f    CIL library: CIL module
 0001:0003bc54       ?dtor$8@?0??show_plugin_options_dlg@@YA_NAEAUPluginOptions@@@Z@4HA 000000007403cc54 f    CIL library: CIL module
 0001:0003bc64       ?dtor$9@?0??show_plugin_options_dlg@@YA_NAEAUPluginOptions@@@Z@4HA 000000007403cc64 f    CIL library: CIL module
 0001:0003bc74       ?dtor$10@?0??show_plugin_options_dlg@@YA_NAEAUPluginOptions@@@Z@4HA 000000007403cc74 f    CIL library: CIL module
 0001:0003bc84       ?dtor$11@?0??show_plugin_options_dlg@@YA_NAEAUPluginOptions@@@Z@4HA 000000007403cc84 f    CIL library: CIL module
 0001:0003bc94       ?dtor$12@?0??show_plugin_options_dlg@@YA_NAEAUPluginOptions@@@Z@4HA 000000007403cc94 f    CIL library: CIL module
 0001:0003bca4       ?dtor$13@?0??show_plugin_options_dlg@@YA_NAEAUPluginOptions@@@Z@4HA 000000007403cca4 f    CIL library: CIL module
 0001:0003bcb4       ?dtor$14@?0??show_plugin_options_dlg@@YA_NAEAUPluginOptions@@@Z@4HA 000000007403ccb4 f    CIL library: CIL module
 0001:0003bcc4       ?dtor$15@?0??show_plugin_options_dlg@@YA_NAEAUPluginOptions@@@Z@4HA 000000007403ccc4 f    CIL library: CIL module
 0001:0003bcd4       ?dtor$16@?0??show_plugin_options_dlg@@YA_NAEAUPluginOptions@@@Z@4HA 000000007403ccd4 f    CIL library: CIL module
 0001:0003bce4       ?dtor$17@?0??show_plugin_options_dlg@@YA_NAEAUPluginOptions@@@Z@4HA 000000007403cce4 f    CIL library: CIL module
 0001:0003bcf4       ?dtor$18@?0??show_plugin_options_dlg@@YA_NAEAUPluginOptions@@@Z@4HA 000000007403ccf4 f    CIL library: CIL module
 0001:0003bd04       ?dtor$19@?0??show_plugin_options_dlg@@YA_NAEAUPluginOptions@@@Z@4HA 000000007403cd04 f    CIL library: CIL module
 0001:0003bd14       ?dtor$20@?0??show_plugin_options_dlg@@YA_NAEAUPluginOptions@@@Z@4HA 000000007403cd14 f    CIL library: CIL module
 0001:0003bd24       ?dtor$21@?0??show_plugin_options_dlg@@YA_NAEAUPluginOptions@@@Z@4HA 000000007403cd24 f    CIL library: CIL module
 0001:0003bd34       ?dtor$22@?0??show_plugin_options_dlg@@YA_NAEAUPluginOptions@@@Z@4HA 000000007403cd34 f    CIL library: CIL module
 0001:0003bd44       ?dtor$23@?0??show_plugin_options_dlg@@YA_NAEAUPluginOptions@@@Z@4HA 000000007403cd44 f    CIL library: CIL module
 0001:0003bd54       ?dtor$24@?0??show_plugin_options_dlg@@YA_NAEAUPluginOptions@@@Z@4HA 000000007403cd54 f    CIL library: CIL module
 0001:0003bd60       ProcessPanelInputW$dtor$0  000000007403cd60 f    CIL library: CIL module
 0001:0003bd70       ProcessPanelInputW$dtor$1  000000007403cd70 f    CIL library: CIL module
 0001:0003bd80       ProcessPanelInputW$dtor$2  000000007403cd80 f    CIL library: CIL module
 0001:0003bd90       ProcessPanelInputW$catch$0 000000007403cd90 f    CIL library: CIL module
 0001:0003bd9e       __catch$ProcessPanelInputW$0 000000007403cd9e f    CIL library: CIL module
 0001:0003bdf0       ProcessPanelInputW$dtor$3  000000007403cdf0 f    CIL library: CIL module
 0001:0003be00       ProcessPanelInputW$dtor$4  000000007403ce00 f    CIL library: CIL module
 0001:0003be10       ProcessPanelInputW$dtor$5  000000007403ce10 f    CIL library: CIL module
 0001:0003be20       ProcessPanelInputW$catch$1 000000007403ce20 f    CIL library: CIL module
 0001:0003be2f       __catch$ProcessPanelInputW$2 000000007403ce2f f    CIL library: CIL module
 0001:0003bf90       ProcessPanelInputW$dtor$7  000000007403cf90 f    CIL library: CIL module
 0001:0003bfa0       ProcessPanelInputW$dtor$9  000000007403cfa0 f    CIL library: CIL module
 0001:0003bfb0       ProcessPanelInputW$dtor$11 000000007403cfb0 f    CIL library: CIL module
 0001:0003bfc0       ProcessPanelInputW$catch$2 000000007403cfc0 f    CIL library: CIL module
 0001:0003bfcd       __catch$ProcessPanelInputW$4 000000007403cfcd f    CIL library: CIL module
 0001:0003bff0       ProcessPanelInputW$dtor$12 000000007403cff0 f    CIL library: CIL module
 0001:0003c000       ProcessPanelInputW$catch$3 000000007403d000 f    CIL library: CIL module
 0001:0003c00d       __catch$ProcessPanelInputW$6 000000007403d00d f    CIL library: CIL module
 0001:0003c030       ProcessPanelInputW$dtor$13 000000007403d030 f    CIL library: CIL module
 0001:0003c040       ProcessPanelInputW$dtor$14 000000007403d040 f    CIL library: CIL module
 0001:0003c050       ProcessPanelInputW$dtor$15 000000007403d050 f    CIL library: CIL module
 0001:0003c060       ProcessPanelInputW$catch$4 000000007403d060 f    CIL library: CIL module
 0001:0003c06d       __catch$ProcessPanelInputW$8 000000007403d06d f    CIL library: CIL module
 0001:0003c090       ProcessPanelInputW$dtor$16 000000007403d090 f    CIL library: CIL module
 0001:0003c0a0       ProcessPanelInputW$dtor$17 000000007403d0a0 f    CIL library: CIL module
 0001:0003c0b0       ProcessPanelInputW$dtor$18 000000007403d0b0 f    CIL library: CIL module
 0001:0003c0c0       ProcessPanelInputW$dtor$19 000000007403d0c0 f    CIL library: CIL module
 0001:0003c0d0       ProcessPanelInputW$dtor$20 000000007403d0d0 f    CIL library: CIL module
 0001:0003c0e0       ProcessPanelInputW$dtor$21 000000007403d0e0 f    CIL library: CIL module
 0001:0003c0f0       ProcessPanelInputW$dtor$23 000000007403d0f0 f    CIL library: CIL module
 0001:0003c100       ProcessPanelInputW$catch$5 000000007403d100 f    CIL library: CIL module
 0001:0003c10d       __catch$ProcessPanelInputW$10 000000007403d10d f    CIL library: CIL module
 0001:0003c130       ProcessPanelInputW$catch$6 000000007403d130 f    CIL library: CIL module
 0001:0003c13d       __catch$ProcessPanelInputW$12 000000007403d13d f    CIL library: CIL module
 0001:0003c150       ProcessPanelInputW$catch$7 000000007403d150 f    CIL library: CIL module
 0001:0003c15d       __catch$ProcessPanelInputW$13 000000007403d15d f    CIL library: CIL module
 0001:0003c180       ProcessPanelInputW$catch$8 000000007403d180 f    CIL library: CIL module
 0001:0003c18d       __catch$ProcessPanelInputW$14 000000007403d18d f    CIL library: CIL module
 0001:0003c1e0       ProcessPanelInputW$dtor$24 000000007403d1e0 f    CIL library: CIL module
 0001:0003c1f0       ProcessPanelInputW$catch$9 000000007403d1f0 f    CIL library: CIL module
 0001:0003c1fe       __catch$ProcessPanelInputW$15 000000007403d1fe f    CIL library: CIL module
 0001:0003c2a0       ProcessPanelInputW$dtor$25 000000007403d2a0 f    CIL library: CIL module
 0001:0003c2b0       ProcessPanelInputW$dtor$26 000000007403d2b0 f    CIL library: CIL module
 0001:0003c2c0       ProcessPanelInputW$catch$10 000000007403d2c0 f    CIL library: CIL module
 0001:0003c2cd       __catch$ProcessPanelInputW$16 000000007403d2cd f    CIL library: CIL module
 0001:0003c330       ProcessPanelInputW$dtor$27 000000007403d330 f    CIL library: CIL module
 0001:0003c340       ProcessPanelInputW$catch$11 000000007403d340 f    CIL library: CIL module
 0001:0003c34d       __catch$ProcessPanelInputW$17 000000007403d34d f    CIL library: CIL module
 0001:0003c370       ProcessPanelInputW$catch$12 000000007403d370 f    CIL library: CIL module
 0001:0003c37e       __catch$ProcessPanelInputW$18 000000007403d37e f    CIL library: CIL module
 0001:0003c3f0       ProcessPanelInputW$dtor$28 000000007403d3f0 f    CIL library: CIL module
 0001:0003c3fc       _CallSETranslator$filt$0   000000007403d3fc f   LIBCMT:trnsctrl.obj
 0001:0003c442       __FrameUnwindToState$filt$0 000000007403d442 f   LIBCMT:frame.obj
 0001:0003c462       __FrameUnwindToState$fin$1 000000007403d462 f   LIBCMT:frame.obj
 0001:0003c48b       __DestructExceptionObject$filt$0 000000007403d48b f   LIBCMT:frame.obj
 0001:0003c4a3       __CxxCallCatchBlock$filt$0 000000007403d4a3 f   LIBCMT:frame.obj
 0001:0003c5a3       __CxxCallCatchBlock$fin$1  000000007403d5a3 f   LIBCMT:frame.obj
 0001:0003c634       ??__Eg_colors@@YAXXZ       000000007403d634 f    CIL library: CIL module
 0001:0003c6c4       ??__Eg_plugin_options@@YAXXZ 000000007403d6c4 f    CIL library: CIL module
 0001:0003c6e4       ??__Eg_plugin_objects@@YAXXZ 000000007403d6e4 f    CIL library: CIL module
 0001:0003c774       ??__Eg_plugin_format@@YAXXZ 000000007403d774 f    CIL library: CIL module
 0001:0003c798       ??__Eexport_filter_list@@YAXXZ 000000007403d798 f    CIL library: CIL module
 0001:0003c7b8       ??__Eimport_filter_list@@YAXXZ 000000007403d7b8 f    CIL library: CIL module
 0001:0003c7d8       ??__Fg_colors@@YAXXZ       000000007403d7d8 f    CIL library: CIL module
 0001:0003c7f0       ??__Fg_plugin_options@@YAXXZ 000000007403d7f0 f    CIL library: CIL module
 0001:0003c860       ??__Fg_plugin_objects@@YAXXZ 000000007403d860 f    CIL library: CIL module
 0001:0003c878       ??__Fg_plugin_format@@YAXXZ 000000007403d878 f    CIL library: CIL module
 0001:0003c890       ??__Fppi@?1??far_get_panel_item@@YAPEAUPluginPanelItem@@PEAX_JAEBUPanelInfo@@@Z@YAXXZ 000000007403d890 f    CIL library: CIL module
 0001:0003c8a8       ??__Fppi@?1??far_get_selected_panel_item@@YAPEAUPluginPanelItem@@PEAX_JAEBUPanelInfo@@@Z@YAXXZ 000000007403d8a8 f    CIL library: CIL module
 0001:0003c8c0       ??__Fexport_filter_list@@YAXXZ 000000007403d8c0 f    CIL library: CIL module
 0001:0003c930       ??__Fimport_filter_list@@YAXXZ 000000007403d930 f    CIL library: CIL module
 0001:0003c9a0       ??__Fnomem@?5???2@YAPEAX_K@Z@YAXXZ 000000007403d9a0 f   LIBCMT:new.obj
