 luafar3

 Timestamp is 523ee64e (Sun Sep 22 15:45:02 2013)

 Preferred load address is 10000000

 Start         Length     Name                   Class
 0001:00000000 00000354H .idata$5                CODE
 0001:00000354 00000004H .CRT$XCA                CODE
 0001:00000358 00000004H .CRT$XCZ                CODE
 0001:0000035c 00000004H .CRT$XIA                CODE
 0001:00000360 00000014H .CRT$XIC                CODE
 0001:00000374 00000004H .CRT$XIZ                CODE
 0001:00000378 00000004H .CRT$XPA                CODE
 0001:0000037c 0000000cH .CRT$XPX                CODE
 0001:00000388 00000004H .CRT$XPXA               CODE
 0001:0000038c 00000004H .CRT$XPZ                CODE
 0001:00000390 00000004H .CRT$XTA                CODE
 0001:00000394 00000004H .CRT$XTZ                CODE
 0001:000003a0 00012cb8H .rdata                  CODE
 0001:00013058 0000007cH .rdata$debug            CODE
 0001:000130e0 0000000cH .rdata$sxdata           CODE
 0001:000130ec 00000004H .rtc$IAA                CODE
 0001:000130f0 00000004H .rtc$IZZ                CODE
 0001:000130f4 00000004H .rtc$TAA                CODE
 0001:000130f8 00000004H .rtc$TZZ                CODE
 0001:00013100 0003171dH .text                   CODE
 0001:00044820 000006ccH .xdata$x                CODE
 0001:00044eec 00000078H .idata$2                CODE
 0001:00044f64 00000014H .idata$3                CODE
 0001:00044f78 00000354H .idata$4                CODE
 0001:000452cc 00000e70H .idata$6                CODE
 0001:00046140 00000458H .edata                  CODE
 0002:00000000 00008ef0H .data                   DATA
 0002:00008f00 00001fe0H .bss                    DATA
 0003:00000000 00000058H .rsrc$01                DATA
 0003:00000060 00000358H .rsrc$02                DATA

  Address         Publics by Value              Rva+Base       Lib:Object

 0000:00000000       __except_list              00000000     <absolute>
 0000:00000003       ___safe_se_handler_count   00000003     <absolute>
 0000:00000000       ___ImageBase               10000000     <linker-defined>
 0001:00000000       __imp__RegEnumKeyExW@32    10001000     advapi32:ADVAPI32.dll
 0001:00000004       __imp__RegSetValueExW@24   10001004     advapi32:ADVAPI32.dll
 0001:00000008       __imp__RegQueryValueExW@24 10001008     advapi32:ADVAPI32.dll
 0001:0000000c       __imp__RegOpenKeyExW@20    1000100c     advapi32:ADVAPI32.dll
 0001:00000010       __imp__RegDeleteKeyW@8     10001010     advapi32:ADVAPI32.dll
 0001:00000014       __imp__RegCreateKeyExW@36  10001014     advapi32:ADVAPI32.dll
 0001:00000018       __imp__RegCloseKey@4       10001018     advapi32:ADVAPI32.dll
 0001:0000001c       __imp__RegEnumValueW@32    1000101c     advapi32:ADVAPI32.dll
 0001:00000020       \177ADVAPI32_NULL_THUNK_DATA 10001020     advapi32:ADVAPI32.dll
 0001:00000024       __imp__GetConsoleScreenBufferInfo@8 10001024     kernel32:KERNEL32.dll
 0001:00000028       __imp__FreeLibrary@4       10001028     kernel32:KERNEL32.dll
 0001:0000002c       __imp__GetModuleFileNameW@12 1000102c     kernel32:KERNEL32.dll
 0001:00000030       __imp__LoadLibraryW@4      10001030     kernel32:KERNEL32.dll
 0001:00000034       __imp__SearchPathW@24      10001034     kernel32:KERNEL32.dll
 0001:00000038       __imp__GetDriveTypeW@4     10001038     kernel32:KERNEL32.dll
 0001:0000003c       __imp__GetLogicalDriveStringsW@8 1000103c     kernel32:KERNEL32.dll
 0001:00000040       __imp__SetFileAttributesW@8 10001040     kernel32:KERNEL32.dll
 0001:00000044       __imp__GetLastError@0      10001044     kernel32:KERNEL32.dll
 0001:00000048       __imp__GlobalMemoryStatusEx@4 10001048     kernel32:KERNEL32.dll
 0001:0000004c       __imp__FormatMessageW@28   1000104c     kernel32:KERNEL32.dll
 0001:00000050       __imp__MultiByteToWideChar@24 10001050     kernel32:KERNEL32.dll
 0001:00000054       __imp__WideCharToMultiByte@32 10001054     kernel32:KERNEL32.dll
 0001:00000058       __imp__GetACP@0            10001058     kernel32:KERNEL32.dll
 0001:0000005c       __imp__GetOEMCP@0          1000105c     kernel32:KERNEL32.dll
 0001:00000060       __imp__GetCPInfoExW@12     10001060     kernel32:KERNEL32.dll
 0001:00000064       __imp__EnumSystemCodePagesW@8 10001064     kernel32:KERNEL32.dll
 0001:00000068       __imp__GetProcAddress@8    10001068     kernel32:KERNEL32.dll
 0001:0000006c       __imp__CreateDirectoryW@8  1000106c     kernel32:KERNEL32.dll
 0001:00000070       __imp__DeleteFileW@4       10001070     kernel32:KERNEL32.dll
 0001:00000074       __imp__FileTimeToLocalFileTime@8 10001074     kernel32:KERNEL32.dll
 0001:00000078       __imp__FindClose@4         10001078     kernel32:KERNEL32.dll
 0001:0000007c       __imp__FindFirstFileW@8    1000107c     kernel32:KERNEL32.dll
 0001:00000080       __imp__RemoveDirectoryW@4  10001080     kernel32:KERNEL32.dll
 0001:00000084       __imp__CopyFileW@12        10001084     kernel32:KERNEL32.dll
 0001:00000088       __imp__MoveFileExW@12      10001088     kernel32:KERNEL32.dll
 0001:0000008c       __imp__FileTimeToSystemTime@8 1000108c     kernel32:KERNEL32.dll
 0001:00000090       __imp__SystemTimeToFileTime@8 10001090     kernel32:KERNEL32.dll
 0001:00000094       __imp__CompareStringW@24   10001094     kernel32:KERNEL32.dll
 0001:00000098       __imp__PeekConsoleInputW@16 10001098     kernel32:KERNEL32.dll
 0001:0000009c       __imp__ReadConsoleInputW@16 1000109c     kernel32:KERNEL32.dll
 0001:000000a0       __imp__SetLastError@4      100010a0     kernel32:KERNEL32.dll
 0001:000000a4       __imp__GetModuleHandleW@4  100010a4     kernel32:KERNEL32.dll
 0001:000000a8       __imp__SetEndOfFile@4      100010a8     kernel32:KERNEL32.dll
 0001:000000ac       __imp__HeapSize@12         100010ac     kernel32:KERNEL32.dll
 0001:000000b0       __imp__GetModuleHandleA@4  100010b0     kernel32:KERNEL32.dll
 0001:000000b4       __imp__GetSystemTimeAsFileTime@4 100010b4     kernel32:KERNEL32.dll
 0001:000000b8       __imp__CreateThread@24     100010b8     kernel32:KERNEL32.dll
 0001:000000bc       __imp__SwitchToThread@0    100010bc     kernel32:KERNEL32.dll
 0001:000000c0       __imp__Sleep@4             100010c0     kernel32:KERNEL32.dll
 0001:000000c4       __imp__GetFileAttributesW@4 100010c4     kernel32:KERNEL32.dll
 0001:000000c8       __imp__GetEnvironmentVariableW@12 100010c8     kernel32:KERNEL32.dll
 0001:000000cc       __imp__SetEnvironmentVariableW@8 100010cc     kernel32:KERNEL32.dll
 0001:000000d0       __imp__GetStdHandle@4      100010d0     kernel32:KERNEL32.dll
 0001:000000d4       __imp__WriteConsoleW@20    100010d4     kernel32:KERNEL32.dll
 0001:000000d8       __imp__RaiseException@16   100010d8     kernel32:KERNEL32.dll
 0001:000000dc       __imp__LCMapStringW@24     100010dc     kernel32:KERNEL32.dll
 0001:000000e0       __imp__GetStringTypeW@16   100010e0     kernel32:KERNEL32.dll
 0001:000000e4       __imp__CreateFileW@28      100010e4     kernel32:KERNEL32.dll
 0001:000000e8       __imp__SetStdHandle@8      100010e8     kernel32:KERNEL32.dll
 0001:000000ec       __imp__HeapReAlloc@16      100010ec     kernel32:KERNEL32.dll
 0001:000000f0       __imp__OutputDebugStringW@4 100010f0     kernel32:KERNEL32.dll
 0001:000000f4       __imp__LoadLibraryExW@12   100010f4     kernel32:KERNEL32.dll
 0001:000000f8       __imp__TlsFree@4           100010f8     kernel32:KERNEL32.dll
 0001:000000fc       __imp__TlsSetValue@8       100010fc     kernel32:KERNEL32.dll
 0001:00000100       __imp__TlsGetValue@4       10001100     kernel32:KERNEL32.dll
 0001:00000104       __imp__TlsAlloc@0          10001104     kernel32:KERNEL32.dll
 0001:00000108       __imp__TerminateProcess@8  10001108     kernel32:KERNEL32.dll
 0001:0000010c       __imp__SetUnhandledExceptionFilter@4 1000110c     kernel32:KERNEL32.dll
 0001:00000110       __imp__UnhandledExceptionFilter@4 10001110     kernel32:KERNEL32.dll
 0001:00000114       __imp__QueryPerformanceCounter@4 10001114     kernel32:KERNEL32.dll
 0001:00000118       __imp__GetModuleFileNameA@12 10001118     kernel32:KERNEL32.dll
 0001:0000011c       __imp__FreeEnvironmentStringsW@4 1000111c     kernel32:KERNEL32.dll
 0001:00000120       __imp__GetEnvironmentStringsW@0 10001120     kernel32:KERNEL32.dll
 0001:00000124       __imp__GetFileAttributesExW@12 10001124     kernel32:KERNEL32.dll
 0001:00000128       __imp__GetCurrentProcessId@0 10001128     kernel32:KERNEL32.dll
 0001:0000012c       __imp__CreatePipe@16       1000112c     kernel32:KERNEL32.dll
 0001:00000130       __imp__GetExitCodeProcess@8 10001130     kernel32:KERNEL32.dll
 0001:00000134       __imp__WaitForSingleObject@8 10001134     kernel32:KERNEL32.dll
 0001:00000138       __imp__SetFilePointerEx@20 10001138     kernel32:KERNEL32.dll
 0001:0000013c       __imp__GetConsoleCP@0      1000113c     kernel32:KERNEL32.dll
 0001:00000140       __imp__FlushFileBuffers@4  10001140     kernel32:KERNEL32.dll
 0001:00000144       __imp__GetCPInfo@8         10001144     kernel32:KERNEL32.dll
 0001:00000148       __imp__IsValidCodePage@4   10001148     kernel32:KERNEL32.dll
 0001:0000014c       __imp__RtlUnwind@16        1000114c     kernel32:KERNEL32.dll
 0001:00000150       __imp__SetFilePointer@16   10001150     kernel32:KERNEL32.dll
 0001:00000154       __imp__GetStartupInfoW@4   10001154     kernel32:KERNEL32.dll
 0001:00000158       __imp__GetFileType@4       10001158     kernel32:KERNEL32.dll
 0001:0000015c       __imp__ReadConsoleW@20     1000115c     kernel32:KERNEL32.dll
 0001:00000160       __imp__GetConsoleMode@8    10001160     kernel32:KERNEL32.dll
 0001:00000164       __imp__InitializeCriticalSectionAndSpinCount@8 10001164     kernel32:KERNEL32.dll
 0001:00000168       __imp__DeleteCriticalSection@4 10001168     kernel32:KERNEL32.dll
 0001:0000016c       __imp__InterlockedIncrement@4 1000116c     kernel32:KERNEL32.dll
 0001:00000170       __imp__WriteFile@20        10001170     kernel32:KERNEL32.dll
 0001:00000174       __imp__AreFileApisANSI@0   10001174     kernel32:KERNEL32.dll
 0001:00000178       __imp__ExitProcess@4       10001178     kernel32:KERNEL32.dll
 0001:0000017c       __imp__InterlockedDecrement@4 1000117c     kernel32:KERNEL32.dll
 0001:00000180       __imp__GetProcessHeap@0    10001180     kernel32:KERNEL32.dll
 0001:00000184       __imp__IsProcessorFeaturePresent@4 10001184     kernel32:KERNEL32.dll
 0001:00000188       __imp__IsDebuggerPresent@0 10001188     kernel32:KERNEL32.dll
 0001:0000018c       __imp__GetCurrentThreadId@0 1000118c     kernel32:KERNEL32.dll
 0001:00000190       __imp__GetCommandLineA@0   10001190     kernel32:KERNEL32.dll
 0001:00000194       __imp__CreateProcessW@40   10001194     kernel32:KERNEL32.dll
 0001:00000198       __imp__GetTempPathA@8      10001198     kernel32:KERNEL32.dll
 0001:0000019c       __imp__GetCurrentProcess@0 1000119c     kernel32:KERNEL32.dll
 0001:000001a0       __imp__DuplicateHandle@28  100011a0     kernel32:KERNEL32.dll
 0001:000001a4       __imp__CloseHandle@4       100011a4     kernel32:KERNEL32.dll
 0001:000001a8       __imp__ReadFile@20         100011a8     kernel32:KERNEL32.dll
 0001:000001ac       __imp__LeaveCriticalSection@4 100011ac     kernel32:KERNEL32.dll
 0001:000001b0       __imp__EnterCriticalSection@4 100011b0     kernel32:KERNEL32.dll
 0001:000001b4       __imp__HeapAlloc@12        100011b4     kernel32:KERNEL32.dll
 0001:000001b8       __imp__HeapFree@12         100011b8     kernel32:KERNEL32.dll
 0001:000001bc       \177KERNEL32_NULL_THUNK_DATA 100011bc     kernel32:KERNEL32.dll
 0001:000001c0       __imp__RpcStringFreeA@4    100011c0     rpcrt4:RPCRT4.dll
 0001:000001c4       __imp__UuidCreate@4        100011c4     rpcrt4:RPCRT4.dll
 0001:000001c8       __imp__UuidToStringA@8     100011c8     rpcrt4:RPCRT4.dll
 0001:000001cc       __imp__UuidFromStringA@8   100011cc     rpcrt4:RPCRT4.dll
 0001:000001d0       \177RPCRT4_NULL_THUNK_DATA 100011d0     rpcrt4:RPCRT4.dll
 0001:000001d4       __imp__ShellExecuteW@24    100011d4     shell32:SHELL32.dll
 0001:000001d8       __imp__SHGetFolderPathW@20 100011d8     shell32:SHELL32.dll
 0001:000001dc       \177SHELL32_NULL_THUNK_DATA 100011dc     shell32:SHELL32.dll
 0001:000001e0       __imp__wsprintfW           100011e0     user32:USER32.dll
 0001:000001e4       \177USER32_NULL_THUNK_DATA 100011e4     user32:USER32.dll
 0001:000001e8       __imp__luaL_checkany       100011e8     lua5.1:lua5.1.dll
 0001:000001ec       __imp__luaL_newstate       100011ec     lua5.1:lua5.1.dll
 0001:000001f0       __imp__lua_typename        100011f0     lua5.1:lua5.1.dll
 0001:000001f4       __imp__lua_dump            100011f4     lua5.1:lua5.1.dll
 0001:000001f8       __imp__luaL_checkstack     100011f8     lua5.1:lua5.1.dll
 0001:000001fc       __imp__luaL_prepbuffer     100011fc     lua5.1:lua5.1.dll
 0001:00000200       __imp__lua_tocfunction     10001200     lua5.1:lua5.1.dll
 0001:00000204       __imp__luaL_checkoption    10001204     lua5.1:lua5.1.dll
 0001:00000208       __imp__lua_iscfunction     10001208     lua5.1:lua5.1.dll
 0001:0000020c       __imp__luaL_gsub           1000120c     lua5.1:lua5.1.dll
 0001:00000210       __imp__luaL_findtable      10001210     lua5.1:lua5.1.dll
 0001:00000214       __imp__lua_isuserdata      10001214     lua5.1:lua5.1.dll
 0001:00000218       __imp__luaL_optnumber      10001218     lua5.1:lua5.1.dll
 0001:0000021c       __imp__luaL_checknumber    1000121c     lua5.1:lua5.1.dll
 0001:00000220       __imp__luaL_typerror       10001220     lua5.1:lua5.1.dll
 0001:00000224       __imp__lua_setallocf       10001224     lua5.1:lua5.1.dll
 0001:00000228       __imp__lua_getallocf       10001228     lua5.1:lua5.1.dll
 0001:0000022c       __imp__lua_rawget          1000122c     lua5.1:lua5.1.dll
 0001:00000230       __imp__lua_close           10001230     lua5.1:lua5.1.dll
 0001:00000234       __imp__luaopen_debug       10001234     lua5.1:lua5.1.dll
 0001:00000238       __imp__luaopen_math        10001238     lua5.1:lua5.1.dll
 0001:0000023c       __imp__luaopen_string      1000123c     lua5.1:lua5.1.dll
 0001:00000240       __imp__luaopen_os          10001240     lua5.1:lua5.1.dll
 0001:00000244       __imp__luaopen_table       10001244     lua5.1:lua5.1.dll
 0001:00000248       __imp__luaopen_base        10001248     lua5.1:lua5.1.dll
 0001:0000024c       __imp__luaL_checktype      1000124c     lua5.1:lua5.1.dll
 0001:00000250       __imp__lua_getinfo         10001250     lua5.1:lua5.1.dll
 0001:00000254       __imp__lua_getstack        10001254     lua5.1:lua5.1.dll
 0001:00000258       __imp__luaL_error          10001258     lua5.1:lua5.1.dll
 0001:0000025c       __imp__luaL_checkudata     1000125c     lua5.1:lua5.1.dll
 0001:00000260       __imp__luaL_optinteger     10001260     lua5.1:lua5.1.dll
 0001:00000264       __imp__luaL_optlstring     10001264     lua5.1:lua5.1.dll
 0001:00000268       __imp__luaL_checklstring   10001268     lua5.1:lua5.1.dll
 0001:0000026c       __imp__lua_replace         1000126c     lua5.1:lua5.1.dll
 0001:00000270       __imp__luaL_pushresult     10001270     lua5.1:lua5.1.dll
 0001:00000274       __imp__luaL_addlstring     10001274     lua5.1:lua5.1.dll
 0001:00000278       __imp__luaL_buffinit       10001278     lua5.1:lua5.1.dll
 0001:0000027c       __imp__lua_concat          1000127c     lua5.1:lua5.1.dll
 0001:00000280       __imp__lua_next            10001280     lua5.1:lua5.1.dll
 0001:00000284       __imp__lua_load            10001284     lua5.1:lua5.1.dll
 0001:00000288       __imp__lua_pushfstring     10001288     lua5.1:lua5.1.dll
 0001:0000028c       __imp__luaL_loadstring     1000128c     lua5.1:lua5.1.dll
 0001:00000290       __imp__luaL_unref          10001290     lua5.1:lua5.1.dll
 0001:00000294       __imp__luaL_ref            10001294     lua5.1:lua5.1.dll
 0001:00000298       __imp__lua_gc              10001298     lua5.1:lua5.1.dll
 0001:0000029c       __imp__lua_pcall           1000129c     lua5.1:lua5.1.dll
 0001:000002a0       __imp__lua_call            100012a0     lua5.1:lua5.1.dll
 0001:000002a4       __imp__lua_rawseti         100012a4     lua5.1:lua5.1.dll
 0001:000002a8       __imp__lua_setfield        100012a8     lua5.1:lua5.1.dll
 0001:000002ac       __imp__lua_createtable     100012ac     lua5.1:lua5.1.dll
 0001:000002b0       __imp__lua_rawgeti         100012b0     lua5.1:lua5.1.dll
 0001:000002b4       __imp__lua_gettable        100012b4     lua5.1:lua5.1.dll
 0001:000002b8       __imp__lua_pushlightuserdata 100012b8     lua5.1:lua5.1.dll
 0001:000002bc       __imp__lua_pushcclosure    100012bc     lua5.1:lua5.1.dll
 0001:000002c0       __imp__lua_pushlstring     100012c0     lua5.1:lua5.1.dll
 0001:000002c4       __imp__lua_pushinteger     100012c4     lua5.1:lua5.1.dll
 0001:000002c8       __imp__lua_objlen          100012c8     lua5.1:lua5.1.dll
 0001:000002cc       __imp__lua_toboolean       100012cc     lua5.1:lua5.1.dll
 0001:000002d0       __imp__lua_tointeger       100012d0     lua5.1:lua5.1.dll
 0001:000002d4       __imp__lua_isstring        100012d4     lua5.1:lua5.1.dll
 0001:000002d8       __imp__lua_isnumber        100012d8     lua5.1:lua5.1.dll
 0001:000002dc       __imp__lua_checkstack      100012dc     lua5.1:lua5.1.dll
 0001:000002e0       __imp__lua_insert          100012e0     lua5.1:lua5.1.dll
 0001:000002e4       __imp__lua_remove          100012e4     lua5.1:lua5.1.dll
 0001:000002e8       __imp__lua_pushvalue       100012e8     lua5.1:lua5.1.dll
 0001:000002ec       __imp__luaL_newmetatable   100012ec     lua5.1:lua5.1.dll
 0001:000002f0       __imp__luaL_checkinteger   100012f0     lua5.1:lua5.1.dll
 0001:000002f4       __imp__luaL_argerror       100012f4     lua5.1:lua5.1.dll
 0001:000002f8       __imp__luaL_register       100012f8     lua5.1:lua5.1.dll
 0001:000002fc       __imp__lua_setmetatable    100012fc     lua5.1:lua5.1.dll
 0001:00000300       __imp__lua_getmetatable    10001300     lua5.1:lua5.1.dll
 0001:00000304       __imp__lua_newuserdata     10001304     lua5.1:lua5.1.dll
 0001:00000308       __imp__lua_getfield        10001308     lua5.1:lua5.1.dll
 0001:0000030c       __imp__lua_pushboolean     1000130c     lua5.1:lua5.1.dll
 0001:00000310       __imp__lua_pushstring      10001310     lua5.1:lua5.1.dll
 0001:00000314       __imp__lua_pushnumber      10001314     lua5.1:lua5.1.dll
 0001:00000318       __imp__lua_pushnil         10001318     lua5.1:lua5.1.dll
 0001:0000031c       __imp__lua_touserdata      1000131c     lua5.1:lua5.1.dll
 0001:00000320       __imp__lua_tolstring       10001320     lua5.1:lua5.1.dll
 0001:00000324       __imp__lua_tonumber        10001324     lua5.1:lua5.1.dll
 0001:00000328       __imp__lua_rawequal        10001328     lua5.1:lua5.1.dll
 0001:0000032c       __imp__lua_type            1000132c     lua5.1:lua5.1.dll
 0001:00000330       __imp__lua_settop          10001330     lua5.1:lua5.1.dll
 0001:00000334       __imp__lua_gettop          10001334     lua5.1:lua5.1.dll
 0001:00000338       __imp__lua_setfenv         10001338     lua5.1:lua5.1.dll
 0001:0000033c       __imp__lua_rawset          1000133c     lua5.1:lua5.1.dll
 0001:00000340       __imp__lua_settable        10001340     lua5.1:lua5.1.dll
 0001:00000344       __imp__lua_error           10001344     lua5.1:lua5.1.dll
 0001:00000348       __imp__lua_getfenv         10001348     lua5.1:lua5.1.dll
 0001:0000034c       __imp__luaL_addvalue       1000134c     lua5.1:lua5.1.dll
 0001:00000350       \177lua5.1_NULL_THUNK_DATA 10001350     lua5.1:lua5.1.dll
 0001:00000354       ___xc_a                    10001354     LIBCMT:crt0init.obj
 0001:00000358       ___xc_z                    10001358     LIBCMT:crt0init.obj
 0001:0000035c       ___xi_a                    1000135c     LIBCMT:crt0init.obj
 0001:00000374       ___xi_z                    10001374     LIBCMT:crt0init.obj
 0001:00000378       ___xp_a                    10001378     LIBCMT:crt0init.obj
 0001:0000038c       ___xp_z                    1000138c     LIBCMT:crt0init.obj
 0001:00000390       ___xt_a                    10001390     LIBCMT:crt0init.obj
 0001:00000394       ___xt_z                    10001394     LIBCMT:crt0init.obj
 0001:000003d8       _metatable_name            100013d8     bit64.obj
 0001:000004d0       ??_C@_04JAOJMBA@bnot?$AA@  100014d0     bit64.obj
 0001:000004d8       ??_C@_04BKGNPECA@band?$AA@ 100014d8     bit64.obj
 0001:000004e0       ??_C@_03BBBGIIAC@bor?$AA@  100014e0     bit64.obj
 0001:000004e4       ??_C@_04CKCGDDNF@bxor?$AA@ 100014e4     bit64.obj
 0001:000004ec       ??_C@_06ELFGPGBK@lshift?$AA@ 100014ec     bit64.obj
 0001:000004f4       ??_C@_06HMLHBBIJ@rshift?$AA@ 100014f4     bit64.obj
 0001:000004fc       ??_C@_07JILILBLL@arshift?$AA@ 100014fc     bit64.obj
 0001:00000504       ??_C@_03CLCAEGCJ@new?$AA@  10001504     bit64.obj
 0001:00000508       ??_C@_03BDGOHNNK@add?$AA@  10001508     bit64.obj
 0001:0000050c       ??_C@_03KCMAIMAP@sub?$AA@  1000150c     bit64.obj
 0001:00000510       ??_C@_03IMIFIBCN@mul?$AA@  10001510     bit64.obj
 0001:00000514       ??_C@_03FEJMGOGI@div?$AA@  10001514     bit64.obj
 0001:00000518       ??_C@_03FFONCNID@mod?$AA@  10001518     bit64.obj
 0001:0000051c       ??_C@_02HIIGGHJB@eq?$AA@   1000151c     bit64.obj
 0001:00000520       ??_C@_02KCAKIFL@lt?$AA@    10001520     bit64.obj
 0001:00000524       ??_C@_02FJPJILEL@le?$AA@   10001524     bit64.obj
 0001:00000528       ??_C@_04GPMDFGEJ@type?$AA@ 10001528     bit64.obj
 0001:00000530       ??_C@_05MEHDOBFN@__add?$AA@ 10001530     bit64.obj
 0001:00000538       ??_C@_05HFNNBAII@__sub?$AA@ 10001538     bit64.obj
 0001:00000540       ??_C@_05FLJIBNKK@__mul?$AA@ 10001540     bit64.obj
 0001:00000548       ??_C@_05IDIBPCOP@__div?$AA@ 10001548     bit64.obj
 0001:00000550       ??_C@_05ICPALBAE@__mod?$AA@ 10001550     bit64.obj
 0001:00000558       ??_C@_05MHFNBPAK@__unm?$AA@ 10001558     bit64.obj
 0001:00000560       ??_C@_04GIMIAOHA@__eq?$AA@ 10001560     bit64.obj
 0001:00000568       ??_C@_04BKGOMBLK@__lt?$AA@ 10001568     bit64.obj
 0001:00000570       ??_C@_04EJLHOCKK@__le?$AA@ 10001570     bit64.obj
 0001:00000578       ??_C@_0L@HDFPAPPH@__tostring?$AA@ 10001578     bit64.obj
 0001:00000584       ??_C@_09GPALILFO@bad?5int64?$AA@ 10001584     bit64.obj
 0001:00000590       ??_C@_05LLAMLEHD@?$CFI64d?$AA@ 10001590     bit64.obj
 0001:00000598       ??_C@_05OALCLICP@bit64?$AA@ 10001598     bit64.obj
 0001:000005a0       __real@433fffffffffffff    100015a0     bit64.obj
 0001:000005b0       __xmm@80000000000000008000000000000000 100015b0     bit64.obj
 0001:00000ad0       _COLLECTOR_FD              10001ad0     exported.obj
 0001:00000ae4       _COLLECTOR_OPI             10001ae4     exported.obj
 0001:00000afc       _COLLECTOR_PI              10001afc     exported.obj
 0001:00000b14       _KEY_OBJECT                10001b14     exported.obj
 0001:00000dd8       ??_C@_05GFCDIDHO@debug?$AA@ 10001dd8     exported.obj
 0001:00000de0       ??_C@_09GPFEECNC@traceback?$AA@ 10001de0     exported.obj
 0001:00000dec       ??_C@_06NKNNMLDJ@export?$AA@ 10001dec     exported.obj
 0001:00000df4       ??_C@_07PCNKBAGB@OnError?$AA@ 10001df4     exported.obj
 0001:00000dfc       ??_C@_0N@NJMIGDDL@CreationTime?$AA@ 10001dfc     exported.obj
 0001:00000e0c       ??_C@_0P@MFHPCDDH@LastAccessTime?$AA@ 10001e0c     exported.obj
 0001:00000e1c       ??_C@_0O@FCFNCAHK@LastWriteTime?$AA@ 10001e1c     exported.obj
 0001:00000e2c       ??_C@_0L@FCILKIIG@ChangeTime?$AA@ 10001e2c     exported.obj
 0001:00000e38       ??_C@_08BHIEONMC@FileSize?$AA@ 10001e38     exported.obj
 0001:00000e44       ??_C@_0P@JBACEJLL@AllocationSize?$AA@ 10001e44     exported.obj
 0001:00000e54       ??_C@_05BOOEKJH@Flags?$AA@ 10001e54     exported.obj
 0001:00000e5c       ??_C@_0O@DLGJHFNH@NumberOfLinks?$AA@ 10001e5c     exported.obj
 0001:00000e6c       ??_C@_05MHNOECFO@CRC32?$AA@ 10001e6c     exported.obj
 0001:00000e74       ??_C@_08FDCJCDOL@FileName?$AA@ 10001e74     exported.obj
 0001:00000e80       ??_C@_0BC@COCBGKAE@AlternateFileName?$AA@ 10001e80     exported.obj
 0001:00000e94       ??_C@_0M@OHKMKKDH@Description?$AA@ 10001e94     exported.obj
 0001:00000ea0       ??_C@_05HDCNEILF@Owner?$AA@ 10001ea0     exported.obj
 0001:00000ea8       ??_C@_11LOCGONAA@?$AA?$AA@ 10001ea8     exported.obj
 0001:00000eac       ??_C@_08JNHPECBG@UserData?$AA@ 10001eac     exported.obj
 0001:00000eb8       ??_C@_0M@DFMHDHBL@GetFindData?$AA@ 10001eb8     exported.obj
 0001:00000ec4       ??_C@_08CJLOJPNI@selected?$AA@ 10001ec4     exported.obj
 0001:00000ed0       ??_C@_08FFPEEIHA@GetFiles?$AA@ 10001ed0     exported.obj
 0001:00000edc       ??_C@_0BC@IECOKJFL@GetFiles?4DestPath?$AA@ 10001edc     exported.obj
 0001:00000ef0       ??_C@_03JEOKDCFP@far?$AA@  10001ef0     exported.obj
 0001:00000ef4       ??_C@_0BE@HCPAIELH@ReloadDefaultScript?$AA@ 10001ef4     exported.obj
 0001:00000f08       ??_C@_0L@OCPPMCCK@StructSize?$AA@ 10001f08     exported.obj
 0001:00000f14       ??_C@_06LBMCOACO@Buffer?$AA@ 10001f14     exported.obj
 0001:00000f1c       ??_C@_06EPIAKPGD@OpMode?$AA@ 10001f1c     exported.obj
 0001:00000f24       ??_C@_07GDADDFBD@Analyse?$AA@ 10001f24     exported.obj
 0001:00000f2c       ??_C@_0BB@CKIGBGLB@GetOpenPanelInfo?$AA@ 10001f2c     exported.obj
 0001:00000f40       ??_C@_05ELNJBDOO@reuse?$AA@ 10001f40     exported.obj
 0001:00000f48       ??_C@_1EO@OOOCECGK@?$AAG?$AAe?$AAt?$AAO?$AAp?$AAe?$AAn?$AAP?$AAa?$AAn?$AAe?$AAl?$AAI?$AAn?$AAf?$AAo?$AA?5?$AAs?$AAh?$AAo?$AAu?$AAl?$AAd?$AA?5?$AAr?$AAe?$AAt?$AAu?$AAr?$AAn?$AA?5?$AAa@ 10001f48     exported.obj
 0001:00000f98       ??_C@_08KDMNIFGM@FreeSize?$AA@ 10001f98     exported.obj
 0001:00000fa4       ??_C@_08PAJOMFPO@HostFile?$AA@ 10001fa4     exported.obj
 0001:00000fb0       ??_C@_06IBPEEEAJ@CurDir?$AA@ 10001fb0     exported.obj
 0001:00000fb8       ??_C@_06PEPCFMNJ@Format?$AA@ 10001fb8     exported.obj
 0001:00000fc0       ??_C@_0L@CMHIOLLB@PanelTitle?$AA@ 10001fc0     exported.obj
 0001:00000fcc       ??_C@_09PMEOAIAA@InfoLines?$AA@ 10001fcc     exported.obj
 0001:00000fd8       ??_C@_0BA@BLCGOCOG@InfoLinesNumber?$AA@ 10001fd8     exported.obj
 0001:00000fe8       ??_C@_04OJAHODMC@Text?$AA@ 10001fe8     exported.obj
 0001:00000ff0       ??_C@_04DICKPMGH@Data?$AA@ 10001ff0     exported.obj
 0001:00000ff8       ??_C@_0L@FPEHOFAI@DescrFiles?$AA@ 10001ff8     exported.obj
 0001:00001004       ??_C@_0BA@BBOGKOKF@PanelModesArray?$AA@ 10002004     exported.obj
 0001:00001014       ??_C@_0BB@LFNABPEF@PanelModesNumber?$AA@ 10002014     exported.obj
 0001:00001028       ??_C@_0M@KDJPJFOF@ColumnTypes?$AA@ 10002028     exported.obj
 0001:00001034       ??_C@_0N@ILFJPGHI@ColumnWidths?$AA@ 10002034     exported.obj
 0001:00001044       ??_C@_0BC@KELOOKNK@StatusColumnTypes?$AA@ 10002044     exported.obj
 0001:00001058       ??_C@_0BD@DNDIPKDK@StatusColumnWidths?$AA@ 10002058     exported.obj
 0001:0000106c       ??_C@_0N@EHCEJHEE@ColumnTitles?$AA@ 1000206c     exported.obj
 0001:0000107c       ??_C@_0P@BEEDPJDK@StartPanelMode?$AA@ 1000207c     exported.obj
 0001:0000108c       ??_C@_0O@NIFKFGBJ@StartSortMode?$AA@ 1000208c     exported.obj
 0001:0000109c       ??_C@_0P@KMACBLNK@StartSortOrder?$AA@ 1000209c     exported.obj
 0001:000010ac       ??_C@_06ONGFDHIA@KeyBar?$AA@ 100020ac     exported.obj
 0001:000010b4       ??_C@_0P@PKDBPEJI@VirtualKeyCode?$AA@ 100020b4     exported.obj
 0001:000010c4       ??_C@_0BA@MFFHAKP@ControlKeyState?$AA@ 100020c4     exported.obj
 0001:000010d4       ??_C@_08DGDJEKCP@LongText?$AA@ 100020d4     exported.obj
 0001:000010e0       ??_C@_0N@IHDKLODA@ShortcutData?$AA@ 100020e0     exported.obj
 0001:000010f0       ??_C@_05HIFJDKLD@array?$AA@ 100020f0     exported.obj
 0001:000010f8       ??_C@_01EFFIKLCJ@n?$AA@    100020f8     exported.obj
 0001:000010fa       ??_C@_00CNPNBAHC@?$AA@     100020fa     exported.obj
 0001:000010fc       ??_C@_04DNCDCIAE@Open?$AA@ 100020fc     exported.obj
 0001:00001104       ??_C@_04OPJIDECA@hDlg?$AA@ 10002104     exported.obj
 0001:0000110c       ??_C@_06BNNOMDLO@Handle?$AA@ 1000210c     exported.obj
 0001:00001114       ??_C@_0L@JMPDJFBN@ClosePanel?$AA@ 10002114     exported.obj
 0001:00001120       ??_C@_07MBOMJGGF@Compare?$AA@ 10002120     exported.obj
 0001:00001128       ??_C@_09NANCCILE@Configure?$AA@ 10002128     exported.obj
 0001:00001134       ??_C@_0M@MMKKMEFA@DeleteFiles?$AA@ 10002134     exported.obj
 0001:00001140       ??_C@_0O@GLLEDHJA@MakeDirectory?$AA@ 10002140     exported.obj
 0001:00001150       ??_C@_0BD@PJNONGDB@MakeDirectory?4Name?$AA@ 10002150     exported.obj
 0001:00001164       ??_C@_0BC@COPMJGBI@ProcessPanelEvent?$AA@ 10002164     exported.obj
 0001:00001178       ??_C@_0BA@DPJAKFGC@ProcessHostFile?$AA@ 10002178     exported.obj
 0001:00001188       ??_C@_0BC@HOBKGBBM@ProcessPanelInput?$AA@ 10002188     exported.obj
 0001:0000119c       ??_C@_08OBOOFGOD@PutFiles?$AA@ 1000219c     exported.obj
 0001:000011a8       ??_C@_0N@KCFEBPAO@SetDirectory?$AA@ 100021a8     exported.obj
 0001:000011b8       ??_C@_0M@PNOHHCCH@SetFindList?$AA@ 100021b8     exported.obj
 0001:000011c4       ??_C@_07EACELFAO@ExitFAR?$AA@ 100021c4     exported.obj
 0001:000011cc       ??_C@_0O@OBCKADMD@GetPluginInfo?$AA@ 100021cc     exported.obj
 0001:000011dc       ??_C@_0O@GDMHGAFH@CommandPrefix?$AA@ 100021dc     exported.obj
 0001:000011ec       ??_C@_0O@PHBKMNMJ@DiskMenuGuids?$AA@ 100021ec     exported.obj
 0001:000011fc       ??_C@_0BA@NLBDFPEO@DiskMenuStrings?$AA@ 100021fc     exported.obj
 0001:0000120c       ??_C@_0BA@FOMPNLJF@PluginMenuGuids?$AA@ 1000220c     exported.obj
 0001:0000121c       ??_C@_0BC@DJMJFBJC@PluginMenuStrings?$AA@ 1000221c     exported.obj
 0001:00001230       ??_C@_0BC@ILBHAHCH@PluginConfigGuids?$AA@ 10002230     exported.obj
 0001:00001244       ??_C@_0BE@GAFPNGIP@PluginConfigStrings?$AA@ 10002244     exported.obj
 0001:00001258       ??_C@_0BD@DECJPBBK@ProcessEditorInput?$AA@ 10002258     exported.obj
 0001:0000126c       ??_C@_0BD@GEMPAGBO@ProcessEditorEvent?$AA@ 1000226c     exported.obj
 0001:00001280       ??_C@_04KOACHJEN@Type?$AA@ 10002280     exported.obj
 0001:00001288       ??_C@_0N@EKPHGDMI@StringNumber?$AA@ 10002288     exported.obj
 0001:00001298       ??_C@_07MOCFLHCN@FileEOL?$AA@ 10002298     exported.obj
 0001:000012a0       ??_C@_08DOHJINHB@CodePage?$AA@ 100022a0     exported.obj
 0001:000012ac       ??_C@_0BD@GGKMLEJG@ProcessViewerEvent?$AA@ 100022ac     exported.obj
 0001:000012c0       ??_C@_0BD@FNHBEIC@ProcessDialogEvent?$AA@ 100022c0     exported.obj
 0001:000012d4       ??_C@_06CPBJDKAC@Param2?$AA@ 100022d4     exported.obj
 0001:000012dc       ??_C@_06EDEGJMB@Param1?$AA@ 100022dc     exported.obj
 0001:000012e4       ??_C@_03MLMOILGK@Msg?$AA@  100022e4     exported.obj
 0001:000012e8       ??_C@_0BE@LHJGGGHN@ProcessSynchroEvent?$AA@ 100022e8     exported.obj
 0001:000012fc       ??_C@_0O@EIDNINIK@GetCustomData?$AA@ 100022fc     exported.obj
 0001:0000130c       ??_C@_0N@DDJEHLKE@?$DM_globalinfo?$AA@ 1000230c     exported.obj
 0001:0000131c       ??_C@_07KNEGBPNO@package?$AA@ 1000231c     exported.obj
 0001:00001324       ??_C@_07GCEAJMEA@preload?$AA@ 10002324     exported.obj
 0001:0000132c       ??_C@_1CA@IBKDMBNJ@?$AA_?$AAg?$AAl?$AAo?$AAb?$AAa?$AAl?$AAi?$AAn?$AAf?$AAo?$AA?4?$AAl?$AAu?$AAa?$AA?$AA@ 1000232c     exported.obj
 0001:0000134c       ??_C@_0O@GJMOPLGM@GetGlobalInfo?$AA@ 1000234c     exported.obj
 0001:0000135c       ??_C@_0O@CALOEOI@MinFarVersion?$AA@ 1000235c     exported.obj
 0001:0000136c       ??_C@_07NGFJPNPN@Version?$AA@ 1000236c     exported.obj
 0001:00001374       ??_C@_04MJHIICBJ@Guid?$AA@ 10002374     exported.obj
 0001:0000137c       ??_C@_05PABKJLOM@Title?$AA@ 1000237c     exported.obj
 0001:00001384       ??_C@_06HHECMMLE@Author?$AA@ 10002384     exported.obj
 0001:0000138c       ??_C@_0BE@DONMOPMJ@ProcessConsoleInput?$AA@ 1000238c     exported.obj
 0001:000013a0       __real@43e0000000000000    100023a0     exported.obj
 0001:000013a8       __real@bff0000000000000    100023a8     exported.obj
 0001:00001820       _Vals                      10002820     flags.obj
 0001:00003078       ??_C@_0BI@IDKIJMME@FARMANAGERVERSION_MAJOR?$AA@ 10004078     flags.obj
 0001:00003090       ??_C@_0BI@DMLKEAFC@FARMANAGERVERSION_MINOR?$AA@ 10004090     flags.obj
 0001:000030a8       ??_C@_0BL@NMALNAFP@FARMANAGERVERSION_REVISION?$AA@ 100040a8     flags.obj
 0001:000030c4       ??_C@_0BI@OLPFLLDD@FARMANAGERVERSION_BUILD?$AA@ 100040c4     flags.obj
 0001:000030dc       ??_C@_0BI@MOOFLFPC@FARMANAGERVERSION_STAGE?$AA@ 100040dc     flags.obj
 0001:000030f4       ??_C@_0BD@BKCIMEKM@FARMACRO_KEY_EVENT?$AA@ 100040f4     flags.obj
 0001:00003108       ??_C@_0L@MIDBGFJO@CP_UNICODE?$AA@ 10004108     flags.obj
 0001:00003114       ??_C@_0O@MNMCMEJH@CP_REVERSEBOM?$AA@ 10004114     flags.obj
 0001:00003124       ??_C@_0L@JDNPCEDH@CP_DEFAULT?$AA@ 10004124     flags.obj
 0001:00003130       ??_C@_0M@OMCMFJHA@CP_REDETECT?$AA@ 10004130     flags.obj
 0001:0000313c       ??_C@_09MNAPNKKC@INDEXMASK?$AA@ 1000413c     flags.obj
 0001:00003148       ??_C@_09BLFIDJLF@COLORMASK?$AA@ 10004148     flags.obj
 0001:00003154       ??_C@_09ENNBLPJC@ALPHAMASK?$AA@ 10004154     flags.obj
 0001:00003160       ??_C@_0L@EHFOPLFD@PANEL_NONE?$AA@ 10004160     flags.obj
 0001:0000316c       ??_C@_0N@LPMKALBG@PANEL_ACTIVE?$AA@ 1000416c     flags.obj
 0001:0000317c       ??_C@_0O@HPKEABPN@PANEL_PASSIVE?$AA@ 1000417c     flags.obj
 0001:0000318c       ??_C@_0L@GOEBPENN@PANEL_STOP?$AA@ 1000418c     flags.obj
 0001:00003198       ??_C@_0N@HLIFAAPJ@EEREDRAW_ALL?$AA@ 10004198     flags.obj
 0001:000031a8       ??_C@_0P@NHNDIKJ@CURRENT_EDITOR?$AA@ 100041a8     flags.obj
 0001:000031b8       ??_C@_0BN@PPNDCHHA@EDITOR_COLOR_NORMAL_PRIORITY?$AA@ 100041b8     flags.obj
 0001:000031d8       ??_C@_07MGGAEAFF@DI_TEXT?$AA@ 100041d8     flags.obj
 0001:000031e0       ??_C@_08HODBDEHE@DI_VTEXT?$AA@ 100041e0     flags.obj
 0001:000031ec       ??_C@_0N@IGKKGFMF@DI_SINGLEBOX?$AA@ 100041ec     flags.obj
 0001:000031fc       ??_C@_0N@EDCLIEAE@DI_DOUBLEBOX?$AA@ 100041fc     flags.obj
 0001:0000320c       ??_C@_07DOLIFAEF@DI_EDIT?$AA@ 1000420c     flags.obj
 0001:00003214       ??_C@_0L@EOMEIIFM@DI_PSWEDIT?$AA@ 10004214     flags.obj
 0001:00003220       ??_C@_0L@MGOIMBKF@DI_FIXEDIT?$AA@ 10004220     flags.obj
 0001:0000322c       ??_C@_09GGAEMAPJ@DI_BUTTON?$AA@ 1000422c     flags.obj
 0001:00003238       ??_C@_0M@MHFHGPHJ@DI_CHECKBOX?$AA@ 10004238     flags.obj
 0001:00003244       ??_C@_0P@GIPCGMBE@DI_RADIOBUTTON?$AA@ 10004244     flags.obj
 0001:00003254       ??_C@_0M@MAKBFNGC@DI_COMBOBOX?$AA@ 10004254     flags.obj
 0001:00003260       ??_C@_0L@ONDMPPPO@DI_LISTBOX?$AA@ 10004260     flags.obj
 0001:0000326c       ??_C@_0P@GDJDPEIK@DI_USERCONTROL?$AA@ 1000426c     flags.obj
 0001:0000327c       ??_C@_08KAEGOLOB@DM_FIRST?$AA@ 1000427c     flags.obj
 0001:00003288       ??_C@_08MJMBFJHA@DM_CLOSE?$AA@ 10004288     flags.obj
 0001:00003294       ??_C@_09KLJOCKAA@DM_ENABLE?$AA@ 10004294     flags.obj
 0001:000032a0       ??_C@_0BA@KAMJGFDG@DM_ENABLEREDRAW?$AA@ 100042a0     flags.obj
 0001:000032b0       ??_C@_0O@FKGMMKLP@DM_GETDLGDATA?$AA@ 100042b0     flags.obj
 0001:000032c0       ??_C@_0O@HEGKCPOI@DM_GETDLGITEM?$AA@ 100042c0     flags.obj
 0001:000032d0       ??_C@_0O@BEHCGMCL@DM_GETDLGRECT?$AA@ 100042d0     flags.obj
 0001:000032e0       ??_C@_0L@ELBDNLFO@DM_GETTEXT?$AA@ 100042e0     flags.obj
 0001:000032ec       ??_C@_06IKGPEGEJ@DM_KEY?$AA@ 100042ec     flags.obj
 0001:000032f4       ??_C@_0O@DIPLLJEH@DM_MOVEDIALOG?$AA@ 100042f4     flags.obj
 0001:00003304       ??_C@_0O@EEEDHNPG@DM_SETDLGDATA?$AA@ 10004304     flags.obj
 0001:00003314       ??_C@_0O@GKEFJIKB@DM_SETDLGITEM?$AA@ 10004314     flags.obj
 0001:00003324       ??_C@_0M@GOFGHDFK@DM_SETFOCUS?$AA@ 10004324     flags.obj
 0001:00003330       ??_C@_09ILPFEDOM@DM_REDRAW?$AA@ 10004330     flags.obj
 0001:0000333c       ??_C@_0L@LDOCOEIP@DM_SETTEXT?$AA@ 1000433c     flags.obj
 0001:00003348       ??_C@_0BE@LABEAIPD@DM_SETMAXTEXTLENGTH?$AA@ 10004348     flags.obj
 0001:0000335c       ??_C@_0O@BIFKIPIP@DM_SHOWDIALOG?$AA@ 1000435c     flags.obj
 0001:0000336c       ??_C@_0M@JPHKGACH@DM_GETFOCUS?$AA@ 1000436c     flags.obj
 0001:00003378       ??_C@_0BA@NLMONBKJ@DM_GETCURSORPOS?$AA@ 10004378     flags.obj
 0001:00003388       ??_C@_0BA@KPHABNOF@DM_SETCURSORPOS?$AA@ 10004388     flags.obj
 0001:00003398       ??_C@_0O@LGEKFPKK@DM_SETTEXTPTR?$AA@ 10004398     flags.obj
 0001:000033a8       ??_C@_0M@NCOJHJKI@DM_SHOWITEM?$AA@ 100043a8     flags.obj
 0001:000033b4       ??_C@_0O@GKKCFHIM@DM_ADDHISTORY?$AA@ 100043b4     flags.obj
 0001:000033c4       ??_C@_0M@MCEMDFMD@DM_GETCHECK?$AA@ 100043c4     flags.obj
 0001:000033d0       ??_C@_0M@DDGACGLO@DM_SETCHECK?$AA@ 100043d0     flags.obj
 0001:000033dc       ??_C@_0N@MEGOPFGK@DM_SET3STATE?$AA@ 100043dc     flags.obj
 0001:000033ec       ??_C@_0M@GEPBDDNC@DM_LISTSORT?$AA@ 100043ec     flags.obj
 0001:000033f8       ??_C@_0P@NFJNHAKH@DM_LISTGETITEM?$AA@ 100043f8     flags.obj
 0001:00003408       ??_C@_0BB@EEIMACNO@DM_LISTGETCURPOS?$AA@ 10004408     flags.obj
 0001:0000341c       ??_C@_0BB@GKMJCDEM@DM_LISTSETCURPOS?$AA@ 1000441c     flags.obj
 0001:00003430       ??_C@_0O@NOPCAHGJ@DM_LISTDELETE?$AA@ 10004430     flags.obj
 0001:00003440       ??_C@_0L@BMEAECNG@DM_LISTADD?$AA@ 10004440     flags.obj
 0001:0000344c       ??_C@_0O@HBHDMHP@DM_LISTADDSTR?$AA@ 1000444c     flags.obj
 0001:0000345c       ??_C@_0O@PDFCNPKN@DM_LISTUPDATE?$AA@ 1000445c     flags.obj
 0001:0000346c       ??_C@_0O@GAAGMJJL@DM_LISTINSERT?$AA@ 1000446c     flags.obj
 0001:0000347c       ??_C@_0BC@MIFCLOBD@DM_LISTFINDSTRING?$AA@ 1000447c     flags.obj
 0001:00003490       ??_C@_0M@EEAEBLKC@DM_LISTINFO?$AA@ 10004490     flags.obj
 0001:0000349c       ??_C@_0P@PLJLJFPA@DM_LISTGETDATA?$AA@ 1000449c     flags.obj
 0001:000034ac       ??_C@_0P@DGKKKCB@DM_LISTSETDATA?$AA@ 100044ac     flags.obj
 0001:000034bc       ??_C@_0BB@CELMNLLN@DM_LISTSETTITLES?$AA@ 100044bc     flags.obj
 0001:000034d0       ??_C@_0BB@KPJPKCP@DM_LISTGETTITLES?$AA@ 100044d0     flags.obj
 0001:000034e4       ??_C@_0BA@ICDJCFLE@DM_RESIZEDIALOG?$AA@ 100044e4     flags.obj
 0001:000034f4       ??_C@_0BD@CNGGHGJF@DM_SETITEMPOSITION?$AA@ 100044f4     flags.obj
 0001:00003508       ??_C@_0BF@JMINBGBA@DM_GETDROPDOWNOPENED?$AA@ 10004508     flags.obj
 0001:00003520       ??_C@_0BF@LJIGJNAO@DM_SETDROPDOWNOPENED?$AA@ 10004520     flags.obj
 0001:00003538       ??_C@_0O@NPDKADMJ@DM_SETHISTORY?$AA@ 10004538     flags.obj
 0001:00003548       ??_C@_0BD@BPHAAEIM@DM_GETITEMPOSITION?$AA@ 10004548     flags.obj
 0001:0000355c       ??_C@_0BH@CFMLLNNM@DM_SETMOUSEEVENTNOTIFY?$AA@ 1000455c     flags.obj
 0001:00003574       ??_C@_0BF@IAGIACOD@DM_EDITUNCHANGEDFLAG?$AA@ 10004574     flags.obj
 0001:0000358c       ??_C@_0P@OJKNHIPN@DM_GETITEMDATA?$AA@ 1000458c     flags.obj
 0001:0000359c       ??_C@_0P@OGLDKOHO@DM_SETITEMDATA?$AA@ 1000459c     flags.obj
 0001:000035ac       ??_C@_0L@KNFAKFKE@DM_LISTSET?$AA@ 100045ac     flags.obj
 0001:000035b8       ??_C@_0BB@EPMFHAFO@DM_GETCURSORSIZE?$AA@ 100045b8     flags.obj
 0001:000035cc       ??_C@_0BB@DANLMDCJ@DM_SETCURSORSIZE?$AA@ 100045cc     flags.obj
 0001:000035e0       ??_C@_0BD@LAOOKGHD@DM_LISTGETDATASIZE?$AA@ 100045e0     flags.obj
 0001:000035f4       ??_C@_0BA@BHGANJAP@DM_GETSELECTION?$AA@ 100045f4     flags.obj
 0001:00003604       ??_C@_0BA@GDNOBFED@DM_SETSELECTION?$AA@ 10004604     flags.obj
 0001:00003614       ??_C@_0BD@FIHDGIGO@DM_GETEDITPOSITION?$AA@ 10004614     flags.obj
 0001:00003628       ??_C@_0BD@GKGFBKHH@DM_SETEDITPOSITION?$AA@ 10004628     flags.obj
 0001:0000363c       ??_C@_0BE@MCECGHBC@DM_SETCOMBOBOXEVENT?$AA@ 1000463c     flags.obj
 0001:00003650       ??_C@_0BE@KGBLNJKA@DM_GETCOMBOBOXEVENT?$AA@ 10004650     flags.obj
 0001:00003664       ??_C@_0BD@CJEPBACF@DM_GETCONSTTEXTPTR?$AA@ 10004664     flags.obj
 0001:00003678       ??_C@_0BD@HOOHICEG@DM_GETDLGITEMSHORT?$AA@ 10004678     flags.obj
 0001:0000368c       ??_C@_0BD@EMPBPAFP@DM_SETDLGITEMSHORT?$AA@ 1000468c     flags.obj
 0001:000036a0       ??_C@_0BB@GAPFMPKE@DM_GETDIALOGINFO?$AA@ 100046a0     flags.obj
 0001:000036b4       ??_C@_08COMJOMAC@DN_FIRST?$AA@ 100046b4     flags.obj
 0001:000036c0       ??_C@_0M@NNNAPNMA@DN_BTNCLICK?$AA@ 100046c0     flags.obj
 0001:000036cc       ??_C@_0BC@MJFJAANN@DN_CTLCOLORDIALOG?$AA@ 100046cc     flags.obj
 0001:000036e0       ??_C@_0BD@HFGBIBBL@DN_CTLCOLORDLGITEM?$AA@ 100046e0     flags.obj
 0001:000036f4       ??_C@_0BD@JMFJPHPD@DN_CTLCOLORDLGLIST?$AA@ 100046f4     flags.obj
 0001:00003708       ??_C@_0O@NKBDPILK@DN_DRAWDIALOG?$AA@ 10004708     flags.obj
 0001:00003718       ??_C@_0P@KGKEDPBI@DN_DRAWDLGITEM?$AA@ 10004718     flags.obj
 0001:00003728       ??_C@_0O@JMKNGFLE@DN_EDITCHANGE?$AA@ 10004728     flags.obj
 0001:00003738       ??_C@_0N@OCGKCPJF@DN_ENTERIDLE?$AA@ 10004738     flags.obj
 0001:00003748       ??_C@_0M@JHFIBKOO@DN_GOTFOCUS?$AA@ 10004748     flags.obj
 0001:00003754       ??_C@_07NJJEMKPA@DN_HELP?$AA@ 10004754     flags.obj
 0001:0000375c       ??_C@_09EDGJFAK@DN_HOTKEY?$AA@ 1000475c     flags.obj
 0001:00003768       ??_C@_0O@BJECHBCA@DN_INITDIALOG?$AA@ 10004768     flags.obj
 0001:00003778       ??_C@_0N@CHLLLNBO@DN_KILLFOCUS?$AA@ 10004778     flags.obj
 0001:00003788       ??_C@_0O@CLPABIGO@DN_LISTCHANGE?$AA@ 10004788     flags.obj
 0001:00003798       ??_C@_0L@MLMFBHN@DN_DRAGGED?$AA@ 10004798     flags.obj
 0001:000037a4       ??_C@_0BB@BOOOCAEG@DN_RESIZECONSOLE?$AA@ 100047a4     flags.obj
 0001:000037b8       ??_C@_0BC@FHPPFLKG@DN_DRAWDIALOGDONE?$AA@ 100047b8     flags.obj
 0001:000037cc       ??_C@_0O@EONPBNNP@DN_LISTHOTKEY?$AA@ 100047cc     flags.obj
 0001:000037dc       ??_C@_08MDDLDGPO@DN_INPUT?$AA@ 100047dc     flags.obj
 0001:000037e8       ??_C@_0BA@FGOGLDBC@DN_CONTROLINPUT?$AA@ 100047e8     flags.obj
 0001:000037f8       ??_C@_08EHEOFOJD@DN_CLOSE?$AA@ 100047f8     flags.obj
 0001:00003804       ??_C@_0M@POIFBPFN@DN_GETVALUE?$AA@ 10004804     flags.obj
 0001:00003810       ??_C@_07DIJJNCBA@DM_USER?$AA@ 10004810     flags.obj
 0001:00003818       ??_C@_0BB@HLBBGMAN@BSTATE_UNCHECKED?$AA@ 10004818     flags.obj
 0001:0000382c       ??_C@_0P@FALAMPGP@BSTATE_CHECKED?$AA@ 1000482c     flags.obj
 0001:0000383c       ??_C@_0O@KBIFGGHO@BSTATE_3STATE?$AA@ 1000483c     flags.obj
 0001:0000384c       ??_C@_0O@ILJOJGLD@BSTATE_TOGGLE?$AA@ 1000484c     flags.obj
 0001:0000385c       ??_C@_08PPADCPCM@CBET_KEY?$AA@ 1000485c     flags.obj
 0001:00003868       ??_C@_0L@KHCLMGFJ@CBET_MOUSE?$AA@ 10004868     flags.obj
 0001:00003874       ??_C@_0BA@KNHGEBNE@PTYPE_FILEPANEL?$AA@ 10004874     flags.obj
 0001:00003884       ??_C@_0BA@LPPHNHIG@PTYPE_TREEPANEL?$AA@ 10004884     flags.obj
 0001:00003894       ??_C@_0BB@JBINOKAI@PTYPE_QVIEWPANEL?$AA@ 10004894     flags.obj
 0001:000038a8       ??_C@_0BA@NKMDEBG@PTYPE_INFOPANEL?$AA@ 100048a8     flags.obj
 0001:000038b8       ??_C@_0L@OPHJOKKE@SM_DEFAULT?$AA@ 100048b8     flags.obj
 0001:000038c4       ??_C@_0M@JGBFGGEA@SM_UNSORTED?$AA@ 100048c4     flags.obj
 0001:000038d0       ??_C@_07KIFHAGIL@SM_NAME?$AA@ 100048d0     flags.obj
 0001:000038d8       ??_C@_06GJJJNNFE@SM_EXT?$AA@ 100048d8     flags.obj
 0001:000038e0       ??_C@_08FICJBKFN@SM_MTIME?$AA@ 100048e0     flags.obj
 0001:000038ec       ??_C@_08GCCDHLCN@SM_CTIME?$AA@ 100048ec     flags.obj
 0001:000038f8       ??_C@_08CPOLNKCG@SM_ATIME?$AA@ 100048f8     flags.obj
 0001:00003904       ??_C@_07OMPKMIKC@SM_SIZE?$AA@ 10004904     flags.obj
 0001:0000390c       ??_C@_08BCBPOLMA@SM_DESCR?$AA@ 1000490c     flags.obj
 0001:00003918       ??_C@_08MEAGCMBB@SM_OWNER?$AA@ 10004918     flags.obj
 0001:00003924       ??_C@_0BC@NKDBNAHD@SM_COMPRESSEDSIZE?$AA@ 10004924     flags.obj
 0001:00003938       ??_C@_0M@PKNLKFI@SM_NUMLINKS?$AA@ 10004938     flags.obj
 0001:00003944       ??_C@_0O@CCKEKPHL@SM_NUMSTREAMS?$AA@ 10004944     flags.obj
 0001:00003954       ??_C@_0P@PKGMDPMD@SM_STREAMSSIZE?$AA@ 10004954     flags.obj
 0001:00003964       ??_C@_0M@OAFEBGNH@SM_FULLNAME?$AA@ 10004964     flags.obj
 0001:00003970       ??_C@_09KFKGJDHC@SM_CHTIME?$AA@ 10004970     flags.obj
 0001:0000397c       ??_C@_0P@FEMAMJLE@EEC_OPEN_ERROR?$AA@ 1000497c     flags.obj
 0001:0000398c       ??_C@_0N@GLMELIKF@EEC_MODIFIED?$AA@ 1000498c     flags.obj
 0001:0000399c       ??_C@_0BB@HALKEFOL@EEC_NOT_MODIFIED?$AA@ 1000499c     flags.obj
 0001:000039b0       ??_C@_0BI@CNPFKHKO@EEC_LOADING_INTERRUPTED?$AA@ 100049b0     flags.obj
 0001:000039c8       ??_C@_0BK@PHBCABMB@ACTL_GETFARMANAGERVERSION?$AA@ 100049c8     flags.obj
 0001:000039e4       ??_C@_0N@DPABJDML@ACTL_WAITKEY?$AA@ 100049e4     flags.obj
 0001:000039f4       ??_C@_0O@CEHHJAFD@ACTL_GETCOLOR?$AA@ 100049f4     flags.obj
 0001:00003a04       ??_C@_0BD@OKPAACIK@ACTL_GETARRAYCOLOR?$AA@ 10004a04     flags.obj
 0001:00003a18       ??_C@_0BD@DIFEEKNN@ACTL_GETWINDOWINFO?$AA@ 10004a18     flags.obj
 0001:00003a2c       ??_C@_0BE@PJBIPKOD@ACTL_GETWINDOWCOUNT?$AA@ 10004a2c     flags.obj
 0001:00003a40       ??_C@_0BG@MNKPOEEN@ACTL_SETCURRENTWINDOW?$AA@ 10004a40     flags.obj
 0001:00003a58       ??_C@_0M@IHHFGPPA@ACTL_COMMIT?$AA@ 10004a58     flags.obj
 0001:00003a64       ??_C@_0BA@CLHFKJJP@ACTL_GETFARHWND?$AA@ 10004a64     flags.obj
 0001:00003a74       ??_C@_0BD@JFOOLBPN@ACTL_SETARRAYCOLOR?$AA@ 10004a74     flags.obj
 0001:00003a88       ??_C@_0P@JECKFIA@ACTL_REDRAWALL?$AA@ 10004a88     flags.obj
 0001:00003a98       ??_C@_0N@DHPLJLHO@ACTL_SYNCHRO?$AA@ 10004a98     flags.obj
 0001:00003aa8       ??_C@_0BG@IJPADENB@ACTL_SETPROGRESSSTATE?$AA@ 10004aa8     flags.obj
 0001:00003ac0       ??_C@_0BG@ICJFAPHK@ACTL_SETPROGRESSVALUE?$AA@ 10004ac0     flags.obj
 0001:00003ad8       ??_C@_09HNDBKLDC@ACTL_QUIT?$AA@ 10004ad8     flags.obj
 0001:00003ae4       ??_C@_0BA@LJCPDIKK@ACTL_GETFARRECT?$AA@ 10004ae4     flags.obj
 0001:00003af4       ??_C@_0BC@FELBEIDG@ACTL_GETCURSORPOS?$AA@ 10004af4     flags.obj
 0001:00003b08       ??_C@_0BC@CAAPIEHK@ACTL_SETCURSORPOS?$AA@ 10004b08     flags.obj
 0001:00003b1c       ??_C@_0BE@NPJGMDBM@ACTL_PROGRESSNOTIFY?$AA@ 10004b1c     flags.obj
 0001:00003b30       ??_C@_0BD@IPKOEBIA@ACTL_GETWINDOWTYPE?$AA@ 10004b30     flags.obj
 0001:00003b44       ??_C@_09CEDFMINA@MSSC_POST?$AA@ 10004b44     flags.obj
 0001:00003b50       ??_C@_0L@MOADGAEB@MSSC_CHECK?$AA@ 10004b50     flags.obj
 0001:00003b5c       ??_C@_0BA@MMOAIEKP@MACROAREA_OTHER?$AA@ 10004b5c     flags.obj
 0001:00003b6c       ??_C@_0BA@DEBOOAEB@MACROAREA_SHELL?$AA@ 10004b6c     flags.obj
 0001:00003b7c       ??_C@_0BB@JIMPEHCD@MACROAREA_VIEWER?$AA@ 10004b7c     flags.obj
 0001:00003b90       ??_C@_0BB@KILFBFJH@MACROAREA_EDITOR?$AA@ 10004b90     flags.obj
 0001:00003ba4       ??_C@_0BB@CADENPFI@MACROAREA_DIALOG?$AA@ 10004ba4     flags.obj
 0001:00003bb8       ??_C@_0BB@MLMLHIGE@MACROAREA_SEARCH?$AA@ 10004bb8     flags.obj
 0001:00003bcc       ??_C@_0BA@KKMKOLIK@MACROAREA_DISKS?$AA@ 10004bcc     flags.obj
 0001:00003bdc       ??_C@_0BD@IGOOIJP@MACROAREA_MAINMENU?$AA@ 10004bdc     flags.obj
 0001:00003bf0       ??_C@_0P@LFLMAHBF@MACROAREA_MENU?$AA@ 10004bf0     flags.obj
 0001:00003c00       ??_C@_0P@DKPKIEO@MACROAREA_HELP?$AA@ 10004c00     flags.obj
 0001:00003c10       ??_C@_0BE@MDJPICHC@MACROAREA_INFOPANEL?$AA@ 10004c10     flags.obj
 0001:00003c24       ??_C@_0BF@NLJMHMPP@MACROAREA_QVIEWPANEL?$AA@ 10004c24     flags.obj
 0001:00003c3c       ??_C@_0BE@HBMEGBOC@MACROAREA_TREEPANEL?$AA@ 10004c3c     flags.obj
 0001:00003c50       ??_C@_0BF@FCHKCGLL@MACROAREA_FINDFOLDER?$AA@ 10004c50     flags.obj
 0001:00003c68       ??_C@_0BD@JCFMJGDE@MACROAREA_USERMENU?$AA@ 10004c68     flags.obj
 0001:00003c7c       ??_C@_0BO@OMLEPJPM@MACROAREA_SHELLAUTOCOMPLETION?$AA@ 10004c7c     flags.obj
 0001:00003c9c       ??_C@_0BP@OIHAIGBK@MACROAREA_DIALOGAUTOCOMPLETION?$AA@ 10004c9c     flags.obj
 0001:00003cbc       ??_C@_0BB@JPEEDDOG@MACROAREA_COMMON?$AA@ 10004cbc     flags.obj
 0001:00003cd0       ??_C@_0BD@DIKEKAIJ@MACROSTATE_NOMACRO?$AA@ 10004cd0     flags.obj
 0001:00003ce4       ??_C@_0BF@PCDEFEGP@MACROSTATE_EXECUTING?$AA@ 10004ce4     flags.obj
 0001:00003cfc       ??_C@_0BM@EJOFDENO@MACROSTATE_EXECUTING_COMMON?$AA@ 10004cfc     flags.obj
 0001:00003d18       ??_C@_0BF@BGODKPBB@MACROSTATE_RECORDING?$AA@ 10004d18     flags.obj
 0001:00003d30       ??_C@_0BM@OICPADFE@MACROSTATE_RECORDING_COMMON?$AA@ 10004d30     flags.obj
 0001:00003d4c       ??_C@_0N@CGFFMLBC@MPEC_SUCCESS?$AA@ 10004d4c     flags.obj
 0001:00003d5c       ??_C@_0L@FJDDLDNN@MPEC_ERROR?$AA@ 10004d5c     flags.obj
 0001:00003d68       ??_C@_0N@IBOAADDD@FMVT_UNKNOWN?$AA@ 10004d68     flags.obj
 0001:00003d78       ??_C@_0N@BDMFKEKE@FMVT_INTEGER?$AA@ 10004d78     flags.obj
 0001:00003d88       ??_C@_0M@LFMLDDKI@FMVT_STRING?$AA@ 10004d88     flags.obj
 0001:00003d94       ??_C@_0M@CKDAIOEN@FMVT_DOUBLE?$AA@ 10004d94     flags.obj
 0001:00003da0       ??_C@_0N@MHKOBOGF@FMVT_BOOLEAN?$AA@ 10004da0     flags.obj
 0001:00003db0       ??_C@_0M@GKPDICDA@FMVT_BINARY?$AA@ 10004db0     flags.obj
 0001:00003dbc       ??_C@_0N@FMHCFNDF@FMVT_POINTER?$AA@ 10004dbc     flags.obj
 0001:00003dcc       ??_C@_08DDPDBBNO@FMVT_NIL?$AA@ 10004dcc     flags.obj
 0001:00003dd8       ??_C@_0L@DJIKMOJA@FMVT_ARRAY?$AA@ 10004dd8     flags.obj
 0001:00003de4       ??_C@_0N@FNCFCPIG@WTYPE_PANELS?$AA@ 10004de4     flags.obj
 0001:00003df4       ??_C@_0N@EJKMDMBK@WTYPE_VIEWER?$AA@ 10004df4     flags.obj
 0001:00003e04       ??_C@_0N@HJNGGOKO@WTYPE_EDITOR?$AA@ 10004e04     flags.obj
 0001:00003e14       ??_C@_0N@PBFHKEGB@WTYPE_DIALOG?$AA@ 10004e14     flags.obj
 0001:00003e24       ??_C@_0M@OMKLELFA@WTYPE_VMENU?$AA@ 10004e24     flags.obj
 0001:00003e30       ??_C@_0L@BCEMNGOG@WTYPE_HELP?$AA@ 10004e30     flags.obj
 0001:00003e3c       ??_C@_0BA@IPEAOBGN@TBPS_NOPROGRESS?$AA@ 10004e3c     flags.obj
 0001:00003e4c       ??_C@_0BD@HMEHMDAL@TBPS_INDETERMINATE?$AA@ 10004e4c     flags.obj
 0001:00003e60       ??_C@_0M@KHLNKPHE@TBPS_NORMAL?$AA@ 10004e60     flags.obj
 0001:00003e6c       ??_C@_0L@DFDPCOFD@TBPS_ERROR?$AA@ 10004e6c     flags.obj
 0001:00003e78       ??_C@_0M@GHGAPHPP@TBPS_PAUSED?$AA@ 10004e78     flags.obj
 0001:00003e84       ??_C@_0O@MCNCFBLF@VSMT_VIEWMODE?$AA@ 10004e84     flags.obj
 0001:00003e94       ??_C@_09FLKONCNO@VSMT_WRAP?$AA@ 10004e94     flags.obj
 0001:00003ea0       ??_C@_0O@INKALKJK@VSMT_WORDWRAP?$AA@ 10004ea0     flags.obj
 0001:00003eb0       ??_C@_08FNEFFFEL@VMT_TEXT?$AA@ 10004eb0     flags.obj
 0001:00003ebc       ??_C@_07FLIHDEDA@VMT_HEX?$AA@ 10004ebc     flags.obj
 0001:00003ec4       ??_C@_08BDDNDBMJ@VMT_DUMP?$AA@ 10004ec4     flags.obj
 0001:00003ed0       ??_C@_07OJCLGDHJ@VE_READ?$AA@ 10004ed0     flags.obj
 0001:00003ed8       ??_C@_08JIBCCIDC@VE_CLOSE?$AA@ 10004ed8     flags.obj
 0001:00003ee4       ??_C@_0M@FEFKOOMJ@VE_GOTFOCUS?$AA@ 10004ee4     flags.obj
 0001:00003ef0       ??_C@_0N@ICHCAKIB@VE_KILLFOCUS?$AA@ 10004ef0     flags.obj
 0001:00003f00       ??_C@_07BLBPFFLB@EE_READ?$AA@ 10004f00     flags.obj
 0001:00003f08       ??_C@_07KJGPGPOC@EE_SAVE?$AA@ 10004f08     flags.obj
 0001:00003f10       ??_C@_09NPOPIKMK@EE_REDRAW?$AA@ 10004f10     flags.obj
 0001:00003f1c       ??_C@_08NFPFGIG@EE_CLOSE?$AA@ 10004f1c     flags.obj
 0001:00003f28       ??_C@_0M@CPNMNBMF@EE_GOTFOCUS?$AA@ 10004f28     flags.obj
 0001:00003f34       ??_C@_0N@ILLPMAJF@EE_KILLFOCUS?$AA@ 10004f34     flags.obj
 0001:00003f44       ??_C@_09MIOGFFI@EE_CHANGE?$AA@ 10004f44     flags.obj
 0001:00003f50       ??_C@_0P@MBHAHBBG@DE_DLGPROCINIT?$AA@ 10004f50     flags.obj
 0001:00003f60       ??_C@_0BC@BMFEJAMO@DE_DEFDLGPROCINIT?$AA@ 10004f60     flags.obj
 0001:00003f74       ??_C@_0O@ICBCOJCG@DE_DLGPROCEND?$AA@ 10004f74     flags.obj
 0001:00003f84       ??_C@_0BB@MNODJNPE@SE_COMMONSYNCHRO?$AA@ 10004f84     flags.obj
 0001:00003f98       ??_C@_0N@HKGMPMJE@ESPT_TABSIZE?$AA@ 10004f98     flags.obj
 0001:00003fa8       ??_C@_0BA@GOKHPFCK@ESPT_EXPANDTABS?$AA@ 10004fa8     flags.obj
 0001:00003fb8       ??_C@_0BA@KOADDMLI@ESPT_AUTOINDENT?$AA@ 10004fb8     flags.obj
 0001:00003fc8       ??_C@_0BF@LPNONOMF@ESPT_CURSORBEYONDEOL?$AA@ 10004fc8     flags.obj
 0001:00003fe0       ??_C@_0BC@OECOCGLJ@ESPT_CHARCODEBASE?$AA@ 10004fe0     flags.obj
 0001:00003ff4       ??_C@_0O@PIAOJINE@ESPT_CODEPAGE?$AA@ 10004ff4     flags.obj
 0001:00004004       ??_C@_0BG@HAPABMJH@ESPT_SAVEFILEPOSITION?$AA@ 10005004     flags.obj
 0001:0000401c       ??_C@_0O@KCPDJCKC@ESPT_LOCKMODE?$AA@ 1000501c     flags.obj
 0001:0000402c       ??_C@_0BA@EIGIAOHM@ESPT_SETWORDDIV?$AA@ 1000502c     flags.obj
 0001:0000403c       ??_C@_0BA@FGEHLJDF@ESPT_GETWORDDIV?$AA@ 1000503c     flags.obj
 0001:0000404c       ??_C@_0BE@MACJBCFP@ESPT_SHOWWHITESPACE?$AA@ 1000504c     flags.obj
 0001:00004060       ??_C@_0M@FICNFPPA@ESPT_SETBOM?$AA@ 10005060     flags.obj
 0001:0000406c       ??_C@_09FLEMPKKP@EUR_BEGIN?$AA@ 1000506c     flags.obj
 0001:00004078       ??_C@_07DDJDFJCN@EUR_END?$AA@ 10005078     flags.obj
 0001:00004080       ??_C@_08FCONALGE@EUR_UNDO?$AA@ 10005080     flags.obj
 0001:0000408c       ??_C@_08DHMMFAHF@EUR_REDO?$AA@ 1000508c     flags.obj
 0001:00004098       ??_C@_0O@PKOIFEBO@EXPAND_NOTABS?$AA@ 10005098     flags.obj
 0001:000040a8       ??_C@_0P@MLHPCNDM@EXPAND_ALLTABS?$AA@ 100050a8     flags.obj
 0001:000040b8       ??_C@_0P@OONGIIBL@EXPAND_NEWTABS?$AA@ 100050b8     flags.obj
 0001:000040c8       ??_C@_0BD@DKHPEOHH@EOPT_EXPANDALLTABS?$AA@ 100050c8     flags.obj
 0001:000040dc       ??_C@_0BG@BOINMDEK@EOPT_PERSISTENTBLOCKS?$AA@ 100050dc     flags.obj
 0001:000040f4       ??_C@_0BG@PIIHHCAN@EOPT_DELREMOVESBLOCKS?$AA@ 100050f4     flags.obj
 0001:0000410c       ??_C@_0BA@KPJEAKBD@EOPT_AUTOINDENT?$AA@ 1000510c     flags.obj
 0001:0000411c       ??_C@_0BG@MBPADLG@EOPT_SAVEFILEPOSITION?$AA@ 1000511c     flags.obj
 0001:00004134       ??_C@_0BI@PFHCGCAI@EOPT_AUTODETECTCODEPAGE?$AA@ 10005134     flags.obj
 0001:0000414c       ??_C@_0BF@IMCOEIAL@EOPT_CURSORBEYONDEOL?$AA@ 1000514c     flags.obj
 0001:00004164       ??_C@_0BH@CJPAGGLC@EOPT_EXPANDONLYNEWTABS?$AA@ 10005164     flags.obj
 0001:0000417c       ??_C@_0BE@DDKCDJDC@EOPT_SHOWWHITESPACE?$AA@ 1000517c     flags.obj
 0001:00004190       ??_C@_08HMMLONBH@EOPT_BOM?$AA@ 10005190     flags.obj
 0001:0000419c       ??_C@_0BD@CLLAKGOA@EOPT_SHOWLINEBREAK?$AA@ 1000519c     flags.obj
 0001:000041b0       ??_C@_0L@BJCBJJNB@BTYPE_NONE?$AA@ 100051b0     flags.obj
 0001:000041bc       ??_C@_0N@OPHHGFPF@BTYPE_STREAM?$AA@ 100051bc     flags.obj
 0001:000041cc       ??_C@_0N@EMEGNPLI@BTYPE_COLUMN?$AA@ 100051cc     flags.obj
 0001:000041dc       ??_C@_0BB@BNPDAPGB@ECSTATE_MODIFIED?$AA@ 100051dc     flags.obj
 0001:000041f0       ??_C@_0O@GBBGHDFM@ECSTATE_SAVED?$AA@ 100051f0     flags.obj
 0001:00004200       ??_C@_0P@BECIAJAM@ECSTATE_LOCKED?$AA@ 10005200     flags.obj
 0001:00004210       ??_C@_0P@DOBJCNIG@ECTYPE_CHANGED?$AA@ 10005210     flags.obj
 0001:00004220       ??_C@_0N@MDEFMEEA@ECTYPE_ADDED?$AA@ 10005220     flags.obj
 0001:00004230       ??_C@_0P@NMOJJPOB@ECTYPE_DELETED?$AA@ 10005230     flags.obj
 0001:00004240       ??_C@_08HHHKLJPB@PLT_PATH?$AA@ 10005240     flags.obj
 0001:0000424c       ??_C@_08KBAMIIFB@PFM_GUID?$AA@ 1000524c     flags.obj
 0001:00004258       ??_C@_0P@KKEMMPNI@PFM_MODULENAME?$AA@ 10005258     flags.obj
 0001:00004268       ??_C@_09BOODOHKD@FFT_PANEL?$AA@ 10005268     flags.obj
 0001:00004274       ??_C@_0N@GMEDAGNH@FFT_FINDFILE?$AA@ 10005274     flags.obj
 0001:00004284       ??_C@_08KKCPIPGP@FFT_COPY?$AA@ 10005284     flags.obj
 0001:00004290       ??_C@_0L@EKPDMFDD@FFT_SELECT?$AA@ 10005290     flags.obj
 0001:0000429c       ??_C@_0L@LGPEDLLD@FFT_CUSTOM?$AA@ 1000529c     flags.obj
 0001:000042a8       ??_C@_0M@OIOMMFOE@FST_UNKNOWN?$AA@ 100052a8     flags.obj
 0001:000042b4       ??_C@_0L@GGGOEGKJ@FST_SUBKEY?$AA@ 100052b4     flags.obj
 0001:000042c0       ??_C@_09LFEEAJIC@FST_QWORD?$AA@ 100052c0     flags.obj
 0001:000042cc       ??_C@_0L@LPMPBKDL@FST_STRING?$AA@ 100052cc     flags.obj
 0001:000042d8       ??_C@_08EJJJCLIG@FST_DATA?$AA@ 100052d8     flags.obj
 0001:000042e4       ??_C@_09OBBBBFPE@FSSF_ROOT?$AA@ 100052e4     flags.obj
 0001:000042f0       ??_C@_0BB@HDKCPBIO@FSSF_HISTORY_CMD?$AA@ 100052f0     flags.obj
 0001:00004304       ??_C@_0BE@BLPOFODL@FSSF_HISTORY_FOLDER?$AA@ 10005304     flags.obj
 0001:00004318       ??_C@_0BC@NJCJCCNH@FSSF_HISTORY_VIEW?$AA@ 10005318     flags.obj
 0001:0000432c       ??_C@_0BC@CODELNPP@FSSF_HISTORY_EDIT?$AA@ 1000532c     flags.obj
 0001:00004340       ??_C@_0BG@IFGEMJIF@FSSF_HISTORY_EXTERNAL?$AA@ 10005340     flags.obj
 0001:00004358       ??_C@_0BG@DGAKDKFK@FSSF_FOLDERSHORTCUT_0?$AA@ 10005358     flags.obj
 0001:00004370       ??_C@_0BG@CPBBALBL@FSSF_FOLDERSHORTCUT_1?$AA@ 10005370     flags.obj
 0001:00004388       ??_C@_0BG@EDMFINI@FSSF_FOLDERSHORTCUT_2?$AA@ 10005388     flags.obj
 0001:000043a0       ??_C@_0BG@BNCHGJJJ@FSSF_FOLDERSHORTCUT_3?$AA@ 100053a0     flags.obj
 0001:000043b8       ??_C@_0BG@FCGGPPFO@FSSF_FOLDERSHORTCUT_4?$AA@ 100053b8     flags.obj
 0001:000043d0       ??_C@_0BG@ELHNMOBP@FSSF_FOLDERSHORTCUT_5?$AA@ 100053d0     flags.obj
 0001:000043e8       ??_C@_0BG@GAFAJNNM@FSSF_FOLDERSHORTCUT_6?$AA@ 100053e8     flags.obj
 0001:00004400       ??_C@_0BG@HJELKMJN@FSSF_FOLDERSHORTCUT_7?$AA@ 10005400     flags.obj
 0001:00004418       ??_C@_0BG@PONDLAFC@FSSF_FOLDERSHORTCUT_8?$AA@ 10005418     flags.obj
 0001:00004430       ??_C@_0BG@OHMIIBBD@FSSF_FOLDERSHORTCUT_9?$AA@ 10005430     flags.obj
 0001:00004448       ??_C@_0BD@PBIEGEHP@FSSF_CONFIRMATIONS?$AA@ 10005448     flags.obj
 0001:0000445c       ??_C@_0M@PIGDMPJB@FSSF_SYSTEM?$AA@ 1000545c     flags.obj
 0001:00004468       ??_C@_0L@LBFNJGFB@FSSF_PANEL?$AA@ 10005468     flags.obj
 0001:00004474       ??_C@_0M@KJLIHDEL@FSSF_EDITOR?$AA@ 10005474     flags.obj
 0001:00004480       ??_C@_0M@KEMGKEOF@FSSF_SCREEN?$AA@ 10005480     flags.obj
 0001:0000448c       ??_C@_0M@CBDJLJIE@FSSF_DIALOG?$AA@ 1000548c     flags.obj
 0001:00004498       ??_C@_0P@OCDADNBF@FSSF_INTERFACE?$AA@ 10005498     flags.obj
 0001:000044a8       ??_C@_0BB@GBBEBNKE@FSSF_PANELLAYOUT?$AA@ 100054a8     flags.obj
 0001:000044bc       ??_C@_0M@JCGHGLJF@PSL_ROAMING?$AA@ 100054bc     flags.obj
 0001:000044c8       ??_C@_09EDBNDHCM@PSL_LOCAL?$AA@ 100054c8     flags.obj
 0001:000044d4       ??_C@_07BPEFOPGM@FCT_ANY?$AA@ 100054d4     flags.obj
 0001:000044dc       ??_C@_0L@CDAEILNM@FCT_STREAM?$AA@ 100054dc     flags.obj
 0001:000044e8       ??_C@_0L@IADFDBJB@FCT_COLUMN?$AA@ 100054e8     flags.obj
 0001:000044f4       ??_C@_0O@KJFMBLFE@LINK_HARDLINK?$AA@ 100054f4     flags.obj
 0001:00004504       ??_C@_0O@OOAFIIDA@LINK_JUNCTION?$AA@ 10005504     flags.obj
 0001:00004514       ??_C@_0O@FIAPLKLH@LINK_VOLMOUNT?$AA@ 10005514     flags.obj
 0001:00004524       ??_C@_0BB@JDBEPJDK@LINK_SYMLINKFILE?$AA@ 10005524     flags.obj
 0001:00004538       ??_C@_0BA@GFPIOFMG@LINK_SYMLINKDIR?$AA@ 10005538     flags.obj
 0001:00004548       ??_C@_0N@PJENIJFN@LINK_SYMLINK?$AA@ 10005548     flags.obj
 0001:00004558       ??_C@_08HNOHKPBK@CPM_FULL?$AA@ 10005558     flags.obj
 0001:00004564       ??_C@_08LAEGFKJE@CPM_REAL?$AA@ 10005564     flags.obj
 0001:00004570       ??_C@_0L@NPJNPCJM@CPM_NATIVE?$AA@ 10005570     flags.obj
 0001:0000457c       ??_C@_0L@NCFOENCC@VS_RELEASE?$AA@ 1000557c     flags.obj
 0001:00004588       ??_C@_08BDGLHPMJ@VS_ALPHA?$AA@ 10005588     flags.obj
 0001:00004594       ??_C@_07OKFPMINB@VS_BETA?$AA@ 10005594     flags.obj
 0001:0000459c       ??_C@_05MMFLPJEB@VS_RC?$AA@ 1000559c     flags.obj
 0001:000045a4       ??_C@_0BC@OOKLINPG@OPEN_LEFTDISKMENU?$AA@ 100055a4     flags.obj
 0001:000045b8       ??_C@_0BB@CEFDHHLF@OPEN_PLUGINSMENU?$AA@ 100055b8     flags.obj
 0001:000045cc       ??_C@_0O@IEJHJCNB@OPEN_FINDLIST?$AA@ 100055cc     flags.obj
 0001:000045dc       ??_C@_0O@OGDCDPNG@OPEN_SHORTCUT?$AA@ 100055dc     flags.obj
 0001:000045ec       ??_C@_0BB@JHCCMIPF@OPEN_COMMANDLINE?$AA@ 100055ec     flags.obj
 0001:00004600       ??_C@_0M@DMJLHMGM@OPEN_EDITOR?$AA@ 10005600     flags.obj
 0001:0000460c       ??_C@_0M@MOBCONI@OPEN_VIEWER?$AA@ 1000560c     flags.obj
 0001:00004618       ??_C@_0P@LCDNLGDE@OPEN_FILEPANEL?$AA@ 10005618     flags.obj
 0001:00004628       ??_C@_0M@LEBKLGKD@OPEN_DIALOG?$AA@ 10005628     flags.obj
 0001:00004634       ??_C@_0N@CBHPGAKB@OPEN_ANALYSE?$AA@ 10005634     flags.obj
 0001:00004644       ??_C@_0BD@NFNGGFHI@OPEN_RIGHTDISKMENU?$AA@ 10005644     flags.obj
 0001:00004658       ??_C@_0P@FOKOAMLC@OPEN_FROMMACRO?$AA@ 10005658     flags.obj
 0001:00004668       ??_C@_0O@NEDDJIHC@OPEN_LUAMACRO?$AA@ 10005668     flags.obj
 0001:00004678       ??_C@_0O@MMDEJBDC@MCT_MACROINIT?$AA@ 10005678     flags.obj
 0001:00004688       ??_C@_0O@LELGJFIK@MCT_MACROSTEP?$AA@ 10005688     flags.obj
 0001:00004698       ??_C@_0P@FAJLFCPP@MCT_MACROFINAL?$AA@ 10005698     flags.obj
 0001:000046a8       ??_C@_0P@GBMLNMMI@MCT_MACROPARSE?$AA@ 100056a8     flags.obj
 0001:000046b8       ??_C@_0P@GNPFPCF@MCT_LOADMACROS?$AA@ 100056b8     flags.obj
 0001:000046c8       ??_C@_0P@HMDDACMI@MCT_ENUMMACROS?$AA@ 100056c8     flags.obj
 0001:000046d8       ??_C@_0BA@MOCJHMJK@MCT_WRITEMACROS?$AA@ 100056d8     flags.obj
 0001:000046e8       ??_C@_0N@IGJGAHKE@MCT_GETMACRO?$AA@ 100056e8     flags.obj
 0001:000046f8       ??_C@_0BB@PIGPKBDF@MCT_PROCESSMACRO?$AA@ 100056f8     flags.obj
 0001:0000470c       ??_C@_0N@OLCKOJMI@MCT_DELMACRO?$AA@ 1000570c     flags.obj
 0001:0000471c       ??_C@_0BC@NALHIHJ@MCT_RUNSTARTMACRO?$AA@ 1000571c     flags.obj
 0001:00004730       ??_C@_0P@HOMHAEFB@MCT_EXECSTRING?$AA@ 10005730     flags.obj
 0001:00004740       ??_C@_0O@CDBDPKIC@MCT_PANELSORT?$AA@ 10005740     flags.obj
 0001:00004750       ??_C@_0BH@PKKJIOHM@MCT_GETCUSTOMSORTMODES?$AA@ 10005750     flags.obj
 0001:00004768       ??_C@_0BC@IOECJI@MPRT_NORMALFINISH?$AA@ 10005768     flags.obj
 0001:0000477c       ??_C@_0BB@PMCBIGCA@MPRT_ERRORFINISH?$AA@ 1000577c     flags.obj
 0001:00004790       ??_C@_0BA@BCBAEEOI@MPRT_ERRORPARSE?$AA@ 10005790     flags.obj
 0001:000047a0       ??_C@_09EJDAADCN@MPRT_KEYS?$AA@ 100057a0     flags.obj
 0001:000047ac       ??_C@_0L@GEHHCKFA@MPRT_PRINT?$AA@ 100057ac     flags.obj
 0001:000047b8       ??_C@_0BA@OBIDLEIM@MPRT_PLUGINCALL?$AA@ 100057b8     flags.obj
 0001:000047c8       ??_C@_0BA@EJFFOAMM@MPRT_PLUGINMENU?$AA@ 100057c8     flags.obj
 0001:000047d8       ??_C@_0BC@LEDOPMKI@MPRT_PLUGINCONFIG?$AA@ 100057d8     flags.obj
 0001:000047ec       ??_C@_0BD@HHINMPPI@MPRT_PLUGINCOMMAND?$AA@ 100057ec     flags.obj
 0001:00004800       ??_C@_0O@IEMNLPAB@MPRT_USERMENU?$AA@ 10005800     flags.obj
 0001:00004810       ??_C@_0BC@PNCKAHJO@FE_CHANGEVIEWMODE?$AA@ 10005810     flags.obj
 0001:00004824       ??_C@_09DENIDBMJ@FE_REDRAW?$AA@ 10005824     flags.obj
 0001:00004830       ??_C@_07CLNPDBLG@FE_IDLE?$AA@ 10005830     flags.obj
 0001:00004838       ??_C@_08DENCGKED@FE_CLOSE?$AA@ 10005838     flags.obj
 0001:00004844       ??_C@_08MOMCCKPB@FE_BREAK?$AA@ 10005844     flags.obj
 0001:00004850       ??_C@_0L@LELAIPLL@FE_COMMAND?$AA@ 10005850     flags.obj
 0001:0000485c       ??_C@_0M@FIECADDF@FE_GOTFOCUS?$AA@ 1000585c     flags.obj
 0001:00004868       ??_C@_0N@DGHFKMFL@FE_KILLFOCUS?$AA@ 10005868     flags.obj
 0001:00004878       ??_C@_0M@HNDHDHHO@FCF_FG_4BIT?$AA@ 10005878     flags.obj
 0001:00004884       ??_C@_0M@PJHNDJIE@FCF_BG_4BIT?$AA@ 10005884     flags.obj
 0001:00004890       ??_C@_0N@HMKJBHOA@FCF_4BITMASK?$AA@ 10005890     flags.obj
 0001:000048a0       ??_C@_0BC@NKBLNNIA@FCF_EXTENDEDFLAGS?$AA@ 100058a0     flags.obj
 0001:000048b4       ??_C@_0M@LFMGCKHG@FCF_FG_BOLD?$AA@ 100058b4     flags.obj
 0001:000048c0       ??_C@_0O@FAPDECBF@FCF_FG_ITALIC?$AA@ 100058c0     flags.obj
 0001:000048d0       ??_C@_0BB@NPEFGEGA@FCF_FG_UNDERLINE?$AA@ 100058d0     flags.obj
 0001:000048e4       ??_C@_0O@LGBGBIGB@FCF_STYLEMASK?$AA@ 100058e4     flags.obj
 0001:000048f4       ??_C@_08BKNBBLHK@FCF_NONE?$AA@ 100058f4     flags.obj
 0001:00004900       ??_C@_08FKIDFHCM@CDF_NONE?$AA@ 10005900     flags.obj
 0001:0000490c       ??_C@_0N@ELMEMNDH@FMSG_WARNING?$AA@ 1000590c     flags.obj
 0001:0000491c       ??_C@_0P@HHIGLJAP@FMSG_ERRORTYPE?$AA@ 1000591c     flags.obj
 0001:0000492c       ??_C@_0BE@FHOOILPH@FMSG_KEEPBACKGROUND?$AA@ 1000592c     flags.obj
 0001:00004940       ??_C@_0P@KBEMNNEP@FMSG_LEFTALIGN?$AA@ 10005940     flags.obj
 0001:00004950       ??_C@_0O@FOIOKDHJ@FMSG_ALLINONE?$AA@ 10005950     flags.obj
 0001:00004960       ??_C@_0L@BGALGPOK@FMSG_MB_OK?$AA@ 10005960     flags.obj
 0001:0000496c       ??_C@_0BB@JGAPGIEP@FMSG_MB_OKCANCEL?$AA@ 1000596c     flags.obj
 0001:00004980       ??_C@_0BJ@BKJADAHA@FMSG_MB_ABORTRETRYIGNORE?$AA@ 10005980     flags.obj
 0001:0000499c       ??_C@_0O@GPCAPHCL@FMSG_MB_YESNO?$AA@ 1000599c     flags.obj
 0001:000049ac       ??_C@_0BE@IBNOLCGP@FMSG_MB_YESNOCANCEL?$AA@ 100059ac     flags.obj
 0001:000049c0       ??_C@_0BE@OCLAIENB@FMSG_MB_RETRYCANCEL?$AA@ 100059c0     flags.obj
 0001:000049d4       ??_C@_09NEGPLEAH@FMSG_NONE?$AA@ 100059d4     flags.obj
 0001:000049e0       ??_C@_0N@DHJCDIKM@DIF_BOXCOLOR?$AA@ 100059e0     flags.obj
 0001:000049f0       ??_C@_09IAEPIICA@DIF_GROUP?$AA@ 100059f0     flags.obj
 0001:000049fc       ??_C@_0N@GCKJNBCM@DIF_LEFTTEXT?$AA@ 100059fc     flags.obj
 0001:00004a0c       ??_C@_0P@BGPBEDHH@DIF_MOVESELECT?$AA@ 10005a0c     flags.obj
 0001:00004a1c       ??_C@_0BC@PDKFKKEI@DIF_SHOWAMPERSAND?$AA@ 10005a1c     flags.obj
 0001:00004a30       ??_C@_0BA@BLCOKAAO@DIF_CENTERGROUP?$AA@ 10005a30     flags.obj
 0001:00004a40       ??_C@_0P@MKFBJPOB@DIF_NOBRACKETS?$AA@ 10005a40     flags.obj
 0001:00004a50       ??_C@_0BF@JBCDBJCL@DIF_MANUALADDHISTORY?$AA@ 10005a50     flags.obj
 0001:00004a68       ??_C@_0O@JKNMBNLA@DIF_SEPARATOR?$AA@ 10005a68     flags.obj
 0001:00004a78       ??_C@_0P@CGILDLOA@DIF_SEPARATOR2?$AA@ 10005a78     flags.obj
 0001:00004a88       ??_C@_0L@NBPFNGLB@DIF_EDITOR?$AA@ 10005a88     flags.obj
 0001:00004a94       ??_C@_0BE@PFICAGJF@DIF_LISTNOAMPERSAND?$AA@ 10005a94     flags.obj
 0001:00004aa8       ??_C@_0O@FFJNBMAD@DIF_LISTNOBOX?$AA@ 10005aa8     flags.obj
 0001:00004ab8       ??_C@_0M@IPFBMFDN@DIF_HISTORY?$AA@ 10005ab8     flags.obj
 0001:00004ac4       ??_C@_0P@EGFAEEDC@DIF_BTNNOCLOSE?$AA@ 10005ac4     flags.obj
 0001:00004ad4       ??_C@_0P@KOJCCCGB@DIF_CENTERTEXT?$AA@ 10005ad4     flags.obj
 0001:00004ae4       ??_C@_0BC@ODEMBOPK@DIF_SEPARATORUSER?$AA@ 10005ae4     flags.obj
 0001:00004af8       ??_C@_0O@IKJBMPOF@DIF_SETSHIELD?$AA@ 10005af8     flags.obj
 0001:00004b08       ??_C@_0P@EEJEDBLH@DIF_EDITEXPAND?$AA@ 10005b08     flags.obj
 0001:00004b18       ??_C@_0BB@EIMEKEFP@DIF_DROPDOWNLIST?$AA@ 10005b18     flags.obj
 0001:00004b2c       ??_C@_0BD@MNGIOLFF@DIF_USELASTHISTORY?$AA@ 10005b2c     flags.obj
 0001:00004b40       ??_C@_0N@MOCGNIKC@DIF_MASKEDIT?$AA@ 10005b40     flags.obj
 0001:00004b50       ??_C@_0BD@LPDHCLJI@DIF_LISTTRACKMOUSE?$AA@ 10005b50     flags.obj
 0001:00004b64       ??_C@_0BK@LEFIBDOA@DIF_LISTTRACKMOUSEINFOCUS?$AA@ 10005b64     flags.obj
 0001:00004b80       ??_C@_0BC@JNLDMGBD@DIF_SELECTONENTRY?$AA@ 10005b80     flags.obj
 0001:00004b94       ??_C@_0L@KKNJDNBK@DIF_3STATE?$AA@ 10005b94     flags.obj
 0001:00004ba0       ??_C@_0N@GBGHICKO@DIF_EDITPATH?$AA@ 10005ba0     flags.obj
 0001:00004bb0       ??_C@_0BB@NPNALIGO@DIF_LISTWRAPMODE?$AA@ 10005bb0     flags.obj
 0001:00004bc4       ??_C@_0BD@MFOKKGGF@DIF_NOAUTOCOMPLETE?$AA@ 10005bc4     flags.obj
 0001:00004bd8       ??_C@_0BG@MONEJILE@DIF_LISTAUTOHIGHLIGHT?$AA@ 10005bd8     flags.obj
 0001:00004bf0       ??_C@_0BA@JNOKLHOL@DIF_LISTNOCLOSE?$AA@ 10005bf0     flags.obj
 0001:00004c00       ??_C@_0BB@GMKDKOOP@DIF_EDITPATHEXEC?$AA@ 10005c00     flags.obj
 0001:00004c14       ??_C@_0L@EPNFOPAK@DIF_HIDDEN?$AA@ 10005c14     flags.obj
 0001:00004c20       ??_C@_0N@KOGKCAKJ@DIF_READONLY?$AA@ 10005c20     flags.obj
 0001:00004c30       ??_C@_0M@NLLDINIM@DIF_NOFOCUS?$AA@ 10005c30     flags.obj
 0001:00004c3c       ??_C@_0M@HCFLMDHK@DIF_DISABLE?$AA@ 10005c3c     flags.obj
 0001:00004c48       ??_C@_0BC@CHAAKEJO@DIF_DEFAULTBUTTON?$AA@ 10005c48     flags.obj
 0001:00004c5c       ??_C@_09LCJIOEMN@DIF_FOCUS?$AA@ 10005c5c     flags.obj
 0001:00004c68       ??_C@_0O@KJADCBBN@DIF_RIGHTTEXT?$AA@ 10005c68     flags.obj
 0001:00004c78       ??_C@_0N@LAEOODAD@DIF_WORDWRAP?$AA@ 10005c78     flags.obj
 0001:00004c88       ??_C@_08KFOHCPDE@DIF_NONE?$AA@ 10005c88     flags.obj
 0001:00004c94       ??_C@_0N@EDHAFIIL@LIF_SELECTED?$AA@ 10005c94     flags.obj
 0001:00004ca4       ??_C@_0M@BMGIEAIL@LIF_CHECKED?$AA@ 10005ca4     flags.obj
 0001:00004cb0       ??_C@_0O@KJIFADIG@LIF_SEPARATOR?$AA@ 10005cb0     flags.obj
 0001:00004cc0       ??_C@_0M@HEFHLFIE@LIF_DISABLE?$AA@ 10005cc0     flags.obj
 0001:00004ccc       ??_C@_0L@PKDDGEEG@LIF_GRAYED?$AA@ 10005ccc     flags.obj
 0001:00004cd8       ??_C@_0L@PFBGAOEP@LIF_HIDDEN?$AA@ 10005cd8     flags.obj
 0001:00004ce4       ??_C@_0BD@HEPCOIEH@LIF_DELETEUSERDATA?$AA@ 10005ce4     flags.obj
 0001:00004cf8       ??_C@_08BODPINCM@LIF_NONE?$AA@ 10005cf8     flags.obj
 0001:00004d04       ??_C@_0BC@BGAENNBJ@LIFIND_EXACTMATCH?$AA@ 10005d04     flags.obj
 0001:00004d18       ??_C@_0M@FPOGKIGO@LIFIND_NONE?$AA@ 10005d18     flags.obj
 0001:00004d24       ??_C@_0BA@OOIEKCFB@LINFO_SHOWNOBOX?$AA@ 10005d24     flags.obj
 0001:00004d34       ??_C@_0BE@DECCEGNO@LINFO_AUTOHIGHLIGHT?$AA@ 10005d34     flags.obj
 0001:00004d48       ??_C@_0BH@BADLEILJ@LINFO_REVERSEHIGHLIGHT?$AA@ 10005d48     flags.obj
 0001:00004d60       ??_C@_0P@KLBMHNCG@LINFO_WRAPMODE?$AA@ 10005d60     flags.obj
 0001:00004d70       ??_C@_0BE@OHJCOKAE@LINFO_SHOWAMPERSAND?$AA@ 10005d70     flags.obj
 0001:00004d84       ??_C@_0L@EPACPANF@LINFO_NONE?$AA@ 10005d84     flags.obj
 0001:00004d90       ??_C@_0N@OLGDMHKL@FDLG_WARNING?$AA@ 10005d90     flags.obj
 0001:00004da0       ??_C@_0BB@DKMEBDJJ@FDLG_SMALLDIALOG?$AA@ 10005da0     flags.obj
 0001:00004db4       ??_C@_0BC@ONGLDAJN@FDLG_NODRAWSHADOW?$AA@ 10005db4     flags.obj
 0001:00004dc8       ??_C@_0BB@NPLEEAKK@FDLG_NODRAWPANEL?$AA@ 10005dc8     flags.obj
 0001:00004ddc       ??_C@_0BG@GHNOOENB@FDLG_KEEPCONSOLETITLE?$AA@ 10005ddc     flags.obj
 0001:00004df4       ??_C@_09NNFHCBNL@FDLG_NONE?$AA@ 10005df4     flags.obj
 0001:00004e00       ??_C@_0N@JOOGIBAO@MIF_SELECTED?$AA@ 10005e00     flags.obj
 0001:00004e10       ??_C@_0M@IHMNAMOE@MIF_CHECKED?$AA@ 10005e10     flags.obj
 0001:00004e1c       ??_C@_0O@DEIKOCPA@MIF_SEPARATOR?$AA@ 10005e1c     flags.obj
 0001:00004e2c       ??_C@_0M@OPPCPJOL@MIF_DISABLE?$AA@ 10005e2c     flags.obj
 0001:00004e38       ??_C@_0L@DLLNLLIG@MIF_GRAYED?$AA@ 10005e38     flags.obj
 0001:00004e44       ??_C@_0L@DEJINBIP@MIF_HIDDEN?$AA@ 10005e44     flags.obj
 0001:00004e50       ??_C@_08JEEJJGP@MIF_NONE?$AA@ 10005e50     flags.obj
 0001:00004e5c       ??_C@_0BE@FALMPPJK@FMENU_SHOWAMPERSAND?$AA@ 10005e5c     flags.obj
 0001:00004e70       ??_C@_0P@HICDNKDJ@FMENU_WRAPMODE?$AA@ 10005e70     flags.obj
 0001:00004e80       ??_C@_0BE@IDAMFDEA@FMENU_AUTOHIGHLIGHT?$AA@ 10005e80     flags.obj
 0001:00004e94       ??_C@_0BL@OKAIKPMN@FMENU_REVERSEAUTOHIGHLIGHT?$AA@ 10005e94     flags.obj
 0001:00004eb0       ??_C@_0BJ@FCEONOJC@FMENU_CHANGECONSOLETITLE?$AA@ 10005eb0     flags.obj
 0001:00004ecc       ??_C@_0L@DGFIEOMD@FMENU_NONE?$AA@ 10005ecc     flags.obj
 0001:00004ed8       ??_C@_0O@JEAJLDHC@PPIF_SELECTED?$AA@ 10005ed8     flags.obj
 0001:00004ee8       ??_C@_0BC@LPBDBIOM@PPIF_PROCESSDESCR?$AA@ 10005ee8     flags.obj
 0001:00004efc       ??_C@_09OIFMMGNJ@PPIF_NONE?$AA@ 10005efc     flags.obj
 0001:00004f08       ??_C@_0BC@BONLDOOD@PFLAGS_SHOWHIDDEN?$AA@ 10005f08     flags.obj
 0001:00004f1c       ??_C@_0BB@BCAJEJEH@PFLAGS_HIGHLIGHT?$AA@ 10005f1c     flags.obj
 0001:00004f30       ??_C@_0BI@BFAFODJ@PFLAGS_REVERSESORTORDER?$AA@ 10005f30     flags.obj
 0001:00004f48       ??_C@_0BF@KJNCJPKN@PFLAGS_USESORTGROUPS?$AA@ 10005f48     flags.obj
 0001:00004f60       ??_C@_0BF@LBBAIOCD@PFLAGS_SELECTEDFIRST?$AA@ 10005f60     flags.obj
 0001:00004f78       ??_C@_0BB@KDANIJNM@PFLAGS_REALNAMES?$AA@ 10005f78     flags.obj
 0001:00004f8c       ??_C@_0BD@MOODMDAB@PFLAGS_NUMERICSORT?$AA@ 10005f8c     flags.obj
 0001:00004fa0       ??_C@_0BB@ILEHDKFJ@PFLAGS_PANELLEFT?$AA@ 10005fa0     flags.obj
 0001:00004fb4       ??_C@_0BI@EHHAJLOH@PFLAGS_DIRECTORIESFIRST?$AA@ 10005fb4     flags.obj
 0001:00004fcc       ??_C@_0BA@KJEPHDOM@PFLAGS_USECRC32?$AA@ 10005fcc     flags.obj
 0001:00004fdc       ??_C@_0BJ@HJFOABKG@PFLAGS_CASESENSITIVESORT?$AA@ 10005fdc     flags.obj
 0001:00004ff8       ??_C@_0O@DBPJGING@PFLAGS_PLUGIN?$AA@ 10005ff8     flags.obj
 0001:00005008       ??_C@_0P@MLDEBNPK@PFLAGS_VISIBLE?$AA@ 10006008     flags.obj
 0001:00005018       ??_C@_0N@EOFAELOJ@PFLAGS_FOCUS?$AA@ 10006018     flags.obj
 0001:00005028       ??_C@_0BI@EOCCAHFA@PFLAGS_ALTERNATIVENAMES?$AA@ 10006028     flags.obj
 0001:00005040       ??_C@_0BA@GHMDCHHI@PFLAGS_SHORTCUT?$AA@ 10006040     flags.obj
 0001:00005050       ??_C@_0M@NEMAHHGP@PFLAGS_NONE?$AA@ 10006050     flags.obj
 0001:0000505c       ??_C@_0M@IDNADAFL@VF_NONMODAL?$AA@ 1000605c     flags.obj
 0001:00005068       ??_C@_0BB@OCDDPIKL@VF_DELETEONCLOSE?$AA@ 10006068     flags.obj
 0001:0000507c       ??_C@_0N@LDHALKKM@VF_ENABLE_F6?$AA@ 1000607c     flags.obj
 0001:0000508c       ??_C@_0BC@DLGKMECC@VF_DISABLEHISTORY?$AA@ 1000608c     flags.obj
 0001:000050a0       ??_C@_0BD@DHJCMLFI@VF_IMMEDIATERETURN?$AA@ 100060a0     flags.obj
 0001:000050b4       ??_C@_0BJ@OGNFHEJG@VF_DELETEONLYFILEONCLOSE?$AA@ 100060b4     flags.obj
 0001:000050d0       ??_C@_07CJJFHP@VF_NONE?$AA@ 100060d0     flags.obj
 0001:000050d8       ??_C@_0M@PIFGAPFH@EF_NONMODAL?$AA@ 100060d8     flags.obj
 0001:000050e4       ??_C@_0N@DBHFPBEO@EF_CREATENEW?$AA@ 100060e4     flags.obj
 0001:000050f4       ??_C@_0N@LKLNHALI@EF_ENABLE_F6?$AA@ 100060f4     flags.obj
 0001:00005104       ??_C@_0BC@PPEPEFFI@EF_DISABLEHISTORY?$AA@ 10006104     flags.obj
 0001:00005118       ??_C@_0BB@KGPIDKFC@EF_DELETEONCLOSE?$AA@ 10006118     flags.obj
 0001:0000512c       ??_C@_0BD@IHIGHGPL@EF_IMMEDIATERETURN?$AA@ 1000612c     flags.obj
 0001:00005140       ??_C@_0BJ@ILCPOFKL@EF_DELETEONLYFILEONCLOSE?$AA@ 10006140     flags.obj
 0001:0000515c       ??_C@_09IJMPFPLB@EF_LOCKED?$AA@ 1000615c     flags.obj
 0001:00005168       ??_C@_0BC@GFHJGKD@EF_DISABLESAVEPOS?$AA@ 10006168     flags.obj
 0001:0000517c       ??_C@_07MBPCONNA@EN_NONE?$AA@ 1000617c     flags.obj
 0001:00005184       ??_C@_0BC@HHNGCBAM@FHELP_NOSHOWERROR?$AA@ 10006184     flags.obj
 0001:00005198       ??_C@_0P@GANNLHEJ@FHELP_SELFHELP?$AA@ 10006198     flags.obj
 0001:000051a8       ??_C@_0O@FLGGLFLC@FHELP_FARHELP?$AA@ 100061a8     flags.obj
 0001:000051b8       ??_C@_0BB@KNKDPNI@FHELP_CUSTOMFILE?$AA@ 100061b8     flags.obj
 0001:000051cc       ??_C@_0BB@IHFFPJJA@FHELP_CUSTOMPATH?$AA@ 100061cc     flags.obj
 0001:000051e0       ??_C@_0L@OOIMFPBD@FHELP_GUID?$AA@ 100061e0     flags.obj
 0001:000051ec       ??_C@_0BC@PNPOIHMG@FHELP_USECONTENTS?$AA@ 100061ec     flags.obj
 0001:00005200       ??_C@_0L@MAGMKNFN@FHELP_NONE?$AA@ 10006200     flags.obj
 0001:0000520c       ??_C@_0BE@GEGKIINM@KMFLAGS_SILENTCHECK?$AA@ 1000620c     flags.obj
 0001:00005220       ??_C@_0BG@OPIGKILK@KMFLAGS_DISABLEOUTPUT?$AA@ 10006220     flags.obj
 0001:00005238       ??_C@_0BM@BBOPLPKC@KMFLAGS_NOSENDKEYSTOPLUGINS?$AA@ 10006238     flags.obj
 0001:00005254       ??_C@_0BF@PHHPAAOK@KMFLAGS_ENABLEOUTPUT?$AA@ 10006254     flags.obj
 0001:0000526c       ??_C@_0N@GIJCDFJI@KMFLAGS_NONE?$AA@ 1000626c     flags.obj
 0001:0000527c       ??_C@_0O@GKOLBMFK@AKMFLAGS_NONE?$AA@ 1000627c     flags.obj
 0001:0000528c       ??_C@_0P@LMBMJIMF@FSETCLR_REDRAW?$AA@ 1000628c     flags.obj
 0001:0000529c       ??_C@_0N@LCOHPDHN@FSETCLR_NONE?$AA@ 1000629c     flags.obj
 0001:000052ac       ??_C@_0N@MLMCEKPH@WIF_MODIFIED?$AA@ 100062ac     flags.obj
 0001:000052bc       ??_C@_0M@ICPAPCOF@WIF_CURRENT?$AA@ 100062bc     flags.obj
 0001:000052c8       ??_C@_09FPGEBDGO@WIF_MODAL?$AA@ 100062c8     flags.obj
 0001:000052d4       ??_C@_0BG@JMJAOELH@VOPT_SAVEFILEPOSITION?$AA@ 100062d4     flags.obj
 0001:000052ec       ??_C@_0BI@NCAHLEBN@VOPT_AUTODETECTCODEPAGE?$AA@ 100062ec     flags.obj
 0001:00005304       ??_C@_09FIOJMNJ@VOPT_NONE?$AA@ 10006304     flags.obj
 0001:00005310       ??_C@_0N@ILNDJNNO@VSMFL_REDRAW?$AA@ 10006310     flags.obj
 0001:00005320       ??_C@_0N@GHEHKHJN@VSP_NOREDRAW?$AA@ 10006320     flags.obj
 0001:00005330       ??_C@_0M@LHNGMHFO@VSP_PERCENT?$AA@ 10006330     flags.obj
 0001:0000533c       ??_C@_0N@JGGGCNIP@VSP_RELATIVE?$AA@ 1000633c     flags.obj
 0001:0000534c       ??_C@_0BA@JKDMJLJG@VSP_NORETNEWPOS?$AA@ 1000634c     flags.obj
 0001:0000535c       ??_C@_08FAPBJAKB@VMF_WRAP?$AA@ 1000635c     flags.obj
 0001:00005368       ??_C@_0N@GHBDMLON@VMF_WORDWRAP?$AA@ 10006368     flags.obj
 0001:00005378       ??_C@_0BB@EDGIEBDF@ECF_TABMARKFIRST?$AA@ 10006378     flags.obj
 0001:0000538c       ??_C@_0BD@DKGCCJNG@ECF_TABMARKCURRENT?$AA@ 1000638c     flags.obj
 0001:000053a0       ??_C@_0BA@KNNLMGCA@FIB_ENABLEEMPTY?$AA@ 100063a0     flags.obj
 0001:000053b0       ??_C@_0N@DLDJCGJI@FIB_PASSWORD?$AA@ 100063b0     flags.obj
 0001:000053c0       ??_C@_0O@DOHEGELC@FIB_EXPANDENV?$AA@ 100063c0     flags.obj
 0001:000053d0       ??_C@_0BF@CEMIHIOK@FIB_NOUSELASTHISTORY?$AA@ 100063d0     flags.obj
 0001:000053e8       ??_C@_0M@KJOJJDIM@FIB_BUTTONS?$AA@ 100063e8     flags.obj
 0001:000053f4       ??_C@_0BA@COBBDHNL@FIB_NOAMPERSAND?$AA@ 100063f4     flags.obj
 0001:00005404       ??_C@_0N@LBOCEEGH@FIB_EDITPATH?$AA@ 10006404     flags.obj
 0001:00005414       ??_C@_0BB@DCODFLEL@FIB_EDITPATHEXEC?$AA@ 10006414     flags.obj
 0001:00005428       ??_C@_08HPFOCDKB@FIB_NONE?$AA@ 10006428     flags.obj
 0001:00005434       ??_C@_0L@NMBLFMBN@FPF_LOADED?$AA@ 10006434     flags.obj
 0001:00005440       ??_C@_08GKECKCCJ@FPF_ANSI?$AA@ 10006440     flags.obj
 0001:0000544c       ??_C@_08OIOFCNLC@FPF_NONE?$AA@ 1000644c     flags.obj
 0001:00005458       ??_C@_0L@HODJIPGA@PN_CMPNAME?$AA@ 10006458     flags.obj
 0001:00005464       ??_C@_0P@KDEENAHJ@PN_CMPNAMELIST?$AA@ 10006464     flags.obj
 0001:00005474       ??_C@_0BA@BJCCEIOI@PN_GENERATENAME?$AA@ 10006474     flags.obj
 0001:00005484       ??_C@_0N@FEGPCCPJ@PN_CHECKMASK?$AA@ 10006484     flags.obj
 0001:00005494       ??_C@_0M@NOOLKEBH@PN_SKIPPATH?$AA@ 10006494     flags.obj
 0001:000054a0       ??_C@_0BE@OPDBOAAE@PN_SHOWERRORMESSAGE?$AA@ 100064a0     flags.obj
 0001:000054b4       ??_C@_0BG@GOMJDMCK@XLAT_SWITCHKEYBLAYOUT?$AA@ 100064b4     flags.obj
 0001:000054cc       ??_C@_0BE@KOIJDNLA@XLAT_SWITCHKEYBBEEP?$AA@ 100064cc     flags.obj
 0001:000054e0       ??_C@_0BH@KBFAFPNA@XLAT_USEKEYBLAYOUTNAME?$AA@ 100064e0     flags.obj
 0001:000054f8       ??_C@_0BH@IANKLOAC@XLAT_CONVERTALLCMDLINE?$AA@ 100064f8     flags.obj
 0001:00005510       ??_C@_09JCNLKBBK@XLAT_NONE?$AA@ 10006510     flags.obj
 0001:0000551c       ??_C@_0N@PJEDCNNJ@FRS_RETUPDIR?$AA@ 1000651c     flags.obj
 0001:0000552c       ??_C@_09GHEPLOHO@FRS_RECUR?$AA@ 1000652c     flags.obj
 0001:00005538       ??_C@_0BA@JCPHOEAE@FRS_SCANSYMLINK?$AA@ 10006538     flags.obj
[...]
 0001:0002fd68       TrailUpVec                 10030d68     LIBCMT:memcpy.obj
 0001:0002fe0c       LeadDownVec                10030e0c     LIBCMT:memcpy.obj
 0001:0002fe98       UnwindDownVec              10030e98     LIBCMT:memcpy.obj
 0001:0002ff04       TrailDownVec               10030f04     LIBCMT:memcpy.obj
 0001:00030080       $$000000                   10031080     LIBCMT:memset.obj
 0001:00031130       $$000000                   10032130     LIBCMT:strchr.obj
 0001:00031260       $$000000                   10032260     LIBCMT:strncmp.obj
 0001:00031700       $$000000                   10032700     LIBCMT:log10_sse2_precise.obj
 0001:000319b0       $$000000                   100329b0     LIBCMT:floor_pentium4.obj
 0001:00031bb0       $$000000                   10032bb0     LIBCMT:memchr.obj
 0001:00031c60       $$000000                   10032c60     LIBCMT:strncpy.obj
 0001:00031d90       $$000000                   10032d90     LIBCMT:strpbrk.obj
 0001:00031f82       _flsall                    10032f82 f   LIBCMT:fflush.obj
 0001:00032ccf       _genfname                  10033ccf f   LIBCMT:tmpfile.obj
 0001:00032d63       _init_namebuf              10033d63 f   LIBCMT:tmpfile.obj
 0001:000333b3       _idtab                     100343b3 f   LIBCMT:wpopen.obj
 0001:000333b3       _idtab                     100343b3 f   LIBCMT:wpopen.obj
 0001:00033610       $$000000                   10034610     LIBCMT:strrchr.obj
 0001:00033750       $$000000                   10034750     LIBCMT:lldvrm.obj
 0001:00033a02       ___DllMainCRTStartup       10034a02 f   LIBCMT:dllcrt0.obj
 0001:00034980       $LN272                     10035980     LIBCMT:output.obj
 0001:000349a0       _write_char                100359a0 f   LIBCMT:output.obj
 0001:000349e6       _write_multi_char          100359e6 f   LIBCMT:output.obj
 0001:00034a12       _write_string              10035a12 f   LIBCMT:output.obj
 0001:00034fe2       __cftoe2_l                 10035fe2 f   LIBCMT:cvt.obj
 0001:000351fd       __cftof2_l                 100361fd f   LIBCMT:cvt.obj
 0001:00035627       __shift                    10036627 f   LIBCMT:cvt.obj
 0001:00035aa8       __initterm                 10036aa8 f   LIBCMT:crt0dat.obj
 0001:00035af8       _doexit                    10036af8 f   LIBCMT:crt0dat.obj
 0001:0003607a       _siglookup                 1003707a f   LIBCMT:winsig.obj
 0001:00036b30       $$000000                   10037b30     LIBCMT:sehprolg4.obj
 0001:00037fb0       $$000000                   10038fb0     LIBCMT:exsup4.obj
 0001:00038040       __unwind_handler4          10039040 f   LIBCMT:exsup4.obj
 0001:0003846c       ?CPtoLocaleName@@YAPB_WH@Z 1003946c f   LIBCMT:mbctype.obj
 0001:000384a6       ?getSystemCP@@YAHH@Z       100394a6 f   LIBCMT:mbctype.obj
 0001:00038512       ?setSBCS@@YAXPAUthreadmbcinfostruct@@@Z 10039512 f   LIBCMT:mbctype.obj
 0001:0003857b       ?setSBUpLow@@YAXPAUthreadmbcinfostruct@@@Z 1003957b f   LIBCMT:mbctype.obj
 0001:0003908b       $LN79                      1003a08b     LIBCMT:libm_error.obj
 0001:000390d0       $$000000                   1003a0d0     LIBCMT:log10.obj
 0001:00039efe       $LN262                     1003aefe     LIBCMT:woutput.obj
 0001:00039f1e       _write_char                1003af1e f   LIBCMT:woutput.obj
 0001:00039f54       _write_multi_char          1003af54 f   LIBCMT:woutput.obj
 0001:00039f80       _write_string              1003af80 f   LIBCMT:woutput.obj
 0001:0003a9eb       ___check_float_string      1003b9eb f   LIBCMT:input.obj
 0001:0003aa4a       __hextodec                 1003ba4a f   LIBCMT:input.obj
 0001:0003aa6b       __inc                      1003ba6b f   LIBCMT:input.obj
 0001:0003bb7b       __whiteout                 1003cb7b f   LIBCMT:input.obj
 0001:0003c0a0       $$000000                   1003d0a0     LIBCMT:strlen.obj
 0001:0003c356       ?strtoxl@@YAKPAUlocaleinfo_struct@@PBDPAPBDHH@Z 1003d356 f   LIBCMT:strtol.obj
 0001:0003c5bc       _xtoa_s@20                 1003d5bc f   LIBCMT:xtoas.obj
 0001:0003cab0       $$000000                   1003dab0     LIBCMT:sehprolg4gs.obj
 0001:0003d0f6       _parse_cmdline             1003e0f6 f   LIBCMT:stdargv.obj
 0001:0003d9e0       $$000000                   1003e9e0     LIBCMT:ulldvrm.obj
 0001:0003dbf0       $$000000                   1003ebf0     LIBCMT:memmove.obj
 0001:0003de40       LeadUpVec                  1003ee40     LIBCMT:memmove.obj
 0001:0003debc       UnwindUpVec                1003eebc     LIBCMT:memmove.obj
 0001:0003df28       TrailUpVec                 1003ef28     LIBCMT:memmove.obj
 0001:0003dfcc       LeadDownVec                1003efcc     LIBCMT:memmove.obj
 0001:0003e058       UnwindDownVec              1003f058     LIBCMT:memmove.obj
 0001:0003e0c4       TrailDownVec               1003f0c4     LIBCMT:memmove.obj
 0001:0003e790       __onexit_nolock            1003f790 f   LIBCMT:onexit.obj
 0001:0003f074       ___createFile              10040074 f   LIBCMT:wopen.obj
 0001:0003fb20       $$000000                   10040b20     LIBCMT:exsup.obj
 0001:0003fb40       __unwind_handler           10040b40 f   LIBCMT:exsup.obj
 0001:0004013a       ?__crtLCMapStringA_stat@@YAHPAUlocaleinfo_struct@@PB_WKPBDHPADHHH@Z 1004113a f   LIBCMT:a_map.obj
 0001:00040385       ?__crtGetStringTypeA_stat@@YAHPAUlocaleinfo_struct@@KPBDHPAGHH@Z 10041385 f   LIBCMT:a_str.obj
 0001:000407f0       $$000000                   100417f0     LIBCMT:log10_pentium4.obj
 0001:00040a80       $$000000                   10041a80     LIBCMT:87tran.obj
 0001:00040c80       $$000000                   10041c80     LIBCMT:87disp.obj
 0001:00040e50       $$000000                   10041e50     LIBCMT:common.obj
 0001:00040fe0       $$000000                   10041fe0     LIBCMT:genexcep.obj
 0001:00041f49       _copy_environ              10042f49 f   LIBCMT:wsetenv.obj
 0001:00041fab       _wfindenv                  10042fab f   LIBCMT:wsetenv.obj
 0001:00042009       ?x_ismbbtype_l@@YAHPAUlocaleinfo_struct@@IHH@Z 10043009 f   LIBCMT:ismbbyte.obj
 0001:000432a1       $LN304                     100442a1     LIBCMT:strgtold.obj
 0001:00043ec0       $$000000                   10044ec0     LIBCMT:alloca16.obj
 0001:000445b0       $$000000                   100455b0     LIBCMT:_strnicm.obj
 0001:0004461e       ?_strupr_s_l_stat@@YAHPADIPAUlocaleinfo_struct@@@Z 1004561e f   LIBCMT:strupr.obj
 0001:00044820       __sehtable$_fclose         10045820     LIBCMT:fclose.obj
 0001:00044840       __sehtable$_fread_s        10045840     LIBCMT:fread.obj
 0001:00044860       __sehtable$_getc           10045860     LIBCMT:fgetc.obj
 0001:00044880       __sehtable$_rewind         10045880     LIBCMT:rewind.obj
 0001:000448a0       __sehtable$_ungetc         100458a0     LIBCMT:ungetc.obj
 0001:000448c0       __sehtable$__wfsopen       100458c0     LIBCMT:wfopen.obj
 0001:000448e0       __sehtable$__wfreopen_helper 100458e0     LIBCMT:wfreopen.obj
 0001:00044900       __sehtable$_fprintf        10045900     LIBCMT:fprintf.obj
 0001:00044920       __sehtable$_clearerr_s     10045920     LIBCMT:clearerr.obj
 0001:00044940       __sehtable$_fflush         10045940     LIBCMT:fflush.obj
 0001:00044960       __sehtable$_flsall         10045960     LIBCMT:fflush.obj
 0001:00044988       __sehtable$_fgets          10045988     LIBCMT:fgets.obj
 0001:000449a8       __sehtable$_vfscanf        100459a8     LIBCMT:fscanf.obj
 0001:000449c8       __sehtable$_fseek          100459c8     LIBCMT:fseek.obj
 0001:000449e8       __sehtable$_ftell          100459e8     LIBCMT:ftell.obj
 0001:00044a08       __sehtable$_fwrite         10045a08     LIBCMT:fwrite.obj
 0001:00044a28       __sehtable$__pclose        10045a28     LIBCMT:popen.obj
 0001:00044a48       __sehtable$_setvbuf        10045a48     LIBCMT:setvbuf.obj
 0001:00044a68       __sehtable$__tmpfile_helper 10045a68     LIBCMT:tmpfile.obj
 0001:00044a88       __sehtable$__wpopen        10045a88     LIBCMT:wpopen.obj
 0001:00044aa8       __sehtable$__wgetenv       10045aa8     LIBCMT:wgetenv.obj
 0001:00044ac8       __sehtable$__wdupenv_s     10045ac8     LIBCMT:wgetenv.obj
 0001:00044ae8       __sehtable$__CRT_INIT@12   10045ae8     LIBCMT:dllcrt0.obj
 0001:00044b08       __sehtable$___DllMainCRTStartup 10045b08     LIBCMT:dllcrt0.obj
 0001:00044b28       __sehtable$_doexit         10045b28     LIBCMT:crt0dat.obj
 0001:00044b48       __sehtable$_raise          10045b48     LIBCMT:winsig.obj
 0001:00044b68       __sehtable$___set_fpsr_sse2 10045b68     LIBCMT:fpctrl.obj
 0001:00044b88       __sehtable$__freefls@4     10045b88     LIBCMT:tidtable.obj
 0001:00044bb0       __sehtable$__initptd       10045bb0     LIBCMT:tidtable.obj
 0001:00044bd8       __sehtable$__fcloseall     10045bd8     LIBCMT:closeall.obj
 0001:00044bf8       __sehtable$__mtinitlocknum 10045bf8     LIBCMT:mlock.obj
 0001:00044c18       __sehtable$__close         10045c18     LIBCMT:close.obj
 0001:00044c38       __sehtable$__read          10045c38     LIBCMT:read.obj
 0001:00044c58       __sehtable$__ioinit        10045c58     LIBCMT:ioinit.obj
 0001:00044c78       __sehtable$__lseek         10045c78     LIBCMT:lseek.obj
 0001:00044c98       __sehtable$__getstream     10045c98     LIBCMT:stream.obj
 0001:00044cb8       __sehtable$___updatetlocinfo 10045cb8     LIBCMT:localref.obj
 0001:00044cd8       __sehtable$___updatetmbcinfo 10045cd8     LIBCMT:mbctype.obj
 0001:00044cf8       __sehtable$__setmbcp       10045cf8     LIBCMT:mbctype.obj
 0001:00044d18       __sehtable$__locterm       10045d18     LIBCMT:wsetloca.obj
 0001:00044d38       __sehtable$__commit        10045d38     LIBCMT:commit.obj
 0001:00044d58       __sehtable$__write         10045d58     LIBCMT:write.obj
 0001:00044d78       __sehtable$__lseeki64      10045d78     LIBCMT:lseeki64.obj
 0001:00044d98       __sehtable$__pipe          10045d98     LIBCMT:pipe.obj
 0001:00044dc0       __sehtable$__sopen_helper  10045dc0     LIBCMT:open.obj
 0001:00044de0       __sehtable$__rmtmp         10045de0     LIBCMT:rmtmp.obj
 0001:00044e08       __sehtable$__wfdopen       10045e08     LIBCMT:wfdopen.obj
 0001:00044e28       __sehtable$__IsNonwritableInCurrentImage 10045e28     LIBCMT:pesect.obj
 0001:00044e48       __sehtable$__onexit        10045e48     LIBCMT:onexit.obj
 0001:00044e68       __sehtable$?terminate@@YAXXZ 10045e68     LIBCMT:hooks.obj
 0001:00044e88       __sehtable$__alloc_osfhnd  10045e88     LIBCMT:osfinfo.obj
 0001:00044eb0       __sehtable$___lock_fhandle 10045eb0     LIBCMT:osfinfo.obj
 0001:00044ed0       __sehtable$__wsopen_helper 10045ed0     LIBCMT:wopen.obj
 0001:000455ea       .idata$6                   100465ea     kernel32:KERNEL32.dll
 0001:00045604       .idata$6                   10046604     user32:USER32.dll
 0001:00045696       .idata$6                   10046696     advapi32:ADVAPI32.dll
 0001:000456c8       .idata$6                   100466c8     shell32:SHELL32.dll
 0001:00045c7c       .idata$6                   10046c7c     lua5.1:lua5.1.dll
 0001:00045cca       .idata$6                   10046cca     rpcrt4:RPCRT4.dll
 0001:00046140       .edata                     10047140     luafar3.exp
 0001:00046168       rgpv                       10047168     luafar3.exp
 0001:0004620c       rgszName                   1004720c     luafar3.exp
 0001:000462b0       rgwOrd                     100472b0     luafar3.exp
 0001:00046302       szName                     10047302     luafar3.exp
 0001:0004630e       $N00001                    1004730e     luafar3.exp
 0001:00046319       $N00002                    10047319     luafar3.exp
 0001:00046329       $N00003                    10047329     luafar3.exp
 0001:00046337       $N00004                    10047337     luafar3.exp
 0001:00046342       $N00005                    10047342     luafar3.exp
 0001:0004634f       $N00006                    1004734f     luafar3.exp
 0001:0004635e       $N00007                    1004735e     luafar3.exp
 0001:00046369       $N00008                    10047369     luafar3.exp
 0001:00046373       $N00009                    10047373     luafar3.exp
 0001:0004637e       $N00010                    1004737e     luafar3.exp
 0001:00046390       $N00011                    10047390     luafar3.exp
 0001:000463a0       $N00012                    100473a0     luafar3.exp
 0001:000463b1       $N00013                    100473b1     luafar3.exp
 0001:000463bd       $N00014                    100473bd     luafar3.exp
 0001:000463cc       $N00015                    100473cc     luafar3.exp
 0001:000463dd       $N00016                    100473dd     luafar3.exp
 0001:000463f1       $N00017                    100473f1     luafar3.exp
 0001:00046402       $N00018                    10047402     luafar3.exp
 0001:0004640a       $N00019                    1004740a     luafar3.exp
 0001:0004641b       $N00020                    1004741b     luafar3.exp
 0001:0004642c       $N00021                    1004742c     luafar3.exp
 0001:00046438       $N00022                    10047438     luafar3.exp
 0001:00046444       $N00023                    10047444     luafar3.exp
 0001:0004644f       $N00024                    1004744f     luafar3.exp
 0001:00046460       $N00025                    10047460     luafar3.exp
 0001:00046471       $N00026                    10047471     luafar3.exp
 0001:0004647c       $N00027                    1004747c     luafar3.exp
 0001:00046484       $N00028                    10047484     luafar3.exp
 0001:0004649b       $N00029                    1004749b     luafar3.exp
 0001:000464b1       $N00030                    100474b1     luafar3.exp
 0001:000464c7       $N00031                    100474c7     luafar3.exp
 0001:000464dd       $N00032                    100474dd     luafar3.exp
 0001:000464ef       $N00033                    100474ef     luafar3.exp
 0001:00046502       $N00034                    10047502     luafar3.exp
 0001:00046517       $N00035                    10047517     luafar3.exp
 0001:0004652c       $N00036                    1004752c     luafar3.exp
 0001:00046543       $N00037                    10047543     luafar3.exp
 0001:00046559       $N00038                    10047559     luafar3.exp
 0001:00046565       $N00039                    10047565     luafar3.exp
 0001:00046579       $N00040                    10047579     luafar3.exp
 0001:00046589       $N00041                    10047589     luafar3.exp
 0002:00000a80       ?names@?4??LF_InitLuaState1@@9@9 10048a80     service.obj
 0002:00000e90       _pageMap                   10048e90     slnudata.obj
 0002:00002590       _groupMap                  1004a590     slnudata.obj
 0002:00004340       _groups                    1004c340     slnudata.obj
 0002:00004540       _pageMap                   1004c540     slnunico.obj
 0002:00005c40       _groupMap                  1004dc40     slnunico.obj
 0002:000079f0       _groups                    1004f9f0     slnunico.obj
 0002:00007c00       _errtable                  1004fc00     LIBCMT:dosmap.obj
 0002:00007d68       _ErrnoNoMem                1004fd68     LIBCMT:dosmap.obj
 0002:00007d6c       _DoserrorNoMem             1004fd6c     LIBCMT:dosmap.obj
 0002:00008024       _over                      10050024     LIBCMT:fpctrl.obj
 0002:00008030       _under                     10050030     LIBCMT:fpctrl.obj
 0002:0000803c       ?__DAZ_ENABLED@?1??__set_fpsr_sse2@@9@9 1005003c     LIBCMT:fpctrl.obj
 0002:00008048       __locktable                10050048     LIBCMT:mlock.obj
 0002:000082bc       ___rgctypeflag             100502bc     LIBCMT:mbctype.obj
 0002:000082c0       ___rgcode_page_info        100502c0     LIBCMT:mbctype.obj
 0002:00008a10       __ctype_loc_style          10050a10     LIBCMT:wsetloca.obj
 0002:00008a20       LOG_name                   10050a20     LIBCMT:log10.obj
 0002:00008a28       _newcw                     10050a28     LIBCMT:floor.obj
 0002:00008a40       ?isPackaged@?1??__crtIsPackagedApp@@9@9 10050a40     LIBCMT:winapisupp.obj
 0002:00008ad0       ?_names@?1??_get_fname@@9@9 10050ad0     LIBCMT:fpexcept.obj
 0002:00008be0       _DoubleFormat              10050be0     LIBCMT:intrncvt.obj
 0002:00008bf8       _FloatFormat               10050bf8     LIBCMT:intrncvt.obj
 0002:00008f00       ?FunctionAddress@?1??GetModuleHandleExWWrapper@@9@12@4PAXA 10050f00     vc_crt_fix_impl.obj
 0002:00008f04       ?$S1@?1??GetModuleHandleExWWrapper@@9@12@4IA 10050f04     vc_crt_fix_impl.obj
 0002:00008f08       ?ProcessGetModuleHandleExW@?1??GetModuleHandleExWWrapper@@9@12@4P6GHKPB_WPAPAUHINSTANCE__@@@ZA 10050f08     vc_crt_fix_impl.obj
 0002:00008f0c       ?FunctionAddress@?1???$Wrapper@UEncodePointerName@?1?EncodePointerWrapper@4@@@YGPAXPAX@Z@4PAXA 10050f0c     vc_crt_fix_impl.obj
 0002:00008f10       ?$S2@?1???$Wrapper@UEncodePointerName@?1?EncodePointerWrapper@4@@@YGPAXPAX@Z@4IA 10050f10     vc_crt_fix_impl.obj
 0002:00008f14       ?ProcessPointer@?1???$Wrapper@UEncodePointerName@?1?EncodePointerWrapper@4@@@YGPAXPAX@Z@4P6GPAX0@ZA 10050f14     vc_crt_fix_impl.obj
 0002:00008f18       ?FunctionAddress@?1???$Wrapper@UDecodePointerName@?1?DecodePointerWrapper@4@@@YGPAXPAX@Z@4PAXA 10050f18     vc_crt_fix_impl.obj
 0002:00008f1c       ?$S3@?1???$Wrapper@UDecodePointerName@?1?DecodePointerWrapper@4@@@YGPAXPAX@Z@4IA 10050f1c     vc_crt_fix_impl.obj
 0002:00008f20       ?ProcessPointer@?1???$Wrapper@UDecodePointerName@?1?DecodePointerWrapper@4@@@YGPAXPAX@Z@4P6GPAX0@ZA 10050f20     vc_crt_fix_impl.obj
 0002:00008f38       _tmpnam_buf                10050f38     LIBCMT:tmpfile.obj
 0002:00008f48       _tmpfile_buf               10050f48     LIBCMT:tmpfile.obj
 0002:00009058       _tmpnam_s_buf              10051058     LIBCMT:tmpfile.obj
 0002:0000906c       ___proc_attached           1005106c     LIBCMT:dllcrt0.obj
 0002:000090c8       ?outmsg@?8??_NMSG_WRITE@@9@9 100510c8     LIBCMT:crt0msg.obj
 0002:000096f4       _ctrlc_action              100516f4     LIBCMT:winsig.obj
 0002:000096f8       _ctrlbreak_action          100516f8     LIBCMT:winsig.obj
 0002:000096fc       _abort_action              100516fc     LIBCMT:winsig.obj
 0002:00009700       _term_action               10051700     LIBCMT:winsig.obj
 0002:00009704       _ConsoleCtrlHandler_Installed 10051704     LIBCMT:winsig.obj
 0002:00009710       _lclcritsects              10051710     LIBCMT:mlock.obj
 0002:00009978       _fSystemSet                10051978     LIBCMT:mbctype.obj
 0002:00009988       __pmatherr_set             10051988     LIBCMT:libm_error.obj
 0002:00009998       ?_pgmname@?1??_setargv@@9@9 10051998     LIBCMT:stdargv.obj
 0002:00009aa0       ___enable_percent_n        10051aa0     LIBCMT:printf.obj
 0002:00009ab0       _g_pfnRtlGenRandom         10051ab0     LIBCMT:rand_s.obj
 0002:00009ab8       ?pfnMessageBox@?1??__crtMessageBoxW@@9@9 10051ab8     LIBCMT:crtmboxw.obj
 0002:00009abc       ?pfnGetActiveWindow@?1??__crtMessageBoxW@@9@9 10051abc     LIBCMT:crtmboxw.obj
 0002:00009ac0       ?pfnGetLastActivePopup@?1??__crtMessageBoxW@@9@9 10051ac0     LIBCMT:crtmboxw.obj
 0002:00009ac4       ?pfnGetProcessWindowStation@?1??__crtMessageBoxW@@9@9 10051ac4     LIBCMT:crtmboxw.obj
 0002:00009ac8       ?pfnGetUserObjectInformation@?1??__crtMessageBoxW@@9@9 10051ac8     LIBCMT:crtmboxw.obj
 0002:00009ad8       _GS_ExceptionRecord        10051ad8     LIBCMT:gs_report.obj
 0002:00009b28       _GS_ContextRecord          10051b28     LIBCMT:gs_report.obj
 0002:00009df4       _DebuggerWasPresent        10051df4     LIBCMT:gs_report.obj
 0002:00009df8       ___crtCallProc             10051df8     LIBCMT:winapinls.obj
 0003:00000060       $R000000                   10053060     luafar3.res
