 4Observer

 Timestamp is 51125718 (Wed Feb 06 15:14:00 2013)

 Preferred load address is 10000000

 Start         Length     Name                   Class
 0001:00000000 00013894H .text                   CODE
 0001:000138a0 00000c3bH .text$x                 CODE
 0001:000144e0 0000000cH .text$yc                CODE
 0001:000144f0 0000008bH .text$yd                CODE
 0002:00000000 0000015cH .idata$5                DATA
 0002:0000015c 00000004H .CRT$XCA                DATA
 0002:00000160 00000004H .CRT$XCU                DATA
 0002:00000164 00000004H .CRT$XCZ                DATA
 0002:00000168 00000004H .CRT$XIA                DATA
 0002:0000016c 00000010H .CRT$XIC                DATA
 0002:0000017c 00000004H .CRT$XIZ                DATA
 0002:00000180 00000004H .CRT$XPA                DATA
 0002:00000184 00000004H .CRT$XPX                DATA
 0002:00000188 00000004H .CRT$XPXA               DATA
 0002:0000018c 00000004H .CRT$XPZ                DATA
 0002:00000190 00000004H .CRT$XTA                DATA
 0002:00000194 00000004H .CRT$XTZ                DATA
 0002:00000198 00002580H .rdata                  DATA
 0002:00002718 00000468H .rdata$r                DATA
 0002:00002b80 000000f8H .rdata$sxdata           DATA
 0002:00002c78 00000004H .rtc$IAA                DATA
 0002:00002c7c 00000004H .rtc$IZZ                DATA
 0002:00002c80 00000004H .rtc$TAA                DATA
 0002:00002c84 00000004H .rtc$TZZ                DATA
 0002:00002c88 00001264H .xdata$x                DATA
 0002:00003eec 0000003cH .idata$2                DATA
 0002:00003f28 00000014H .idata$3                DATA
 0002:00003f3c 0000015cH .idata$4                DATA
 0002:00004098 00000652H .idata$6                DATA
 0002:000046f0 00000177H .edata                  DATA
 0003:00000000 00001040H .data                   DATA
 0003:00001040 00004d00H .bss                    DATA
 0004:00000000 00000058H .rsrc$01                DATA
 0004:00000060 000002c8H .rsrc$02                DATA

  Address         Publics by Value              Rva+Base       Lib:Object

 0000:00000000       __except_list              00000000     <absolute>
 0000:0000003e       ___safe_se_handler_count   0000003e     <absolute>
 0000:00000000       ___ImageBase               10000000     <linker-defined>
 0001:00000000       ?CheckEsc@@YA_NXZ          10001000 f   CommonFunc.obj
 0001:000000b0       ?FileExists@@YA_NPB_WPAU_WIN32_FIND_DATAW@@@Z 100010b0 f   CommonFunc.obj
 0001:00000120       ?CollectFileList@@YAHPAVContentTreeNode@@AAV?$vector@PAVContentTreeNode@@V?$allocator@PAVContentTreeNode@@@std@@@std@@AA_J_N@Z 10001120 f   CommonFunc.obj
 0001:00000480       ?ForceDirectoryExist@@YA_NPB_W@Z 10001480 f   CommonFunc.obj
 0001:000004e0       ?GetDirectoryName@@YA?AV?$basic_string@_WU?$char_traits@_W@std@@V?$allocator@_W@2@@std@@ABV12@_N@Z 100014e0 f   CommonFunc.obj
 0001:00000590       ?GetFinalExtractionPath@@YA?AV?$basic_string@_WU?$char_traits@_W@std@@V?$allocator@_W@2@@std@@PBVStorageObject@@PBVContentTreeNode@@PB_WH@Z 10001590 f   CommonFunc.obj
 0001:000006f0       ?IncludeTrailingPathDelim@@YAXAAV?$basic_string@_WU?$char_traits@_W@std@@V?$allocator@_W@2@@std@@@Z 100016f0 f   CommonFunc.obj
 0001:00000730       ?CutFileNameFromPath@@YAXPA_W_N@Z 10001730 f   CommonFunc.obj
 0001:00000750       ?append@?$basic_string@_WU?$char_traits@_W@std@@V?$allocator@_W@2@@std@@QAEAAV12@PB_W@Z 10001750 f i CommonFunc.obj
 0001:00000780       ?substr@?$basic_string@_WU?$char_traits@_W@std@@V?$allocator@_W@2@@std@@QBE?AV12@II@Z 10001780 f i CommonFunc.obj
 0001:000007b0       ?assign@?$basic_string@_WU?$char_traits@_W@std@@V?$allocator@_W@2@@std@@QAEAAV12@$$QAV12@@Z 100017b0 f i CommonFunc.obj
 0001:00000820       ?append@?$basic_string@_WU?$char_traits@_W@std@@V?$allocator@_W@2@@std@@QAEAAV12@PB_WI@Z 10001820 f i CommonFunc.obj
 0001:00000950       ?rfind@?$basic_string@_WU?$char_traits@_W@std@@V?$allocator@_W@2@@std@@QBEIPB_WII@Z 10001950 f i CommonFunc.obj
 0001:000009f0       ?_Reserve@?$vector@PAVContentTreeNode@@V?$allocator@PAVContentTreeNode@@@std@@@std@@IAEXI@Z 100019f0 f i CommonFunc.obj
 0001:00000a40       ?append@?$basic_string@_WU?$char_traits@_W@std@@V?$allocator@_W@2@@std@@QAEAAV12@ABV12@II@Z 10001a40 f i CommonFunc.obj
 0001:00000b30       ?reserve@?$vector@PAVContentTreeNode@@V?$allocator@PAVContentTreeNode@@@std@@@std@@QAEXI@Z 10001b30 f i CommonFunc.obj
 0001:00000bb0       ?allocate@?$allocator@PAVContentTreeNode@@@std@@QAEPAPAVContentTreeNode@@I@Z 10001bb0 f i CommonFunc.obj
 0001:00000c10       ??3@YAXPAX0@Z              10001c10 f i CommonFunc.obj
 0001:00000c20       ?erase@?$basic_string@_WU?$char_traits@_W@std@@V?$allocator@_W@2@@std@@QAEAAV12@II@Z 10001c20 f i CommonFunc.obj
 0001:00000ca0       ?assign@?$basic_string@_WU?$char_traits@_W@std@@V?$allocator@_W@2@@std@@QAEAAV12@ABV12@II@Z 10001ca0 f i CommonFunc.obj
 0001:00000da0       ??1bad_alloc@std@@UAE@XZ   10001da0 f i CommonFunc.obj
 0001:00000db0       ??_Gbad_alloc@std@@UAEPAXI@Z 10001db0 f i CommonFunc.obj
 0001:00000db0       ??_Ebad_alloc@std@@UAEPAXI@Z 10001db0 f i  CIL library: CIL module
 0001:00000de0       ??0bad_alloc@std@@QAE@ABV01@@Z 10001de0 f i CommonFunc.obj
 0001:00000e00       ?allocate@?$allocator@_W@std@@QAEPA_WI@Z 10001e00 f i CommonFunc.obj
 0001:00000e50       ?_Copy@?$basic_string@_WU?$char_traits@_W@std@@V?$allocator@_W@2@@std@@QAEXII@Z 10001e50 f i CommonFunc.obj
 0001:00000fc0       ?_Grow@?$basic_string@_WU?$char_traits@_W@std@@V?$allocator@_W@2@@std@@QAE_NI_N@Z 10001fc0 f i CommonFunc.obj
 0001:00001080       ?assign@?$basic_string@_WU?$char_traits@_W@std@@V?$allocator@_W@2@@std@@QAEAAV12@PB_WI@Z 10002080 f i CommonFunc.obj
 0001:00001170       ??0?$basic_string@_WU?$char_traits@_W@std@@V?$allocator@_W@2@@std@@QAE@PB_W@Z 10002170 f i CommonFunc.obj
 0001:000011b0       ?ToString@ConfigItem@@QBE?AV?$basic_string@_WU?$char_traits@_W@std@@V?$allocator@_W@2@@std@@XZ 100021b0 f i Config.obj
 0001:00001240       ?GetValueByKey@ConfigSection@@ABE_NPB_WAAV?$basic_string@_WU?$char_traits@_W@std@@V?$allocator@_W@2@@std@@@Z 10002240 f   Config.obj
 0001:000012c0       ?GetValue@ConfigSection@@QBE_NPB_WAAH@Z 100022c0 f   Config.obj
 0001:00001380       ?GetValue@ConfigSection@@QBE_NPB_WPA_WI@Z 10002380 f   Config.obj
 0001:00001430       ?AddItem@ConfigSection@@QAEXPB_W0@Z 10002430 f   Config.obj
 0001:00001790       ??1ConfigItem@@QAE@XZ      10002790 f i Config.obj
 0001:00001790       ??$_Dest_val@V?$allocator@UConfigItem@@@std@@UConfigItem@@@std@@YAXAAV?$allocator@UConfigItem@@@0@PAUConfigItem@@@Z 10002790 f i Config.obj
 0001:000017e0       ?GetAll@ConfigSection@@QBE?AV?$basic_string@_WU?$char_traits@_W@std@@V?$allocator@_W@2@@std@@XZ 100027e0 f   Config.obj
 0001:000018e0       ??1Config@@QAE@XZ          100028e0 f   Config.obj
 0001:00001a30       ?GetSection@Config@@QAEPAVConfigSection@@PB_W@Z 10002a30 f   Config.obj
 0001:00001b30       ?AddSection@Config@@QAEPAVConfigSection@@PB_W@Z 10002b30 f   Config.obj
 0001:00001c50       ?ParseFile@Config@@QAE_NPB_W@Z 10002c50 f   Config.obj
 0001:00001cf0       ?ParseSectionValues@Config@@AAEHPAVConfigSection@@PB_W@Z 10002cf0 f   Config.obj
 0001:00001df0       ??4?$basic_string@_WU?$char_traits@_W@std@@V?$allocator@_W@2@@std@@QAEAAV01@PB_W@Z 10002df0 f i Config.obj
 0001:00001e20       ??A?$map@V?$basic_string@_WU?$char_traits@_W@std@@V?$allocator@_W@2@@std@@PAVConfigSection@@U?$less@V?$basic_string@_WU?$char_traits@_W@std@@V?$allocator@_W@2@@std@@@2@V?$allocator@U?$pair@$$CBV?$basic_string@_WU?$char_traits@_W@std@@V?$allocator@_W@2@@std@@PAVConfigSection@@@std@@@2@@std@@QAEAAPAVConfigSection@@ABV?$basic_string@_WU?$char_traits@_W@std@@V?$allocator@_W@2@@1@@Z 10002e20 f i Config.obj
 0001:00001f00       ?_Tidy@?$vector@V?$basic_string@_WU?$char_traits@_W@std@@V?$allocator@_W@2@@std@@V?$allocator@V?$basic_string@_WU?$char_traits@_W@std@@V?$allocator@_W@2@@std@@@2@@std@@IAEXXZ 10002f00 f i Config.obj
 0001:00001f00       ??1?$vector@V?$basic_string@_WU?$char_traits@_W@std@@V?$allocator@_W@2@@std@@V?$allocator@V?$basic_string@_WU?$char_traits@_W@std@@V?$allocator@_W@2@@std@@@2@@std@@QAE@XZ 10002f00 f i Config.obj
 0001:00001f30       ?push_back@?$vector@V?$basic_string@_WU?$char_traits@_W@std@@V?$allocator@_W@2@@std@@V?$allocator@V?$basic_string@_WU?$char_traits@_W@std@@V?$allocator@_W@2@@std@@@2@@std@@QAEXABV?$basic_string@_WU?$char_traits@_W@std@@V?$allocator@_W@2@@2@@Z 10002f30 f i Config.obj
 0001:00002000       ?append@?$basic_string@_WU?$char_traits@_W@std@@V?$allocator@_W@2@@std@@QAEAAV12@I_W@Z 10003000 f i Config.obj
 0001:000020a0       ?_Erase@?$_Tree@V?$_Tmap_traits@V?$basic_string@_WU?$char_traits@_W@std@@V?$allocator@_W@2@@std@@PAVContentTreeNode@@U?$less@V?$basic_string@_WU?$char_traits@_W@std@@V?$allocator@_W@2@@std@@@2@V?$allocator@U?$pair@$$CBV?$basic_string@_WU?$char_traits@_W@std@@V?$allocator@_W@2@@std@@PAVContentTreeNode@@@std@@@2@$0A@@std@@@std@@IAEXPAU_Node@?$_Tree_nod@V?$_Tmap_traits@V?$basic_string@_WU?$char_traits@_W@std@@V?$allocator@_W@2@@std@@PAVContentTreeNode@@U?$less@V?$basic_string@_WU?$char_traits@_W@std@@V?$allocator@_W@2@@std@@@2@V?$allocator@U?$pair@$$CBV?$basic_string@_WU?$char_traits@_W@std@@V?$allocator@_W@2@@std@@PAVContentTreeNode@@@std@@@2@$0A@@std@@@2@@Z 100030a0 f i ContentStructures.obj
 0001:000020a0       ?_Erase@?$_Tree@V?$_Tmap_traits@V?$basic_string@_WU?$char_traits@_W@std@@V?$allocator@_W@2@@std@@PAVConfigSection@@U?$less@V?$basic_string@_WU?$char_traits@_W@std@@V?$allocator@_W@2@@std@@@2@V?$allocator@U?$pair@$$CBV?$basic_string@_WU?$char_traits@_W@std@@V?$allocator@_W@2@@std@@PAVConfigSection@@@std@@@2@$0A@@std@@@std@@IAEXPAU_Node@?$_Tree_nod@V?$_Tmap_traits@V?$basic_string@_WU?$char_traits@_W@std@@V?$allocator@_W@2@@std@@PAVConfigSection@@U?$less@V?$basic_string@_WU?$char_traits@_W@std@@V?$allocator@_W@2@@std@@@2@V?$allocator@U?$pair@$$CBV?$basic_string@_WU?$char_traits@_W@std@@V?$allocator@_W@2@@std@@PAVConfigSection@@@std@@@2@$0A@@std@@@2@@Z 100030a0 f i Config.obj
 0001:00002100       ??1?$_Tree_val@V?$_Tmap_traits@V?$basic_string@_WU?$char_traits@_W@std@@V?$allocator@_W@2@@std@@PAVContentTreeNode@@U?$less@V?$basic_string@_WU?$char_traits@_W@std@@V?$allocator@_W@2@@std@@@2@V?$allocator@U?$pair@$$CBV?$basic_string@_WU?$char_traits@_W@std@@V?$allocator@_W@2@@std@@PAVContentTreeNode@@@std@@@2@$0A@@std@@@std@@QAE@XZ 10003100 f i ContentStructures.obj
 0001:00002100       ??1?$_Tree_val@V?$_Tmap_traits@V?$basic_string@_WU?$char_traits@_W@std@@V?$allocator@_W@2@@std@@PAVConfigSection@@U?$less@V?$basic_string@_WU?$char_traits@_W@std@@V?$allocator@_W@2@@std@@@2@V?$allocator@U?$pair@$$CBV?$basic_string@_WU?$char_traits@_W@std@@V?$allocator@_W@2@@std@@PAVConfigSection@@@std@@@2@$0A@@std@@@std@@QAE@XZ 10003100 f i Config.obj
 0001:00002110       ??R?$less@V?$basic_string@_WU?$char_traits@_W@std@@V?$allocator@_W@2@@std@@@std@@QBE_NABV?$basic_string@_WU?$char_traits@_W@std@@V?$allocator@_W@2@@1@0@Z 10003110 f i Config.obj
 0001:00002130       ?_Reserve@?$vector@V?$basic_string@_WU?$char_traits@_W@std@@V?$allocator@_W@2@@std@@V?$allocator@V?$basic_string@_WU?$char_traits@_W@std@@V?$allocator@_W@2@@std@@@2@@std@@IAEXI@Z 10003130 f i Config.obj
 0001:000021b0       ?reserve@?$vector@UConfigItem@@V?$allocator@UConfigItem@@@std@@@std@@QAEXI@Z 100031b0 f i Config.obj
 0001:000022c0       ?erase@?$_Tree@V?$_Tmap_traits@V?$basic_string@_WU?$char_traits@_W@std@@V?$allocator@_W@2@@std@@PAVContentTreeNode@@U?$less@V?$basic_string@_WU?$char_traits@_W@std@@V?$allocator@_W@2@@std@@@2@V?$allocator@U?$pair@$$CBV?$basic_string@_WU?$char_traits@_W@std@@V?$allocator@_W@2@@std@@PAVContentTreeNode@@@std@@@2@$0A@@std@@@std@@QAE?AV?$_Tree_iterator@V?$_Tree_val@V?$_Tmap_traits@V?$basic_string@_WU?$char_traits@_W@std@@V?$allocator@_W@2@@std@@PAVContentTreeNode@@U?$less@V?$basic_string@_WU?$char_traits@_W@std@@V?$allocator@_W@2@@std@@@2@V?$allocator@U?$pair@$$CBV?$basic_string@_WU?$char_traits@_W@std@@V?$allocator@_W@2@@std@@PAVContentTreeNode@@@std@@@2@$0A@@std@@@std@@@2@V?$_Tree_const_iterator@V?$_Tree_val@V?$_Tmap_traits@V?$basic_string@_WU?$char_traits@_W@std@@V?$allocator@_W@2@@std@@PAVContentTreeNode@@U?$less@V?$basic_string@_WU?$char_traits@_W@std@@V?$allocator@_W@2@@std@@@2@V?$allocator@U?$pair@$$CBV?$basic_string@_WU?$char_traits@_W@std@@V?$allocator@_W@2@@std@@PAVContentTreeNode@@@std@@@2@$0A@@std@@@std@@@2@0@Z 100032c0 f i ContentStructures.obj
 0001:000022c0       ?erase@?$_Tree@V?$_Tmap_traits@V?$basic_string@_WU?$char_traits@_W@std@@V?$allocator@_W@2@@std@@PAVConfigSection@@U?$less@V?$basic_string@_WU?$char_traits@_W@std@@V?$allocator@_W@2@@std@@@2@V?$allocator@U?$pair@$$CBV?$basic_string@_WU?$char_traits@_W@std@@V?$allocator@_W@2@@std@@PAVConfigSection@@@std@@@2@$0A@@std@@@std@@QAE?AV?$_Tree_iterator@V?$_Tree_val@V?$_Tmap_traits@V?$basic_string@_WU?$char_traits@_W@std@@V?$allocator@_W@2@@std@@PAVConfigSection@@U?$less@V?$basic_string@_WU?$char_traits@_W@std@@V?$allocator@_W@2@@std@@@2@V?$allocator@U?$pair@$$CBV?$basic_string@_WU?$char_traits@_W@std@@V?$allocator@_W@2@@std@@PAVConfigSection@@@std@@@2@$0A@@std@@@std@@@2@V?$_Tree_const_iterator@V?$_Tree_val@V?$_Tmap_traits@V?$basic_string@_WU?$char_traits@_W@std@@V?$allocator@_W@2@@std@@PAVConfigSection@@U?$less@V?$basic_string@_WU?$char_traits@_W@std@@V?$allocator@_W@2@@std@@@2@V?$allocator@U?$pair@$$CBV?$basic_string@_WU?$char_traits@_W@std@@V?$allocator@_W@2@@std@@PAVConfigSection@@@std@@@2@$0A@@std@@@std@@@2@0@Z 100032c0 f i Config.obj
 0001:00002380       ?reserve@?$vector@V?$basic_string@_WU?$char_traits@_W@std@@V?$allocator@_W@2@@std@@V?$allocator@V?$basic_string@_WU?$char_traits@_W@std@@V?$allocator@_W@2@@std@@@2@@std@@QAEXI@Z 10003380 f i Config.obj
 0001:00002490       ?_Destroy@?$vector@V?$basic_string@_WU?$char_traits@_W@std@@V?$allocator@_W@2@@std@@V?$allocator@V?$basic_string@_WU?$char_traits@_W@std@@V?$allocator@_W@2@@std@@@2@@std@@IAEXPAV?$basic_string@_WU?$char_traits@_W@std@@V?$allocator@_W@2@@2@0@Z 10003490 f i Config.obj
 0001:000024d0       ??E?$_Tree_const_iterator@V?$_Tree_val@V?$_Tmap_traits@V?$basic_string@_WU?$char_traits@_W@std@@V?$allocator@_W@2@@std@@PAVContentTreeNode@@U?$less@V?$basic_string@_WU?$char_traits@_W@std@@V?$allocator@_W@2@@std@@@2@V?$allocator@U?$pair@$$CBV?$basic_string@_WU?$char_traits@_W@std@@V?$allocator@_W@2@@std@@PAVContentTreeNode@@@std@@@2@$0A@@std@@@std@@@std@@QAEAAV01@XZ 100034d0 f i CommonFunc.obj
 0001:000024d0       ??E?$_Tree_const_iterator@V?$_Tree_val@V?$_Tmap_traits@V?$basic_string@_WU?$char_traits@_W@std@@V?$allocator@_W@2@@std@@PAVConfigSection@@U?$less@V?$basic_string@_WU?$char_traits@_W@std@@V?$allocator@_W@2@@std@@@2@V?$allocator@U?$pair@$$CBV?$basic_string@_WU?$char_traits@_W@std@@V?$allocator@_W@2@@std@@PAVConfigSection@@@std@@@2@$0A@@std@@@std@@@std@@QAEAAV01@XZ 100034d0 f i Config.obj
 0001:00002520       ?allocate@?$allocator@UConfigItem@@@std@@QAEPAUConfigItem@@I@Z 10003520 f i Config.obj
 0001:00002580       ?erase@?$_Tree@V?$_Tmap_traits@V?$basic_string@_WU?$char_traits@_W@std@@V?$allocator@_W@2@@std@@PAVConfigSection@@U?$less@V?$basic_string@_WU?$char_traits@_W@std@@V?$allocator@_W@2@@std@@@2@V?$allocator@U?$pair@$$CBV?$basic_string@_WU?$char_traits@_W@std@@V?$allocator@_W@2@@std@@PAVConfigSection@@@std@@@2@$0A@@std@@@std@@QAE?AV?$_Tree_iterator@V?$_Tree_val@V?$_Tmap_traits@V?$basic_string@_WU?$char_traits@_W@std@@V?$allocator@_W@2@@std@@PAVConfigSection@@U?$less@V?$basic_string@_WU?$char_traits@_W@std@@V?$allocator@_W@2@@std@@@2@V?$allocator@U?$pair@$$CBV?$basic_string@_WU?$char_traits@_W@std@@V?$allocator@_W@2@@std@@PAVConfigSection@@@std@@@2@$0A@@std@@@std@@@2@V?$_Tree_const_iterator@V?$_Tree_val@V?$_Tmap_traits@V?$basic_string@_WU?$char_traits@_W@std@@V?$allocator@_W@2@@std@@PAVConfigSection@@U?$less@V?$basic_string@_WU?$char_traits@_W@std@@V?$allocator@_W@2@@std@@@2@V?$allocator@U?$pair@$$CBV?$basic_string@_WU?$char_traits@_W@std@@V?$allocator@_W@2@@std@@PAVConfigSection@@@std@@@2@$0A@@std@@@std@@@2@@Z 10003580 f i Config.obj
 0001:00002580       ?erase@?$_Tree@V?$_Tmap_traits@V?$basic_string@_WU?$char_traits@_W@std@@V?$allocator@_W@2@@std@@PAVContentTreeNode@@U?$less@V?$basic_string@_WU?$char_traits@_W@std@@V?$allocator@_W@2@@std@@@2@V?$allocator@U?$pair@$$CBV?$basic_string@_WU?$char_traits@_W@std@@V?$allocator@_W@2@@std@@PAVContentTreeNode@@@std@@@2@$0A@@std@@@std@@QAE?AV?$_Tree_iterator@V?$_Tree_val@V?$_Tmap_traits@V?$basic_string@_WU?$char_traits@_W@std@@V?$allocator@_W@2@@std@@PAVContentTreeNode@@U?$less@V?$basic_string@_WU?$char_traits@_W@std@@V?$allocator@_W@2@@std@@@2@V?$allocator@U?$pair@$$CBV?$basic_string@_WU?$char_traits@_W@std@@V?$allocator@_W@2@@std@@PAVContentTreeNode@@@std@@@2@$0A@@std@@@std@@@2@V?$_Tree_const_iterator@V?$_Tree_val@V?$_Tmap_traits@V?$basic_string@_WU?$char_traits@_W@std@@V?$allocator@_W@2@@std@@PAVContentTreeNode@@U?$less@V?$basic_string@_WU?$char_traits@_W@std@@V?$allocator@_W@2@@std@@@2@V?$allocator@U?$pair@$$CBV?$basic_string@_WU?$char_traits@_W@std@@V?$allocator@_W@2@@std@@PAVContentTreeNode@@@std@@@2@$0A@@std@@@std@@@2@@Z 10003580 f i ContentStructures.obj
 0001:00002810       ?allocate@?$allocator@V?$basic_string@_WU?$char_traits@_W@std@@V?$allocator@_W@2@@std@@@std@@QAEPAV?$basic_string@_WU?$char_traits@_W@std@@V?$allocator@_W@2@@2@I@Z 10003810 f i Config.obj
 0001:00002870       ?_Lrotate@?$_Tree@V?$_Tmap_traits@V?$basic_string@_WU?$char_traits@_W@std@@V?$allocator@_W@2@@std@@PAVContentTreeNode@@U?$less@V?$basic_string@_WU?$char_traits@_W@std@@V?$allocator@_W@2@@std@@@2@V?$allocator@U?$pair@$$CBV?$basic_string@_WU?$char_traits@_W@std@@V?$allocator@_W@2@@std@@PAVContentTreeNode@@@std@@@2@$0A@@std@@@std@@IAEXPAU_Node@?$_Tree_nod@V?$_Tmap_traits@V?$basic_string@_WU?$char_traits@_W@std@@V?$allocator@_W@2@@std@@PAVContentTreeNode@@U?$less@V?$basic_string@_WU?$char_traits@_W@std@@V?$allocator@_W@2@@std@@@2@V?$allocator@U?$pair@$$CBV?$basic_string@_WU?$char_traits@_W@std@@V?$allocator@_W@2@@std@@PAVContentTreeNode@@@std@@@2@$0A@@std@@@2@@Z 10003870 f i ContentStructures.obj
 0001:00002870       ?_Lrotate@?$_Tree@V?$_Tmap_traits@V?$basic_string@_WU?$char_traits@_W@std@@V?$allocator@_W@2@@std@@PAVConfigSection@@U?$less@V?$basic_string@_WU?$char_traits@_W@std@@V?$allocator@_W@2@@std@@@2@V?$allocator@U?$pair@$$CBV?$basic_string@_WU?$char_traits@_W@std@@V?$allocator@_W@2@@std@@PAVConfigSection@@@std@@@2@$0A@@std@@@std@@IAEXPAU_Node@?$_Tree_nod@V?$_Tmap_traits@V?$basic_string@_WU?$char_traits@_W@std@@V?$allocator@_W@2@@std@@PAVConfigSection@@U?$less@V?$basic_string@_WU?$char_traits@_W@std@@V?$allocator@_W@2@@std@@@2@V?$allocator@U?$pair@$$CBV?$basic_string@_WU?$char_traits@_W@std@@V?$allocator@_W@2@@std@@PAVConfigSection@@@std@@@2@$0A@@std@@@2@@Z 10003870 f i Config.obj
 0001:000028d0       ?_Rrotate@?$_Tree@V?$_Tmap_traits@V?$basic_string@_WU?$char_traits@_W@std@@V?$allocator@_W@2@@std@@PAVConfigSection@@U?$less@V?$basic_string@_WU?$char_traits@_W@std@@V?$allocator@_W@2@@std@@@2@V?$allocator@U?$pair@$$CBV?$basic_string@_WU?$char_traits@_W@std@@V?$allocator@_W@2@@std@@PAVConfigSection@@@std@@@2@$0A@@std@@@std@@IAEXPAU_Node@?$_Tree_nod@V?$_Tmap_traits@V?$basic_string@_WU?$char_traits@_W@std@@V?$allocator@_W@2@@std@@PAVConfigSection@@U?$less@V?$basic_string@_WU?$char_traits@_W@std@@V?$allocator@_W@2@@std@@@2@V?$allocator@U?$pair@$$CBV?$basic_string@_WU?$char_traits@_W@std@@V?$allocator@_W@2@@std@@PAVConfigSection@@@std@@@2@$0A@@std@@@2@@Z 100038d0 f i Config.obj
 0001:000028d0       ?_Rrotate@?$_Tree@V?$_Tmap_traits@V?$basic_string@_WU?$char_traits@_W@std@@V?$allocator@_W@2@@std@@PAVContentTreeNode@@U?$less@V?$basic_string@_WU?$char_traits@_W@std@@V?$allocator@_W@2@@std@@@2@V?$allocator@U?$pair@$$CBV?$basic_string@_WU?$char_traits@_W@std@@V?$allocator@_W@2@@std@@PAVContentTreeNode@@@std@@@2@$0A@@std@@@std@@IAEXPAU_Node@?$_Tree_nod@V?$_Tmap_traits@V?$basic_string@_WU?$char_traits@_W@std@@V?$allocator@_W@2@@std@@PAVContentTreeNode@@U?$less@V?$basic_string@_WU?$char_traits@_W@std@@V?$allocator@_W@2@@std@@@2@V?$allocator@U?$pair@$$CBV?$basic_string@_WU?$char_traits@_W@std@@V?$allocator@_W@2@@std@@PAVContentTreeNode@@@std@@@2@$0A@@std@@@2@@Z 100038d0 f i ContentStructures.obj
 0001:00002930       ?_Max@?$_Tree_val@V?$_Tmap_traits@V?$basic_string@_WU?$char_traits@_W@std@@V?$allocator@_W@2@@std@@PAVContentTreeNode@@U?$less@V?$basic_string@_WU?$char_traits@_W@std@@V?$allocator@_W@2@@std@@@2@V?$allocator@U?$pair@$$CBV?$basic_string@_WU?$char_traits@_W@std@@V?$allocator@_W@2@@std@@PAVContentTreeNode@@@std@@@2@$0A@@std@@@std@@SAPAU_Node@?$_Tree_nod@V?$_Tmap_traits@V?$basic_string@_WU?$char_traits@_W@std@@V?$allocator@_W@2@@std@@PAVContentTreeNode@@U?$less@V?$basic_string@_WU?$char_traits@_W@std@@V?$allocator@_W@2@@std@@@2@V?$allocator@U?$pair@$$CBV?$basic_string@_WU?$char_traits@_W@std@@V?$allocator@_W@2@@std@@PAVContentTreeNode@@@std@@@2@$0A@@std@@@2@PAU342@@Z 10003930 f i ContentStructures.obj
 0001:00002930       ?_Max@?$_Tree_val@V?$_Tmap_traits@V?$basic_string@_WU?$char_traits@_W@std@@V?$allocator@_W@2@@std@@PAVConfigSection@@U?$less@V?$basic_string@_WU?$char_traits@_W@std@@V?$allocator@_W@2@@std@@@2@V?$allocator@U?$pair@$$CBV?$basic_string@_WU?$char_traits@_W@std@@V?$allocator@_W@2@@std@@PAVConfigSection@@@std@@@2@$0A@@std@@@std@@SAPAU_Node@?$_Tree_nod@V?$_Tmap_traits@V?$basic_string@_WU?$char_traits@_W@std@@V?$allocator@_W@2@@std@@PAVConfigSection@@U?$less@V?$basic_string@_WU?$char_traits@_W@std@@V?$allocator@_W@2@@std@@@2@V?$allocator@U?$pair@$$CBV?$basic_string@_WU?$char_traits@_W@std@@V?$allocator@_W@2@@std@@PAVConfigSection@@@std@@@2@$0A@@std@@@2@PAU342@@Z 10003930 f i Config.obj
 0001:00002950       ??$?H_WU?$char_traits@_W@std@@V?$allocator@_W@1@@std@@YA?AV?$basic_string@_WU?$char_traits@_W@std@@V?$allocator@_W@2@@0@ABV10@PB_W@Z 10003950 f i Config.obj
 0001:00002a40       ??$?H_WU?$char_traits@_W@std@@V?$allocator@_W@1@@std@@YA?AV?$basic_string@_WU?$char_traits@_W@std@@V?$allocator@_W@2@@0@$$QAV10@ABV10@@Z 10003a40 f i Config.obj
 0001:00002a80       ?_Insert@?$_Tree@V?$_Tmap_traits@V?$basic_string@_WU?$char_traits@_W@std@@V?$allocator@_W@2@@std@@PAVConfigSection@@U?$less@V?$basic_string@_WU?$char_traits@_W@std@@V?$allocator@_W@2@@std@@@2@V?$allocator@U?$pair@$$CBV?$basic_string@_WU?$char_traits@_W@std@@V?$allocator@_W@2@@std@@PAVConfigSection@@@std@@@2@$0A@@std@@@std@@QAE?AV?$_Tree_iterator@V?$_Tree_val@V?$_Tmap_traits@V?$basic_string@_WU?$char_traits@_W@std@@V?$allocator@_W@2@@std@@PAVConfigSection@@U?$less@V?$basic_string@_WU?$char_traits@_W@std@@V?$allocator@_W@2@@std@@@2@V?$allocator@U?$pair@$$CBV?$basic_string@_WU?$char_traits@_W@std@@V?$allocator@_W@2@@std@@PAVConfigSection@@@std@@@2@$0A@@std@@@std@@@2@V?$_Tree_const_iterator@V?$_Tree_val@V?$_Tmap_traits@V?$basic_string@_WU?$char_traits@_W@std@@V?$allocator@_W@2@@std@@PAVConfigSection@@U?$less@V?$basic_string@_WU?$char_traits@_W@std@@V?$allocator@_W@2@@std@@@2@V?$allocator@U?$pair@$$CBV?$basic_string@_WU?$char_traits@_W@std@@V?$allocator@_W@2@@std@@PAVConfigSection@@@std@@@2@$0A@@std@@@std@@@2@PAU_Node@?$_Tree_nod@V?$_Tmap_traits@V?$basic_string@_WU?$char_traits@_W@std@@V?$allocator@_W@2@@std@@PAVConfigSection@@U?$less@V?$basic_string@_WU?$char_traits@_W@std@@V?$allocator@_W@2@@std@@@2@V?$allocator@U?$pair@$$CBV?$basic_string@_WU?$char_traits@_W@std@@V?$allocator@_W@2@@std@@PAVConfigSection@@@std@@@2@$0A@@std@@@2@@Z 10003a80 f i Config.obj
 0001:00002c70       ?compare@?$basic_string@_WU?$char_traits@_W@std@@V?$allocator@_W@2@@std@@QBEHIIPB_WI@Z 10003c70 f i Config.obj
 0001:00002ce0       ?_Insert@?$_Tree@V?$_Tmap_traits@V?$basic_string@_WU?$char_traits@_W@std@@V?$allocator@_W@2@@std@@PAVConfigSection@@U?$less@V?$basic_string@_WU?$char_traits@_W@std@@V?$allocator@_W@2@@std@@@2@V?$allocator@U?$pair@$$CBV?$basic_string@_WU?$char_traits@_W@std@@V?$allocator@_W@2@@std@@PAVConfigSection@@@std@@@2@$0A@@std@@@std@@IAE?AV?$_Tree_iterator@V?$_Tree_val@V?$_Tmap_traits@V?$basic_string@_WU?$char_traits@_W@std@@V?$allocator@_W@2@@std@@PAVConfigSection@@U?$less@V?$basic_string@_WU?$char_traits@_W@std@@V?$allocator@_W@2@@std@@@2@V?$allocator@U?$pair@$$CBV?$basic_string@_WU?$char_traits@_W@std@@V?$allocator@_W@2@@std@@PAVConfigSection@@@std@@@2@$0A@@std@@@std@@@2@_NPAU_Node@?$_Tree_nod@V?$_Tmap_traits@V?$basic_string@_WU?$char_traits@_W@std@@V?$allocator@_W@2@@std@@PAVConfigSection@@U?$less@V?$basic_string@_WU?$char_traits@_W@std@@V?$allocator@_W@2@@std@@@2@V?$allocator@U?$pair@$$CBV?$basic_string@_WU?$char_traits@_W@std@@V?$allocator@_W@2@@std@@PAVConfigSection@@@std@@@2@$0A@@std@@@2@1@Z 10003ce0 f i Config.obj
 0001:00002ce0       ?_Insert@?$_Tree@V?$_Tmap_traits@V?$basic_string@_WU?$char_traits@_W@std@@V?$allocator@_W@2@@std@@PAVContentTreeNode@@U?$less@V?$basic_string@_WU?$char_traits@_W@std@@V?$allocator@_W@2@@std@@@2@V?$allocator@U?$pair@$$CBV?$basic_string@_WU?$char_traits@_W@std@@V?$allocator@_W@2@@std@@PAVContentTreeNode@@@std@@@2@$0A@@std@@@std@@IAE?AV?$_Tree_iterator@V?$_Tree_val@V?$_Tmap_traits@V?$basic_string@_WU?$char_traits@_W@std@@V?$allocator@_W@2@@std@@PAVContentTreeNode@@U?$less@V?$basic_string@_WU?$char_traits@_W@std@@V?$allocator@_W@2@@std@@@2@V?$allocator@U?$pair@$$CBV?$basic_string@_WU?$char_traits@_W@std@@V?$allocator@_W@2@@std@@PAVContentTreeNode@@@std@@@2@$0A@@std@@@std@@@2@_NPAU_Node@?$_Tree_nod@V?$_Tmap_traits@V?$basic_string@_WU?$char_traits@_W@std@@V?$allocator@_W@2@@std@@PAVContentTreeNode@@U?$less@V?$basic_string@_WU?$char_traits@_W@std@@V?$allocator@_W@2@@std@@@2@V?$allocator@U?$pair@$$CBV?$basic_string@_WU?$char_traits@_W@std@@V?$allocator@_W@2@@std@@PAVContentTreeNode@@@std@@@2@$0A@@std@@@2@1@Z 10003ce0 f i ContentStructures.obj
 0001:00002f30       ??$_Buynode@U?$pair@$$CBV?$basic_string@_WU?$char_traits@_W@std@@V?$allocator@_W@2@@std@@PAVConfigSection@@@std@@@?$_Tree_val@V?$_Tmap_traits@V?$basic_string@_WU?$char_traits@_W@std@@V?$allocator@_W@2@@std@@PAVConfigSection@@U?$less@V?$basic_string@_WU?$char_traits@_W@std@@V?$allocator@_W@2@@std@@@2@V?$allocator@U?$pair@$$CBV?$basic_string@_WU?$char_traits@_W@std@@V?$allocator@_W@2@@std@@PAVConfigSection@@@std@@@2@$0A@@std@@@std@@QAEPAU_Node@?$_Tree_nod@V?$_Tmap_traits@V?$basic_string@_WU?$char_traits@_W@std@@V?$allocator@_W@2@@std@@PAVConfigSection@@U?$less@V?$basic_string@_WU?$char_traits@_W@std@@V?$allocator@_W@2@@std@@@2@V?$allocator@U?$pair@$$CBV?$basic_string@_WU?$char_traits@_W@std@@V?$allocator@_W@2@@std@@PAVConfigSection@@@std@@@2@$0A@@std@@@1@$$QAU?$pair@$$CBV?$basic_string@_WU?$char_traits@_W@std@@V?$allocator@_W@2@@std@@PAVConfigSection@@@1@@Z 10003f30 f i Config.obj
 0001:00003010       ??$_Destroy_range@V?$allocator@UConfigItem@@@std@@@std@@YAXPAUConfigItem@@0AAV?$allocator@UConfigItem@@@0@U_Nonscalar_ptr_iterator_tag@0@@Z 10004010 f i Config.obj
 0001:00003070       ??$_Move@PAV?$basic_string@_WU?$char_traits@_W@std@@V?$allocator@_W@2@@std@@PAV12@@std@@YAPAV?$basic_string@_WU?$char_traits@_W@std@@V?$allocator@_W@2@@0@PAV10@00U_Nonscalar_ptr_iterator_tag@0@@Z 10004070 f i Config.obj
 0001:00003100       ??1?$basic_string@_WU?$char_traits@_W@std@@V?$allocator@_W@2@@std@@QAE@XZ 10004100 f i CommonFunc.obj
 0001:00003100       ??1?$pair@V?$basic_string@_WU?$char_traits@_W@std@@V?$allocator@_W@2@@std@@PAVContentTreeNode@@@std@@QAE@XZ 10004100 f i ContentStructures.obj
 0001:00003100       ??1ExtractSelectedParams@@QAE@XZ 10004100 f i ObserverUni3.obj
 0001:00003100       ??$_Dest_val@V?$allocator@V?$basic_string@_WU?$char_traits@_W@std@@V?$allocator@_W@2@@std@@@std@@V?$basic_string@_WU?$char_traits@_W@std@@V?$allocator@_W@2@@2@@std@@YAXAAV?$allocator@V?$basic_string@_WU?$char_traits@_W@std@@V?$allocator@_W@2@@std@@@0@PAV?$basic_string@_WU?$char_traits@_W@std@@V?$allocator@_W@2@@0@@Z 10004100 f i Config.obj
 0001:00003100       ??1?$pair@$$CBV?$basic_string@_WU?$char_traits@_W@std@@V?$allocator@_W@2@@std@@PAVConfigSection@@@std@@QAE@XZ 10004100 f i Config.obj
 0001:00003130       ??$_Uninit_move@PAUConfigItem@@PAU1@V?$allocator@UConfigItem@@@std@@U1@@std@@YAPAUConfigItem@@PAU1@00AAV?$allocator@UConfigItem@@@0@0U_Nonscalar_ptr_iterator_tag@0@@Z 10004130 f i Config.obj
 0001:00003200       ??$_Uninit_move@PAV?$basic_string@_WU?$char_traits@_W@std@@V?$allocator@_W@2@@std@@PAV12@V?$allocator@V?$basic_string@_WU?$char_traits@_W@std@@V?$allocator@_W@2@@std@@@2@V12@@std@@YAPAV?$basic_string@_WU?$char_traits@_W@std@@V?$allocator@_W@2@@0@PAV10@00AAV?$allocator@V?$basic_string@_WU?$char_traits@_W@std@@V?$allocator@_W@2@@std@@@0@0U_Nonscalar_ptr_iterator_tag@0@@Z 10004200 f i Config.obj
 0001:000032d0       ?c_str@?$basic_string@_WU?$char_traits@_W@std@@V?$allocator@_W@2@@std@@QBEPB_WXZ 100042d0 f i Config.obj
 0001:000032d0       ?_Myptr@?$basic_string@_WU?$char_traits@_W@std@@V?$allocator@_W@2@@std@@QBEPB_WXZ 100042d0 f i CommonFunc.obj
 0001:000032e0       ??0ContentTreeNode@@QAE@XZ 100042e0 f   ContentStructures.obj
 0001:00003450       ??1?$map@V?$basic_string@_WU?$char_traits@_W@std@@V?$allocator@_W@2@@std@@PAVConfigSection@@U?$less@V?$basic_string@_WU?$char_traits@_W@std@@V?$allocator@_W@2@@std@@@2@V?$allocator@U?$pair@$$CBV?$basic_string@_WU?$char_traits@_W@std@@V?$allocator@_W@2@@std@@PAVConfigSection@@@std@@@2@@std@@QAE@XZ 10004450 f i Config.obj
 0001:00003450       ??1?$map@V?$basic_string@_WU?$char_traits@_W@std@@V?$allocator@_W@2@@std@@PAVContentTreeNode@@U?$less@V?$basic_string@_WU?$char_traits@_W@std@@V?$allocator@_W@2@@std@@@2@V?$allocator@U?$pair@$$CBV?$basic_string@_WU?$char_traits@_W@std@@V?$allocator@_W@2@@std@@PAVContentTreeNode@@@std@@@2@@std@@QAE@XZ 10004450 f i ContentStructures.obj
 0001:000034b0       ??0ContentTreeNode@@QAE@HPAUStorageItemInfo@@@Z 100044b0 f   ContentStructures.obj
 0001:000035d0       ??1ContentTreeNode@@QAE@XZ 100045d0 f   ContentStructures.obj
 0001:000036d0       ?Init@ContentTreeNode@@AAEXHPAUStorageItemInfo@@@Z 100046d0 f   ContentStructures.obj
 0001:00003750       ?GetPath@ContentTreeNode@@QBEIPA_WIPAV1@@Z 10004750 f   ContentStructures.obj
 0001:00003810       ?AddChild@ContentTreeNode@@QAE_NPA_WPAV1@@Z 10004810 f   ContentStructures.obj
 0001:000039f0       ?insertDummyDirectory@ContentTreeNode@@AAEPAV1@PB_W@Z 100049f0 f   ContentStructures.obj
 0001:00003b70       ?GetSubDir@ContentTreeNode@@AAEPAV1@PB_W@Z 10004b70 f   ContentStructures.obj
 0001:00003c60       ?GetChildByName@ContentTreeNode@@QAEPAV1@PB_W@Z 10004c60 f   ContentStructures.obj
 0001:00003de0       ?GetSubDirectoriesNum@ContentTreeNode@@QAEI_N@Z 10004de0 f   ContentStructures.obj
 0001:00003e70       ?AddFile@ContentTreeNode@@AAEXPAV1@@Z 10004e70 f   ContentStructures.obj
 0001:00004280       ??1?$vector@PAVContentTreeNode@@V?$allocator@PAVContentTreeNode@@@std@@@std@@QAE@XZ 10005280 f i ContentStructures.obj
 0001:000042b0       ?find@?$_Tree@V?$_Tmap_traits@V?$basic_string@_WU?$char_traits@_W@std@@V?$allocator@_W@2@@std@@PAVContentTreeNode@@U?$less@V?$basic_string@_WU?$char_traits@_W@std@@V?$allocator@_W@2@@std@@@2@V?$allocator@U?$pair@$$CBV?$basic_string@_WU?$char_traits@_W@std@@V?$allocator@_W@2@@std@@PAVContentTreeNode@@@std@@@2@$0A@@std@@@std@@QAE?AV?$_Tree_iterator@V?$_Tree_val@V?$_Tmap_traits@V?$basic_string@_WU?$char_traits@_W@std@@V?$allocator@_W@2@@std@@PAVContentTreeNode@@U?$less@V?$basic_string@_WU?$char_traits@_W@std@@V?$allocator@_W@2@@std@@@2@V?$allocator@U?$pair@$$CBV?$basic_string@_WU?$char_traits@_W@std@@V?$allocator@_W@2@@std@@PAVContentTreeNode@@@std@@@2@$0A@@std@@@std@@@2@ABV?$basic_string@_WU?$char_traits@_W@std@@V?$allocator@_W@2@@2@@Z 100052b0 f i ContentStructures.obj
 0001:00004310       ?_Lbound@?$_Tree@V?$_Tmap_traits@V?$basic_string@_WU?$char_traits@_W@std@@V?$allocator@_W@2@@std@@PAVContentTreeNode@@U?$less@V?$basic_string@_WU?$char_traits@_W@std@@V?$allocator@_W@2@@std@@@2@V?$allocator@U?$pair@$$CBV?$basic_string@_WU?$char_traits@_W@std@@V?$allocator@_W@2@@std@@PAVContentTreeNode@@@std@@@2@$0A@@std@@@std@@IAEPAU_Node@?$_Tree_nod@V?$_Tmap_traits@V?$basic_string@_WU?$char_traits@_W@std@@V?$allocator@_W@2@@std@@PAVContentTreeNode@@U?$less@V?$basic_string@_WU?$char_traits@_W@std@@V?$allocator@_W@2@@std@@@2@V?$allocator@U?$pair@$$CBV?$basic_string@_WU?$char_traits@_W@std@@V?$allocator@_W@2@@std@@PAVContentTreeNode@@@std@@@2@$0A@@std@@@2@ABV?$basic_string@_WU?$char_traits@_W@std@@V?$allocator@_W@2@@2@@Z 10005310 f i ContentStructures.obj
 0001:00004310       ?_Lbound@?$_Tree@V?$_Tmap_traits@V?$basic_string@_WU?$char_traits@_W@std@@V?$allocator@_W@2@@std@@PAVConfigSection@@U?$less@V?$basic_string@_WU?$char_traits@_W@std@@V?$allocator@_W@2@@std@@@2@V?$allocator@U?$pair@$$CBV?$basic_string@_WU?$char_traits@_W@std@@V?$allocator@_W@2@@std@@PAVConfigSection@@@std@@@2@$0A@@std@@@std@@IAEPAU_Node@?$_Tree_nod@V?$_Tmap_traits@V?$basic_string@_WU?$char_traits@_W@std@@V?$allocator@_W@2@@std@@PAVConfigSection@@U?$less@V?$basic_string@_WU?$char_traits@_W@std@@V?$allocator@_W@2@@std@@@2@V?$allocator@U?$pair@$$CBV?$basic_string@_WU?$char_traits@_W@std@@V?$allocator@_W@2@@std@@PAVConfigSection@@@std@@@2@$0A@@std@@@2@ABV?$basic_string@_WU?$char_traits@_W@std@@V?$allocator@_W@2@@2@@Z 10005310 f i Config.obj
 0001:000043c0       ?_Linsert@?$_Tree@V?$_Tmap_traits@V?$basic_string@_WU?$char_traits@_W@std@@V?$allocator@_W@2@@std@@PAVConfigSection@@U?$less@V?$basic_string@_WU?$char_traits@_W@std@@V?$allocator@_W@2@@std@@@2@V?$allocator@U?$pair@$$CBV?$basic_string@_WU?$char_traits@_W@std@@V?$allocator@_W@2@@std@@PAVConfigSection@@@std@@@2@$0A@@std@@@std@@QAE?AU?$pair@V?$_Tree_iterator@V?$_Tree_val@V?$_Tmap_traits@V?$basic_string@_WU?$char_traits@_W@std@@V?$allocator@_W@2@@std@@PAVConfigSection@@U?$less@V?$basic_string@_WU?$char_traits@_W@std@@V?$allocator@_W@2@@std@@@2@V?$allocator@U?$pair@$$CBV?$basic_string@_WU?$char_traits@_W@std@@V?$allocator@_W@2@@std@@PAVConfigSection@@@std@@@2@$0A@@std@@@std@@@std@@_N@2@PAU_Node@?$_Tree_nod@V?$_Tmap_traits@V?$basic_string@_WU?$char_traits@_W@std@@V?$allocator@_W@2@@std@@PAVConfigSection@@U?$less@V?$basic_string@_WU?$char_traits@_W@std@@V?$allocator@_W@2@@std@@@2@V?$allocator@U?$pair@$$CBV?$basic_string@_WU?$char_traits@_W@std@@V?$allocator@_W@2@@std@@PAVConfigSection@@@std@@@2@$0A@@std@@@2@_N@Z 100053c0 f i Config.obj
 0001:000043c0       ?_Linsert@?$_Tree@V?$_Tmap_traits@V?$basic_string@_WU?$char_traits@_W@std@@V?$allocator@_W@2@@std@@PAVContentTreeNode@@U?$less@V?$basic_string@_WU?$char_traits@_W@std@@V?$allocator@_W@2@@std@@@2@V?$allocator@U?$pair@$$CBV?$basic_string@_WU?$char_traits@_W@std@@V?$allocator@_W@2@@std@@PAVContentTreeNode@@@std@@@2@$0A@@std@@@std@@QAE?AU?$pair@V?$_Tree_iterator@V?$_Tree_val@V?$_Tmap_traits@V?$basic_string@_WU?$char_traits@_W@std@@V?$allocator@_W@2@@std@@PAVContentTreeNode@@U?$less@V?$basic_string@_WU?$char_traits@_W@std@@V?$allocator@_W@2@@std@@@2@V?$allocator@U?$pair@$$CBV?$basic_string@_WU?$char_traits@_W@std@@V?$allocator@_W@2@@std@@PAVContentTreeNode@@@std@@@2@$0A@@std@@@std@@@std@@_N@2@PAU_Node@?$_Tree_nod@V?$_Tmap_traits@V?$basic_string@_WU?$char_traits@_W@std@@V?$allocator@_W@2@@std@@PAVContentTreeNode@@U?$less@V?$basic_string@_WU?$char_traits@_W@std@@V?$allocator@_W@2@@std@@@2@V?$allocator@U?$pair@$$CBV?$basic_string@_WU?$char_traits@_W@std@@V?$allocator@_W@2@@std@@PAVContentTreeNode@@@std@@@2@$0A@@std@@@2@_N@Z 100053c0 f i ContentStructures.obj
 0001:00004550       ??F?$_Tree_unchecked_const_iterator@V?$_Tree_val@V?$_Tmap_traits@V?$basic_string@_WU?$char_traits@_W@std@@V?$allocator@_W@2@@std@@PAVContentTreeNode@@U?$less@V?$basic_string@_WU?$char_traits@_W@std@@V?$allocator@_W@2@@std@@@2@V?$allocator@U?$pair@$$CBV?$basic_string@_WU?$char_traits@_W@std@@V?$allocator@_W@2@@std@@PAVContentTreeNode@@@std@@@2@$0A@@std@@@std@@U_Iterator_base0@2@@std@@QAEAAV01@XZ 10005550 f i ContentStructures.obj
 0001:00004550       ??F?$_Tree_unchecked_const_iterator@V?$_Tree_val@V?$_Tmap_traits@V?$basic_string@_WU?$char_traits@_W@std@@V?$allocator@_W@2@@std@@PAVConfigSection@@U?$less@V?$basic_string@_WU?$char_traits@_W@std@@V?$allocator@_W@2@@std@@@2@V?$allocator@U?$pair@$$CBV?$basic_string@_WU?$char_traits@_W@std@@V?$allocator@_W@2@@std@@PAVConfigSection@@@std@@@2@$0A@@std@@@std@@U_Iterator_base0@2@@std@@QAEAAV01@XZ 10005550 f i Config.obj
 0001:000045b0       ??$_Buynode@U?$pair@V?$basic_string@_WU?$char_traits@_W@std@@V?$allocator@_W@2@@std@@PAVContentTreeNode@@@std@@@?$_Tree_val@V?$_Tmap_traits@V?$basic_string@_WU?$char_traits@_W@std@@V?$allocator@_W@2@@std@@PAVContentTreeNode@@U?$less@V?$basic_string@_WU?$char_traits@_W@std@@V?$allocator@_W@2@@std@@@2@V?$allocator@U?$pair@$$CBV?$basic_string@_WU?$char_traits@_W@std@@V?$allocator@_W@2@@std@@PAVContentTreeNode@@@std@@@2@$0A@@std@@@std@@QAEPAU_Node@?$_Tree_nod@V?$_Tmap_traits@V?$basic_string@_WU?$char_traits@_W@std@@V?$allocator@_W@2@@std@@PAVContentTreeNode@@U?$less@V?$basic_string@_WU?$char_traits@_W@std@@V?$allocator@_W@2@@std@@@2@V?$allocator@U?$pair@$$CBV?$basic_string@_WU?$char_traits@_W@std@@V?$allocator@_W@2@@std@@PAVContentTreeNode@@@std@@@2@$0A@@std@@@1@$$QAU?$pair@V?$basic_string@_WU?$char_traits@_W@std@@V?$allocator@_W@2@@std@@PAVContentTreeNode@@@1@@Z 100055b0 f i ContentStructures.obj
 0001:00004680       _DllMain@12                10005680 f   dllmain.obj
 0001:000046a0       ?Open@StorageObject@@QAEHPB_W_NH@Z 100056a0 f   FarStorage.obj
 0001:00004810       ?Close@StorageObject@@QAEXXZ 10005810 f   FarStorage.obj
 0001:000048f0       ?ReadFileList@StorageObject@@QAEHAA_N@Z 100058f0 f   FarStorage.obj
 0001:00004be0       ?ChangeCurrentDir@StorageObject@@QAEHPB_W@Z 10005be0 f   FarStorage.obj
 0001:00004d80       ??0ExternalModule@@QAE@PB_W0@Z 10005d80 f i ModulesController.obj
 0001:00005010       ?Init@ModulesController@@QAEHPB_WPAVConfig@@@Z 10006010 f   ModulesController.obj
 0001:00005440       ??1ExternalModule@@QAE@XZ  10006440 f i ModulesController.obj
 0001:000054b0       ?Cleanup@ModulesController@@QAEXXZ 100064b0 f   ModulesController.obj
 0001:00005550       ?OpenStorageFile@ModulesController@@QAEHUOpenStorageFileInParams@@PAHPAPAXPAUStorageGeneralInfo@@@Z 10006550 f   ModulesController.obj
 0001:00005630       ?LoadModule@ModulesController@@AAE_NPB_WAAUExternalModule@@0@Z 10006630 f   ModulesController.obj
 0001:00005820       ?push_back@?$vector@UExternalModule@@V?$allocator@UExternalModule@@@std@@@std@@QAEXABUExternalModule@@@Z 10006820 f i ModulesController.obj
 0001:000058e0       ?_Reserve@?$vector@UExternalModule@@V?$allocator@UExternalModule@@@std@@@std@@IAEXI@Z 100068e0 f i ModulesController.obj
 0001:00005960       ?reserve@?$vector@UExternalModule@@V?$allocator@UExternalModule@@@std@@@std@@QAEXI@Z 10006960 f i ModulesController.obj
 0001:00005a80       ?allocate@?$allocator@UExternalModule@@@std@@QAEPAUExternalModule@@I@Z 10006a80 f i ModulesController.obj
 0001:00005ad0       ??$_Move@PAUExternalModule@@PAU1@@std@@YAPAUExternalModule@@PAU1@00U_Nonscalar_ptr_iterator_tag@0@@Z 10006ad0 f i ModulesController.obj
 0001:00005b50       ??$_Destroy_range@V?$allocator@UExternalModule@@@std@@@std@@YAXPAUExternalModule@@0AAV?$allocator@UExternalModule@@@0@U_Nonscalar_ptr_iterator_tag@0@@Z 10006b50 f i ModulesController.obj
 0001:00005c10       ??0ExternalModule@@QAE@ABU0@@Z 10006c10 f i ModulesController.obj
 0001:00005ce0       ??0?$vector@V?$basic_string@_WU?$char_traits@_W@std@@V?$allocator@_W@2@@std@@V?$allocator@V?$basic_string@_WU?$char_traits@_W@std@@V?$allocator@_W@2@@std@@@2@@std@@QAE@ABV01@@Z 10006ce0 f i ModulesController.obj
 0001:00005dc0       ??4?$vector@V?$basic_string@_WU?$char_traits@_W@std@@V?$allocator@_W@2@@std@@V?$allocator@V?$basic_string@_WU?$char_traits@_W@std@@V?$allocator@_W@2@@std@@@2@@std@@QAEAAV01@ABV01@@Z 10006dc0 f i ModulesController.obj
 0001:00005f40       ?_Buy@?$vector@V?$basic_string@_WU?$char_traits@_W@std@@V?$allocator@_W@2@@std@@V?$allocator@V?$basic_string@_WU?$char_traits@_W@std@@V?$allocator@_W@2@@std@@@2@@std@@IAE_NI@Z 10006f40 f i ModulesController.obj
 0001:00005f90       ??$_Uninit_move@PAUExternalModule@@PAU1@V?$allocator@UExternalModule@@@std@@U1@@std@@YAPAUExternalModule@@PAU1@00AAV?$allocator@UExternalModule@@@0@0U_Nonscalar_ptr_iterator_tag@0@@Z 10006f90 f i ModulesController.obj
 0001:00006020       ??$_Copy_impl@PAV?$basic_string@_WU?$char_traits@_W@std@@V?$allocator@_W@2@@std@@PAV12@@std@@YAPAV?$basic_string@_WU?$char_traits@_W@std@@V?$allocator@_W@2@@0@PAV10@00@Z 10007020 f i ModulesController.obj
 0001:00006050       ??$_Uninit_copy@V?$_Vector_const_iterator@V?$_Vector_val@V?$basic_string@_WU?$char_traits@_W@std@@V?$allocator@_W@2@@std@@V?$allocator@V?$basic_string@_WU?$char_traits@_W@std@@V?$allocator@_W@2@@std@@@2@@std@@@std@@PAV?$basic_string@_WU?$char_traits@_W@std@@V?$allocator@_W@2@@2@V?$allocator@V?$basic_string@_WU?$char_traits@_W@std@@V?$allocator@_W@2@@std@@@2@@std@@YAPAV?$basic_string@_WU?$char_traits@_W@std@@V?$allocator@_W@2@@0@V?$_Vector_const_iterator@V?$_Vector_val@V?$basic_string@_WU?$char_traits@_W@std@@V?$allocator@_W@2@@std@@V?$allocator@V?$basic_string@_WU?$char_traits@_W@std@@V?$allocator@_W@2@@std@@@2@@std@@@0@0PAV10@AAV?$allocator@V?$basic_string@_WU?$char_traits@_W@std@@V?$allocator@_W@2@@std@@@0@U_Nonscalar_ptr_iterator_tag@0@@Z 10007050 f i ModulesController.obj
 0001:00006100       ??$_Uninit_copy@PAV?$basic_string@_WU?$char_traits@_W@std@@V?$allocator@_W@2@@std@@PAV12@V?$allocator@V?$basic_string@_WU?$char_traits@_W@std@@V?$allocator@_W@2@@std@@@2@@std@@YAPAV?$basic_string@_WU?$char_traits@_W@std@@V?$allocator@_W@2@@0@PAV10@00AAV?$allocator@V?$basic_string@_WU?$char_traits@_W@std@@V?$allocator@_W@2@@std@@@0@U_Nonscalar_ptr_iterator_tag@0@@Z 10007100 f i ModulesController.obj
 0001:000061b0       ??1DialogAPIBinding@@UAE@XZ 100071b0 f i ObserverUni3.obj
 0001:000061c0       ?SaveValue@PluginCheckBoxBinding@@UAEXPAUFarDialogItem@@H@Z 100071c0 f i ObserverUni3.obj
 0001:00006200       ?SaveValue@PluginRadioButtonBinding@@UAEXPAUFarDialogItem@@H@Z 10007200 f i ObserverUni3.obj
 0001:00006230       ?SaveValue@PluginEditFieldBinding@@UAEXPAUFarDialogItem@@H@Z 10007230 f i ObserverUni3.obj
 0001:00006260       ??0PluginIntEditFieldBinding@@QAE@ABUPluginStartupInfo@@PAPAXHPAHH@Z 10007260 f i ObserverUni3.obj
 0001:00006330       ?SaveValue@PluginIntEditFieldBinding@@UAEXPAUFarDialogItem@@H@Z 10007330 f i ObserverUni3.obj
 0001:00006360       ??_EPluginIntEditFieldBinding@@UAEPAXI@Z 10007360 f i  CIL library: CIL module
 0001:00006360       ??_GPluginCheckBoxBinding@@UAEPAXI@Z 10007360 f i ObserverUni3.obj
 0001:00006360       ??_EPluginEditFieldBinding@@UAEPAXI@Z 10007360 f i  CIL library: CIL module
 0001:00006360       ??_GPluginRadioButtonBinding@@UAEPAXI@Z 10007360 f i ObserverUni3.obj
 0001:00006360       ??_GPluginEditFieldBinding@@UAEPAXI@Z 10007360 f i ObserverUni3.obj
 0001:00006360       ??_EPluginCheckBoxBinding@@UAEPAXI@Z 10007360 f i  CIL library: CIL module
 0001:00006360       ??_GPluginIntEditFieldBinding@@UAEPAXI@Z 10007360 f i ObserverUni3.obj
 0001:00006360       ??_E?$DialogItemBinding@UFarDialogItem@@@@UAEPAXI@Z 10007360 f i  CIL library: CIL module
 0001:00006360       ??_EPluginRadioButtonBinding@@UAEPAXI@Z 10007360 f i  CIL library: CIL module
 0001:00006360       ??_G?$DialogItemBinding@UFarDialogItem@@@@UAEPAXI@Z 10007360 f i ObserverUni3.obj
 0001:00006390       ?InitDialogItem@PluginDialogBuilder@@MAEXPAUFarDialogItem@@PB_W@Z 10007390 f i ObserverUni3.obj
 0001:000063b0       ?TextWidth@PluginDialogBuilder@@MAEHABUFarDialogItem@@@Z 100073b0 f i ObserverUni3.obj
 0001:000063d0       ?GetLangString@PluginDialogBuilder@@MAEPB_WH@Z 100073d0 f i ObserverUni3.obj
 0001:000063f0       ?DoShowDialog@PluginDialogBuilder@@MAEHXZ 100073f0 f i ObserverUni3.obj
 0001:00006450       ?CreateCheckBoxBinding@PluginDialogBuilder@@MAEPAU?$DialogItemBinding@UFarDialogItem@@@@PAHH@Z 10007450 f i ObserverUni3.obj
 0001:000064b0       ?CreateRadioButtonBinding@PluginDialogBuilder@@MAEPAU?$DialogItemBinding@UFarDialogItem@@@@PAH@Z 100074b0 f i ObserverUni3.obj
 0001:00006500       ??0PluginDialogBuilder@@QAE@ABUPluginStartupInfo@@ABU_GUID@@1PB_W2P6GHPAXHH3@Z3@Z 10007500 f i ObserverUni3.obj
 0001:00006600       ??1PluginDialogBuilder@@UAE@XZ 10007600 f i ObserverUni3.obj
 0001:00006660       ?AddIntEditField@PluginDialogBuilder@@UAEPAUFarDialogItem@@PAHH@Z 10007660 f i ObserverUni3.obj
 0001:00006760       ?AddEditField@PluginDialogBuilder@@QAEPAUFarDialogItem@@PA_WHHPB_W_N@Z 10007760 f i ObserverUni3.obj
 0001:00006830       ?AddFixEditField@PluginDialogBuilder@@QAEPAUFarDialogItem@@PA_WHHPB_W@Z 10007830 f i ObserverUni3.obj
 0001:000068f0       ??_EPluginDialogBuilder@@UAEPAXI@Z 100078f0 f i  CIL library: CIL module
 0001:000068f0       ??_GPluginDialogBuilder@@UAEPAXI@Z 100078f0 f i ObserverUni3.obj
 0001:00006970       ??1PluginSettings@@QAE@XZ  10007970 f i ObserverUni3.obj
 0001:00006980       ??0ProgressContext@@QAE@XZ 10007980 f i ObserverUni3.obj
 0001:000069e0       ??0ExtractSelectedParams@@QAE@PB_W@Z 100079e0 f i ObserverUni3.obj
 0001:00007f80       ?BatchExtract@@YAHPAVStorageObject@@AAV?$vector@PAVContentTreeNode@@V?$allocator@PAVContentTreeNode@@@std@@@std@@_J_NAAUExtractSelectedParams@@@Z 10008f80 f   ObserverUni3.obj
 0001:000083f0       ?ConfirmExtract@@YA_NHHAAUExtractSelectedParams@@@Z 100093f0 f   ObserverUni3.obj
 0001:000086c0       _GetGlobalInfoW@4          100096c0 f   ObserverUni3.obj
 0001:00008750       _SetStartupInfoW@4         10009750 f   ObserverUni3.obj
 0001:00008950       _GetPluginInfoW@4          10009950 f   ObserverUni3.obj
 0001:000089c0       _ExitFARW@4                100099c0 f   ObserverUni3.obj
 0001:000089d0       _ConfigureW@4              100099d0 f   ObserverUni3.obj
 0001:00008b00       _ClosePanelW@4             10009b00 f   ObserverUni3.obj
 0001:00008b50       _AnalyseW@4                10009b50 f   ObserverUni3.obj
 0001:00008ba0       _OpenW@4                   10009ba0 f   ObserverUni3.obj
 0001:00008ec0       _GetFindDataW@4            10009ec0 f   ObserverUni3.obj
 0001:000090a0       _FreeFindDataW@4           1000a0a0 f   ObserverUni3.obj
 0001:000090c0       _SetDirectoryW@4           1000a0c0 f   ObserverUni3.obj
 0001:00009100       _GetOpenPanelInfoW@4       1000a100 f   ObserverUni3.obj
 0001:00009430       _GetFilesW@4               1000a430 f   ObserverUni3.obj
 0001:000096c0       _ProcessPanelInputW@4      1000a6c0 f   ObserverUni3.obj
 0001:000098c0       ?InitDialogItem@?$DialogBuilderBase@UFarDialogItem@@@@MAEXPAUFarDialogItem@@PB_W@Z 1000a8c0 f i ObserverUni3.obj
 0001:000098c0       ?SaveValue@?$DialogItemBinding@UFarDialogItem@@@@UAEXPAUFarDialogItem@@H@Z 1000a8c0 f i ObserverUni3.obj
 0001:000098d0       ?TextWidth@?$DialogBuilderBase@UFarDialogItem@@@@MAEHABUFarDialogItem@@@Z 1000a8d0 f i ObserverUni3.obj
 0001:000098e0       ?CreateRadioButtonBinding@?$DialogBuilderBase@UFarDialogItem@@@@MAEPAU?$DialogItemBinding@UFarDialogItem@@@@PAH@Z 1000a8e0 f i ObserverUni3.obj
 0001:000098e0       ?GetLangString@?$DialogBuilderBase@UFarDialogItem@@@@MAEPB_WH@Z 1000a8e0 f i ObserverUni3.obj
 0001:000098f0       ?DoShowDialog@?$DialogBuilderBase@UFarDialogItem@@@@MAEHXZ 1000a8f0 f i ObserverUni3.obj
 0001:00009900       ??1?$DialogBuilderBase@UFarDialogItem@@@@MAE@XZ 1000a900 f i ObserverUni3.obj
 0001:00009950       ?AddCheckbox@?$DialogBuilderBase@UFarDialogItem@@@@QAEPAUFarDialogItem@@HPAHH_N@Z 1000a950 f i ObserverUni3.obj
 0001:00009a70       ?CreateCheckBoxBinding@?$DialogBuilderBase@UFarDialogItem@@@@MAEPAU?$DialogItemBinding@UFarDialogItem@@@@PAHH@Z 1000aa70 f i ObserverUni3.obj
 0001:00009a70       ?AddIntEditField@?$DialogBuilderBase@UFarDialogItem@@@@UAEPAUFarDialogItem@@PAHH@Z 1000aa70 f i ObserverUni3.obj
 0001:00009a80       ?AddSeparator@?$DialogBuilderBase@UFarDialogItem@@@@QAEXH@Z 1000aa80 f i ObserverUni3.obj
 0001:00009af0       ?AddOKCancel@?$DialogBuilderBase@UFarDialogItem@@@@QAEXHHH_N@Z 1000aaf0 f i ObserverUni3.obj
 0001:00009c50       ??1?$vector@UExternalModule@@V?$allocator@UExternalModule@@@std@@@std@@QAE@XZ 1000ac50 f i ObserverUni3.obj
 0001:00009ca0       ??_E?$DialogBuilderBase@UFarDialogItem@@@@MAEPAXI@Z 1000aca0 f i  CIL library: CIL module
 0001:00009ca0       ??_G?$DialogBuilderBase@UFarDialogItem@@@@MAEPAXI@Z 1000aca0 f i ObserverUni3.obj
 0001:00009cd0       ?ReallocDialogItems@?$DialogBuilderBase@UFarDialogItem@@@@IAEXXZ 1000acd0 f i ObserverUni3.obj
 0001:00009db0       ?UpdateBorderSize@?$DialogBuilderBase@UFarDialogItem@@@@IAEXXZ 1000adb0 f i ObserverUni3.obj
 0001:00009e30       ?UpdateSecondColumnPosition@?$DialogBuilderBase@UFarDialogItem@@@@IAEXXZ 1000ae30 f i ObserverUni3.obj
 0001:00009e90       ?SaveValues@?$DialogBuilderBase@UFarDialogItem@@@@IAEXXZ 1000ae90 f i ObserverUni3.obj
 0001:00009ef0       ?MaxTextWidth@?$DialogBuilderBase@UFarDialogItem@@@@IAEHXZ 1000aef0 f i ObserverUni3.obj
 0001:00009fc0       ??$_Sort@PAPAVContentTreeNode@@HP6A_NPAV1@0@Z@std@@YAXPAPAVContentTreeNode@@0HP6A_NPAV1@1@Z@Z 1000afc0 f i ObserverUni3.obj
 0001:0000a0b0       ??$_Unguarded_partition@PAPAVContentTreeNode@@P6A_NPAV1@0@Z@std@@YA?AU?$pair@PAPAVContentTreeNode@@PAPAV1@@0@PAPAVContentTreeNode@@0P6A_NPAV2@1@Z@Z 1000b0b0 f i ObserverUni3.obj
 0001:0000a260       ??$_Median@PAPAVContentTreeNode@@P6A_NPAV1@0@Z@std@@YAXPAPAVContentTreeNode@@00P6A_NPAV1@1@Z@Z 1000b260 f i ObserverUni3.obj
 0001:0000a480       ??$_Make_heap@PAPAVContentTreeNode@@HPAV1@P6A_NPAV1@0@Z@std@@YAXPAPAVContentTreeNode@@0P6A_NPAV1@1@ZPAH0@Z 1000b480 f i ObserverUni3.obj
 0001:0000a520       ??$_Sort_heap@PAPAVContentTreeNode@@P6A_NPAV1@0@Z@std@@YAXPAPAVContentTreeNode@@0P6A_NPAV1@1@Z@Z 1000b520 f i ObserverUni3.obj
 0001:0000a570       ??$_Insertion_sort1@PAPAVContentTreeNode@@P6A_NPAV1@0@ZPAV1@@std@@YAXPAPAVContentTreeNode@@0P6A_NPAV1@1@Z0@Z 1000b570 f i ObserverUni3.obj
 0001:0000a600       ??$_Adjust_heap@PAPAVContentTreeNode@@HPAV1@P6A_NPAV1@0@Z@std@@YAXPAPAVContentTreeNode@@HH$$QAPAV1@P6A_NPAV1@2@Z@Z 1000b600 f i ObserverUni3.obj
 0001:0000a6c0       ??$_Push_heap@PAPAVContentTreeNode@@HPAV1@P6A_NPAV1@0@Z@std@@YAXPAPAVContentTreeNode@@HH$$QAPAV1@P6A_NPAV1@2@Z@Z 1000b6c0 f i ObserverUni3.obj
 0001:0000a725       ??1out_of_range@std@@UAE@XZ 1000b725 f i libcpmt:xthrow.obj
 0001:0000a725       ??1length_error@std@@UAE@XZ 1000b725 f i libcpmt:xthrow.obj
 0001:0000a72a       ??0logic_error@std@@QAE@ABV01@@Z 1000b72a f i libcpmt:xthrow.obj
 0001:0000a747       ?_Xlength_error@std@@YAXPBD@Z 1000b747 f   libcpmt:xthrow.obj
 0001:0000a777       ??0length_error@std@@QAE@ABV01@@Z 1000b777 f i libcpmt:xthrow.obj
 0001:0000a794       ?_Xout_of_range@std@@YAXPBD@Z 1000b794 f   libcpmt:xthrow.obj
 0001:0000a7c4       ??0out_of_range@std@@QAE@ABV01@@Z 1000b7c4 f i libcpmt:xthrow.obj
 0001:0000a7e1       ??_Gout_of_range@std@@UAEPAXI@Z 1000b7e1 f i libcpmt:xthrow.obj
 0001:0000a7e1       ??_Elogic_error@std@@UAEPAXI@Z 1000b7e1 f i libcpmt:xthrow.obj
 0001:0000a7e1       ??_Elength_error@std@@UAEPAXI@Z 1000b7e1 f i libcpmt:xthrow.obj
 0001:0000a7e1       ??_Glength_error@std@@UAEPAXI@Z 1000b7e1 f i libcpmt:xthrow.obj
 0001:0000a7e1       ??_Eout_of_range@std@@UAEPAXI@Z 1000b7e1 f i libcpmt:xthrow.obj
 0001:0000a7e1       ??_Glogic_error@std@@UAEPAXI@Z 1000b7e1 f i libcpmt:xthrow.obj
 0001:0000a802       ??_U@YAPAXI@Z              1000b802 f   libcpmt:newaop.obj
 0001:0000a80d       @__security_check_cookie@4 1000b80d f   LIBCMT:secchk.obj
 0001:0000a81c       ??3@YAXPAX@Z               1000b81c f   LIBCMT:delete.obj
 0001:0000a827       ??0exception@std@@QAE@ABQBDH@Z 1000b827 f   LIBCMT:stdexcpt.obj
 0001:0000a844       ?what@exception@std@@UBEPBDXZ 1000b844 f   LIBCMT:stdexcpt.obj
 0001:0000a851       ?_Copy_str@exception@std@@AAEXPBD@Z 1000b851 f   LIBCMT:stdexcpt.obj
 0001:0000a891       ?_Tidy@exception@std@@AAEXXZ 1000b891 f   LIBCMT:stdexcpt.obj
 0001:0000a8af       ??0exception@std@@QAE@ABQBD@Z 1000b8af f   LIBCMT:stdexcpt.obj
 0001:0000a8d6       ??4exception@std@@QAEAAV01@ABV01@@Z 1000b8d6 f   LIBCMT:stdexcpt.obj
 0001:0000a90b       ??1exception@std@@UAE@XZ   1000b90b f   LIBCMT:stdexcpt.obj
 0001:0000a916       ??_Eexception@std@@UAEPAXI@Z 1000b916 f i LIBCMT:stdexcpt.obj
 0001:0000a916       ??_Gexception@std@@UAEPAXI@Z 1000b916 f i LIBCMT:stdexcpt.obj
 0001:0000a93d       ??0exception@std@@QAE@ABV01@@Z 1000b93d f   LIBCMT:stdexcpt.obj
 0001:0000a962       ??1type_info@@UAE@XZ       1000b962 f   LIBCMT:typinfo.obj
 0001:0000a972       ??_Gtype_info@@UAEPAXI@Z   1000b972 f i LIBCMT:typinfo.obj
 0001:0000a972       ??_Etype_info@@UAEPAXI@Z   1000b972 f i LIBCMT:typinfo.obj
 0001:0000a993       ??8type_info@@QBE_NABV0@@Z 1000b993 f   LIBCMT:typinfo.obj
 0001:0000a9b3       ??2@YAPAXI@Z               1000b9b3 f   LIBCMT:new.obj
 0001:0000aa40       _memmove                   1000ba40 f   LIBCMT:memmove.obj
 0001:0000ada1       _wcsrchr                   1000bda1 f   LIBCMT:wcsrchr.obj
 0001:0000adcf       _malloc                    1000bdcf f   LIBCMT:malloc.obj
 0001:0000ae63       _free                      1000be63 f   LIBCMT:free.obj
 0001:0000ae9d       _wcscat_s                  1000be9d f   LIBCMT:wcscat_s.obj
 0001:0000af12       ??0_LocaleUpdate@@QAE@PAUlocaleinfo_struct@@@Z 1000bf12 f i LIBCMT:wcsicmp.obj
 0001:0000b15b       _wcstol                    1000c15b f   LIBCMT:wcstol.obj
 0001:0000b175       _wcscpy_s                  1000c175 f   LIBCMT:wcscpy_s.obj
 0001:0000b1d8       __wcsdup                   1000c1d8 f   LIBCMT:wcsdup.obj
 0001:0000b22d       _wcschr                    1000c22d f   LIBCMT:wcschr.obj
 0001:0000b254       _wcsncpy_s                 1000c254 f   LIBCMT:wcsncpy_s.obj
 0001:0000b321       ??_V@YAXPAX@Z              1000c321 f   LIBCMT:delete2.obj
 0001:0000b32c       _swprintf_s                1000c32c f   LIBCMT:swprintf.obj
 0001:0000b34a       _wcstok_s                  1000c34a f   LIBCMT:wcstok_s.obj
 0001:0000b4de       ___onexitinit              1000c4de f   LIBCMT:onexit.obj
 0001:0000b50f       __onexit                   1000c50f f   LIBCMT:onexit.obj
 0001:0000b54b       _atexit                    1000c54b f   LIBCMT:onexit.obj
 0001:0000b562       _calloc                    1000c562 f   LIBCMT:calloc.obj
 0001:0000b681       __ultow_s                  1000c681 f   LIBCMT:xtows.obj
 0001:0000b79a       __i64tow_s                 1000c79a f   LIBCMT:xtows.obj
 0001:0000b7cf       __get_errno_from_oserr     1000c7cf f   LIBCMT:dosmap.obj
 0001:0000b811       __errno                    1000c811 f   LIBCMT:dosmap.obj
 0001:0000b824       ___doserrno                1000c824 f   LIBCMT:dosmap.obj
 0001:0000b837       __dosmaperr                1000c837 f   LIBCMT:dosmap.obj
 0001:0000b85a       __CRT_INIT@12              1000c85a f   LIBCMT:dllcrt0.obj
 0001:0000bab4       __DllMainCRTStartup@12     1000cab4 f   LIBCMT:dllcrt0.obj
 0001:0000bad7       __CxxThrowException@8      1000cad7 f   LIBCMT:throw.obj
 0001:0000bb23       ___report_gsfailure        1000cb23 f   LIBCMT:gs_report.obj
 0001:0000bc29       _strcpy_s                  1000cc29 f   LIBCMT:strcpy_s.obj
 0001:0000bc90       _strlen                    1000cc90 f   LIBCMT:strlen.obj
 0001:0000bd1b       ?_Type_info_dtor@type_info@@CAXPAV1@@Z 1000cd1b f   LIBCMT:typname.obj
 0001:0000bd90       _strcmp                    1000cd90 f   LIBCMT:strcmp.obj
 0001:0000be18       __initp_heap_handler       1000ce18 f   LIBCMT:handler.obj
 0001:0000be27       __callnewh                 1000ce27 f   LIBCMT:handler.obj
 0001:0000be4f       __VEC_memcpy               1000ce4f f   LIBCMT:p4_memcpy.obj
 0001:0000bf52       ___sse2_available_init     1000cf52 f   LIBCMT:cpu_disp.obj
 0001:0000bf62       ___crtCorExitProcess       1000cf62 f   LIBCMT:crt0dat.obj
 0001:0000bf8d       ___crtExitProcess          1000cf8d f   LIBCMT:crt0dat.obj
 0001:0000bfa5       __lockexit                 1000cfa5 f   LIBCMT:crt0dat.obj
 0001:0000bfae       __unlockexit               1000cfae f   LIBCMT:crt0dat.obj
 0001:0000bfb7       __init_pointers            1000cfb7 f   LIBCMT:crt0dat.obj
 0001:0000bfea       __initterm_e               1000cfea f   LIBCMT:crt0dat.obj
 0001:0000c00e       __cinit                    1000d00e f   LIBCMT:crt0dat.obj
 0001:0000c1e5       __exit                     1000d1e5 f   LIBCMT:crt0dat.obj
 0001:0000c1fb       __cexit                    1000d1fb f   LIBCMT:crt0dat.obj
 0001:0000c20a       __amsg_exit                1000d20a f   LIBCMT:crt0dat.obj
 0001:0000c228       __GET_RTERRMSG             1000d228 f   LIBCMT:crt0msg.obj
 0001:0000c24e       __NMSG_WRITE               1000d24e f   LIBCMT:crt0msg.obj
 0001:0000c3fd       __FF_MSGBANNER             1000d3fd f   LIBCMT:crt0msg.obj
 0001:0000c436       __heap_init                1000d436 f   LIBCMT:heapinit.obj
 0001:0000c454       __heap_term                1000d454 f   LIBCMT:heapinit.obj
 0001:0000c468       __initp_misc_invarg        1000d468 f   LIBCMT:invarg.obj
 0001:0000c477       __call_reportfault         1000d477 f   LIBCMT:invarg.obj
 0001:0000c5a0       __invoke_watson            1000d5a0 f   LIBCMT:invarg.obj
 0001:0000c5c5       __invalid_parameter        1000d5c5 f   LIBCMT:invarg.obj
 0001:0000c5f2       __invalid_parameter_noinfo 1000d5f2 f   LIBCMT:invarg.obj
 0001:0000c825       ___updatetmbcinfo          1000d825 f   LIBCMT:mbctype.obj
 0001:0000c945       __setmbcp_nolock           1000d945 f   LIBCMT:mbctype.obj
 0001:0000cb2e       __setmbcp                  1000db2e f   LIBCMT:mbctype.obj
 0001:0000ccc8       ___initmbctable            1000dcc8 f   LIBCMT:mbctype.obj
 0001:0000cce6       ___addlocaleref            1000dce6 f   LIBCMT:localref.obj
 0001:0000cd75       ___removelocaleref         1000dd75 f   LIBCMT:localref.obj
 0001:0000ce0e       ___freetlocinfo            1000de0e f   LIBCMT:localref.obj
 0001:0000cf59       __updatetlocinfoEx_nolock  1000df59 f   LIBCMT:localref.obj
 0001:0000cfa6       ___updatetlocinfo          1000dfa6 f   LIBCMT:localref.obj
 0001:0000d01f       __encoded_null             1000e01f f   LIBCMT:tidtable.obj
 0001:0000d028       ___crtTlsAlloc@4           1000e028 f   LIBCMT:tidtable.obj
 0001:0000d031       ___set_flsgetvalue         1000e031 f   LIBCMT:tidtable.obj
 0001:0000d065       __mtterm                   1000e065 f   LIBCMT:tidtable.obj
 0001:0000d0a2       __initptd                  1000e0a2 f   LIBCMT:tidtable.obj
 0001:0000d156       __getptd_noexit            1000e156 f   LIBCMT:tidtable.obj
 0001:0000d1cf       __getptd                   1000e1cf f   LIBCMT:tidtable.obj
 0001:0000d1e9       __freefls@4                1000e1e9 f   LIBCMT:tidtable.obj
 0001:0000d318       __freeptd                  1000e318 f   LIBCMT:tidtable.obj
 0001:0000d386       __mtinit                   1000e386 f   LIBCMT:tidtable.obj
 0001:0000d501       __wchartodigit             1000e501 f   LIBCMT:wchtodig.obj
 0001:0000d6a1       _iswctype                  1000e6a1 f   LIBCMT:iswctype.obj
 0001:0000d6f6       _wcslen                    1000e6f6 f   LIBCMT:wcslen.obj
 0001:0000d711       __flsbuf                   1000e711 f   LIBCMT:_flsbuf.obj
 0001:0000d875       __vswprintf_helper         1000e875 f   LIBCMT:vswprnc.obj
 0001:0000d96b       __vswprintf_s_l            1000e96b f   LIBCMT:vswprnc.obj
 0001:0000d9e4       __malloc_crt               1000e9e4 f   LIBCMT:crtheap.obj
 0001:0000da29       __calloc_crt               1000ea29 f   LIBCMT:crtheap.obj
 0001:0000da75       __realloc_crt              1000ea75 f   LIBCMT:crtheap.obj
 0001:0000dac3       __msize                    1000eac3 f   LIBCMT:msize.obj
 0001:0000db00       __SEH_prolog4              1000eb00 f   LIBCMT:sehprolg4.obj
 0001:0000db45       __SEH_epilog4              1000eb45 f   LIBCMT:sehprolg4.obj
 0001:0000db60       __except_handler4          1000eb60 f   LIBCMT:chandler4.obj
 0001:0000dcef       __calloc_impl              1000ecef f   LIBCMT:calloc_impl.obj
 0001:0000dd80       __aulldvrm                 1000ed80 f   LIBCMT:ulldvrm.obj
 0001:0000de15       __ioinit                   1000ee15 f   LIBCMT:ioinit.obj
 0001:0000e05a       __ioterm                   1000f05a f   LIBCMT:ioinit.obj
 0001:0000e0ad       __setenvp                  1000f0ad f   LIBCMT:stdenvp.obj
 0001:0000e323       __setargv                  1000f323 f   LIBCMT:stdargv.obj
 0001:0000e3de       ___crtGetEnvironmentStringsA 1000f3de f   LIBCMT:a_env.obj
 0001:0000e475       __RTC_Initialize           1000f475 f   LIBCMT:_initsect_.obj
 0001:0000e49b       __RTC_Terminate            1000f49b f   LIBCMT:_initsect_.obj
 0001:0000e4c1       __XcptFilter               1000f4c1 f   LIBCMT:winxfltr.obj
 0001:0000e60b       ___CppXcptFilter           1000f60b f   LIBCMT:winxfltr.obj
 0001:0000e62b       ___security_init_cookie    1000f62b f   LIBCMT:gs_support.obj
 0001:0000e6c6       __crt_debugger_hook        1000f6c6 f   LIBCMT:dbghook.obj
 0001:0000e6ce       __mtinitlocks              1000f6ce f   LIBCMT:mlock.obj
 0001:0000e718       __mtdeletelocks            1000f718 f   LIBCMT:mlock.obj
 0001:0000e76f       __unlock                   1000f76f f   LIBCMT:mlock.obj
 0001:0000e786       __mtinitlocknum            1000f786 f   LIBCMT:mlock.obj
 0001:0000e848       __lock                     1000f848 f   LIBCMT:mlock.obj
 0001:0000e880       __local_unwind4            1000f880 f   LIBCMT:exsup4.obj
 0001:0000e956       __seh_longjmp_unwind4@4    1000f956 f   LIBCMT:exsup4.obj
 0001:0000e972       @_EH4_CallFilterFunc@8     1000f972 f   LIBCMT:exsup4.obj
 0001:0000e989       @_EH4_TransferToHandler@8  1000f989 f   LIBCMT:exsup4.obj
 0001:0000e9a2       @_EH4_GlobalUnwind2@8      1000f9a2 f   LIBCMT:exsup4.obj
 0001:0000e9bb       @_EH4_LocalUnwind@16       1000f9bb f   LIBCMT:exsup4.obj
 0001:0000e9d2       ?terminate@@YAXXZ          1000f9d2 f   LIBCMT:hooks.obj
 0001:0000ea0b       ?unexpected@@YAXXZ         1000fa0b f   LIBCMT:hooks.obj
 0001:0000ea1e       ?_inconsistency@@YAXXZ     1000fa1e f   LIBCMT:hooks.obj
 0001:0000ea56       __initp_eh_hooks           1000fa56 f   LIBCMT:hooks.obj
 0001:0000ea67       __initp_misc_winsig        1000fa67 f   LIBCMT:winsig.obj
 0001:0000eabc       ___get_sigabrt             1000fabc f   LIBCMT:winsig.obj
 0001:0000eac9       _raise                     1000fac9 f   LIBCMT:winsig.obj
 0001:0000ec6c       __initp_misc_rand_s        1000fc6c f   LIBCMT:rand_s.obj
 0001:0000ec7b       __initp_misc_purevirt      1000fc7b f   LIBCMT:inithelp.obj
 0001:0000ec8a       __initp_misc_cfltcvt_tab   1000fc8a f   LIBCMT:cmiscdat.obj
 0001:0000ecb0       __ValidateImageBase        1000fcb0 f   LIBCMT:pesect.obj
 0001:0000ecf0       __FindPESection            1000fcf0 f   LIBCMT:pesect.obj
 0001:0000ed40       __IsNonwritableInCurrentImage 1000fd40 f   LIBCMT:pesect.obj
 0001:0000edfc       ___crtMessageBoxW          1000fdfc f   LIBCMT:crtmboxw.obj
 0001:0000ef68       __set_error_mode           1000ff68 f   LIBCMT:errmode.obj
 0001:0000efb0       _memset                    1000ffb0 f   LIBCMT:memset.obj
 0001:0000f02a       __freea                    1001002a f i LIBCMT:a_map.obj
 0001:0000f231       ___crtLCMapStringA         10010231 f   LIBCMT:a_map.obj
 0001:0000f35e       ___crtGetStringTypeA       1001035e f   LIBCMT:a_str.obj
 0001:0000f39e       ___free_lc_time            1001039e f   LIBCMT:inittime.obj
 0001:0000f715       ___free_lconv_num          10010715 f   LIBCMT:initnum.obj
 0001:0000f77e       ___free_lconv_mon          1001077e f   LIBCMT:initmon.obj
 0001:0000f880       _strcspn                   10010880 f   LIBCMT:strcspn.obj
 0001:0000f8d0       _memcpy                    100108d0 f   LIBCMT:memcpy.obj
 0001:0000fc40       _strpbrk                   10010c40 f   LIBCMT:strpbrk.obj
 0001:0000fc80       __lseeki64_nolock          10010c80 f   LIBCMT:lseeki64.obj
 0001:0000fd05       __lseeki64                 10010d05 f   LIBCMT:lseeki64.obj
 0001:0000fdef       __write_nolock             10010def f   LIBCMT:write.obj
 0001:000104ec       __write                    100114ec f   LIBCMT:write.obj
 0001:000105c0       __getbuf                   100115c0 f   LIBCMT:_getbuf.obj
 0001:00010609       __isatty                   10011609 f   LIBCMT:isatty.obj
 0001:0001065f       ___iob_func                1001165f f   LIBCMT:_file.obj
 0001:00010665       ___initstdio               10011665 f   LIBCMT:_file.obj
 0001:00010716       ___endstdio                10011716 f   LIBCMT:_file.obj
 0001:00010736       __lock_file                10011736 f   LIBCMT:_file.obj
 0001:00010777       __lock_file2               10011777 f   LIBCMT:_file.obj
 0001:000107a9       __unlock_file              100117a9 f   LIBCMT:_file.obj
 0001:000107e5       __unlock_file2             100117e5 f   LIBCMT:_file.obj
 0001:00010814       __fileno                   10011814 f   LIBCMT:fileno.obj
 0001:0001083a       __fputwc_nolock            1001183a f   LIBCMT:fputwc.obj
 0001:000109c1       __get_printf_count_output  100119c1 f   LIBCMT:printf.obj
 0001:000109d7       __mbtowc_l                 100119d7 f   LIBCMT:mbtowc.obj
 0001:00010aed       _mbtowc                    10011aed f   LIBCMT:mbtowc.obj
 0001:00010b07       __isleadbyte_l             10011b07 f i LIBCMT:_wctype.obj
 0001:00010b3f       _isleadbyte                10011b3f f i LIBCMT:_wctype.obj
 0001:00010be8       __woutput_s_l              10011be8 f   LIBCMT:woutputs.obj
 0001:000117a8       _realloc                   100127a8 f   LIBCMT:realloc.obj
 0001:000118a8       __ismbblead                100128a8 f   LIBCMT:ismbbyte.obj
 0001:000118c0       __global_unwind2           100128c0 f   LIBCMT:exsup.obj
 0001:00011925       __local_unwind2            10012925 f   LIBCMT:exsup.obj
 0001:000119a9       __abnormal_termination     100129a9 f   LIBCMT:exsup.obj
 0001:000119cc       __NLG_Notify1              100129cc f   LIBCMT:exsup.obj
 0001:000119d5       __NLG_Notify               100129d5 f   LIBCMT:exsup.obj
 0001:000119ec       __NLG_Dispatch             100129ec     LIBCMT:exsup.obj
 0001:000119ec       __NLG_Dispatch2            100129ec     LIBCMT:exsup.obj
 0001:000119f4       __NLG_Call                 100129f4 f   LIBCMT:exsup.obj
 0001:000119f6       __NLG_Return2              100129f6     LIBCMT:exsup.obj
 0001:000119f7       _abort                     100129f7 f   LIBCMT:abort.obj
 0001:00011a2a       __fptrap                   10012a2a f   LIBCMT:crt0fp.obj
 0001:00011a33       __VEC_memzero              10012a33 f   LIBCMT:p4_memset.obj
 0001:00011af0       __alloca_probe_16          10012af0 f   LIBCMT:alloca16.obj
 0001:00011b06       __alloca_probe_8           10012b06     LIBCMT:alloca16.obj
 0001:00011b1c       __free_osfhnd              10012b1c f   LIBCMT:osfinfo.obj
 0001:00011ba2       __get_osfhandle            10012ba2 f   LIBCMT:osfinfo.obj
 0001:00011c0b       ___lock_fhandle            10012c0b f   LIBCMT:osfinfo.obj
 0001:00011caa       __unlock_fhandle           10012caa f   LIBCMT:osfinfo.obj
 0001:00011cd1       __putwch_nolock            10012cd1 f   LIBCMT:putwch.obj
 0001:00011d20       __chkstk                   10012d20 f   LIBCMT:chkstk.obj
 0001:00011d20       __alloca_probe             10012d20     LIBCMT:chkstk.obj
 0001:00011d4b       __fcloseall                10012d4b f   LIBCMT:closeall.obj
 0001:00011de7       __flush                    10012de7 f   LIBCMT:fflush.obj
 0001:00011e4f       __fflush_nolock            10012e4f f   LIBCMT:fflush.obj
 0001:00011f71       __flushall                 10012f71 f   LIBCMT:fflush.obj
 0001:00011f7a       __flswbuf                  10012f7a f   LIBCMT:_flswbuf.obj
 0001:000120ee       __wctomb_s_l               100130ee f   LIBCMT:wctomb.obj
 0001:00012243       _wctomb_s                  10013243 f   LIBCMT:wctomb.obj
 0001:00012260       ___ascii_strnicmp          10013260 f   LIBCMT:_strnicm.obj
 0001:000122c1       ___initconout              100132c1 f   LIBCMT:initcon.obj
 0001:000122e0       ___termconout              100132e0 f   LIBCMT:initcon.obj
 0001:000122f7       __fclose_nolock            100132f7 f   LIBCMT:fclose.obj
 0001:00012364       _fclose                    10013364 f   LIBCMT:fclose.obj
 0001:000123d8       __commit                   100133d8 f   LIBCMT:commit.obj
 0001:000124c0       __allmul                   100134c0 f   LIBCMT:llmul.obj
 0001:000124f4       __close_nolock             100134f4 f   LIBCMT:close.obj
 0001:00012590       __close                    10013590 f   LIBCMT:close.obj
 0001:00012654       __freebuf                  10013654 f   LIBCMT:_freebuf.obj
 0001:00012686       _RtlUnwind@16              10013686 f   kernel32:KERNEL32.dll
 0001:0001268c       ?_JumpToContinuation@@YGXPAXPAUEHRegistrationNode@@@Z 1001368c f   LIBCMT:_trnsctrl_.obj
 0001:000126be       ?_CallMemberFunction2@@YGXPAX00H@Z 100136be f   LIBCMT:_trnsctrl_.obj
 0001:000126be       ?_CallMemberFunction0@@YGXPAX0@Z 100136be f   LIBCMT:_trnsctrl_.obj
 0001:000126be       ?_CallMemberFunction1@@YGXPAX00@Z 100136be f   LIBCMT:_trnsctrl_.obj
 0001:000126c5       ?_UnwindNestedFrames@@YGXPAUEHRegistrationNode@@PAUEHExceptionRecord@@@Z 100136c5 f   LIBCMT:_trnsctrl_.obj
 0001:00012719       ___CxxFrameHandler3        10013719 f   LIBCMT:_trnsctrl_.obj
 0001:00012782       ?_CallSETranslator@@YAHPAUEHExceptionRecord@@PAUEHRegistrationNode@@PAX2PBU_s_FuncInfo@@H1@Z 10013782 f   LIBCMT:_trnsctrl_.obj
 0001:000128f8       ?_GetRangeOfTrysToCheck@@YAPBU_s_TryBlockMapEntry@@PBU_s_FuncInfo@@HHPAI1@Z 100138f8 f   LIBCMT:_trnsctrl_.obj
 0001:0001296b       __CreateFrameInfo          1001396b f   LIBCMT:_trnsctrl_.obj
 0001:00012997       __IsExceptionObjectToBeDestroyed 10013997 f   LIBCMT:_trnsctrl_.obj
 0001:000129be       __FindAndUnlinkFrame       100139be f   LIBCMT:_trnsctrl_.obj
 0001:00012a10       ?_CallCatchBlock2@@YAPAXPAUEHRegistrationNode@@PBU_s_FuncInfo@@PAXHK@Z 10013a10 f   LIBCMT:_trnsctrl_.obj
 0001:00012a70       __alldiv                   10013a70 f   LIBCMT:lldiv.obj
 0001:00012b1a       ??1bad_exception@std@@UAE@XZ 10013b1a f i LIBCMT:frame.obj
 0001:00012b25       ??_Ebad_exception@std@@UAEPAXI@Z 10013b25 f i LIBCMT:frame.obj
 0001:00012b25       ??_Gbad_exception@std@@UAEPAXI@Z 10013b25 f i LIBCMT:frame.obj
 0001:00012b4c       ___TypeMatch               10013b4c f   LIBCMT:frame.obj
 0001:00012bab       ___FrameUnwindFilter       10013bab f   LIBCMT:frame.obj
 0001:00012bfa       ___FrameUnwindToState      10013bfa f   LIBCMT:frame.obj
 0001:00012d1b       ___DestructExceptionObject 10013d1b f   LIBCMT:frame.obj
 0001:00012d70       ___AdjustPointer           10013d70 f   LIBCMT:frame.obj
 0001:00012ff4       ___BuildCatchObjectHelper  10013ff4 f   LIBCMT:frame.obj
 0001:00013173       ___BuildCatchObject        10014173 f   LIBCMT:frame.obj
 0001:000136ef       ??0bad_exception@std@@QAE@ABV01@@Z 100146ef f i LIBCMT:frame.obj
 0001:0001370c       ___InternalCxxFrameHandler 1001470c f   LIBCMT:frame.obj
 0001:00013800       __CallSettingFrame@12      10014800 f   LIBCMT:lowhelpr.obj
 0001:00013827       __NLG_Return               10014827     LIBCMT:lowhelpr.obj
 0001:0001384c       __EH_prolog3_catch         1001484c f   LIBCMT:ehprolg3.obj
 0001:00013882       ?_ValidateExecute@@YAHP6GHXZ@Z 10014882 f   LIBCMT:validate.obj
 0001:00013882       ?_ValidateRead@@YAHPBXI@Z  10014882 f   LIBCMT:validate.obj
 0001:00013882       ?_ValidateWrite@@YAHPAXI@Z 10014882 f   LIBCMT:validate.obj
 0002:00000000       __imp__GetDiskFreeSpaceExW@16 10016000     kernel32:KERNEL32.dll
 0002:00000004       __imp__WideCharToMultiByte@32 10016004     kernel32:KERNEL32.dll
 0002:00000008       __imp__GetPrivateProfileSectionNamesW@12 10016008     kernel32:KERNEL32.dll
 0002:0000000c       __imp__GetPrivateProfileSectionW@16 1001600c     kernel32:KERNEL32.dll
 0002:00000010       __imp__FreeLibrary@4       10016010     kernel32:KERNEL32.dll
 0002:00000014       __imp__LoadLibraryExW@12   10016014     kernel32:KERNEL32.dll
 0002:00000018       __imp__GetProcAddress@8    10016018     kernel32:KERNEL32.dll
 0002:0000001c       __imp__lstrcpynW@12        1001601c     kernel32:KERNEL32.dll
 0002:00000020       __imp__FindClose@4         10016020     kernel32:KERNEL32.dll
 0002:00000024       __imp__GetConsoleScreenBufferInfo@8 10016024     kernel32:KERNEL32.dll
 0002:00000028       __imp__FileTimeToSystemTime@8 10016028     kernel32:KERNEL32.dll
 0002:0000002c       __imp__SystemTimeToTzSpecificLocalTime@12 1001602c     kernel32:KERNEL32.dll
 0002:00000030       __imp__SetFileAttributesW@8 10016030     kernel32:KERNEL32.dll
 0002:00000034       __imp__GetConsoleTitleW@8  10016034     kernel32:KERNEL32.dll
 0002:00000038       __imp__SetConsoleTitleW@4  10016038     kernel32:KERNEL32.dll
 0002:0000003c       __imp__GetModuleFileNameW@12 1001603c     kernel32:KERNEL32.dll
 0002:00000040       __imp__MultiByteToWideChar@24 10016040     kernel32:KERNEL32.dll
 0002:00000044       __imp__FindFirstFileW@8    10016044     kernel32:KERNEL32.dll
 0002:00000048       __imp__ReadConsoleInputA@16 10016048     kernel32:KERNEL32.dll
 0002:0000004c       __imp__PeekConsoleInputA@16 1001604c     kernel32:KERNEL32.dll
 0002:00000050       __imp__GetNumberOfConsoleInputEvents@8 10016050     kernel32:KERNEL32.dll
 0002:00000054       __imp__GetStdHandle@4      10016054     kernel32:KERNEL32.dll
 0002:00000058       __imp__CloseHandle@4       10016058     kernel32:KERNEL32.dll
 0002:0000005c       __imp__lstrlenW@4          1001605c     kernel32:KERNEL32.dll
 0002:00000060       __imp__ExitProcess@4       10016060     kernel32:KERNEL32.dll
 0002:00000064       __imp__CreateFileW@28      10016064     kernel32:KERNEL32.dll
 0002:00000068       __imp__WriteConsoleW@20    10016068     kernel32:KERNEL32.dll
 0002:0000006c       __imp__HeapAlloc@12        1001606c     kernel32:KERNEL32.dll
 0002:00000070       __imp__GetLastError@0      10016070     kernel32:KERNEL32.dll
 0002:00000074       __imp__HeapFree@12         10016074     kernel32:KERNEL32.dll
 0002:00000078       __imp__EncodePointer@4     10016078     kernel32:KERNEL32.dll
 0002:0000007c       __imp__DecodePointer@4     1001607c     kernel32:KERNEL32.dll
 0002:00000080       __imp__GetCurrentThreadId@0 10016080     kernel32:KERNEL32.dll
 0002:00000084       __imp__GetCommandLineA@0   10016084     kernel32:KERNEL32.dll
 0002:00000088       __imp__RaiseException@16   10016088     kernel32:KERNEL32.dll
 0002:0000008c       __imp__TerminateProcess@8  1001608c     kernel32:KERNEL32.dll
 0002:00000090       __imp__GetCurrentProcess@0 10016090     kernel32:KERNEL32.dll
 0002:00000094       __imp__UnhandledExceptionFilter@4 10016094     kernel32:KERNEL32.dll
 0002:00000098       __imp__SetUnhandledExceptionFilter@4 10016098     kernel32:KERNEL32.dll
 0002:0000009c       __imp__IsDebuggerPresent@0 1001609c     kernel32:KERNEL32.dll
 0002:000000a0       __imp__IsProcessorFeaturePresent@4 100160a0     kernel32:KERNEL32.dll
 0002:000000a4       __imp__GetModuleHandleW@4  100160a4     kernel32:KERNEL32.dll
 0002:000000a8       __imp__FlushFileBuffers@4  100160a8     kernel32:KERNEL32.dll
 0002:000000ac       __imp__WriteFile@20        100160ac     kernel32:KERNEL32.dll
 0002:000000b0       __imp__HeapCreate@12       100160b0     kernel32:KERNEL32.dll
 0002:000000b4       __imp__HeapDestroy@4       100160b4     kernel32:KERNEL32.dll
 0002:000000b8       __imp__GetCPInfo@8         100160b8     kernel32:KERNEL32.dll
 0002:000000bc       __imp__InterlockedIncrement@4 100160bc     kernel32:KERNEL32.dll
 0002:000000c0       __imp__InterlockedDecrement@4 100160c0     kernel32:KERNEL32.dll
 0002:000000c4       __imp__GetACP@0            100160c4     kernel32:KERNEL32.dll
 0002:000000c8       __imp__GetOEMCP@0          100160c8     kernel32:KERNEL32.dll
 0002:000000cc       __imp__IsValidCodePage@4   100160cc     kernel32:KERNEL32.dll
 0002:000000d0       __imp__TlsAlloc@0          100160d0     kernel32:KERNEL32.dll
 0002:000000d4       __imp__TlsGetValue@4       100160d4     kernel32:KERNEL32.dll
 0002:000000d8       __imp__TlsSetValue@8       100160d8     kernel32:KERNEL32.dll
 0002:000000dc       __imp__TlsFree@4           100160dc     kernel32:KERNEL32.dll
 0002:000000e0       __imp__SetLastError@4      100160e0     kernel32:KERNEL32.dll
 0002:000000e4       __imp__GetStringTypeW@16   100160e4     kernel32:KERNEL32.dll
 0002:000000e8       __imp__Sleep@4             100160e8     kernel32:KERNEL32.dll
 0002:000000ec       __imp__HeapSize@12         100160ec     kernel32:KERNEL32.dll
 0002:000000f0       __imp__SetHandleCount@4    100160f0     kernel32:KERNEL32.dll
 0002:000000f4       __imp__InitializeCriticalSectionAndSpinCount@8 100160f4     kernel32:KERNEL32.dll
 0002:000000f8       __imp__GetFileType@4       100160f8     kernel32:KERNEL32.dll
 0002:000000fc       __imp__GetStartupInfoW@4   100160fc     kernel32:KERNEL32.dll
 0002:00000100       __imp__DeleteCriticalSection@4 10016100     kernel32:KERNEL32.dll
 0002:00000104       __imp__GetModuleFileNameA@12 10016104     kernel32:KERNEL32.dll
 0002:00000108       __imp__FreeEnvironmentStringsW@4 10016108     kernel32:KERNEL32.dll
 0002:0000010c       __imp__GetEnvironmentStringsW@0 1001610c     kernel32:KERNEL32.dll
 0002:00000110       __imp__QueryPerformanceCounter@4 10016110     kernel32:KERNEL32.dll
 0002:00000114       __imp__GetTickCount@0      10016114     kernel32:KERNEL32.dll
 0002:00000118       __imp__GetCurrentProcessId@0 10016118     kernel32:KERNEL32.dll
 0002:0000011c       __imp__GetSystemTimeAsFileTime@4 1001611c     kernel32:KERNEL32.dll
 0002:00000120       __imp__LeaveCriticalSection@4 10016120     kernel32:KERNEL32.dll
 0002:00000124       __imp__EnterCriticalSection@4 10016124     kernel32:KERNEL32.dll
 0002:00000128       __imp__RtlUnwind@16        10016128     kernel32:KERNEL32.dll
 0002:0000012c       __imp__LoadLibraryW@4      1001612c     kernel32:KERNEL32.dll
 0002:00000130       __imp__LCMapStringW@24     10016130     kernel32:KERNEL32.dll
 0002:00000134       __imp__SetFilePointer@16   10016134     kernel32:KERNEL32.dll
 0002:00000138       __imp__GetConsoleCP@0      10016138     kernel32:KERNEL32.dll
 0002:0000013c       __imp__GetConsoleMode@8    1001613c     kernel32:KERNEL32.dll
 0002:00000140       __imp__HeapReAlloc@16      10016140     kernel32:KERNEL32.dll
 0002:00000144       __imp__SetStdHandle@8      10016144     kernel32:KERNEL32.dll
 0002:00000148       \177KERNEL32_NULL_THUNK_DATA 10016148     kernel32:KERNEL32.dll
 0002:0000014c       __imp__SHCreateDirectory@8 1001614c     shell32:SHELL32.dll
 0002:00000150       \177SHELL32_NULL_THUNK_DATA 10016150     shell32:SHELL32.dll
 0002:00000154       __imp__PathMatchSpecW@8    10016154     shlwapi:SHLWAPI.dll
 0002:00000158       \177SHLWAPI_NULL_THUNK_DATA 10016158     shlwapi:SHLWAPI.dll
 0002:0000015c       ___xc_a                    1001615c     LIBCMT:crt0init.obj
 0002:00000164       ___xc_z                    10016164     LIBCMT:crt0init.obj
 0002:00000168       ___xi_a                    10016168     LIBCMT:crt0init.obj
 0002:0000017c       ___xi_z                    1001617c     LIBCMT:crt0init.obj
 0002:00000180       ___xp_a                    10016180     LIBCMT:crt0init.obj
 0002:0000018c       ___xp_z                    1001618c     LIBCMT:crt0init.obj
 0002:00000190       ___xt_a                    10016190     LIBCMT:crt0init.obj
 0002:00000194       ___xt_z                    10016194     LIBCMT:crt0init.obj
 0002:0000019c       ??_7logic_error@std@@6B@   1001619c     libcpmt:xthrow.obj
 0002:000001a8       ??_7length_error@std@@6B@  100161a8     libcpmt:xthrow.obj
[...]
 0001:00013b05       __ehhandler$??$_Uninit_copy@PAV?$basic_string@_WU?$char_traits@_W@std@@V?$allocator@_W@2@@std@@PAV12@V?$allocator@V?$basic_string@_WU?$char_traits@_W@std@@V?$allocator@_W@2@@std@@@2@@std@@YAPAV?$basic_string@_WU?$char_traits@_W@std@@V?$allocator@_W@2@@0@PAV10@00AAV?$allocator@V?$basic_string@_WU?$char_traits@_W@std@@V?$allocator@_W@2@@std@@@0@U_Nonscalar_ptr_iterator_tag@0@@Z 10014b05 f    CIL library: CIL module
 0001:00013b20       __unwindfunclet$??$_Uninit_copy@V?$_Vector_const_iterator@V?$_Vector_val@V?$basic_string@_WU?$char_traits@_W@std@@V?$allocator@_W@2@@std@@V?$allocator@V?$basic_string@_WU?$char_traits@_W@std@@V?$allocator@_W@2@@std@@@2@@std@@@std@@PAV?$basic_string@_WU?$char_traits@_W@std@@V?$allocator@_W@2@@2@V?$allocator@V?$basic_string@_WU?$char_traits@_W@std@@V?$allocator@_W@2@@std@@@2@@std@@YAPAV?$basic_string@_WU?$char_traits@_W@std@@V?$allocator@_W@2@@0@V?$_Vector_const_iterator@V?$_Vector_val@V?$basic_string@_WU?$char_traits@_W@std@@V?$allocator@_W@2@@std@@V?$allocator@V?$basic_string@_WU?$char_traits@_W@std@@V?$allocator@_W@2@@std@@@2@@std@@@0@0PAV10@AAV?$allocator@V?$basic_string@_WU?$char_traits@_W@std@@V?$allocator@_W@2@@std@@@0@U_Nonscalar_ptr_iterator_tag@0@@Z$2 10014b20 f    CIL library: CIL module
 0001:00013b25       __ehhandler$??$_Uninit_copy@V?$_Vector_const_iterator@V?$_Vector_val@V?$basic_string@_WU?$char_traits@_W@std@@V?$allocator@_W@2@@std@@V?$allocator@V?$basic_string@_WU?$char_traits@_W@std@@V?$allocator@_W@2@@std@@@2@@std@@@std@@PAV?$basic_string@_WU?$char_traits@_W@std@@V?$allocator@_W@2@@2@V?$allocator@V?$basic_string@_WU?$char_traits@_W@std@@V?$allocator@_W@2@@std@@@2@@std@@YAPAV?$basic_string@_WU?$char_traits@_W@std@@V?$allocator@_W@2@@0@V?$_Vector_const_iterator@V?$_Vector_val@V?$basic_string@_WU?$char_traits@_W@std@@V?$allocator@_W@2@@std@@V?$allocator@V?$basic_string@_WU?$char_traits@_W@std@@V?$allocator@_W@2@@std@@@2@@std@@@0@0PAV10@AAV?$allocator@V?$basic_string@_WU?$char_traits@_W@std@@V?$allocator@_W@2@@std@@@0@U_Nonscalar_ptr_iterator_tag@0@@Z 10014b25 f    CIL library: CIL module
 0001:00013b40       __ehhandler$??0?$vector@V?$basic_string@_WU?$char_traits@_W@std@@V?$allocator@_W@2@@std@@V?$allocator@V?$basic_string@_WU?$char_traits@_W@std@@V?$allocator@_W@2@@std@@@2@@std@@QAE@ABV01@@Z 10014b40 f    CIL library: CIL module
 0001:00013b60       __unwindfunclet$??0ExternalModule@@QAE@ABU0@@Z$0 10014b60 f    CIL library: CIL module
 0001:00013b6b       __unwindfunclet$??0ExternalModule@@QAE@ABU0@@Z$1 10014b6b f    CIL library: CIL module
 0001:00013b76       __ehhandler$??0ExternalModule@@QAE@ABU0@@Z 10014b76 f    CIL library: CIL module
 0001:00013ba0       __unwindfunclet$??$_Uninit_move@PAV?$basic_string@_WU?$char_traits@_W@std@@V?$allocator@_W@2@@std@@PAV12@V?$allocator@V?$basic_string@_WU?$char_traits@_W@std@@V?$allocator@_W@2@@std@@@2@V12@@std@@YAPAV?$basic_string@_WU?$char_traits@_W@std@@V?$allocator@_W@2@@0@PAV10@00AAV?$allocator@V?$basic_string@_WU?$char_traits@_W@std@@V?$allocator@_W@2@@std@@@0@0U_Nonscalar_ptr_iterator_tag@0@@Z$2 10014ba0 f    CIL library: CIL module
 0001:00013ba5       __ehhandler$??$_Uninit_move@PAV?$basic_string@_WU?$char_traits@_W@std@@V?$allocator@_W@2@@std@@PAV12@V?$allocator@V?$basic_string@_WU?$char_traits@_W@std@@V?$allocator@_W@2@@std@@@2@V12@@std@@YAPAV?$basic_string@_WU?$char_traits@_W@std@@V?$allocator@_W@2@@0@PAV10@00AAV?$allocator@V?$basic_string@_WU?$char_traits@_W@std@@V?$allocator@_W@2@@std@@@0@0U_Nonscalar_ptr_iterator_tag@0@@Z 10014ba5 f    CIL library: CIL module
 0001:00013bc0       __unwindfunclet$??$_Uninit_move@PAUConfigItem@@PAU1@V?$allocator@UConfigItem@@@std@@U1@@std@@YAPAUConfigItem@@PAU1@00AAV?$allocator@UConfigItem@@@0@0U_Nonscalar_ptr_iterator_tag@0@@Z$2 10014bc0 f    CIL library: CIL module
 0001:00013bc5       __unwindfunclet$??$_Uninit_move@PAUConfigItem@@PAU1@V?$allocator@UConfigItem@@@std@@U1@@std@@YAPAUConfigItem@@PAU1@00AAV?$allocator@UConfigItem@@@0@0U_Nonscalar_ptr_iterator_tag@0@@Z$3 10014bc5 f    CIL library: CIL module
 0001:00013bcd       __ehhandler$??$_Uninit_move@PAUConfigItem@@PAU1@V?$allocator@UConfigItem@@@std@@U1@@std@@YAPAUConfigItem@@PAU1@00AAV?$allocator@UConfigItem@@@0@0U_Nonscalar_ptr_iterator_tag@0@@Z 10014bcd f    CIL library: CIL module
 0001:00013bf0       __unwindfunclet$??$?H_WU?$char_traits@_W@std@@V?$allocator@_W@1@@std@@YA?AV?$basic_string@_WU?$char_traits@_W@std@@V?$allocator@_W@2@@0@ABV10@PB_W@Z$0 10014bf0 f    CIL library: CIL module
 0001:00013c09       __ehhandler$??$?H_WU?$char_traits@_W@std@@V?$allocator@_W@1@@std@@YA?AV?$basic_string@_WU?$char_traits@_W@std@@V?$allocator@_W@2@@0@ABV10@PB_W@Z 10014c09 f    CIL library: CIL module
 0001:00013c30       __ehhandler$?reserve@?$vector@V?$basic_string@_WU?$char_traits@_W@std@@V?$allocator@_W@2@@std@@V?$allocator@V?$basic_string@_WU?$char_traits@_W@std@@V?$allocator@_W@2@@std@@@2@@std@@QAEXI@Z 10014c30 f    CIL library: CIL module
 0001:00013c50       __ehhandler$?reserve@?$vector@UConfigItem@@V?$allocator@UConfigItem@@@std@@@std@@QAEXI@Z 10014c50 f    CIL library: CIL module
 0001:00013c70       __unwindfunclet$?push_back@?$vector@V?$basic_string@_WU?$char_traits@_W@std@@V?$allocator@_W@2@@std@@V?$allocator@V?$basic_string@_WU?$char_traits@_W@std@@V?$allocator@_W@2@@std@@@2@@std@@QAEXABV?$basic_string@_WU?$char_traits@_W@std@@V?$allocator@_W@2@@2@@Z$0 10014c70 f    CIL library: CIL module
 0001:00013c75       __unwindfunclet$?push_back@?$vector@V?$basic_string@_WU?$char_traits@_W@std@@V?$allocator@_W@2@@std@@V?$allocator@V?$basic_string@_WU?$char_traits@_W@std@@V?$allocator@_W@2@@std@@@2@@std@@QAEXABV?$basic_string@_WU?$char_traits@_W@std@@V?$allocator@_W@2@@2@@Z$1 10014c75 f    CIL library: CIL module
 0001:00013c7a       __ehhandler$?push_back@?$vector@V?$basic_string@_WU?$char_traits@_W@std@@V?$allocator@_W@2@@std@@V?$allocator@V?$basic_string@_WU?$char_traits@_W@std@@V?$allocator@_W@2@@std@@@2@@std@@QAEXABV?$basic_string@_WU?$char_traits@_W@std@@V?$allocator@_W@2@@2@@Z 10014c7a f    CIL library: CIL module
 0001:00013ca0       __unwindfunclet$??A?$map@V?$basic_string@_WU?$char_traits@_W@std@@V?$allocator@_W@2@@std@@PAVConfigSection@@U?$less@V?$basic_string@_WU?$char_traits@_W@std@@V?$allocator@_W@2@@std@@@2@V?$allocator@U?$pair@$$CBV?$basic_string@_WU?$char_traits@_W@std@@V?$allocator@_W@2@@std@@PAVConfigSection@@@std@@@2@@std@@QAEAAPAVConfigSection@@ABV?$basic_string@_WU?$char_traits@_W@std@@V?$allocator@_W@2@@1@@Z$0 10014ca0 f    CIL library: CIL module
 0001:00013ca8       __ehhandler$??A?$map@V?$basic_string@_WU?$char_traits@_W@std@@V?$allocator@_W@2@@std@@PAVConfigSection@@U?$less@V?$basic_string@_WU?$char_traits@_W@std@@V?$allocator@_W@2@@std@@@2@V?$allocator@U?$pair@$$CBV?$basic_string@_WU?$char_traits@_W@std@@V?$allocator@_W@2@@std@@PAVConfigSection@@@std@@@2@@std@@QAEAAPAVConfigSection@@ABV?$basic_string@_WU?$char_traits@_W@std@@V?$allocator@_W@2@@1@@Z 10014ca8 f    CIL library: CIL module
 0001:00013cd0       __unwindfunclet$?GetValue@ConfigSection@@QBE_NPB_WPA_WI@Z$0 10014cd0 f    CIL library: CIL module
 0001:00013cd8       __ehhandler$?GetValue@ConfigSection@@QBE_NPB_WPA_WI@Z 10014cd8 f    CIL library: CIL module
 0001:00013d00       __unwindfunclet$?GetValue@ConfigSection@@QBE_NPB_WAAH@Z$0 10014d00 f    CIL library: CIL module
 0001:00013d08       __ehhandler$?GetValue@ConfigSection@@QBE_NPB_WAAH@Z 10014d08 f    CIL library: CIL module
 0001:00013d30       __unwindfunclet$?ToString@ConfigItem@@QBE?AV?$basic_string@_WU?$char_traits@_W@std@@V?$allocator@_W@2@@std@@XZ$0 10014d30 f    CIL library: CIL module
 0001:00013d38       __ehhandler$?ToString@ConfigItem@@QBE?AV?$basic_string@_WU?$char_traits@_W@std@@V?$allocator@_W@2@@std@@XZ 10014d38 f    CIL library: CIL module
 0001:00013d60       __unwindfunclet$??$_Uninit_move@PAUExternalModule@@PAU1@V?$allocator@UExternalModule@@@std@@U1@@std@@YAPAUExternalModule@@PAU1@00AAV?$allocator@UExternalModule@@@0@0U_Nonscalar_ptr_iterator_tag@0@@Z$2 10014d60 f    CIL library: CIL module
 0001:00013d65       __ehhandler$??$_Uninit_move@PAUExternalModule@@PAU1@V?$allocator@UExternalModule@@@std@@U1@@std@@YAPAUExternalModule@@PAU1@00AAV?$allocator@UExternalModule@@@0@0U_Nonscalar_ptr_iterator_tag@0@@Z 10014d65 f    CIL library: CIL module
 0001:00013d80       __ehhandler$?reserve@?$vector@UExternalModule@@V?$allocator@UExternalModule@@@std@@@std@@QAEXI@Z 10014d80 f    CIL library: CIL module
 0001:00013da0       __unwindfunclet$?push_back@?$vector@UExternalModule@@V?$allocator@UExternalModule@@@std@@@std@@QAEXABUExternalModule@@@Z$0 10014da0 f    CIL library: CIL module
 0001:00013da5       __unwindfunclet$?push_back@?$vector@UExternalModule@@V?$allocator@UExternalModule@@@std@@@std@@QAEXABUExternalModule@@@Z$1 10014da5 f    CIL library: CIL module
 0001:00013daa       __ehhandler$?push_back@?$vector@UExternalModule@@V?$allocator@UExternalModule@@@std@@@std@@QAEXABUExternalModule@@@Z 10014daa f    CIL library: CIL module
 0001:00013dd0       __unwindfunclet$??1Config@@QAE@XZ$0 10014dd0 f    CIL library: CIL module
 0001:00013dda       __unwindfunclet$??1Config@@QAE@XZ$2 10014dda f    CIL library: CIL module
 0001:00013de2       __ehhandler$??1Config@@QAE@XZ 10014de2 f    CIL library: CIL module
 0001:00013e00       __unwindfunclet$?GetAll@ConfigSection@@QBE?AV?$basic_string@_WU?$char_traits@_W@std@@V?$allocator@_W@2@@std@@XZ$0 10014e00 f    CIL library: CIL module
 0001:00013e19       __unwindfunclet$?GetAll@ConfigSection@@QBE?AV?$basic_string@_WU?$char_traits@_W@std@@V?$allocator@_W@2@@std@@XZ$1 10014e19 f    CIL library: CIL module
 0001:00013e21       __ehhandler$?GetAll@ConfigSection@@QBE?AV?$basic_string@_WU?$char_traits@_W@std@@V?$allocator@_W@2@@std@@XZ 10014e21 f    CIL library: CIL module
 0001:00013e50       __unwindfunclet$?AddItem@ConfigSection@@QAEXPB_W0@Z$0 10014e50 f    CIL library: CIL module
 0001:00013e58       __unwindfunclet$?AddItem@ConfigSection@@QAEXPB_W0@Z$1 10014e58 f    CIL library: CIL module
 0001:00013e5d       __unwindfunclet$?AddItem@ConfigSection@@QAEXPB_W0@Z$2 10014e5d f    CIL library: CIL module
 0001:00013e65       __unwindfunclet$?AddItem@ConfigSection@@QAEXPB_W0@Z$4 10014e65 f    CIL library: CIL module
 0001:00013e6a       __unwindfunclet$?AddItem@ConfigSection@@QAEXPB_W0@Z$5 10014e6a f    CIL library: CIL module
 0001:00013e72       __ehhandler$?AddItem@ConfigSection@@QAEXPB_W0@Z 10014e72 f    CIL library: CIL module
 0001:00013ea0       __unwindfunclet$?GetFinalExtractionPath@@YA?AV?$basic_string@_WU?$char_traits@_W@std@@V?$allocator@_W@2@@std@@PBVStorageObject@@PBVContentTreeNode@@PB_WH@Z$0 10014ea0 f    CIL library: CIL module
 0001:00013eb9       __ehhandler$?GetFinalExtractionPath@@YA?AV?$basic_string@_WU?$char_traits@_W@std@@V?$allocator@_W@2@@std@@PBVStorageObject@@PBVContentTreeNode@@PB_WH@Z 10014eb9 f    CIL library: CIL module
 0001:00013ee0       __unwindfunclet$?ExtractStorageItem@@YAHPAVStorageObject@@PBVContentTreeNode@@PB_W_NAAHAA_NPAX@Z$0 10014ee0 f    CIL library: CIL module
 0001:00013ee8       __unwindfunclet$?ExtractStorageItem@@YAHPAVStorageObject@@PBVContentTreeNode@@PB_W_NAAHAA_NPAX@Z$1 10014ee8 f    CIL library: CIL module
 0001:00013ef0       __ehhandler$?ExtractStorageItem@@YAHPAVStorageObject@@PBVContentTreeNode@@PB_W_NAAHAA_NPAX@Z 10014ef0 f    CIL library: CIL module
 0001:00013f20       __unwindfunclet$?GetSelectedPanelFilePath@@YA_NAAV?$basic_string@_WU?$char_traits@_W@std@@V?$allocator@_W@2@@std@@@Z$0 10014f20 f    CIL library: CIL module
 0001:00013f28       __ehhandler$?GetSelectedPanelFilePath@@YA_NAAV?$basic_string@_WU?$char_traits@_W@std@@V?$allocator@_W@2@@std@@@Z 10014f28 f    CIL library: CIL module
 0001:00013f50       __unwindfunclet$?ResolveFullPath@@YA?AV?$basic_string@_WU?$char_traits@_W@std@@V?$allocator@_W@2@@std@@PB_W@Z$0 10014f50 f    CIL library: CIL module
 0001:00013f69       __ehhandler$?ResolveFullPath@@YA?AV?$basic_string@_WU?$char_traits@_W@std@@V?$allocator@_W@2@@std@@PB_W@Z 10014f69 f    CIL library: CIL module
 0001:00013f90       __unwindfunclet$??0ExtractSelectedParams@@QAE@PB_W@Z$0 10014f90 f    CIL library: CIL module
 0001:00013f98       __ehhandler$??0ExtractSelectedParams@@QAE@PB_W@Z 10014f98 f    CIL library: CIL module
 0001:00013fc0       __unwindfunclet$?ParseExtensionList@@YAXPB_WAAUExternalModule@@@Z$0 10014fc0 f    CIL library: CIL module
 0001:00013fc8       __ehhandler$?ParseExtensionList@@YAXPB_WAAUExternalModule@@@Z 10014fc8 f    CIL library: CIL module
 0001:00013ff0       __unwindfunclet$??0ExternalModule@@QAE@PB_W0@Z$0 10014ff0 f    CIL library: CIL module
 0001:00013ffb       __unwindfunclet$??0ExternalModule@@QAE@PB_W0@Z$1 10014ffb f    CIL library: CIL module
 0001:00014006       __ehhandler$??0ExternalModule@@QAE@PB_W0@Z 10015006 f    CIL library: CIL module
 0001:00014030       __unwindfunclet$?GetSection@Config@@QAEPAVConfigSection@@PB_W@Z$0 10015030 f    CIL library: CIL module
 0001:00014030       __unwindfunclet$?GetSubDir@ContentTreeNode@@AAEPAV1@PB_W@Z$0 10015030 f    CIL library: CIL module
 0001:00014038       __ehhandler$?GetSection@Config@@QAEPAVConfigSection@@PB_W@Z 10015038 f    CIL library: CIL module
 0001:00014038       __ehhandler$?GetSubDir@ContentTreeNode@@AAEPAV1@PB_W@Z 10015038 f    CIL library: CIL module
 0001:00014060       __unwindfunclet$??0ContentTreeNode@@QAE@HPAUStorageItemInfo@@@Z$0 10015060 f    CIL library: CIL module
 0001:00014068       __unwindfunclet$??0ContentTreeNode@@QAE@HPAUStorageItemInfo@@@Z$1 10015068 f    CIL library: CIL module
 0001:00014073       __unwindfunclet$??0ContentTreeNode@@QAE@HPAUStorageItemInfo@@@Z$2 10015073 f    CIL library: CIL module
 0001:00014080       __unwindfunclet$??0ContentTreeNode@@QAE@HPAUStorageItemInfo@@@Z$3 10015080 f    CIL library: CIL module
 0001:0001408d       __ehhandler$??0ContentTreeNode@@QAE@HPAUStorageItemInfo@@@Z 1001508d f    CIL library: CIL module
 0001:000140b0       __unwindfunclet$??0ContentTreeNode@@QAE@XZ$0 100150b0 f    CIL library: CIL module
 0001:000140bb       __unwindfunclet$??0ContentTreeNode@@QAE@XZ$1 100150bb f    CIL library: CIL module
 0001:000140c9       __unwindfunclet$??0ContentTreeNode@@QAE@XZ$2 100150c9 f    CIL library: CIL module
 0001:000140d9       __unwindfunclet$??0ContentTreeNode@@QAE@XZ$3 100150d9 f    CIL library: CIL module
 0001:000140e9       __ehhandler$??0ContentTreeNode@@QAE@XZ 100150e9 f    CIL library: CIL module
 0001:00014120       __unwindfunclet$?ConfirmExtract@@YA_NHHAAUExtractSelectedParams@@@Z$0 10015120 f    CIL library: CIL module
 0001:0001412d       __unwindfunclet$?ConfirmExtract@@YA_NHHAAUExtractSelectedParams@@@Z$1 1001512d f    CIL library: CIL module
 0001:00014138       __unwindfunclet$?ConfirmExtract@@YA_NHHAAUExtractSelectedParams@@@Z$2 10015138 f    CIL library: CIL module
 0001:00014143       __unwindfunclet$?ConfirmExtract@@YA_NHHAAUExtractSelectedParams@@@Z$3 10015143 f    CIL library: CIL module
 0001:0001414e       __ehhandler$?ConfirmExtract@@YA_NHHAAUExtractSelectedParams@@@Z 1001514e f    CIL library: CIL module
 0001:00014180       __unwindfunclet$?BatchExtract@@YAHPAVStorageObject@@AAV?$vector@PAVContentTreeNode@@V?$allocator@PAVContentTreeNode@@@std@@@std@@_J_NAAUExtractSelectedParams@@@Z$0 10015180 f    CIL library: CIL module
 0001:0001418b       __ehhandler$?BatchExtract@@YAHPAVStorageObject@@AAV?$vector@PAVContentTreeNode@@V?$allocator@PAVContentTreeNode@@@std@@@std@@_J_NAAUExtractSelectedParams@@@Z 1001518b f    CIL library: CIL module
 0001:000141c0       __unwindfunclet$?LoadSettings@@YAXPAVConfig@@@Z$0 100151c0 f    CIL library: CIL module
 0001:000141c8       __ehhandler$?LoadSettings@@YAXPAVConfig@@@Z 100151c8 f    CIL library: CIL module
 0001:000141f0       __unwindfunclet$?Init@ModulesController@@QAEHPB_WPAVConfig@@@Z$0 100151f0 f    CIL library: CIL module
 0001:000141fb       __unwindfunclet$?Init@ModulesController@@QAEHPB_WPAVConfig@@@Z$1 100151fb f    CIL library: CIL module
 0001:0001421d       __unwindfunclet$?Init@ModulesController@@QAEHPB_WPAVConfig@@@Z$2 1001521d f    CIL library: CIL module
 0001:0001423f       __unwindfunclet$?Init@ModulesController@@QAEHPB_WPAVConfig@@@Z$3 1001523f f    CIL library: CIL module
 0001:0001424a       __ehhandler$?Init@ModulesController@@QAEHPB_WPAVConfig@@@Z 1001524a f    CIL library: CIL module
 0001:00014280       __unwindfunclet$?Open@StorageObject@@QAEHPB_W_NH@Z$0 10015280 f    CIL library: CIL module
 0001:0001428e       __ehhandler$?Open@StorageObject@@QAEHPB_W_NH@Z 1001528e f    CIL library: CIL module
 0001:000142c0       __unwindfunclet$?AddFile@ContentTreeNode@@AAEXPAV1@@Z$0 100152c0 f    CIL library: CIL module
 0001:000142cb       __unwindfunclet$?AddFile@ContentTreeNode@@AAEXPAV1@@Z$1 100152cb f    CIL library: CIL module
 0001:000142d6       __unwindfunclet$?AddFile@ContentTreeNode@@AAEXPAV1@@Z$2 100152d6 f    CIL library: CIL module
 0001:000142e1       __ehhandler$?AddFile@ContentTreeNode@@AAEXPAV1@@Z 100152e1 f    CIL library: CIL module
 0001:00014310       __unwindfunclet$?GetChildByName@ContentTreeNode@@QAEPAV1@PB_W@Z$0 10015310 f    CIL library: CIL module
 0001:00014318       __ehhandler$?GetChildByName@ContentTreeNode@@QAEPAV1@PB_W@Z 10015318 f    CIL library: CIL module
 0001:00014340       __unwindfunclet$?insertDummyDirectory@ContentTreeNode@@AAEPAV1@PB_W@Z$0 10015340 f    CIL library: CIL module
 0001:0001434b       __unwindfunclet$?insertDummyDirectory@ContentTreeNode@@AAEPAV1@PB_W@Z$1 1001534b f    CIL library: CIL module
 0001:00014353       __ehhandler$?insertDummyDirectory@ContentTreeNode@@AAEPAV1@PB_W@Z 10015353 f    CIL library: CIL module
 0001:00014380       __unwindfunclet$?AddChild@ContentTreeNode@@QAE_NPA_WPAV1@@Z$0 10015380 f    CIL library: CIL module
 0001:00014388       __ehhandler$?AddChild@ContentTreeNode@@QAE_NPA_WPAV1@@Z 10015388 f    CIL library: CIL module
 0001:000143b0       __unwindfunclet$?AddSection@Config@@QAEPAVConfigSection@@PB_W@Z$0 100153b0 f    CIL library: CIL module
 0001:000143bb       __unwindfunclet$?AddSection@Config@@QAEPAVConfigSection@@PB_W@Z$1 100153bb f    CIL library: CIL module
 0001:000143c3       __ehhandler$?AddSection@Config@@QAEPAVConfigSection@@PB_W@Z 100153c3 f    CIL library: CIL module
 0001:000143f0       __unwindfunclet$?AnalizeStorage@@YA_NPB_W_N@Z$1 100153f0 f    CIL library: CIL module
 0001:000143fb       __ehhandler$?AnalizeStorage@@YA_NPB_W_N@Z 100153fb f    CIL library: CIL module
 0001:00014420       __unwindfunclet$?ReadFileList@StorageObject@@QAEHAA_N@Z$0 10015420 f    CIL library: CIL module
 0001:0001442e       __ehhandler$?ReadFileList@StorageObject@@QAEHAA_N@Z 1001542e f    CIL library: CIL module
 0001:00014460       __unwindfunclet$?OpenStorage@@YAPAXPB_W_NH@Z$1 10015460 f    CIL library: CIL module
 0001:0001446b       __unwindfunclet$?OpenStorage@@YAPAXPB_W_NH@Z$2 1001546b f    CIL library: CIL module
 0001:00014476       __ehhandler$?OpenStorage@@YAPAXPB_W_NH@Z 10015476 f    CIL library: CIL module
 0001:000144a0       __unwindfunclet$??__Fg_pController@@YAXXZ$0 100154a0 f    CIL library: CIL module
 0001:000144a5       __ehhandler$??__Fg_pController@@YAXXZ 100154a5 f    CIL library: CIL module
 0001:000144c0       __ehhandler$?CallUnexpected@@YAXPBU_s_ESTypeList@@@Z 100154c0 f   LIBCMT:frame.obj
 0001:000144e0       ??__Eg_pController@@YAXXZ  100154e0 f    CIL library: CIL module
 0001:000144f0       ??__Fg_pController@@YAXXZ  100154f0 f    CIL library: CIL module
 0001:00014567       ??__Fnomem@?5???2@YAPAXI@Z@YAXXZ 10015567 f   LIBCMT:new.obj
