 FileCase

 Timestamp is 523d61ce (Sat Sep 21 12:07:26 2013)

 Preferred load address is 0000000180000000

 Start         Length     Name                   Class
 0001:00000000 00000048H .idata$5                CODE
 0001:00000050 00000300H .rdata                  CODE
 0001:00000350 00000080H .rdata$debug            CODE
 0001:000003d0 00002cf7H .text                   CODE
 0001:000030c8 00000290H .xdata                  CODE
 0001:00003358 00000014H .idata$2                CODE
 0001:0000336c 00000014H .idata$3                CODE
 0001:00003380 00000048H .idata$4                CODE
 0001:000033c8 00000074H .idata$6                CODE
 0001:00003440 00000091H .edata                  CODE
 0002:00000000 00000000H .data                   DATA
 0002:00000000 000006b0H .bss                    DATA
 0003:00000000 0000027cH .pdata                  DATA
 0004:00000000 00000058H .rsrc$01                DATA
 0004:00000060 00000390H .rsrc$02                DATA

  Address         Publics by Value              Rva+Base               Lib:Object

 0000:00000000       ___safe_se_handler_count   0000000000000000     <absolute>
 0000:00000000       ___safe_se_handler_table   0000000000000000     <absolute>
 0000:00000000       __ImageBase                0000000180000000     <linker-defined>
 0001:00000000       __imp_lstrcpynW            0000000180001000     kernel32:KERNEL32.dll
 0001:00000008       __imp_lstrcpyW             0000000180001008     kernel32:KERNEL32.dll
 0001:00000010       __imp_lstrcatW             0000000180001010     kernel32:KERNEL32.dll
 0001:00000018       __imp_lstrlenW             0000000180001018     kernel32:KERNEL32.dll
 0001:00000020       __imp_MoveFileW            0000000180001020     kernel32:KERNEL32.dll
 0001:00000028       __imp_HeapFree             0000000180001028     kernel32:KERNEL32.dll
 0001:00000030       __imp_GetProcessHeap       0000000180001030     kernel32:KERNEL32.dll
 0001:00000038       __imp_HeapAlloc            0000000180001038     kernel32:KERNEL32.dll
 0001:00000040       \177KERNEL32_NULL_THUNK_DATA 0000000180001040     kernel32:KERNEL32.dll
 0001:00000088       MainGuid                   0000000180001088     FileCase.obj
 0001:00000098       MenuGuid                   0000000180001098     FileCase.obj
 0001:000000a8       DialogGuid                 00000001800010a8     FileCase.obj
 0001:000000b8       ??_7?$DialogItemBinding@UFarDialogItem@@@@6B@ 00000001800010b8     FileCase.obj
 0001:000000c8       ??_7PluginCheckBoxBinding@@6B@ 00000001800010c8     FileCase.obj
 0001:000000d8       ??_7PluginRadioButtonBinding@@6B@ 00000001800010d8     FileCase.obj
 0001:000000e8       ??_7PluginEditFieldBinding@@6B@ 00000001800010e8     FileCase.obj
 0001:000000f8       ??_7PluginIntEditFieldBinding@@6B@ 00000001800010f8     FileCase.obj
 0001:00000108       ??_C@_15EFLNJKHH@?$AA?$CF?$AAu?$AA?$AA@ 0000000180001108     FileCase.obj
 0001:00000110       ??_7?$DialogBuilderBase@UFarDialogItem@@@@6B@ 0000000180001110     FileCase.obj
 0001:00000150       ??_7PluginDialogBuilder@@6B@ 0000000180001150     FileCase.obj
 0001:00000190       ??_C@_11LOCGONAA@?$AA?$AA@ 0000000180001190     FileCase.obj
 0001:00000194       ??_C@_15NKPPEEJO@?$AA?5?$AA_?$AA?$AA@ 0000000180001194     FileCase.obj
 0001:000001a0       ??_C@_1BC@ENICKDH@?$AAC?$AAo?$AAn?$AAt?$AAe?$AAn?$AAt?$AAs?$AA?$AA@ 00000001800011a0     FileCase.obj
 0001:000001b8       ??_C@_1CC@CKMDHNMO@?$AAF?$AAi?$AAl?$AAe?$AAC?$AAa?$AAs?$AAe?$AA_?$AAW?$AAo?$AAr?$AAd?$AAD?$AAi?$AAv?$AA?$AA@ 00000001800011b8     FileCase.obj
 0001:000001e0       ??_C@_1BA@CAKIGJMA@?$AAW?$AAo?$AAr?$AAd?$AAD?$AAi?$AAv?$AA?$AA@ 00000001800011e0     FileCase.obj
 0001:000001f0       ??_C@_1BI@NPBILFDJ@?$AAC?$AAo?$AAn?$AAv?$AAe?$AAr?$AAt?$AAM?$AAo?$AAd?$AAe?$AA?$AA@ 00000001800011f0     FileCase.obj
 0001:00000208       ??_C@_1BO@IKHLKIJC@?$AAC?$AAo?$AAn?$AAv?$AAe?$AAr?$AAt?$AAM?$AAo?$AAd?$AAe?$AAE?$AAx?$AAt?$AA?$AA@ 0000000180001208     FileCase.obj
 0001:00000228       ??_C@_1BM@HMLICANP@?$AAS?$AAk?$AAi?$AAp?$AAM?$AAi?$AAx?$AAe?$AAd?$AAC?$AAa?$AAs?$AAe?$AA?$AA@ 0000000180001228     FileCase.obj
 0001:00000248       ??_C@_1BM@BNELJCPP@?$AAP?$AAr?$AAo?$AAc?$AAe?$AAs?$AAs?$AAS?$AAu?$AAb?$AAD?$AAi?$AAr?$AA?$AA@ 0000000180001248     FileCase.obj
 0001:00000268       ??_C@_1BG@DFJACJCJ@?$AAP?$AAr?$AAo?$AAc?$AAe?$AAs?$AAs?$AAD?$AAi?$AAr?$AA?$AA@ 0000000180001268     FileCase.obj
 0001:00000280       ??_C@_13JOFGPIOO@?$AA?4?$AA?$AA@ 0000000180001280     FileCase.obj
 0001:00000288       ??_C@_1BC@DGHEBOMK@?$AAF?$AAi?$AAl?$AAe?$AAC?$AAa?$AAs?$AAe?$AA?$AA@ 0000000180001288     FileCase.obj
 0001:000002a0       ??_C@_1FG@IEAGHMHI@?$AAF?$AAi?$AAl?$AAe?$AA?5?$AAn?$AAa?$AAm?$AAe?$AAs?$AA?5?$AAc?$AAa?$AAs?$AAe?$AA?5?$AAc?$AAo?$AAn?$AAv?$AAe?$AAr?$AAs?$AAi?$AAo?$AAn?$AA?5?$AAf?$AAo?$AAr?$AA?5?$AAF@ 00000001800012a0     FileCase.obj
 0001:000002f8       ??_C@_1DE@BGKMIKPD@?$AAE?$AAu?$AAg?$AAe?$AAn?$AAe?$AA?5?$AAR?$AAo?$AAs?$AAh?$AAa?$AAl?$AA?5?$AA?$CG?$AA?5?$AAF?$AAa?$AAr?$AA?5?$AAG?$AAr?$AAo?$AAu?$AAp?$AA?$AA@ 00000001800012f8     FileCase.obj
 0001:00000330       __xmm@ffffffffffffffff0000000000000002 0000000180001330     FileCase.obj
 0001:00000340       __xmm@ffffffffffffffffffffffffffffffff 0000000180001340     FileCase.obj
 0001:000003e0       __chkstk                   00000001800013e0 f   chkstk.obj
 0001:000003e0       _alloca_probe              00000001800013e0     chkstk.obj
 0001:00000430       ??0PluginIntEditFieldBinding@@QEAA@AEBUPluginStartupInfo@@PEAPEAXHPEAHH@Z 0000000180001430 f i FileCase.obj
 0001:000004f0       ??1?$DialogBuilderBase@UFarDialogItem@@@@MEAA@XZ 00000001800014f0 f i FileCase.obj
 0001:00000570       ??_E?$DialogBuilderBase@UFarDialogItem@@@@MEAAPEAXI@Z 0000000180001570 f i FileCase.obj
 0001:00000570       ??_G?$DialogBuilderBase@UFarDialogItem@@@@MEAAPEAXI@Z 0000000180001570 f i FileCase.obj
 0001:000005a0       ??_GPluginDialogBuilder@@UEAAPEAXI@Z 00000001800015a0 f i FileCase.obj
 0001:000005a0       ??_EPluginDialogBuilder@@UEAAPEAXI@Z 00000001800015a0 f i FileCase.obj
 0001:000005f0       ??_GPluginRadioButtonBinding@@UEAAPEAXI@Z 00000001800015f0 f i FileCase.obj
 0001:000005f0       ??_GPluginEditFieldBinding@@UEAAPEAXI@Z 00000001800015f0 f i FileCase.obj
 0001:000005f0       ??_EPluginIntEditFieldBinding@@UEAAPEAXI@Z 00000001800015f0 f i FileCase.obj
 0001:000005f0       ??_EPluginEditFieldBinding@@UEAAPEAXI@Z 00000001800015f0 f i FileCase.obj
 0001:000005f0       ??_EPluginRadioButtonBinding@@UEAAPEAXI@Z 00000001800015f0 f i FileCase.obj
 0001:000005f0       ??_G?$DialogItemBinding@UFarDialogItem@@@@UEAAPEAXI@Z 00000001800015f0 f i FileCase.obj
 0001:000005f0       ??_GPluginIntEditFieldBinding@@UEAAPEAXI@Z 00000001800015f0 f i FileCase.obj
 0001:000005f0       ??_E?$DialogItemBinding@UFarDialogItem@@@@UEAAPEAXI@Z 00000001800015f0 f i FileCase.obj
 0001:000005f0       ??_EPluginCheckBoxBinding@@UEAAPEAXI@Z 00000001800015f0 f i FileCase.obj
 0001:000005f0       ??_GPluginCheckBoxBinding@@UEAAPEAXI@Z 00000001800015f0 f i FileCase.obj
 0001:00000620       ?AddButtonAfter@?$DialogBuilderBase@UFarDialogItem@@@@QEAAPEAUFarDialogItem@@PEAU2@H@Z 0000000180001620 f i FileCase.obj
 0001:00000700       ?AddDialogItem@?$DialogBuilderBase@UFarDialogItem@@@@IEAAPEAUFarDialogItem@@W4FARDIALOGITEMTYPES@@PEB_W@Z 0000000180001700 f i FileCase.obj
 0001:00000790       ?AddIntEditField@PluginDialogBuilder@@UEAAPEAUFarDialogItem@@PEAHH@Z 0000000180001790 f i FileCase.obj
 0001:000008a0       ?AddRadioButtons@?$DialogBuilderBase@UFarDialogItem@@@@QEAAXPEAHHQEBH_N@Z 00000001800018a0 f i FileCase.obj
 0001:00000a60       ?CaseConvertion@@YAXXZ     0000000180001a60 f   FileCase.obj
 0001:00001e20       ?CaseWord@@YAXPEA_WH@Z     0000000180002e20 f   FileCase.obj
 0001:00001f10       ?CreateCheckBoxBinding@PluginDialogBuilder@@MEAAPEAU?$DialogItemBinding@UFarDialogItem@@@@PEAHH@Z 0000000180002f10 f i FileCase.obj
 0001:00001f90       ?CreateRadioButtonBinding@PluginDialogBuilder@@MEAAPEAU?$DialogItemBinding@UFarDialogItem@@@@PEAH@Z 0000000180002f90 f i FileCase.obj
 0001:00002000       ?DlgProc@@YA_JPEAX_J10@Z   0000000180003000 f   FileCase.obj
 0001:00002040       ?DoShowDialog@?$DialogBuilderBase@UFarDialogItem@@@@MEAA_JXZ 0000000180003040 f i FileCase.obj
 0001:00002050       ?DoShowDialog@PluginDialogBuilder@@MEAA_JXZ 0000000180003050 f i FileCase.obj
 0001:000020f0       ?EndColumns@?$DialogBuilderBase@UFarDialogItem@@@@QEAAXXZ 00000001800030f0 f i FileCase.obj
 0001:00002220       ?AddIntEditField@?$DialogBuilderBase@UFarDialogItem@@@@UEAAPEAUFarDialogItem@@PEAHH@Z 0000000180003220 f i FileCase.obj
 0001:00002220       ?GetLangString@?$DialogBuilderBase@UFarDialogItem@@@@MEAAPEB_WH@Z 0000000180003220 f i FileCase.obj
 0001:00002220       ?CreateCheckBoxBinding@?$DialogBuilderBase@UFarDialogItem@@@@MEAAPEAU?$DialogItemBinding@UFarDialogItem@@@@PEAHH@Z 0000000180003220 f i FileCase.obj
 0001:00002220       ?CreateRadioButtonBinding@?$DialogBuilderBase@UFarDialogItem@@@@MEAAPEAU?$DialogItemBinding@UFarDialogItem@@@@PEAH@Z 0000000180003220 f i FileCase.obj
 0001:00002230       ?GetLangString@PluginDialogBuilder@@MEAAPEB_WH@Z 0000000180003230 f i FileCase.obj
 0001:00002240       ?InitDialogItem@PluginDialogBuilder@@MEAAXPEAUFarDialogItem@@PEB_W@Z 0000000180003240 f i FileCase.obj
 0001:00002270       ?IsCaseMixed@@YAHPEB_W@Z   0000000180003270 f   FileCase.obj
 0001:00002300       ?ItemWidth@?$DialogBuilderBase@UFarDialogItem@@@@IEAA_JAEBUFarDialogItem@@@Z 0000000180003300 f i FileCase.obj
 0001:00002390       ?MaxTextWidth@?$DialogBuilderBase@UFarDialogItem@@@@IEAA_JXZ 0000000180003390 f i FileCase.obj
 0001:000024c0       ?ProcessName@@YAXPEB_WK@Z  00000001800034c0 f   FileCase.obj
 0001:00002760       ?ReallocDialogItems@?$DialogBuilderBase@UFarDialogItem@@@@IEAAXXZ 0000000180003760 f i FileCase.obj
 0001:000028f0       ?SaveValue@?$DialogItemBinding@UFarDialogItem@@@@UEAAXPEAUFarDialogItem@@H@Z 00000001800038f0 f i FileCase.obj
 0001:000028f0       ?InitDialogItem@?$DialogBuilderBase@UFarDialogItem@@@@MEAAXPEAUFarDialogItem@@PEB_W@Z 00000001800038f0 f i FileCase.obj
 0001:00002900       ?SaveValue@PluginCheckBoxBinding@@UEAAXPEAUFarDialogItem@@H@Z 0000000180003900 f i FileCase.obj
 0001:00002960       ?SaveValue@PluginEditFieldBinding@@UEAAXPEAUFarDialogItem@@H@Z 0000000180003960 f i FileCase.obj
 0001:000029a0       ?SaveValue@PluginIntEditFieldBinding@@UEAAXPEAUFarDialogItem@@H@Z 00000001800039a0 f i FileCase.obj
 0001:000029f0       ?SaveValue@PluginRadioButtonBinding@@UEAAXPEAUFarDialogItem@@H@Z 00000001800039f0 f i FileCase.obj
 0001:00002a40       ?TextWidth@?$DialogBuilderBase@UFarDialogItem@@@@MEAAHAEBUFarDialogItem@@@Z 0000000180003a40 f i FileCase.obj
 0001:00002a50       ?TextWidth@PluginDialogBuilder@@MEAAHAEBUFarDialogItem@@@Z 0000000180003a50 f i FileCase.obj
 0001:00002a60       ?UpdateBorderSize@?$DialogBuilderBase@UFarDialogItem@@@@IEAAXXZ 0000000180003a60 f i FileCase.obj
 0001:00002b20       GetGlobalInfoW             0000000180003b20 f   FileCase.obj
 0001:00002ba0       GetPluginInfoW             0000000180003ba0 f   FileCase.obj
 0001:00002bf0       OpenW                      0000000180003bf0 f   FileCase.obj
 0001:00002c00       SetStartupInfoW            0000000180003c00 f   FileCase.obj
 0001:00002fa0       ??2@YAPEAX_K@Z             0000000180003fa0 f   libCRT64:new.obj
 0001:00002fb0       ??3@YAXPEAX@Z              0000000180003fb0 f   libCRT64:delete.obj
 0001:00002fc0       free                       0000000180003fc0 f   libCRT64:free.obj
 0001:00002ff0       malloc                     0000000180003ff0 f   libCRT64:malloc.obj
 0001:00003020       wcsrchr                    0000000180004020 f   libCRT64:strrchr.obj
 0001:00003050       ??_V@YAXPEAX@Z             0000000180004050 f   libCRT64:delete_array.obj
 0001:00003060       ??_U@YAPEAX_K@Z            0000000180004060 f   libCRT64:new_array.obj
 0001:00003070       memcpy                     0000000180004070 f   libCRT64:memcpy.obj
 0001:000030a0       memset                     00000001800040a0 f   libCRT64:memset.obj
 0001:00003358       __IMPORT_DESCRIPTOR_KERNEL32 0000000180004358     kernel32:KERNEL32.dll
 0001:0000336c       __NULL_IMPORT_DESCRIPTOR   000000018000436c     kernel32:KERNEL32.dll
 0002:00000000       ?Opt@@3UOptions@@A         0000000180005000     FileCase.obj
 0002:00000418       ?ResetButtonID@@3HA        0000000180005418     FileCase.obj
 0002:0000041c       ?WordDivEditID@@3HA        000000018000541c     FileCase.obj

 entry point at        0000:00000000

 Static symbols

 0000:ffff7000       .debug$S                   0000000180000000     kernel32:KERNEL32.dll
 0000:ffff7000       .debug$S                   0000000180000000     kernel32:KERNEL32.dll
 0000:ffff7000       .debug$S                   0000000180000000     kernel32:KERNEL32.dll
 0000:ffff7000       .debug$S                   0000000180000000     kernel32:KERNEL32.dll
 0000:ffff7000       .debug$S                   0000000180000000     kernel32:KERNEL32.dll
 0000:ffff7000       .debug$S                   0000000180000000     kernel32:KERNEL32.dll
 0000:ffff7000       .debug$S                   0000000180000000     kernel32:KERNEL32.dll
 0000:ffff7000       .debug$S                   0000000180000000     kernel32:KERNEL32.dll
 0001:000003d0       $$000000                   00000001800013d0     chkstk.obj
 0001:00000a34       $LN28                      0000000180001a34     FileCase.obj
 0001:00001d68       $LN300                     0000000180002d68     FileCase.obj
 0001:00001d94       $LN299                     0000000180002d94     FileCase.obj
 0001:00001dc0       $LN298                     0000000180002dc0     FileCase.obj
 0001:00001dec       $LN297                     0000000180002dec     FileCase.obj
 0001:000021f4       $LN20                      00000001800031f4     FileCase.obj
 0001:00002364       $LN10                      0000000180003364     FileCase.obj
 0001:00002488       $LN21                      0000000180003488     FileCase.obj
 0001:000030c8       $xdatasym                  00000001800040c8     chkstk.obj
 0001:000030d0       $unwind$OpenW              00000001800040d0     FileCase.obj
 0001:000030d0       $unwind$?DlgProc@@YA_JPEAX_J10@Z 00000001800040d0     FileCase.obj
 0001:000030d0       $unwind$?ItemWidth@?$DialogBuilderBase@UFarDialogItem@@@@IEAA_JAEBUFarDialogItem@@@Z 00000001800040d0     FileCase.obj
 0001:000030d8       $unwind$SetStartupInfoW    00000001800040d8     FileCase.obj
 0001:000030ec       $unwind$??0PluginIntEditFieldBinding@@QEAA@AEBUPluginStartupInfo@@PEAPEAXHPEAHH@Z 00000001800040ec     FileCase.obj
 0001:000030ec       $unwind$??_GPluginDialogBuilder@@UEAAPEAXI@Z 00000001800040ec     FileCase.obj
 0001:000030ec       $unwind$?InitDialogItem@PluginDialogBuilder@@MEAAXPEAUFarDialogItem@@PEB_W@Z 00000001800040ec     FileCase.obj
 0001:000030ec       $unwind$??_G?$DialogBuilderBase@UFarDialogItem@@@@MEAAPEAXI@Z 00000001800040ec     FileCase.obj
 0001:000030ec       $unwind$?CreateRadioButtonBinding@PluginDialogBuilder@@MEAAPEAU?$DialogItemBinding@UFarDialogItem@@@@PEAH@Z 00000001800040ec     FileCase.obj
 0001:000030ec       $unwind$?UpdateBorderSize@?$DialogBuilderBase@UFarDialogItem@@@@IEAAXXZ 00000001800040ec     FileCase.obj
 0001:000030ec       $unwind$?SaveValue@PluginRadioButtonBinding@@UEAAXPEAUFarDialogItem@@H@Z 00000001800040ec     FileCase.obj
 0001:000030ec       $unwind$?IsCaseMixed@@YAHPEB_W@Z 00000001800040ec     FileCase.obj
 0001:000030f8       $unwind$?ReallocDialogItems@?$DialogBuilderBase@UFarDialogItem@@@@IEAAXXZ 00000001800040f8     FileCase.obj
 0001:00003108       $unwind$?AddDialogItem@?$DialogBuilderBase@UFarDialogItem@@@@IEAAPEAUFarDialogItem@@W4FARDIALOGITEMTYPES@@PEB_W@Z 0000000180004108     FileCase.obj
 0001:00003120       $unwind$?MaxTextWidth@?$DialogBuilderBase@UFarDialogItem@@@@IEAA_JXZ 0000000180004120     FileCase.obj
 0001:00003130       $chain$1$?MaxTextWidth@?$DialogBuilderBase@UFarDialogItem@@@@IEAA_JXZ 0000000180004130     FileCase.obj
 0001:00003148       $chain$2$?MaxTextWidth@?$DialogBuilderBase@UFarDialogItem@@@@IEAA_JXZ 0000000180004148     FileCase.obj
 0001:00003158       $chain$3$?MaxTextWidth@?$DialogBuilderBase@UFarDialogItem@@@@IEAA_JXZ 0000000180004158     FileCase.obj
 0001:00003170       $unwind$??1?$DialogBuilderBase@UFarDialogItem@@@@MEAA@XZ 0000000180004170     FileCase.obj
 0001:0000317c       $chain$0$??1?$DialogBuilderBase@UFarDialogItem@@@@MEAA@XZ 000000018000417c     FileCase.obj
 0001:00003190       $chain$1$??1?$DialogBuilderBase@UFarDialogItem@@@@MEAA@XZ 0000000180004190     FileCase.obj
 0001:000031a0       $unwind$?AddRadioButtons@?$DialogBuilderBase@UFarDialogItem@@@@QEAAXPEAHHQEBH_N@Z 00000001800041a0     FileCase.obj
 0001:000031b0       $chain$2$?AddRadioButtons@?$DialogBuilderBase@UFarDialogItem@@@@QEAAXPEAHHQEBH_N@Z 00000001800041b0     FileCase.obj
 0001:000031cc       $chain$3$?AddRadioButtons@?$DialogBuilderBase@UFarDialogItem@@@@QEAAXPEAHHQEBH_N@Z 00000001800041cc     FileCase.obj
 0001:000031dc       $chain$4$?AddRadioButtons@?$DialogBuilderBase@UFarDialogItem@@@@QEAAXPEAHHQEBH_N@Z 00000001800041dc     FileCase.obj
 0001:000031f8       $unwind$?EndColumns@?$DialogBuilderBase@UFarDialogItem@@@@QEAAXXZ 00000001800041f8     FileCase.obj
 0001:00003208       $chain$0$?EndColumns@?$DialogBuilderBase@UFarDialogItem@@@@QEAAXXZ 0000000180004208     FileCase.obj
 0001:0000321c       $chain$1$?EndColumns@?$DialogBuilderBase@UFarDialogItem@@@@QEAAXXZ 000000018000421c     FileCase.obj
 0001:0000322c       $chain$2$?EndColumns@?$DialogBuilderBase@UFarDialogItem@@@@QEAAXXZ 000000018000422c     FileCase.obj
 0001:00003240       $unwind$?DoShowDialog@PluginDialogBuilder@@MEAA_JXZ 0000000180004240     FileCase.obj
 0001:0000324c       $unwind$?AddButtonAfter@?$DialogBuilderBase@UFarDialogItem@@@@QEAAPEAUFarDialogItem@@PEAU2@H@Z 000000018000424c     FileCase.obj
 0001:0000324c       $unwind$?CreateCheckBoxBinding@PluginDialogBuilder@@MEAAPEAU?$DialogItemBinding@UFarDialogItem@@@@PEAHH@Z 000000018000424c     FileCase.obj
 0001:0000325c       $unwind$?AddIntEditField@PluginDialogBuilder@@UEAAPEAUFarDialogItem@@PEAHH@Z 000000018000425c     FileCase.obj
 0001:00003274       $unwind$?CaseWord@@YAXPEA_WH@Z 0000000180004274     FileCase.obj
 0001:0000327c       $chain$0$?CaseWord@@YAXPEA_WH@Z 000000018000427c     FileCase.obj
 0001:00003290       $chain$3$?CaseWord@@YAXPEA_WH@Z 0000000180004290     FileCase.obj
 0001:000032ac       $chain$4$?CaseWord@@YAXPEA_WH@Z 00000001800042ac     FileCase.obj
 0001:000032bc       $chain$5$?CaseWord@@YAXPEA_WH@Z 00000001800042bc     FileCase.obj
 0001:000032cc       $unwind$?ProcessName@@YAXPEB_WK@Z 00000001800042cc     FileCase.obj
 0001:000032dc       $chain$0$?ProcessName@@YAXPEB_WK@Z 00000001800042dc     FileCase.obj
 0001:000032f0       $chain$1$?ProcessName@@YAXPEB_WK@Z 00000001800042f0     FileCase.obj
 0001:00003300       $unwind$?CaseConvertion@@YAXXZ 0000000180004300     FileCase.obj
 0001:0000331c       $unwind$free               000000018000431c     libCRT64:free.obj
 0001:00003324       $unwind$??_GPluginIntEditFieldBinding@@UEAAPEAXI@Z 0000000180004324     libCRT64:malloc.obj
 0001:00003324       $unwind$?SaveValue@PluginEditFieldBinding@@UEAAXPEAUFarDialogItem@@H@Z 0000000180004324     libCRT64:malloc.obj
 0001:00003324       $unwind$??_GPluginEditFieldBinding@@UEAAPEAXI@Z 0000000180004324     libCRT64:malloc.obj
 0001:00003324       $unwind$??_GPluginCheckBoxBinding@@UEAAPEAXI@Z 0000000180004324     libCRT64:malloc.obj
 0001:00003324       $unwind$?SaveValue@PluginCheckBoxBinding@@UEAAXPEAUFarDialogItem@@H@Z 0000000180004324     libCRT64:malloc.obj
 0001:00003324       $unwind$?SaveValue@PluginIntEditFieldBinding@@UEAAXPEAUFarDialogItem@@H@Z 0000000180004324     libCRT64:malloc.obj
 0001:00003324       $unwind$??_G?$DialogItemBinding@UFarDialogItem@@@@UEAAPEAXI@Z 0000000180004324     libCRT64:malloc.obj
 0001:00003324       $unwind$malloc             0000000180004324     libCRT64:malloc.obj
 0001:00003324       $unwind$GetPluginInfoW     0000000180004324     libCRT64:malloc.obj
 0001:00003324       $unwind$??_GPluginRadioButtonBinding@@UEAAPEAXI@Z 0000000180004324     libCRT64:malloc.obj
 0001:0000332c       $unwind$memset             000000018000432c     libCRT64:memset.obj
 0001:00003334       $chain$0$memset            0000000180004334     libCRT64:memset.obj
 0001:00003348       $chain$1$memset            0000000180004348     libCRT64:memset.obj
 0001:0000342e       .idata$6                   000000018000442e     kernel32:KERNEL32.dll
 0001:00003440       .edata                     0000000180004440     FileCase.exp
 0001:00003468       rgpv                       0000000180004468     FileCase.exp
 0001:00003478       rgszName                   0000000180004478     FileCase.exp
 0001:00003488       rgwOrd                     0000000180004488     FileCase.exp
 0001:00003490       szName                     0000000180004490     FileCase.exp
 0001:0000349d       $N00001                    000000018000449d     FileCase.exp
 0001:000034ac       $N00002                    00000001800044ac     FileCase.exp
 0001:000034bb       $N00003                    00000001800044bb     FileCase.exp
 0001:000034c1       $N00004                    00000001800044c1     FileCase.exp
 0002:00000420       Info                       0000000180005420     FileCase.obj
 0002:00000530       FSF                        0000000180005530     FileCase.obj
 0002:000006a8       ?PluginMenuStrings@?1??GetPluginInfoW@@9@4PAPEB_WA 00000001800056a8     FileCase.obj
 0003:0000000c       $pdata$??0PluginIntEditFieldBinding@@QEAA@AEBUPluginStartupInfo@@PEAPEAXHPEAHH@Z 000000018000600c     FileCase.obj
 0003:00000018       $pdata$??1?$DialogBuilderBase@UFarDialogItem@@@@MEAA@XZ 0000000180006018     FileCase.obj
 0003:00000024       $pdata$0$??1?$DialogBuilderBase@UFarDialogItem@@@@MEAA@XZ 0000000180006024     FileCase.obj
 0003:00000030       $pdata$1$??1?$DialogBuilderBase@UFarDialogItem@@@@MEAA@XZ 0000000180006030     FileCase.obj
 0003:0000003c       $pdata$??_G?$DialogBuilderBase@UFarDialogItem@@@@MEAAPEAXI@Z 000000018000603c     FileCase.obj
 0003:00000048       $pdata$??_GPluginDialogBuilder@@UEAAPEAXI@Z 0000000180006048     FileCase.obj
 0003:00000054       $pdata$??_GPluginCheckBoxBinding@@UEAAPEAXI@Z 0000000180006054     FileCase.obj
 0003:00000054       $pdata$??_GPluginIntEditFieldBinding@@UEAAPEAXI@Z 0000000180006054     FileCase.obj
 0003:00000054       $pdata$??_GPluginEditFieldBinding@@UEAAPEAXI@Z 0000000180006054     FileCase.obj
 0003:00000054       $pdata$??_G?$DialogItemBinding@UFarDialogItem@@@@UEAAPEAXI@Z 0000000180006054     FileCase.obj
 0003:00000054       $pdata$??_GPluginRadioButtonBinding@@UEAAPEAXI@Z 0000000180006054     FileCase.obj
 0003:00000060       $pdata$?AddButtonAfter@?$DialogBuilderBase@UFarDialogItem@@@@QEAAPEAUFarDialogItem@@PEAU2@H@Z 0000000180006060     FileCase.obj
 0003:0000006c       $pdata$?AddDialogItem@?$DialogBuilderBase@UFarDialogItem@@@@IEAAPEAUFarDialogItem@@W4FARDIALOGITEMTYPES@@PEB_W@Z 000000018000606c     FileCase.obj
 0003:00000078       $pdata$?AddIntEditField@PluginDialogBuilder@@UEAAPEAUFarDialogItem@@PEAHH@Z 0000000180006078     FileCase.obj
 0003:00000084       $pdata$?AddRadioButtons@?$DialogBuilderBase@UFarDialogItem@@@@QEAAXPEAHHQEBH_N@Z 0000000180006084     FileCase.obj
 0003:00000090       $pdata$2$?AddRadioButtons@?$DialogBuilderBase@UFarDialogItem@@@@QEAAXPEAHHQEBH_N@Z 0000000180006090     FileCase.obj
 0003:0000009c       $pdata$3$?AddRadioButtons@?$DialogBuilderBase@UFarDialogItem@@@@QEAAXPEAHHQEBH_N@Z 000000018000609c     FileCase.obj
 0003:000000a8       $pdata$4$?AddRadioButtons@?$DialogBuilderBase@UFarDialogItem@@@@QEAAXPEAHHQEBH_N@Z 00000001800060a8     FileCase.obj
 0003:000000b4       $pdata$?CaseConvertion@@YAXXZ 00000001800060b4     FileCase.obj
 0003:000000c0       $pdata$?CaseWord@@YAXPEA_WH@Z 00000001800060c0     FileCase.obj
 0003:000000cc       $pdata$0$?CaseWord@@YAXPEA_WH@Z 00000001800060cc     FileCase.obj
 0003:000000d8       $pdata$3$?CaseWord@@YAXPEA_WH@Z 00000001800060d8     FileCase.obj
 0003:000000e4       $pdata$4$?CaseWord@@YAXPEA_WH@Z 00000001800060e4     FileCase.obj
 0003:000000f0       $pdata$5$?CaseWord@@YAXPEA_WH@Z 00000001800060f0     FileCase.obj
 0003:000000fc       $pdata$?CreateCheckBoxBinding@PluginDialogBuilder@@MEAAPEAU?$DialogItemBinding@UFarDialogItem@@@@PEAHH@Z 00000001800060fc     FileCase.obj
 0003:00000108       $pdata$?CreateRadioButtonBinding@PluginDialogBuilder@@MEAAPEAU?$DialogItemBinding@UFarDialogItem@@@@PEAH@Z 0000000180006108     FileCase.obj
 0003:00000114       $pdata$?DlgProc@@YA_JPEAX_J10@Z 0000000180006114     FileCase.obj
 0003:00000120       $pdata$?DoShowDialog@PluginDialogBuilder@@MEAA_JXZ 0000000180006120     FileCase.obj
 0003:0000012c       $pdata$?EndColumns@?$DialogBuilderBase@UFarDialogItem@@@@QEAAXXZ 000000018000612c     FileCase.obj
 0003:00000138       $pdata$0$?EndColumns@?$DialogBuilderBase@UFarDialogItem@@@@QEAAXXZ 0000000180006138     FileCase.obj
 0003:00000144       $pdata$1$?EndColumns@?$DialogBuilderBase@UFarDialogItem@@@@QEAAXXZ 0000000180006144     FileCase.obj
 0003:00000150       $pdata$2$?EndColumns@?$DialogBuilderBase@UFarDialogItem@@@@QEAAXXZ 0000000180006150     FileCase.obj
 0003:0000015c       $pdata$?InitDialogItem@PluginDialogBuilder@@MEAAXPEAUFarDialogItem@@PEB_W@Z 000000018000615c     FileCase.obj
 0003:00000168       $pdata$?IsCaseMixed@@YAHPEB_W@Z 0000000180006168     FileCase.obj
 0003:00000174       $pdata$?ItemWidth@?$DialogBuilderBase@UFarDialogItem@@@@IEAA_JAEBUFarDialogItem@@@Z 0000000180006174     FileCase.obj
 0003:00000180       $pdata$?MaxTextWidth@?$DialogBuilderBase@UFarDialogItem@@@@IEAA_JXZ 0000000180006180     FileCase.obj
 0003:0000018c       $pdata$1$?MaxTextWidth@?$DialogBuilderBase@UFarDialogItem@@@@IEAA_JXZ 000000018000618c     FileCase.obj
 0003:00000198       $pdata$2$?MaxTextWidth@?$DialogBuilderBase@UFarDialogItem@@@@IEAA_JXZ 0000000180006198     FileCase.obj
 0003:000001a4       $pdata$3$?MaxTextWidth@?$DialogBuilderBase@UFarDialogItem@@@@IEAA_JXZ 00000001800061a4     FileCase.obj
 0003:000001b0       $pdata$?ProcessName@@YAXPEB_WK@Z 00000001800061b0     FileCase.obj
 0003:000001bc       $pdata$0$?ProcessName@@YAXPEB_WK@Z 00000001800061bc     FileCase.obj
 0003:000001c8       $pdata$1$?ProcessName@@YAXPEB_WK@Z 00000001800061c8     FileCase.obj
 0003:000001d4       $pdata$?ReallocDialogItems@?$DialogBuilderBase@UFarDialogItem@@@@IEAAXXZ 00000001800061d4     FileCase.obj
 0003:000001e0       $pdata$?SaveValue@PluginCheckBoxBinding@@UEAAXPEAUFarDialogItem@@H@Z 00000001800061e0     FileCase.obj
 0003:000001ec       $pdata$?SaveValue@PluginEditFieldBinding@@UEAAXPEAUFarDialogItem@@H@Z 00000001800061ec     FileCase.obj
 0003:000001f8       $pdata$?SaveValue@PluginIntEditFieldBinding@@UEAAXPEAUFarDialogItem@@H@Z 00000001800061f8     FileCase.obj
 0003:00000204       $pdata$?SaveValue@PluginRadioButtonBinding@@UEAAXPEAUFarDialogItem@@H@Z 0000000180006204     FileCase.obj
 0003:00000210       $pdata$?UpdateBorderSize@?$DialogBuilderBase@UFarDialogItem@@@@IEAAXXZ 0000000180006210     FileCase.obj
 0003:0000021c       $pdata$GetPluginInfoW      000000018000621c     FileCase.obj
 0003:00000228       $pdata$OpenW               0000000180006228     FileCase.obj
 0003:00000234       $pdata$SetStartupInfoW     0000000180006234     FileCase.obj
 0003:00000240       $pdata$free                0000000180006240     libCRT64:free.obj
 0003:0000024c       $pdata$malloc              000000018000624c     libCRT64:malloc.obj
 0003:00000258       $pdata$memset              0000000180006258     libCRT64:memset.obj
 0003:00000264       $pdata$0$memset            0000000180006264     libCRT64:memset.obj
 0003:00000270       $pdata$1$memset            0000000180006270     libCRT64:memset.obj
 0004:00000060       $R000000                   0000000180007060     FileCase.res
