Archive member included because of file (symbol)

v:/apps/mingw32/bin/../lib/gcc/i686-w64-mingw32/4.7.2/../../../../i686-w64-mingw32/lib/../lib/libnetapi32.a(deahs00288.o)
                              ../o/userman.o (NetShareEnum@28)
v:/apps/mingw32/bin/../lib/gcc/i686-w64-mingw32/4.7.2/../../../../i686-w64-mingw32/lib/../lib/libnetapi32.a(deahs00121.o)
                              ../o/userman.o (NetApiBufferFree@4)
v:/apps/mingw32/bin/../lib/gcc/i686-w64-mingw32/4.7.2/../../../../i686-w64-mingw32/lib/../lib/libnetapi32.a(deahs00178.o)
                              ../o/userman.o (NetGroupEnum@28)
v:/apps/mingw32/bin/../lib/gcc/i686-w64-mingw32/4.7.2/../../../../i686-w64-mingw32/lib/../lib/libnetapi32.a(deahs00191.o)
                              ../o/userman.o (NetLocalGroupEnum@28)
v:/apps/mingw32/bin/../lib/gcc/i686-w64-mingw32/4.7.2/../../../../i686-w64-mingw32/lib/../lib/libnetapi32.a(deahs00302.o)
                              ../o/userman.o (NetUserEnum@32)
v:/apps/mingw32/bin/../lib/gcc/i686-w64-mingw32/4.7.2/../../../../i686-w64-mingw32/lib/../lib/libnetapi32.a(deahs00180.o)
                              ../o/userman.o (NetGroupGetUsers@32)
v:/apps/mingw32/bin/../lib/gcc/i686-w64-mingw32/4.7.2/../../../../i686-w64-mingw32/lib/../lib/libnetapi32.a(deahs00193.o)
                              ../o/userman.o (NetLocalGroupGetMembers@32)
v:/apps/mingw32/bin/../lib/gcc/i686-w64-mingw32/4.7.2/../../../../i686-w64-mingw32/lib/../lib/libnetapi32.a(deahs00169.o)
                              ../o/userman.o (NetGetAnyDCName@12)
v:/apps/mingw32/bin/../lib/gcc/i686-w64-mingw32/4.7.2/../../../../i686-w64-mingw32/lib/../lib/libnetapi32.a(deahs00170.o)
                              ../o/userman.o (NetGetDCName@12)
v:/apps/mingw32/bin/../lib/gcc/i686-w64-mingw32/4.7.2/../../../../i686-w64-mingw32/lib/../lib/libnetapi32.a(deahs00290.o)
                              ../o/um_dialogs2.o (NetShareGetInfo@16)
v:/apps/mingw32/bin/../lib/gcc/i686-w64-mingw32/4.7.2/../../../../i686-w64-mingw32/lib/../lib/libnetapi32.a(deahs00291.o)
                              ../o/um_dialogs2.o (NetShareSetInfo@20)
v:/apps/mingw32/bin/../lib/gcc/i686-w64-mingw32/4.7.2/../../../../i686-w64-mingw32/lib/../lib/libnetapi32.a(deahs00283.o)
                              ../o/um_dialogs2.o (NetShareAdd@16)
v:/apps/mingw32/bin/../lib/gcc/i686-w64-mingw32/4.7.2/../../../../i686-w64-mingw32/lib/../lib/libnetapi32.a(deahs00204.o)
                              ../o/um_computer.o (NetQueryDisplayInformation@28)
v:/apps/mingw32/bin/../lib/gcc/i686-w64-mingw32/4.7.2/../../../../i686-w64-mingw32/lib/../lib/libnetapi32.a(deahs00175.o)
                              ../o/um_adds.o (NetGroupAddUser@12)
v:/apps/mingw32/bin/../lib/gcc/i686-w64-mingw32/4.7.2/../../../../i686-w64-mingw32/lib/../lib/libnetapi32.a(deahs00187.o)
                              ../o/um_adds.o (NetLocalGroupAddMembers@20)
v:/apps/mingw32/bin/../lib/gcc/i686-w64-mingw32/4.7.2/../../../../i686-w64-mingw32/lib/../lib/libnetapi32.a(deahs00285.o)
                              ../o/um_dels.o (NetShareDel@12)
v:/apps/mingw32/bin/../lib/gcc/i686-w64-mingw32/4.7.2/../../../../i686-w64-mingw32/lib/../lib/libnetapi32.a(deahs00176.o)
                              ../o/um_dels.o (NetGroupDel@8)
v:/apps/mingw32/bin/../lib/gcc/i686-w64-mingw32/4.7.2/../../../../i686-w64-mingw32/lib/../lib/libnetapi32.a(deahs00188.o)
                              ../o/um_dels.o (NetLocalGroupDel@8)
v:/apps/mingw32/bin/../lib/gcc/i686-w64-mingw32/4.7.2/../../../../i686-w64-mingw32/lib/../lib/libnetapi32.a(deahs00301.o)
                              ../o/um_dels.o (NetUserDel@8)
v:/apps/mingw32/bin/../lib/gcc/i686-w64-mingw32/4.7.2/../../../../i686-w64-mingw32/lib/../lib/libnetapi32.a(deahs00177.o)
                              ../o/um_dels.o (NetGroupDelUser@12)
v:/apps/mingw32/bin/../lib/gcc/i686-w64-mingw32/4.7.2/../../../../i686-w64-mingw32/lib/../lib/libnetapi32.a(deahs00190.o)
                              ../o/um_dels.o (NetLocalGroupDelMembers@20)
v:/apps/mingw32/bin/../lib/gcc/i686-w64-mingw32/4.7.2/../../../../i686-w64-mingw32/lib/../lib/libnetapi32.a(deahs00309.o)
                              ../o/um_manage_user.o (NetUserSetInfo@20)
v:/apps/mingw32/bin/../lib/gcc/i686-w64-mingw32/4.7.2/../../../../i686-w64-mingw32/lib/../lib/libnetapi32.a(deahs00304.o)
                              ../o/um_manage_user.o (NetUserGetInfo@16)
v:/apps/mingw32/bin/../lib/gcc/i686-w64-mingw32/4.7.2/../../../../i686-w64-mingw32/lib/../lib/libnetapi32.a(deahs00299.o)
                              ../o/um_manage_user.o (NetUserAdd@16)
v:/apps/mingw32/bin/../lib/gcc/i686-w64-mingw32/4.7.2/../../../../i686-w64-mingw32/lib/../lib/libnetapi32.a(deahs00179.o)
                              ../o/um_manage_group.o (NetGroupGetInfo@16)
v:/apps/mingw32/bin/../lib/gcc/i686-w64-mingw32/4.7.2/../../../../i686-w64-mingw32/lib/../lib/libnetapi32.a(deahs00192.o)
[...]
Memory Configuration

Name             Origin             Length             Attributes
*default*        0x0000000000000000 0xffffffffffffffff

Linker script and memory map

                0x0000000068180000                __image_base__ = 0x68180000
                0x0000000000000001                __dll__ = 0x1
                0x0000000068180000                ___ImageBase = 0x68180000
                0x0000000000001000                __section_alignment__ = 0x1000
                0x0000000000000200                __file_alignment__ = 0x200
                0x0000000000000004                __major_os_version__ = 0x4
                0x0000000000000000                __minor_os_version__ = 0x0
                0x0000000000000001                __major_image_version__ = 0x1
                0x0000000000000000                __minor_image_version__ = 0x0
                0x0000000000000004                __major_subsystem_version__ = 0x4
                0x0000000000000000                __minor_subsystem_version__ = 0x0
                0x0000000000000003                __subsystem__ = 0x3
                0x0000000000200000                __size_of_stack_reserve__ = 0x200000
                0x0000000000001000                __size_of_stack_commit__ = 0x1000
                0x0000000000100000                __size_of_heap_reserve__ = 0x100000
                0x0000000000001000                __size_of_heap_commit__ = 0x1000
                0x0000000000000000                __loader_flags__ = 0x0
                0x0000000000000000                __dll_characteristics__ = 0x0
LOAD ../o/far_helper.o
LOAD ../o/userman.o
LOAD ../o/um_utils.o
LOAD ../o/um_sid_string.o
LOAD ../o/um_dialogs0.o
LOAD ../o/um_dialogs1.o
LOAD ../o/um_dialogs2.o
LOAD ../o/um_computer.o
LOAD ../o/um_adds.o
LOAD ../o/um_adds_internal.o
LOAD ../o/um_dels.o
LOAD ../o/um_manage_user.o
LOAD ../o/um_manage_group.o
LOAD ../o/um_acl.o
LOAD ../o/um_childs.o
LOAD ../o/um_arrays.o
LOAD ../o/um_config.o
LOAD ../o/um_userdata.o
LOAD ../o/um_sid_cache.o
LOAD ../o/um_current_user.o
LOAD ../o/userman.res.o
LOAD ../bin/userman.dll.exp
LOAD v:/apps/mingw32/bin/../lib/gcc/i686-w64-mingw32/4.7.2/../../../../i686-w64-mingw32/lib/../lib/libnetapi32.a
LOAD v:/apps/mingw32/bin/../lib/gcc/i686-w64-mingw32/4.7.2/../../../../i686-w64-mingw32/lib/../lib/libntdll.a
LOAD v:/apps/mingw32/bin/../lib/gcc/i686-w64-mingw32/4.7.2/../../../../i686-w64-mingw32/lib/../lib/libwinspool.a
LOAD v:/apps/mingw32/bin/../lib/gcc/i686-w64-mingw32/4.7.2/../../../../i686-w64-mingw32/lib/../lib/libmingw32.a
LOAD v:/apps/mingw32/bin/../lib/gcc/i686-w64-mingw32/4.7.2/libgcc_eh.a
LOAD v:/apps/mingw32/bin/../lib/gcc/i686-w64-mingw32/4.7.2/libgcc.a
LOAD v:/apps/mingw32/bin/../lib/gcc/i686-w64-mingw32/4.7.2/../../../../i686-w64-mingw32/lib/../lib/libmoldname.a
LOAD v:/apps/mingw32/bin/../lib/gcc/i686-w64-mingw32/4.7.2/../../../../i686-w64-mingw32/lib/../lib/libmingwex.a
LOAD v:/apps/mingw32/bin/../lib/gcc/i686-w64-mingw32/4.7.2/../../../../i686-w64-mingw32/lib/../lib/libmsvcrt.a
LOAD v:/apps/mingw32/bin/../lib/gcc/i686-w64-mingw32/4.7.2/../../../../i686-w64-mingw32/lib/../lib/libpthread.dll.a
LOAD v:/apps/mingw32/bin/../lib/gcc/i686-w64-mingw32/4.7.2/../../../../i686-w64-mingw32/lib/../lib/libadvapi32.a
LOAD v:/apps/mingw32/bin/../lib/gcc/i686-w64-mingw32/4.7.2/../../../../i686-w64-mingw32/lib/../lib/libshell32.a
LOAD v:/apps/mingw32/bin/../lib/gcc/i686-w64-mingw32/4.7.2/../../../../i686-w64-mingw32/lib/../lib/libuser32.a
LOAD v:/apps/mingw32/bin/../lib/gcc/i686-w64-mingw32/4.7.2/../../../../i686-w64-mingw32/lib/../lib/libkernel32.a
LOAD v:/apps/mingw32/bin/../lib/gcc/i686-w64-mingw32/4.7.2/../../../../i686-w64-mingw32/lib/../lib/libiconv.a
LOAD v:/apps/mingw32/bin/../lib/gcc/i686-w64-mingw32/4.7.2/../../../../i686-w64-mingw32/lib/../lib/libmingw32.a
LOAD v:/apps/mingw32/bin/../lib/gcc/i686-w64-mingw32/4.7.2/libgcc_eh.a
LOAD v:/apps/mingw32/bin/../lib/gcc/i686-w64-mingw32/4.7.2/libgcc.a
LOAD v:/apps/mingw32/bin/../lib/gcc/i686-w64-mingw32/4.7.2/../../../../i686-w64-mingw32/lib/../lib/libmoldname.a
LOAD v:/apps/mingw32/bin/../lib/gcc/i686-w64-mingw32/4.7.2/../../../../i686-w64-mingw32/lib/../lib/libmingwex.a
LOAD v:/apps/mingw32/bin/../lib/gcc/i686-w64-mingw32/4.7.2/../../../../i686-w64-mingw32/lib/../lib/libmsvcrt.a
                0x00000000000002b8                . = SIZEOF_HEADERS
                0x0000000000001000                . = ALIGN (__section_alignment__)

.text           0x0000000068181000     0xd600
 *(.init)
 .init          0x0000000068181000        0x0 ../bin/userman.dll.exp
 *(.text)
 .text          0x0000000068181000      0x8b4 ../o/far_helper.o
                0x0000000068181000                Realloc(wchar_t*&, int&, int)
                0x0000000068181094                Realloc(PluginPanelItem*&, int&, int)
                0x0000000068181124                CFarDialog::~CFarDialog()
                0x0000000068181124                CFarDialog::~CFarDialog()
                0x0000000068181138                CFarDialog::Execute(_GUID const&, _GUID const&, int, int, int, int, wchar_t const*, FarDialogItem*, int, unsigned long, unsigned long, int (*)(void*, int, int, void*), void*)
                0x00000000681811cc                CFarDialog::Str(int)
                0x00000000681811fc                CFarDialog::Check(int)
                0x000000006818122c                CFarDialog::Type(int)
                0x0000000068181266                CFarPanel::CFarPanel(void*, FILE_CONTROL_COMMANDS)
                0x0000000068181266                CFarPanel::CFarPanel(void*, FILE_CONTROL_COMMANDS)
                0x00000000681812c2                CFarPanel::~CFarPanel()
                0x00000000681812c2                CFarPanel::~CFarPanel()
                0x000000006818131a                CFarPanel::CurDir()
                0x00000000681813f8                CFarPanel::operator[](unsigned int)
                0x000000006818148a                CFarPanel::Selected(unsigned int)
                0x000000006818151c                CFarPanelSelection::CFarPanelSelection(void*, bool)
                0x000000006818151c                CFarPanelSelection::CFarPanelSelection(void*, bool)
                0x0000000068181578                CFarPanelSelection::~CFarPanelSelection()
                0x0000000068181578                CFarPanelSelection::~CFarPanelSelection()
                0x00000000681815a6                CFarPanelSelection::operator[](unsigned int)
                0x0000000068181646                CFarSettings::CFarSettings(_GUID const&)
                0x0000000068181646                CFarSettings::CFarSettings(_GUID const&)
                0x00000000681816bc                CFarSettings::~CFarSettings()
                0x00000000681816bc                CFarSettings::~CFarSettings()
                0x00000000681816ea                CFarSettings::Set(wchar_t const*, long long)
                0x0000000068181748                CFarSettings::Set(wchar_t const*, wchar_t const*)
                0x00000000681817b2                CFarSettings::Get(wchar_t const*, long long&)
                0x0000000068181828                CFarSettings::Get(wchar_t const*, wchar_t*, unsigned int)
 .text          0x00000000681818b4     0x3098 ../o/userman.o
                0x0000000068181925                GetGlobalInfoW@4
                0x00000000681819a0                SetStartupInfoW@4
                0x0000000068181c59                GetPluginInfoW@4
                0x0000000068181d18                OpenW@4
                0x0000000068182351                ClosePanelW@4
                0x0000000068182385                GetFindDataW@4
                0x0000000068183ab8                SetDirectoryW@4
                0x0000000068183c2a                FreeFindDataW@4
                0x0000000068183dff                GetOpenPanelInfoW@4
                0x0000000068184201                ProcessPanelInputW@4
                0x00000000681848bb                ConfigureW@4
                0x00000000681848c9                ExitFARW@4
                0x00000000681848dc                CompareW@4
                0x0000000068184941                DllMainCRTStartup@12
 .text          0x000000006818494c      0xe5c ../o/um_utils.o
                0x000000006818494c                GetMsg(int)
                0x000000006818496a                ShowError(unsigned long)
                0x00000000681849ee                ShowCustomError(int)
                0x0000000068184a6d                GetCurrentPath(int, wchar_t*, wchar_t*)
                0x0000000068184c7f                generic_mask_to_file_mask(unsigned long)
                0x0000000068184cc7                generic_mask_to_reg_mask(unsigned long)
                0x0000000068184d0f                generic_mask_to_printer_mask(unsigned long)
                0x0000000068184d57                generic_mask_to_job_mask(unsigned long)
                0x0000000068184d9f                EnablePrivilege(wchar_t const*)
                0x0000000068184e48                IsPrivilegeEnabled(wchar_t const*)
                0x0000000068184f92                CheckChDir(void*, wchar_t const*, wchar_t*, wchar_t*, int*)
                0x00000000681850d9                NumberType(int)
                0x000000006818510a                CreateDefaultSD()
                0x000000006818519c                CreateDefaultAcl(int)
                0x00000000681852cc                get_access_string(int, int)
                0x0000000068185374                wcsaddendslash(wchar_t*)
                0x00000000681853b8                parse_dir(wchar_t*, wchar_t const*, wchar_t const*, int, unsigned long*, wchar_t*, wchar_t*)
                0x00000000681856a1                GetPolicyHandle(wchar_t*)
                0x0000000068185720                RegOpenBackupKeyExW(HKEY__*, wchar_t const*, unsigned long, HKEY__**)
 .text          0x00000000681857a8       0x9c ../o/um_sid_string.o
                0x00000000681857a8                get_sid_string(void*)
 .text          0x0000000068185844      0x660 ../o/um_dialogs0.o
                0x0000000068185961                EditCommonAccess(UserManager*)
 .text          0x0000000068185ea4      0x648 ../o/um_dialogs1.o
                0x00000000681863b1                EditFileAdvancedAccess(UserManager*)
                0x0000000068186410                EditRegAdvancedAccess(UserManager*)
                0x0000000068186459                EditPrinterAdvancedAccess(UserManager*)
                0x00000000681864a2                EditJobAdvancedAccess(UserManager*)
 .text          0x00000000681864ec      0xbe8 ../o/um_dialogs2.o
                0x0000000068186686                EditShareProperties(UserManager*)
                0x0000000068186cab                AddShare(UserManager*)
 .text          0x00000000681870d4      0x438 ../o/um_computer.o
                0x0000000068187135                GetComputer(UserManager*, bool)
 .text          0x000000006818750c      0x3c0 ../o/um_adds.o
                0x000000006818750c                AddOwner(UserManager*, UserManager*, bool)
                0x00000000681875a6                AddACE(UserManager*, UserManager*, bool)
                0x00000000681876a7                AddUserToGroup(UserManager*, UserManager*, bool)
                0x00000000681877d1                AddUserToRight(UserManager*, UserManager*, bool)
 .text          0x00000000681878cc       0xbc ../o/um_adds_internal.o
                0x00000000681878cc                AddOwnerInternal(UserManager*, void*)
 .text          0x0000000068187988      0xe18 ../o/um_dels.o
                0x0000000068187988                TakeOwnership(UserManager*, bool)
                0x00000000681879a6                DeleteACE(UserManager*, bool)
                0x0000000068187c1c                DeleteShare(UserManager*, bool)
                0x0000000068187f34                DeleteGroup(UserManager*, bool)
                0x000000006818817b                RemoveUser(UserManager*, bool)
                0x00000000681883a4                DeleteUser(UserManager*, bool)
                0x000000006818856f                DeleteRightUsers(UserManager*, bool)
 .text          0x00000000681887a0     0x1cc4 ../o/um_manage_user.o
                0x00000000681889cc                UpdateWorkstations(wchar_t*, wchar_t*, wchar_t*)
                0x0000000068188a0a                UpdateDir(wchar_t*, wchar_t*, wchar_t*)
                0x0000000068188a48                UpdateDrive(wchar_t*, wchar_t*, wchar_t*)
                0x0000000068188a86                UpdateScript(wchar_t*, wchar_t*, wchar_t*)
                0x0000000068188ac4                UpdateProfile(wchar_t*, wchar_t*, wchar_t*)
                0x0000000068188b02                UpdateExpired(wchar_t*, wchar_t*, wchar_t*)
                0x0000000068188b7d                UpdatePwd(wchar_t*, wchar_t*, wchar_t*)
                0x0000000068188bbb                UpdateParams(wchar_t*, wchar_t*, wchar_t*)
                0x0000000068188c34                UpdateComment(wchar_t*, wchar_t*, wchar_t*)
                0x0000000068188c72                UpdateDescription(wchar_t*, wchar_t*, wchar_t*)
                0x0000000068188cb0                UpdateFullname(wchar_t*, wchar_t*, wchar_t*)
                0x0000000068188cee                UpdateName(wchar_t*, wchar_t*, wchar_t*)
                0x0000000068189723                UpdateFlag(wchar_t*, wchar_t*, int, unsigned long)
                0x00000000681897ba                UpdateFlag4(wchar_t*, wchar_t*, wchar_t*)
                0x00000000681897e7                UpdateFlag3(wchar_t*, wchar_t*, wchar_t*)
                0x0000000068189814                UpdateFlag2(wchar_t*, wchar_t*, wchar_t*)
                0x0000000068189841                UpdateFlag1(wchar_t*, wchar_t*, wchar_t*)
                0x000000006818986e                ManageUser(UserManager*, bool)
 .text          0x000000006818a464      0x694 ../o/um_manage_group.o
                0x000000006818a54a                ManageGroup(UserManager*, bool, wchar_t const*)
 .text          0x000000006818aaf8      0xbcc ../o/um_acl.o
                0x000000006818aaf8                GetAclState(int, unsigned char, unsigned long)
                0x000000006818ab52                FreeAcl(AclData*)
                0x000000006818abb0                GetAcl(UserManager*, int, AclData**)
                0x000000006818af03                UpdateAcl(UserManager*, int, void*, int, unsigned long, int)
 .text          0x000000006818b6c4     0x129c ../o/um_childs.o
                0x000000006818bee3                ProcessChilds(CFarPanel&)
 .text          0x000000006818c960      0xd90 ../o/um_arrays.o
                0x000000006818c960                CheckTypePerm(unsigned char, unsigned char, unsigned char*, unsigned long*)
                0x000000006818c9ac                CheckTypePermInherited(unsigned char, unsigned char, unsigned char*, unsigned long*)
                0x000000006818ca1e                CheckTypeAudit(unsigned char, unsigned char, unsigned char*, unsigned long*)
                0x000000006818ca6a                CheckTypeInheritedAudit(unsigned char, unsigned char, unsigned char*, unsigned long*)
                0x000000006818cae7                get_plain_panel_title(wchar_t const*)
                0x000000006818cb43                get_user_panel_title(wchar_t const*)
                0x000000006818cb8e                SetPrinterSD(UserManager*, unsigned long, void*)
                0x000000006818cc20                SetShareSD(UserManager*, unsigned long, void*)
                0x000000006818ccac                SetRegSD(UserManager*, unsigned long, void*)
                0x000000006818cd21                SetFileSD(UserManager*, unsigned long, void*)
                0x000000006818cd52                GetPrinterSD(UserManager*, unsigned long)
                0x000000006818ceb4                GetShareSD(UserManager*, unsigned long)
                0x000000006818cf62                GetRegSD(UserManager*, unsigned long)
                0x000000006818d05c                GetFileSD(UserManager*, unsigned long)
                0x000000006818d125                GetPrinterOwner(UserManager*, void**, wchar_t**)
                0x000000006818d297                GetRegOwner(UserManager*, void**, wchar_t**)
                0x000000006818d3f0                GetFileOwner(UserManager*, void**, wchar_t**)
                0x000000006818d524                get_share_panel_title(wchar_t const*)
                0x000000006818d5e3                get_audit_panel_title(wchar_t const*)
                0x000000006818d669                get_access_panel_title(wchar_t const*)
 .text          0x000000006818d6f0      0x51c ../o/um_config.o
                0x000000006818d6f7                Config()
 .text          0x000000006818dc0c      0x198 ../o/um_userdata.o
                0x000000006818dc3d                AddDefaultUserdata(PluginPanelItem*, int, int, int, void*, wchar_t const*, wchar_t const*)
                0x000000006818dd7a                GetLevelFromUserData(void*)
                0x000000006818dd82                GetSortOrderFromUserData(void*)
                0x000000006818dd8a                GetItemTypeFromUserData(void*)
                0x000000006818dd92                GetSidFromUserData(void*)
                0x000000006818dd9a                GetWideNameFromUserData(void*)
 .text          0x000000006818dda4      0x31c ../o/um_sid_cache.o
                0x000000006818dda4                free_sid_cache()
                0x000000006818de2c                GetUserNameEx(wchar_t*, void*, bool, wchar_t**)
 .text          0x000000006818e0c0      0x1fc ../o/um_current_user.o
                0x000000006818e0c0                init_current_user()
                0x000000006818e224                is_current_user(void*)
                0x000000006818e278                current_user()
                0x000000006818e27e                free_current_user()
 .text          0x000000006818e2bc        0x0 ../bin/userman.dll.exp
 .text          0x000000006818e2bc        0x8 v:/apps/mingw32/bin/../lib/gcc/i686-w64-mingw32/4.7.2/../../../../i686-w64-mingw32/lib/../lib/libnetapi32.a(deahs00288.o)
                0x000000006818e2bc                NetShareEnum@28
 .text          0x000000006818e2c4        0x8 v:/apps/mingw32/bin/../lib/gcc/i686-w64-mingw32/4.7.2/../../../../i686-w64-mingw32/lib/../lib/libnetapi32.a(deahs00121.o)
                0x000000006818e2c4                NetApiBufferFree@4
 .text          0x000000006818e2cc        0x8 v:/apps/mingw32/bin/../lib/gcc/i686-w64-mingw32/4.7.2/../../../../i686-w64-mingw32/lib/../lib/libnetapi32.a(deahs00178.o)
                0x000000006818e2cc                NetGroupEnum@28
 .text          0x000000006818e2d4        0x8 v:/apps/mingw32/bin/../lib/gcc/i686-w64-mingw32/4.7.2/../../../../i686-w64-mingw32/lib/../lib/libnetapi32.a(deahs00191.o)
                0x000000006818e2d4                NetLocalGroupEnum@28
 .text          0x000000006818e2dc        0x8 v:/apps/mingw32/bin/../lib/gcc/i686-w64-mingw32/4.7.2/../../../../i686-w64-mingw32/lib/../lib/libnetapi32.a(deahs00302.o)
                0x000000006818e2dc                NetUserEnum@32
 .text          0x000000006818e2e4        0x8 v:/apps/mingw32/bin/../lib/gcc/i686-w64-mingw32/4.7.2/../../../../i686-w64-mingw32/lib/../lib/libnetapi32.a(deahs00180.o)
                0x000000006818e2e4                NetGroupGetUsers@32
 .text          0x000000006818e2ec        0x8 v:/apps/mingw32/bin/../lib/gcc/i686-w64-mingw32/4.7.2/../../../../i686-w64-mingw32/lib/../lib/libnetapi32.a(deahs00193.o)
                0x000000006818e2ec                NetLocalGroupGetMembers@32
 .text          0x000000006818e2f4        0x8 v:/apps/mingw32/bin/../lib/gcc/i686-w64-mingw32/4.7.2/../../../../i686-w64-mingw32/lib/../lib/libnetapi32.a(deahs00169.o)
                0x000000006818e2f4                NetGetAnyDCName@12
 .text          0x000000006818e2fc        0x8 v:/apps/mingw32/bin/../lib/gcc/i686-w64-mingw32/4.7.2/../../../../i686-w64-mingw32/lib/../lib/libnetapi32.a(deahs00170.o)
                0x000000006818e2fc                NetGetDCName@12
 .text          0x000000006818e304        0x8 v:/apps/mingw32/bin/../lib/gcc/i686-w64-mingw32/4.7.2/../../../../i686-w64-mingw32/lib/../lib/libnetapi32.a(deahs00290.o)
                0x000000006818e304                NetShareGetInfo@16
 .text          0x000000006818e30c        0x8 v:/apps/mingw32/bin/../lib/gcc/i686-w64-mingw32/4.7.2/../../../../i686-w64-mingw32/lib/../lib/libnetapi32.a(deahs00291.o)
                0x000000006818e30c                NetShareSetInfo@20
 .text          0x000000006818e314        0x8 v:/apps/mingw32/bin/../lib/gcc/i686-w64-mingw32/4.7.2/../../../../i686-w64-mingw32/lib/../lib/libnetapi32.a(deahs00283.o)
                0x000000006818e314                NetShareAdd@16
 .text          0x000000006818e31c        0x8 v:/apps/mingw32/bin/../lib/gcc/i686-w64-mingw32/4.7.2/../../../../i686-w64-mingw32/lib/../lib/libnetapi32.a(deahs00204.o)
                0x000000006818e31c                NetQueryDisplayInformation@28
 .text          0x000000006818e324        0x8 v:/apps/mingw32/bin/../lib/gcc/i686-w64-mingw32/4.7.2/../../../../i686-w64-mingw32/lib/../lib/libnetapi32.a(deahs00175.o)
                0x000000006818e324                NetGroupAddUser@12
 .text          0x000000006818e32c        0x8 v:/apps/mingw32/bin/../lib/gcc/i686-w64-mingw32/4.7.2/../../../../i686-w64-mingw32/lib/../lib/libnetapi32.a(deahs00187.o)
                0x000000006818e32c                NetLocalGroupAddMembers@20
 .text          0x000000006818e334        0x8 v:/apps/mingw32/bin/../lib/gcc/i686-w64-mingw32/4.7.2/../../../../i686-w64-mingw32/lib/../lib/libnetapi32.a(deahs00285.o)
                0x000000006818e334                NetShareDel@12
 .text          0x000000006818e33c        0x8 v:/apps/mingw32/bin/../lib/gcc/i686-w64-mingw32/4.7.2/../../../../i686-w64-mingw32/lib/../lib/libnetapi32.a(deahs00176.o)
                0x000000006818e33c                NetGroupDel@8
 .text          0x000000006818e344        0x8 v:/apps/mingw32/bin/../lib/gcc/i686-w64-mingw32/4.7.2/../../../../i686-w64-mingw32/lib/../lib/libnetapi32.a(deahs00188.o)
                0x000000006818e344                NetLocalGroupDel@8
 .text          0x000000006818e34c        0x8 v:/apps/mingw32/bin/../lib/gcc/i686-w64-mingw32/4.7.2/../../../../i686-w64-mingw32/lib/../lib/libnetapi32.a(deahs00301.o)
                0x000000006818e34c                NetUserDel@8
 .text          0x000000006818e354        0x8 v:/apps/mingw32/bin/../lib/gcc/i686-w64-mingw32/4.7.2/../../../../i686-w64-mingw32/lib/../lib/libnetapi32.a(deahs00177.o)
                0x000000006818e354                NetGroupDelUser@12
 .text          0x000000006818e35c        0x8 v:/apps/mingw32/bin/../lib/gcc/i686-w64-mingw32/4.7.2/../../../../i686-w64-mingw32/lib/../lib/libnetapi32.a(deahs00190.o)
                0x000000006818e35c                NetLocalGroupDelMembers@20
 .text          0x000000006818e364        0x8 v:/apps/mingw32/bin/../lib/gcc/i686-w64-mingw32/4.7.2/../../../../i686-w64-mingw32/lib/../lib/libnetapi32.a(deahs00309.o)
                0x000000006818e364                NetUserSetInfo@20
 .text          0x000000006818e36c        0x8 v:/apps/mingw32/bin/../lib/gcc/i686-w64-mingw32/4.7.2/../../../../i686-w64-mingw32/lib/../lib/libnetapi32.a(deahs00304.o)
                0x000000006818e36c                NetUserGetInfo@16
 .text          0x000000006818e374        0x8 v:/apps/mingw32/bin/../lib/gcc/i686-w64-mingw32/4.7.2/../../../../i686-w64-mingw32/lib/../lib/libnetapi32.a(deahs00299.o)
                0x000000006818e374                NetUserAdd@16
 .text          0x000000006818e37c        0x8 v:/apps/mingw32/bin/../lib/gcc/i686-w64-mingw32/4.7.2/../../../../i686-w64-mingw32/lib/../lib/libnetapi32.a(deahs00179.o)
                0x000000006818e37c                NetGroupGetInfo@16
 .text          0x000000006818e384        0x8 v:/apps/mingw32/bin/../lib/gcc/i686-w64-mingw32/4.7.2/../../../../i686-w64-mingw32/lib/../lib/libnetapi32.a(deahs00192.o)
                0x000000006818e384                NetLocalGroupGetInfo@16
 .text          0x000000006818e38c        0x8 v:/apps/mingw32/bin/../lib/gcc/i686-w64-mingw32/4.7.2/../../../../i686-w64-mingw32/lib/../lib/libnetapi32.a(deahs00181.o)
                0x000000006818e38c                NetGroupSetInfo@20
 .text          0x000000006818e394        0x8 v:/apps/mingw32/bin/../lib/gcc/i686-w64-mingw32/4.7.2/../../../../i686-w64-mingw32/lib/../lib/libnetapi32.a(deahs00174.o)
                0x000000006818e394                NetGroupAdd@16
 .text          0x000000006818e39c        0x8 v:/apps/mingw32/bin/../lib/gcc/i686-w64-mingw32/4.7.2/../../../../i686-w64-mingw32/lib/../lib/libnetapi32.a(deahs00194.o)
                0x000000006818e39c                NetLocalGroupSetInfo@20
 .text          0x000000006818e3a4        0x8 v:/apps/mingw32/bin/../lib/gcc/i686-w64-mingw32/4.7.2/../../../../i686-w64-mingw32/lib/../lib/libnetapi32.a(deahs00185.o)
                0x000000006818e3a4                NetLocalGroupAdd@16
 .text          0x000000006818e3ac        0x0 v:/apps/mingw32/bin/../lib/gcc/i686-w64-mingw32/4.7.2/../../../../i686-w64-mingw32/lib/../lib/libnetapi32.a(deahh.o)
 .text          0x000000006818e3ac        0x0 v:/apps/mingw32/bin/../lib/gcc/i686-w64-mingw32/4.7.2/../../../../i686-w64-mingw32/lib/../lib/libnetapi32.a(deaht.o)
 .text          0x000000006818e3ac        0x8 v:/apps/mingw32/bin/../lib/gcc/i686-w64-mingw32/4.7.2/../../../../i686-w64-mingw32/lib/../lib/libntdll.a(dqggs02051.o)
                0x000000006818e3ac                wcslen
 .text          0x000000006818e3b4        0x8 v:/apps/mingw32/bin/../lib/gcc/i686-w64-mingw32/4.7.2/../../../../i686-w64-mingw32/lib/../lib/libntdll.a(dqggs02055.o)
                0x000000006818e3b4                wcsncpy
 .text          0x000000006818e3bc        0x8 v:/apps/mingw32/bin/../lib/gcc/i686-w64-mingw32/4.7.2/../../../../i686-w64-mingw32/lib/../lib/libntdll.a(dqggs02048.o)
                0x000000006818e3bc                wcscpy
 .text          0x000000006818e3c4        0x8 v:/apps/mingw32/bin/../lib/gcc/i686-w64-mingw32/4.7.2/../../../../i686-w64-mingw32/lib/../lib/libntdll.a(dqggs01999.o)
                0x000000006818e3c4                memmove
 .text          0x000000006818e3cc        0x8 v:/apps/mingw32/bin/../lib/gcc/i686-w64-mingw32/4.7.2/../../../../i686-w64-mingw32/lib/../lib/libntdll.a(dqggs02047.o)
                0x000000006818e3cc                wcscmp
 .text          0x000000006818e3d4        0x8 v:/apps/mingw32/bin/../lib/gcc/i686-w64-mingw32/4.7.2/../../../../i686-w64-mingw32/lib/../lib/libntdll.a(dqggs02054.o)
                0x000000006818e3d4                wcsncmp
 .text          0x000000006818e3dc        0x8 v:/apps/mingw32/bin/../lib/gcc/i686-w64-mingw32/4.7.2/../../../../i686-w64-mingw32/lib/../lib/libntdll.a(dqggs02046.o)
                0x000000006818e3dc                wcschr
 .text          0x000000006818e3e4        0x8 v:/apps/mingw32/bin/../lib/gcc/i686-w64-mingw32/4.7.2/../../../../i686-w64-mingw32/lib/../lib/libntdll.a(dqggs02044.o)
                0x000000006818e3e4                wcscat
 .text          0x000000006818e3ec        0x8 v:/apps/mingw32/bin/../lib/gcc/i686-w64-mingw32/4.7.2/../../../../i686-w64-mingw32/lib/../lib/libntdll.a(dqggs01996.o)
                0x000000006818e3ec                memcmp
 .text          0x000000006818e3f4        0x8 v:/apps/mingw32/bin/../lib/gcc/i686-w64-mingw32/4.7.2/../../../../i686-w64-mingw32/lib/../lib/libntdll.a(dqggs00699.o)
                0x000000006818e3f4                RtlConvertSidToUnicodeString@12
 .text          0x000000006818e3fc        0x8 v:/apps/mingw32/bin/../lib/gcc/i686-w64-mingw32/4.7.2/../../../../i686-w64-mingw32/lib/../lib/libntdll.a(dqggs00884.o)
                0x000000006818e3fc                RtlFreeUnicodeString@4
 .text          0x000000006818e404        0x0 v:/apps/mingw32/bin/../lib/gcc/i686-w64-mingw32/4.7.2/../../../../i686-w64-mingw32/lib/../lib/libntdll.a(dqggh.o)
 .text          0x000000006818e404        0x0 v:/apps/mingw32/bin/../lib/gcc/i686-w64-mingw32/4.7.2/../../../../i686-w64-mingw32/lib/../lib/libntdll.a(dqggt.o)
 .text          0x000000006818e404        0x8 v:/apps/mingw32/bin/../lib/gcc/i686-w64-mingw32/4.7.2/../../../../i686-w64-mingw32/lib/../lib/libwinspool.a(dqqfs00105.o)
                0x000000006818e404                OpenPrinterW@12
 .text          0x000000006818e40c        0x8 v:/apps/mingw32/bin/../lib/gcc/i686-w64-mingw32/4.7.2/../../../../i686-w64-mingw32/lib/../lib/libwinspool.a(dqqfs00102.o)
                0x000000006818e40c                GetPrinterW@20
 .text          0x000000006818e414        0x8 v:/apps/mingw32/bin/../lib/gcc/i686-w64-mingw32/4.7.2/../../../../i686-w64-mingw32/lib/../lib/libwinspool.a(dqqfs00027.o)
                0x000000006818e414                ClosePrinter@4
 .text          0x000000006818e41c        0x8 v:/apps/mingw32/bin/../lib/gcc/i686-w64-mingw32/4.7.2/../../../../i686-w64-mingw32/lib/../lib/libwinspool.a(dqqfs00123.o)
                0x000000006818e41c                SetPrinterW@16
 .text          0x000000006818e424        0x0 v:/apps/mingw32/bin/../lib/gcc/i686-w64-mingw32/4.7.2/../../../../i686-w64-mingw32/lib/../lib/libwinspool.a(dqqfh.o)
 .text          0x000000006818e424        0x0 v:/apps/mingw32/bin/../lib/gcc/i686-w64-mingw32/4.7.2/../../../../i686-w64-mingw32/lib/../lib/libwinspool.a(dqqft.o)
 .text          0x000000006818e424       0x2c v:/apps/mingw32/bin/../lib/gcc/i686-w64-mingw32/4.7.2/libgcc.a(_chkstk_ms.o)
                0x000000006818e424                __chkstk_ms
 .text          0x000000006818e450        0x8 v:/apps/mingw32/bin/../lib/gcc/i686-w64-mingw32/4.7.2/../../../../i686-w64-mingw32/lib/../lib/libadvapi32.a(dmscs00429.o)
                0x000000006818e450                LsaEnumerateAccountsWithUserRight@16
 .text          0x000000006818e458        0x8 v:/apps/mingw32/bin/../lib/gcc/i686-w64-mingw32/4.7.2/../../../../i686-w64-mingw32/lib/../lib/libadvapi32.a(dmscs00434.o)
                0x000000006818e458                LsaFreeMemory@4
 .text          0x000000006818e460        0x8 v:/apps/mingw32/bin/../lib/gcc/i686-w64-mingw32/4.7.2/../../../../i686-w64-mingw32/lib/../lib/libadvapi32.a(dmscs00420.o)
                0x000000006818e460                LsaClose@4
 .text          0x000000006818e468        0x8 v:/apps/mingw32/bin/../lib/gcc/i686-w64-mingw32/4.7.2/../../../../i686-w64-mingw32/lib/../lib/libadvapi32.a(dmscs00702.o)
                0x000000006818e468                SetSecurityDescriptorDacl@16
 .text          0x000000006818e470        0x8 v:/apps/mingw32/bin/../lib/gcc/i686-w64-mingw32/4.7.2/../../../../i686-w64-mingw32/lib/../lib/libadvapi32.a(dmscs00452.o)
                0x000000006818e470                LsaOpenPolicy@16
 .text          0x000000006818e478        0x8 v:/apps/mingw32/bin/../lib/gcc/i686-w64-mingw32/4.7.2/../../../../i686-w64-mingw32/lib/../lib/libadvapi32.a(dmscs00450.o)
                0x000000006818e478                LsaNtStatusToWinError@4
 .text          0x000000006818e480        0x8 v:/apps/mingw32/bin/../lib/gcc/i686-w64-mingw32/4.7.2/../../../../i686-w64-mingw32/lib/../lib/libadvapi32.a(dmscs00417.o)
                0x000000006818e480                LsaAddAccountRights@16
 .text          0x000000006818e488        0x8 v:/apps/mingw32/bin/../lib/gcc/i686-w64-mingw32/4.7.2/../../../../i686-w64-mingw32/lib/../lib/libadvapi32.a(dmscs00465.o)
                0x000000006818e488                LsaRemoveAccountRights@20
 .text          0x000000006818e490        0x8 v:/apps/mingw32/bin/../lib/gcc/i686-w64-mingw32/4.7.2/../../../../i686-w64-mingw32/lib/../lib/libadvapi32.a(dmscs00706.o)
                0x000000006818e490                SetSecurityDescriptorSacl@16
 .text          0x000000006818e498        0x8 v:/apps/mingw32/bin/../lib/gcc/i686-w64-mingw32/4.7.2/../../../../i686-w64-mingw32/lib/../lib/libadvapi32.a(dmscs00329.o)
                0x000000006818e498                GetSecurityDescriptorDacl@16
 .text          0x000000006818e4a0        0x8 v:/apps/mingw32/bin/../lib/gcc/i686-w64-mingw32/4.7.2/../../../../i686-w64-mingw32/lib/../lib/libadvapi32.a(dmscs00334.o)
                0x000000006818e4a0                GetSecurityDescriptorSacl@16
 .text          0x000000006818e4a8        0x0 v:/apps/mingw32/bin/../lib/gcc/i686-w64-mingw32/4.7.2/../../../../i686-w64-mingw32/lib/../lib/libadvapi32.a(dmsch.o)
 .text          0x000000006818e4a8        0x0 v:/apps/mingw32/bin/../lib/gcc/i686-w64-mingw32/4.7.2/../../../../i686-w64-mingw32/lib/../lib/libadvapi32.a(dmsct.o)
 .text          0x000000006818e4a8        0x0 v:/apps/mingw32/bin/../lib/gcc/i686-w64-mingw32/4.7.2/../../../../i686-w64-mingw32/lib/../lib/libkernel32.a(dgpch.o)
 .text          0x000000006818e4a8        0x0 v:/apps/mingw32/bin/../lib/gcc/i686-w64-mingw32/4.7.2/../../../../i686-w64-mingw32/lib/../lib/libkernel32.a(dgpct.o)
 *(SORT(.text$*))
 *(.text.*)
 *(.gnu.linkonce.t.*)
 *(.glue_7t)
 *(.glue_7)
                0x000000006818e4a8                ___CTOR_LIST__ = .
                0x000000006818e4a8                __CTOR_LIST__ = .
                0x000000006818e4a8        0x4 LONG 0xffffffffffffffff
 *(.ctors)
 *(.ctor)
 *(SORT(.ctors.*))
                0x000000006818e4ac        0x4 LONG 0x0
                0x000000006818e4b0                ___DTOR_LIST__ = .
                0x000000006818e4b0                __DTOR_LIST__ = .
                0x000000006818e4b0        0x4 LONG 0xffffffffffffffff
 *(.dtors)
 *(.dtor)
 *(SORT(.dtors.*))
                0x000000006818e4b4        0x4 LONG 0x0
 *(.fini)
 *(.gcc_exc)
                0x000000006818e4b8                PROVIDE (etext, .)
 *(.gcc_except_table)

.data           0x000000006818f000      0xa00
                0x000000006818f000                __data_start__ = .
 *(.data)
 .data          0x000000006818f000        0x0 ../o/far_helper.o
 .data          0x000000006818f000      0x770 ../o/userman.o
                0x000000006818f014                AddPrivelegeNames
                0x000000006818f094                AddPriveleges
                0x000000006818f114                AddSID
                0x000000006818f5f0                Opt
                0x000000006818f630                IsOldFAR
 .data          0x000000006818f770       0x30 ../o/um_utils.o
 .data          0x000000006818f7a0        0x0 ../o/um_sid_string.o
 .data          0x000000006818f7a0        0x0 ../o/um_dialogs0.o
 .data          0x000000006818f7a0       0xe0 ../o/um_dialogs1.o
 .data          0x000000006818f880        0x0 ../o/um_dialogs2.o
 .data          0x000000006818f880        0x0 ../o/um_computer.o
 .data          0x000000006818f880        0x0 ../o/um_adds.o
 .data          0x000000006818f880        0x0 ../o/um_adds_internal.o
 .data          0x000000006818f880        0x0 ../o/um_dels.o
 .data          0x000000006818f880        0x0 ../o/um_manage_user.o
 .data          0x000000006818f880        0x0 ../o/um_manage_group.o
 .data          0x000000006818f880        0x0 ../o/um_acl.o
 .data          0x000000006818f880        0x0 ../o/um_childs.o
 .data          0x000000006818f880      0x108 ../o/um_arrays.o
                0x000000006818f8a0                common_rights
                0x000000006818f914                plain_dirs_dir
 .data          0x000000006818f988        0x0 ../o/um_config.o
 .data          0x000000006818f988        0x0 ../o/um_userdata.o
 .data          0x000000006818f988        0x0 ../o/um_sid_cache.o
 .data          0x000000006818f988        0x0 ../o/um_current_user.o
 .data          0x000000006818f988        0x0 ../bin/userman.dll.exp
 .data          0x000000006818f988        0x0 v:/apps/mingw32/bin/../lib/gcc/i686-w64-mingw32/4.7.2/../../../../i686-w64-mingw32/lib/../lib/libnetapi32.a(deahs00288.o)
 .data          0x000000006818f988        0x0 v:/apps/mingw32/bin/../lib/gcc/i686-w64-mingw32/4.7.2/../../../../i686-w64-mingw32/lib/../lib/libnetapi32.a(deahs00121.o)
 .data          0x000000006818f988        0x0 v:/apps/mingw32/bin/../lib/gcc/i686-w64-mingw32/4.7.2/../../../../i686-w64-mingw32/lib/../lib/libnetapi32.a(deahs00178.o)
 .data          0x000000006818f988        0x0 v:/apps/mingw32/bin/../lib/gcc/i686-w64-mingw32/4.7.2/../../../../i686-w64-mingw32/lib/../lib/libnetapi32.a(deahs00191.o)
 .data          0x000000006818f988        0x0 v:/apps/mingw32/bin/../lib/gcc/i686-w64-mingw32/4.7.2/../../../../i686-w64-mingw32/lib/../lib/libnetapi32.a(deahs00302.o)
 .data          0x000000006818f988        0x0 v:/apps/mingw32/bin/../lib/gcc/i686-w64-mingw32/4.7.2/../../../../i686-w64-mingw32/lib/../lib/libnetapi32.a(deahs00180.o)
 .data          0x000000006818f988        0x0 v:/apps/mingw32/bin/../lib/gcc/i686-w64-mingw32/4.7.2/../../../../i686-w64-mingw32/lib/../lib/libnetapi32.a(deahs00193.o)
 .data          0x000000006818f988        0x0 v:/apps/mingw32/bin/../lib/gcc/i686-w64-mingw32/4.7.2/../../../../i686-w64-mingw32/lib/../lib/libnetapi32.a(deahs00169.o)
 .data          0x000000006818f988        0x0 v:/apps/mingw32/bin/../lib/gcc/i686-w64-mingw32/4.7.2/../../../../i686-w64-mingw32/lib/../lib/libnetapi32.a(deahs00170.o)
 .data          0x000000006818f988        0x0 v:/apps/mingw32/bin/../lib/gcc/i686-w64-mingw32/4.7.2/../../../../i686-w64-mingw32/lib/../lib/libnetapi32.a(deahs00290.o)
 .data          0x000000006818f988        0x0 v:/apps/mingw32/bin/../lib/gcc/i686-w64-mingw32/4.7.2/../../../../i686-w64-mingw32/lib/../lib/libnetapi32.a(deahs00291.o)
 .data          0x000000006818f988        0x0 v:/apps/mingw32/bin/../lib/gcc/i686-w64-mingw32/4.7.2/../../../../i686-w64-mingw32/lib/../lib/libnetapi32.a(deahs00283.o)
 .data          0x000000006818f988        0x0 v:/apps/mingw32/bin/../lib/gcc/i686-w64-mingw32/4.7.2/../../../../i686-w64-mingw32/lib/../lib/libnetapi32.a(deahs00204.o)
 .data          0x000000006818f988        0x0 v:/apps/mingw32/bin/../lib/gcc/i686-w64-mingw32/4.7.2/../../../../i686-w64-mingw32/lib/../lib/libnetapi32.a(deahs00175.o)
 .data          0x000000006818f988        0x0 v:/apps/mingw32/bin/../lib/gcc/i686-w64-mingw32/4.7.2/../../../../i686-w64-mingw32/lib/../lib/libnetapi32.a(deahs00187.o)
 .data          0x000000006818f988        0x0 v:/apps/mingw32/bin/../lib/gcc/i686-w64-mingw32/4.7.2/../../../../i686-w64-mingw32/lib/../lib/libnetapi32.a(deahs00285.o)
 .data          0x000000006818f988        0x0 v:/apps/mingw32/bin/../lib/gcc/i686-w64-mingw32/4.7.2/../../../../i686-w64-mingw32/lib/../lib/libnetapi32.a(deahs00176.o)
 .data          0x000000006818f988        0x0 v:/apps/mingw32/bin/../lib/gcc/i686-w64-mingw32/4.7.2/../../../../i686-w64-mingw32/lib/../lib/libnetapi32.a(deahs00188.o)
 .data          0x000000006818f988        0x0 v:/apps/mingw32/bin/../lib/gcc/i686-w64-mingw32/4.7.2/../../../../i686-w64-mingw32/lib/../lib/libnetapi32.a(deahs00301.o)
 .data          0x000000006818f988        0x0 v:/apps/mingw32/bin/../lib/gcc/i686-w64-mingw32/4.7.2/../../../../i686-w64-mingw32/lib/../lib/libnetapi32.a(deahs00177.o)
 .data          0x000000006818f988        0x0 v:/apps/mingw32/bin/../lib/gcc/i686-w64-mingw32/4.7.2/../../../../i686-w64-mingw32/lib/../lib/libnetapi32.a(deahs00190.o)
 .data          0x000000006818f988        0x0 v:/apps/mingw32/bin/../lib/gcc/i686-w64-mingw32/4.7.2/../../../../i686-w64-mingw32/lib/../lib/libnetapi32.a(deahs00309.o)
 .data          0x000000006818f988        0x0 v:/apps/mingw32/bin/../lib/gcc/i686-w64-mingw32/4.7.2/../../../../i686-w64-mingw32/lib/../lib/libnetapi32.a(deahs00304.o)
 .data          0x000000006818f988        0x0 v:/apps/mingw32/bin/../lib/gcc/i686-w64-mingw32/4.7.2/../../../../i686-w64-mingw32/lib/../lib/libnetapi32.a(deahs00299.o)
 .data          0x000000006818f988        0x0 v:/apps/mingw32/bin/../lib/gcc/i686-w64-mingw32/4.7.2/../../../../i686-w64-mingw32/lib/../lib/libnetapi32.a(deahs00179.o)
 .data          0x000000006818f988        0x0 v:/apps/mingw32/bin/../lib/gcc/i686-w64-mingw32/4.7.2/../../../../i686-w64-mingw32/lib/../lib/libnetapi32.a(deahs00192.o)
 .data          0x000000006818f988        0x0 v:/apps/mingw32/bin/../lib/gcc/i686-w64-mingw32/4.7.2/../../../../i686-w64-mingw32/lib/../lib/libnetapi32.a(deahs00181.o)
 .data          0x000000006818f988        0x0 v:/apps/mingw32/bin/../lib/gcc/i686-w64-mingw32/4.7.2/../../../../i686-w64-mingw32/lib/../lib/libnetapi32.a(deahs00174.o)
 .data          0x000000006818f988        0x0 v:/apps/mingw32/bin/../lib/gcc/i686-w64-mingw32/4.7.2/../../../../i686-w64-mingw32/lib/../lib/libnetapi32.a(deahs00194.o)
 .data          0x000000006818f988        0x0 v:/apps/mingw32/bin/../lib/gcc/i686-w64-mingw32/4.7.2/../../../../i686-w64-mingw32/lib/../lib/libnetapi32.a(deahs00185.o)
 .data          0x000000006818f988        0x0 v:/apps/mingw32/bin/../lib/gcc/i686-w64-mingw32/4.7.2/../../../../i686-w64-mingw32/lib/../lib/libnetapi32.a(deahh.o)
 .data          0x000000006818f988        0x0 v:/apps/mingw32/bin/../lib/gcc/i686-w64-mingw32/4.7.2/../../../../i686-w64-mingw32/lib/../lib/libnetapi32.a(deaht.o)
 .data          0x000000006818f988        0x0 v:/apps/mingw32/bin/../lib/gcc/i686-w64-mingw32/4.7.2/../../../../i686-w64-mingw32/lib/../lib/libntdll.a(dqggs02051.o)
 .data          0x000000006818f988        0x0 v:/apps/mingw32/bin/../lib/gcc/i686-w64-mingw32/4.7.2/../../../../i686-w64-mingw32/lib/../lib/libntdll.a(dqggs02055.o)
 .data          0x000000006818f988        0x0 v:/apps/mingw32/bin/../lib/gcc/i686-w64-mingw32/4.7.2/../../../../i686-w64-mingw32/lib/../lib/libntdll.a(dqggs01954.o)
 .data          0x000000006818f988        0x0 v:/apps/mingw32/bin/../lib/gcc/i686-w64-mingw32/4.7.2/../../../../i686-w64-mingw32/lib/../lib/libntdll.a(dqggs02048.o)
 .data          0x000000006818f988        0x0 v:/apps/mingw32/bin/../lib/gcc/i686-w64-mingw32/4.7.2/../../../../i686-w64-mingw32/lib/../lib/libntdll.a(dqggs01999.o)
 .data          0x000000006818f988        0x0 v:/apps/mingw32/bin/../lib/gcc/i686-w64-mingw32/4.7.2/../../../../i686-w64-mingw32/lib/../lib/libntdll.a(dqggs02047.o)
 .data          0x000000006818f988        0x0 v:/apps/mingw32/bin/../lib/gcc/i686-w64-mingw32/4.7.2/../../../../i686-w64-mingw32/lib/../lib/libntdll.a(dqggs02054.o)
 .data          0x000000006818f988        0x0 v:/apps/mingw32/bin/../lib/gcc/i686-w64-mingw32/4.7.2/../../../../i686-w64-mingw32/lib/../lib/libntdll.a(dqggs02046.o)
 .data          0x000000006818f988        0x0 v:/apps/mingw32/bin/../lib/gcc/i686-w64-mingw32/4.7.2/../../../../i686-w64-mingw32/lib/../lib/libntdll.a(dqggs02044.o)
 .data          0x000000006818f988        0x0 v:/apps/mingw32/bin/../lib/gcc/i686-w64-mingw32/4.7.2/../../../../i686-w64-mingw32/lib/../lib/libntdll.a(dqggs01996.o)
 .data          0x000000006818f988        0x0 v:/apps/mingw32/bin/../lib/gcc/i686-w64-mingw32/4.7.2/../../../../i686-w64-mingw32/lib/../lib/libntdll.a(dqggs01956.o)
 .data          0x000000006818f988        0x0 v:/apps/mingw32/bin/../lib/gcc/i686-w64-mingw32/4.7.2/../../../../i686-w64-mingw32/lib/../lib/libntdll.a(dqggs00699.o)
 .data          0x000000006818f988        0x0 v:/apps/mingw32/bin/../lib/gcc/i686-w64-mingw32/4.7.2/../../../../i686-w64-mingw32/lib/../lib/libntdll.a(dqggs00884.o)
 .data          0x000000006818f988        0x0 v:/apps/mingw32/bin/../lib/gcc/i686-w64-mingw32/4.7.2/../../../../i686-w64-mingw32/lib/../lib/libntdll.a(dqggh.o)
 .data          0x000000006818f988        0x0 v:/apps/mingw32/bin/../lib/gcc/i686-w64-mingw32/4.7.2/../../../../i686-w64-mingw32/lib/../lib/libntdll.a(dqggt.o)
 .data          0x000000006818f988        0x0 v:/apps/mingw32/bin/../lib/gcc/i686-w64-mingw32/4.7.2/../../../../i686-w64-mingw32/lib/../lib/libwinspool.a(dqqfs00105.o)
 .data          0x000000006818f988        0x0 v:/apps/mingw32/bin/../lib/gcc/i686-w64-mingw32/4.7.2/../../../../i686-w64-mingw32/lib/../lib/libwinspool.a(dqqfs00102.o)
 .data          0x000000006818f988        0x0 v:/apps/mingw32/bin/../lib/gcc/i686-w64-mingw32/4.7.2/../../../../i686-w64-mingw32/lib/../lib/libwinspool.a(dqqfs00027.o)
 .data          0x000000006818f988        0x0 v:/apps/mingw32/bin/../lib/gcc/i686-w64-mingw32/4.7.2/../../../../i686-w64-mingw32/lib/../lib/libwinspool.a(dqqfs00123.o)
 .data          0x000000006818f988        0x0 v:/apps/mingw32/bin/../lib/gcc/i686-w64-mingw32/4.7.2/../../../../i686-w64-mingw32/lib/../lib/libwinspool.a(dqqfh.o)
 .data          0x000000006818f988        0x0 v:/apps/mingw32/bin/../lib/gcc/i686-w64-mingw32/4.7.2/../../../../i686-w64-mingw32/lib/../lib/libwinspool.a(dqqft.o)
 .data          0x000000006818f988        0x0 v:/apps/mingw32/bin/../lib/gcc/i686-w64-mingw32/4.7.2/libgcc.a(_chkstk_ms.o)
 .data          0x000000006818f988        0x0 v:/apps/mingw32/bin/../lib/gcc/i686-w64-mingw32/4.7.2/../../../../i686-w64-mingw32/lib/../lib/libadvapi32.a(dmscs00406.o)
 .data          0x000000006818f988        0x0 v:/apps/mingw32/bin/../lib/gcc/i686-w64-mingw32/4.7.2/../../../../i686-w64-mingw32/lib/../lib/libadvapi32.a(dmscs00032.o)
 .data          0x000000006818f988        0x0 v:/apps/mingw32/bin/../lib/gcc/i686-w64-mingw32/4.7.2/../../../../i686-w64-mingw32/lib/../lib/libadvapi32.a(dmscs00429.o)
 .data          0x000000006818f988        0x0 v:/apps/mingw32/bin/../lib/gcc/i686-w64-mingw32/4.7.2/../../../../i686-w64-mingw32/lib/../lib/libadvapi32.a(dmscs00434.o)
 .data          0x000000006818f988        0x0 v:/apps/mingw32/bin/../lib/gcc/i686-w64-mingw32/4.7.2/../../../../i686-w64-mingw32/lib/../lib/libadvapi32.a(dmscs00420.o)
 .data          0x000000006818f988        0x0 v:/apps/mingw32/bin/../lib/gcc/i686-w64-mingw32/4.7.2/../../../../i686-w64-mingw32/lib/../lib/libadvapi32.a(dmscs00414.o)
 .data          0x000000006818f988        0x0 v:/apps/mingw32/bin/../lib/gcc/i686-w64-mingw32/4.7.2/../../../../i686-w64-mingw32/lib/../lib/libadvapi32.a(dmscs00510.o)
 .data          0x000000006818f988        0x0 v:/apps/mingw32/bin/../lib/gcc/i686-w64-mingw32/4.7.2/../../../../i686-w64-mingw32/lib/../lib/libadvapi32.a(dmscs00031.o)
 .data          0x000000006818f988        0x0 v:/apps/mingw32/bin/../lib/gcc/i686-w64-mingw32/4.7.2/../../../../i686-w64-mingw32/lib/../lib/libadvapi32.a(dmscs00352.o)
 .data          0x000000006818f988        0x0 v:/apps/mingw32/bin/../lib/gcc/i686-w64-mingw32/4.7.2/../../../../i686-w64-mingw32/lib/../lib/libadvapi32.a(dmscs00381.o)
 .data          0x000000006818f988        0x0 v:/apps/mingw32/bin/../lib/gcc/i686-w64-mingw32/4.7.2/../../../../i686-w64-mingw32/lib/../lib/libadvapi32.a(dmscs00702.o)
 .data          0x000000006818f988        0x0 v:/apps/mingw32/bin/../lib/gcc/i686-w64-mingw32/4.7.2/../../../../i686-w64-mingw32/lib/../lib/libadvapi32.a(dmscs00310.o)
 .data          0x000000006818f988        0x0 v:/apps/mingw32/bin/../lib/gcc/i686-w64-mingw32/4.7.2/../../../../i686-w64-mingw32/lib/../lib/libadvapi32.a(dmscs00380.o)
 .data          0x000000006818f988        0x0 v:/apps/mingw32/bin/../lib/gcc/i686-w64-mingw32/4.7.2/../../../../i686-w64-mingw32/lib/../lib/libadvapi32.a(dmscs00016.o)
 .data          0x000000006818f988        0x0 v:/apps/mingw32/bin/../lib/gcc/i686-w64-mingw32/4.7.2/../../../../i686-w64-mingw32/lib/../lib/libadvapi32.a(dmscs00288.o)
 .data          0x000000006818f988        0x0 v:/apps/mingw32/bin/../lib/gcc/i686-w64-mingw32/4.7.2/../../../../i686-w64-mingw32/lib/../lib/libadvapi32.a(dmscs00617.o)
 .data          0x000000006818f988        0x0 v:/apps/mingw32/bin/../lib/gcc/i686-w64-mingw32/4.7.2/../../../../i686-w64-mingw32/lib/../lib/libadvapi32.a(dmscs00577.o)
 .data          0x000000006818f988        0x0 v:/apps/mingw32/bin/../lib/gcc/i686-w64-mingw32/4.7.2/../../../../i686-w64-mingw32/lib/../lib/libadvapi32.a(dmscs00452.o)
 .data          0x000000006818f988        0x0 v:/apps/mingw32/bin/../lib/gcc/i686-w64-mingw32/4.7.2/../../../../i686-w64-mingw32/lib/../lib/libadvapi32.a(dmscs00450.o)
 .data          0x000000006818f988        0x0 v:/apps/mingw32/bin/../lib/gcc/i686-w64-mingw32/4.7.2/../../../../i686-w64-mingw32/lib/../lib/libadvapi32.a(dmscs00417.o)
 .data          0x000000006818f988        0x0 v:/apps/mingw32/bin/../lib/gcc/i686-w64-mingw32/4.7.2/../../../../i686-w64-mingw32/lib/../lib/libadvapi32.a(dmscs00704.o)
 .data          0x000000006818f988        0x0 v:/apps/mingw32/bin/../lib/gcc/i686-w64-mingw32/4.7.2/../../../../i686-w64-mingw32/lib/../lib/libadvapi32.a(dmscs00465.o)
 .data          0x000000006818f988        0x0 v:/apps/mingw32/bin/../lib/gcc/i686-w64-mingw32/4.7.2/../../../../i686-w64-mingw32/lib/../lib/libadvapi32.a(dmscs00292.o)
 .data          0x000000006818f988        0x0 v:/apps/mingw32/bin/../lib/gcc/i686-w64-mingw32/4.7.2/../../../../i686-w64-mingw32/lib/../lib/libadvapi32.a(dmscs00291.o)
 .data          0x000000006818f988        0x0 v:/apps/mingw32/bin/../lib/gcc/i686-w64-mingw32/4.7.2/../../../../i686-w64-mingw32/lib/../lib/libadvapi32.a(dmscs00397.o)
 .data          0x000000006818f988        0x0 v:/apps/mingw32/bin/../lib/gcc/i686-w64-mingw32/4.7.2/../../../../i686-w64-mingw32/lib/../lib/libadvapi32.a(dmscs00263.o)
 .data          0x000000006818f988        0x0 v:/apps/mingw32/bin/../lib/gcc/i686-w64-mingw32/4.7.2/../../../../i686-w64-mingw32/lib/../lib/libadvapi32.a(dmscs00118.o)
 .data          0x000000006818f988        0x0 v:/apps/mingw32/bin/../lib/gcc/i686-w64-mingw32/4.7.2/../../../../i686-w64-mingw32/lib/../lib/libadvapi32.a(dmscs00019.o)
 .data          0x000000006818f988        0x0 v:/apps/mingw32/bin/../lib/gcc/i686-w64-mingw32/4.7.2/../../../../i686-w64-mingw32/lib/../lib/libadvapi32.a(dmscs00023.o)
 .data          0x000000006818f988        0x0 v:/apps/mingw32/bin/../lib/gcc/i686-w64-mingw32/4.7.2/../../../../i686-w64-mingw32/lib/../lib/libadvapi32.a(dmscs00488.o)
 .data          0x000000006818f988        0x0 v:/apps/mingw32/bin/../lib/gcc/i686-w64-mingw32/4.7.2/../../../../i686-w64-mingw32/lib/../lib/libadvapi32.a(dmscs00706.o)
 .data          0x000000006818f988        0x0 v:/apps/mingw32/bin/../lib/gcc/i686-w64-mingw32/4.7.2/../../../../i686-w64-mingw32/lib/../lib/libadvapi32.a(dmscs00641.o)
 .data          0x000000006818f988        0x0 v:/apps/mingw32/bin/../lib/gcc/i686-w64-mingw32/4.7.2/../../../../i686-w64-mingw32/lib/../lib/libadvapi32.a(dmscs00568.o)
 .data          0x000000006818f988        0x0 v:/apps/mingw32/bin/../lib/gcc/i686-w64-mingw32/4.7.2/../../../../i686-w64-mingw32/lib/../lib/libadvapi32.a(dmscs00690.o)
 .data          0x000000006818f988        0x0 v:/apps/mingw32/bin/../lib/gcc/i686-w64-mingw32/4.7.2/../../../../i686-w64-mingw32/lib/../lib/libadvapi32.a(dmscs00600.o)
 .data          0x000000006818f988        0x0 v:/apps/mingw32/bin/../lib/gcc/i686-w64-mingw32/4.7.2/../../../../i686-w64-mingw32/lib/../lib/libadvapi32.a(dmscs00331.o)
 .data          0x000000006818f988        0x0 v:/apps/mingw32/bin/../lib/gcc/i686-w64-mingw32/4.7.2/../../../../i686-w64-mingw32/lib/../lib/libadvapi32.a(dmscs00604.o)
 .data          0x000000006818f988        0x0 v:/apps/mingw32/bin/../lib/gcc/i686-w64-mingw32/4.7.2/../../../../i686-w64-mingw32/lib/../lib/libadvapi32.a(dmscs00304.o)
 .data          0x000000006818f988        0x0 v:/apps/mingw32/bin/../lib/gcc/i686-w64-mingw32/4.7.2/../../../../i686-w64-mingw32/lib/../lib/libadvapi32.a(dmscs00332.o)
 .data          0x000000006818f988        0x0 v:/apps/mingw32/bin/../lib/gcc/i686-w64-mingw32/4.7.2/../../../../i686-w64-mingw32/lib/../lib/libadvapi32.a(dmscs00329.o)
 .data          0x000000006818f988        0x0 v:/apps/mingw32/bin/../lib/gcc/i686-w64-mingw32/4.7.2/../../../../i686-w64-mingw32/lib/../lib/libadvapi32.a(dmscs00334.o)
 .data          0x000000006818f988        0x0 v:/apps/mingw32/bin/../lib/gcc/i686-w64-mingw32/4.7.2/../../../../i686-w64-mingw32/lib/../lib/libadvapi32.a(dmscs00408.o)
 .data          0x000000006818f988        0x0 v:/apps/mingw32/bin/../lib/gcc/i686-w64-mingw32/4.7.2/../../../../i686-w64-mingw32/lib/../lib/libadvapi32.a(dmsch.o)
 .data          0x000000006818f988        0x0 v:/apps/mingw32/bin/../lib/gcc/i686-w64-mingw32/4.7.2/../../../../i686-w64-mingw32/lib/../lib/libadvapi32.a(dmsct.o)
 .data          0x000000006818f988        0x0 v:/apps/mingw32/bin/../lib/gcc/i686-w64-mingw32/4.7.2/../../../../i686-w64-mingw32/lib/../lib/libkernel32.a(dgpcs00586.o)
 .data          0x000000006818f988        0x0 v:/apps/mingw32/bin/../lib/gcc/i686-w64-mingw32/4.7.2/../../../../i686-w64-mingw32/lib/../lib/libkernel32.a(dgpcs00730.o)
 .data          0x000000006818f988        0x0 v:/apps/mingw32/bin/../lib/gcc/i686-w64-mingw32/4.7.2/../../../../i686-w64-mingw32/lib/../lib/libkernel32.a(dgpcs00720.o)
 .data          0x000000006818f988        0x0 v:/apps/mingw32/bin/../lib/gcc/i686-w64-mingw32/4.7.2/../../../../i686-w64-mingw32/lib/../lib/libkernel32.a(dgpcs00726.o)
 .data          0x000000006818f988        0x0 v:/apps/mingw32/bin/../lib/gcc/i686-w64-mingw32/4.7.2/../../../../i686-w64-mingw32/lib/../lib/libkernel32.a(dgpcs00491.o)
 .data          0x000000006818f988        0x0 v:/apps/mingw32/bin/../lib/gcc/i686-w64-mingw32/4.7.2/../../../../i686-w64-mingw32/lib/../lib/libkernel32.a(dgpcs00515.o)
 .data          0x000000006818f988        0x0 v:/apps/mingw32/bin/../lib/gcc/i686-w64-mingw32/4.7.2/../../../../i686-w64-mingw32/lib/../lib/libkernel32.a(dgpcs01078.o)
 .data          0x000000006818f988        0x0 v:/apps/mingw32/bin/../lib/gcc/i686-w64-mingw32/4.7.2/../../../../i686-w64-mingw32/lib/../lib/libkernel32.a(dgpcs00452.o)
 .data          0x000000006818f988        0x0 v:/apps/mingw32/bin/../lib/gcc/i686-w64-mingw32/4.7.2/../../../../i686-w64-mingw32/lib/../lib/libkernel32.a(dgpcs00083.o)
 .data          0x000000006818f988        0x0 v:/apps/mingw32/bin/../lib/gcc/i686-w64-mingw32/4.7.2/../../../../i686-w64-mingw32/lib/../lib/libkernel32.a(dgpcs00146.o)
 .data          0x000000006818f988        0x0 v:/apps/mingw32/bin/../lib/gcc/i686-w64-mingw32/4.7.2/../../../../i686-w64-mingw32/lib/../lib/libkernel32.a(dgpcs00315.o)
 .data          0x000000006818f988        0x0 v:/apps/mingw32/bin/../lib/gcc/i686-w64-mingw32/4.7.2/../../../../i686-w64-mingw32/lib/../lib/libkernel32.a(dgpcs00327.o)
 .data          0x000000006818f988        0x0 v:/apps/mingw32/bin/../lib/gcc/i686-w64-mingw32/4.7.2/../../../../i686-w64-mingw32/lib/../lib/libkernel32.a(dgpcs00304.o)
 .data          0x000000006818f988        0x0 v:/apps/mingw32/bin/../lib/gcc/i686-w64-mingw32/4.7.2/../../../../i686-w64-mingw32/lib/../lib/libkernel32.a(dgpch.o)
 .data          0x000000006818f988        0x0 v:/apps/mingw32/bin/../lib/gcc/i686-w64-mingw32/4.7.2/../../../../i686-w64-mingw32/lib/../lib/libkernel32.a(dgpct.o)
 *(.data2)
 *(SORT(.data$*))
 *(.jcr)
                0x000000006818f988                __data_end__ = .
 *(.data_cygwin_nocopy)

.rdata          0x0000000068190000     0x3200
 *(.rdata)
 .rdata         0x0000000068190000      0xe74 ../o/userman.o
 .rdata         0x0000000068190e74      0x174 ../o/um_utils.o
 .rdata         0x0000000068190fe8       0x24 ../o/um_dialogs0.o
 .rdata         0x000000006819100c       0x28 ../o/um_dialogs1.o
 .rdata         0x0000000068191034       0xa0 ../o/um_dialogs2.o
 .rdata         0x00000000681910d4       0x34 ../o/um_computer.o
 .rdata         0x0000000068191108      0x698 ../o/um_manage_user.o
 .rdata         0x00000000681917a0      0x47c ../o/um_manage_group.o
 .rdata         0x0000000068191c1c       0x2c ../o/um_acl.o
 .rdata         0x0000000068191c48       0x80 ../o/um_childs.o
 .rdata         0x0000000068191cc8     0x1120 ../o/um_arrays.o
                0x0000000068191cdc                sort
                0x0000000068191cfc                label_f7
                0x0000000068191d70                label_shift_f6
                0x0000000068191de4                label_f6
                0x0000000068191e58                label_shift_f4
                0x0000000068191ecc                label_alt_f4
                0x0000000068191f40                label_f4
                0x0000000068191fb4                get_panel_titles
                0x0000000068192028                panel_modes
                0x000000006819209c                common_full_access
                0x0000000068192110                default_acl
                0x0000000068192184                default_mask
                0x00000000681921f8                default_flags
                0x0000000068192218                default_type
                0x0000000068192238                press_f8
                0x00000000681922ac                press_f7
                0x0000000068192320                press_f6
                0x0000000068192394                press_f5
                0x0000000068192408                press_f5_from
                0x0000000068192428                press_alt_f4
                0x000000006819249c                press_shift_f4
                0x0000000068192510                press_f4
                0x0000000068192584                title_type_string
                0x00000000681925f8                title_type
                0x0000000068192618                has_hostfile
                0x0000000068192638                relative_types
                0x000000006819287c                check_ace_type
                0x00000000681928f0                check_ace_type_param
                0x0000000068192910                ace_types
                0x0000000068192930                printer_security_descriptor_access_write
                0x0000000068192954                printer_security_descriptor_access_read
                0x0000000068192978                reg_security_descriptor_access_write
                0x000000006819299c                reg_security_descriptor_access_read
                0x00000000681929c0                set_security_descriptor_acl
                0x00000000681929e4                get_security_descriptor_acl
                0x0000000068192a08                set_security_descriptor
                0x0000000068192a7c                get_security_descriptor
                0x0000000068192af0                security_information
                0x0000000068192b64                perm_dirs_dir
                0x0000000068192b84                plain_dirs_owners
                0x0000000068192bf8                has_nonfixed_dirs
                0x0000000068192c18                nonfixed_dirs
                0x0000000068192c38                root_dirs
                0x0000000068192cac                up_dirs
 .rdata         0x0000000068192de8       0xbc ../o/um_config.o
 .rdata         0x0000000068192ea4       0x20 ../o/um_sid_cache.o
 *(SORT(.rdata$*))
 .rdata$AddShareGuid
                0x0000000068192ec4       0x10 ../o/userman.o
                0x0000000068192ec4                AddShareGuid
 .rdata$ConfigGuid
                0x0000000068192ed4       0x10 ../o/userman.o
                0x0000000068192ed4                ConfigGuid
 .rdata$CustomErrorMessageGuid
                0x0000000068192ee4       0x10 ../o/userman.o
                0x0000000068192ee4                CustomErrorMessageGuid
 .rdata$DelACEMessageGuid
                0x0000000068192ef4       0x10 ../o/userman.o
                0x0000000068192ef4                DelACEMessageGuid
 .rdata$DelGroupMessageGuid
                0x0000000068192f04       0x10 ../o/userman.o
                0x0000000068192f04                DelGroupMessageGuid
 .rdata$DelShareMessageGuid
                0x0000000068192f14       0x10 ../o/userman.o
                0x0000000068192f14                DelShareMessageGuid
 .rdata$DelUserMessageGuid
                0x0000000068192f24       0x10 ../o/userman.o
                0x0000000068192f24                DelUserMessageGuid
 .rdata$DiskGuid
                0x0000000068192f34       0x10 ../o/userman.o
                0x0000000068192f34                DiskGuid
 .rdata$EditAdvancedAccessGuid
                0x0000000068192f44       0x10 ../o/userman.o
                0x0000000068192f44                EditAdvancedAccessGuid
 .rdata$EditCommonAccessGuid
                0x0000000068192f54       0x10 ../o/userman.o
                0x0000000068192f54                EditCommonAccessGuid
 .rdata$EditSharePropertiesGuid
                0x0000000068192f64       0x10 ../o/userman.o
                0x0000000068192f64                EditSharePropertiesGuid
 .rdata$ErrorMessageGuid
                0x0000000068192f74       0x10 ../o/userman.o
                0x0000000068192f74                ErrorMessageGuid
 .rdata$GetComputerGuid
                0x0000000068192f84       0x10 ../o/userman.o
                0x0000000068192f84                GetComputerGuid
 .rdata$MainGuid
                0x0000000068192f94       0x10 ../o/userman.o
                0x0000000068192f94                MainGuid
 .rdata$MainMenuGuid
                0x0000000068192fa4       0x10 ../o/userman.o
                0x0000000068192fa4                MainMenuGuid
 .rdata$ManageGroupGuid
                0x0000000068192fb4       0x10 ../o/userman.o
                0x0000000068192fb4                ManageGroupGuid
 .rdata$ManageUserGuid
                0x0000000068192fc4       0x10 ../o/userman.o
                0x0000000068192fc4                ManageUserGuid
 .rdata$MenuGuid
                0x0000000068192fd4       0x10 ../o/userman.o
                0x0000000068192fd4                MenuGuid
 .rdata$MessageGuid
                0x0000000068192fe4       0x10 ../o/userman.o
                0x0000000068192fe4                MessageGuid
 .rdata$ProcessChildsGuid
                0x0000000068192ff4       0x10 ../o/userman.o
                0x0000000068192ff4                ProcessChildsGuid
 .rdata$ProfileGuid
                0x0000000068193004       0x10 ../o/userman.o
                0x0000000068193004                ProfileGuid
 .rdata$PwdErrorMessageGuid
                0x0000000068193014       0x10 ../o/userman.o
                0x0000000068193014                PwdErrorMessageGuid
 .rdata$RemoveUserMessageGuid
                0x0000000068193024       0x10 ../o/userman.o
                0x0000000068193024                RemoveUserMessageGuid
                0x0000000068193034                __rt_psrelocs_start = .
 *(.rdata_runtime_pseudo_reloc)
                0x0000000068193034                __rt_psrelocs_end = .
                0x0000000000000000                __rt_psrelocs_size = (__rt_psrelocs_end - __rt_psrelocs_start)
                0x0000000068193034                ___RUNTIME_PSEUDO_RELOC_LIST_END__ = .
                0x0000000068193034                __RUNTIME_PSEUDO_RELOC_LIST_END__ = .
                0x0000000068193034                ___RUNTIME_PSEUDO_RELOC_LIST__ = (. - __rt_psrelocs_size)
                0x0000000068193034                __RUNTIME_PSEUDO_RELOC_LIST__ = (. - __rt_psrelocs_size)

.eh_frame
 *(.eh_frame*)

.pdata
 *(.pdata)

.bss            0x0000000068194000      0xfa0
                0x0000000068194000                __bss_start__ = .
 *(.bss)
 .bss           0x0000000068194000        0x0 ../o/far_helper.o
 .bss           0x0000000068194000      0xf88 ../o/userman.o
                0x0000000068194000                FSF
                0x00000000681940bc                Info
 .bss           0x0000000068194f88       0x10 ../o/um_utils.o
 .bss           0x0000000068194f98        0x0 ../o/um_sid_string.o
 .bss           0x0000000068194f98        0x0 ../o/um_dialogs0.o
 .bss           0x0000000068194f98        0x0 ../o/um_dialogs1.o
 .bss           0x0000000068194f98        0x0 ../o/um_dialogs2.o
 .bss           0x0000000068194f98        0x0 ../o/um_computer.o
 .bss           0x0000000068194f98        0x0 ../o/um_adds.o
 .bss           0x0000000068194f98        0x0 ../o/um_adds_internal.o
 .bss           0x0000000068194f98        0x0 ../o/um_dels.o
 .bss           0x0000000068194f98        0x0 ../o/um_manage_user.o
 .bss           0x0000000068194f98        0x0 ../o/um_manage_group.o
 .bss           0x0000000068194f98        0x0 ../o/um_acl.o
 .bss           0x0000000068194f98        0x0 ../o/um_childs.o
 .bss           0x0000000068194f98        0x0 ../o/um_arrays.o
 .bss           0x0000000068194f98        0x0 ../o/um_config.o
 .bss           0x0000000068194f98        0x0 ../o/um_userdata.o
 .bss           0x0000000068194f98        0x4 ../o/um_sid_cache.o
 .bss           0x0000000068194f9c        0x4 ../o/um_current_user.o
 .bss           0x0000000068194fa0        0x0 ../bin/userman.dll.exp
 .bss           0x0000000068194fa0        0x0 v:/apps/mingw32/bin/../lib/gcc/i686-w64-mingw32/4.7.2/../../../../i686-w64-mingw32/lib/../lib/libnetapi32.a(deahs00288.o)
 .bss           0x0000000068194fa0        0x0 v:/apps/mingw32/bin/../lib/gcc/i686-w64-mingw32/4.7.2/../../../../i686-w64-mingw32/lib/../lib/libnetapi32.a(deahs00121.o)
 .bss           0x0000000068194fa0        0x0 v:/apps/mingw32/bin/../lib/gcc/i686-w64-mingw32/4.7.2/../../../../i686-w64-mingw32/lib/../lib/libnetapi32.a(deahs00178.o)
 .bss           0x0000000068194fa0        0x0 v:/apps/mingw32/bin/../lib/gcc/i686-w64-mingw32/4.7.2/../../../../i686-w64-mingw32/lib/../lib/libnetapi32.a(deahs00191.o)
 .bss           0x0000000068194fa0        0x0 v:/apps/mingw32/bin/../lib/gcc/i686-w64-mingw32/4.7.2/../../../../i686-w64-mingw32/lib/../lib/libnetapi32.a(deahs00302.o)
 .bss           0x0000000068194fa0        0x0 v:/apps/mingw32/bin/../lib/gcc/i686-w64-mingw32/4.7.2/../../../../i686-w64-mingw32/lib/../lib/libnetapi32.a(deahs00180.o)
 .bss           0x0000000068194fa0        0x0 v:/apps/mingw32/bin/../lib/gcc/i686-w64-mingw32/4.7.2/../../../../i686-w64-mingw32/lib/../lib/libnetapi32.a(deahs00193.o)
 .bss           0x0000000068194fa0        0x0 v:/apps/mingw32/bin/../lib/gcc/i686-w64-mingw32/4.7.2/../../../../i686-w64-mingw32/lib/../lib/libnetapi32.a(deahs00169.o)
 .bss           0x0000000068194fa0        0x0 v:/apps/mingw32/bin/../lib/gcc/i686-w64-mingw32/4.7.2/../../../../i686-w64-mingw32/lib/../lib/libnetapi32.a(deahs00170.o)
 .bss           0x0000000068194fa0        0x0 v:/apps/mingw32/bin/../lib/gcc/i686-w64-mingw32/4.7.2/../../../../i686-w64-mingw32/lib/../lib/libnetapi32.a(deahs00290.o)
 .bss           0x0000000068194fa0        0x0 v:/apps/mingw32/bin/../lib/gcc/i686-w64-mingw32/4.7.2/../../../../i686-w64-mingw32/lib/../lib/libnetapi32.a(deahs00291.o)
 .bss           0x0000000068194fa0        0x0 v:/apps/mingw32/bin/../lib/gcc/i686-w64-mingw32/4.7.2/../../../../i686-w64-mingw32/lib/../lib/libnetapi32.a(deahs00283.o)
 .bss           0x0000000068194fa0        0x0 v:/apps/mingw32/bin/../lib/gcc/i686-w64-mingw32/4.7.2/../../../../i686-w64-mingw32/lib/../lib/libnetapi32.a(deahs00204.o)
 .bss           0x0000000068194fa0        0x0 v:/apps/mingw32/bin/../lib/gcc/i686-w64-mingw32/4.7.2/../../../../i686-w64-mingw32/lib/../lib/libnetapi32.a(deahs00175.o)
 .bss           0x0000000068194fa0        0x0 v:/apps/mingw32/bin/../lib/gcc/i686-w64-mingw32/4.7.2/../../../../i686-w64-mingw32/lib/../lib/libnetapi32.a(deahs00187.o)
 .bss           0x0000000068194fa0        0x0 v:/apps/mingw32/bin/../lib/gcc/i686-w64-mingw32/4.7.2/../../../../i686-w64-mingw32/lib/../lib/libnetapi32.a(deahs00285.o)
 .bss           0x0000000068194fa0        0x0 v:/apps/mingw32/bin/../lib/gcc/i686-w64-mingw32/4.7.2/../../../../i686-w64-mingw32/lib/../lib/libnetapi32.a(deahs00176.o)
 .bss           0x0000000068194fa0        0x0 v:/apps/mingw32/bin/../lib/gcc/i686-w64-mingw32/4.7.2/../../../../i686-w64-mingw32/lib/../lib/libnetapi32.a(deahs00188.o)
 .bss           0x0000000068194fa0        0x0 v:/apps/mingw32/bin/../lib/gcc/i686-w64-mingw32/4.7.2/../../../../i686-w64-mingw32/lib/../lib/libnetapi32.a(deahs00301.o)
 .bss           0x0000000068194fa0        0x0 v:/apps/mingw32/bin/../lib/gcc/i686-w64-mingw32/4.7.2/../../../../i686-w64-mingw32/lib/../lib/libnetapi32.a(deahs00177.o)
 .bss           0x0000000068194fa0        0x0 v:/apps/mingw32/bin/../lib/gcc/i686-w64-mingw32/4.7.2/../../../../i686-w64-mingw32/lib/../lib/libnetapi32.a(deahs00190.o)
 .bss           0x0000000068194fa0        0x0 v:/apps/mingw32/bin/../lib/gcc/i686-w64-mingw32/4.7.2/../../../../i686-w64-mingw32/lib/../lib/libnetapi32.a(deahs00309.o)
 .bss           0x0000000068194fa0        0x0 v:/apps/mingw32/bin/../lib/gcc/i686-w64-mingw32/4.7.2/../../../../i686-w64-mingw32/lib/../lib/libnetapi32.a(deahs00304.o)
 .bss           0x0000000068194fa0        0x0 v:/apps/mingw32/bin/../lib/gcc/i686-w64-mingw32/4.7.2/../../../../i686-w64-mingw32/lib/../lib/libnetapi32.a(deahs00299.o)
 .bss           0x0000000068194fa0        0x0 v:/apps/mingw32/bin/../lib/gcc/i686-w64-mingw32/4.7.2/../../../../i686-w64-mingw32/lib/../lib/libnetapi32.a(deahs00179.o)
 .bss           0x0000000068194fa0        0x0 v:/apps/mingw32/bin/../lib/gcc/i686-w64-mingw32/4.7.2/../../../../i686-w64-mingw32/lib/../lib/libnetapi32.a(deahs00192.o)
 .bss           0x0000000068194fa0        0x0 v:/apps/mingw32/bin/../lib/gcc/i686-w64-mingw32/4.7.2/../../../../i686-w64-mingw32/lib/../lib/libnetapi32.a(deahs00181.o)
 .bss           0x0000000068194fa0        0x0 v:/apps/mingw32/bin/../lib/gcc/i686-w64-mingw32/4.7.2/../../../../i686-w64-mingw32/lib/../lib/libnetapi32.a(deahs00174.o)
 .bss           0x0000000068194fa0        0x0 v:/apps/mingw32/bin/../lib/gcc/i686-w64-mingw32/4.7.2/../../../../i686-w64-mingw32/lib/../lib/libnetapi32.a(deahs00194.o)
 .bss           0x0000000068194fa0        0x0 v:/apps/mingw32/bin/../lib/gcc/i686-w64-mingw32/4.7.2/../../../../i686-w64-mingw32/lib/../lib/libnetapi32.a(deahs00185.o)
 .bss           0x0000000068194fa0        0x0 v:/apps/mingw32/bin/../lib/gcc/i686-w64-mingw32/4.7.2/../../../../i686-w64-mingw32/lib/../lib/libnetapi32.a(deahh.o)
 .bss           0x0000000068194fa0        0x0 v:/apps/mingw32/bin/../lib/gcc/i686-w64-mingw32/4.7.2/../../../../i686-w64-mingw32/lib/../lib/libnetapi32.a(deaht.o)
 .bss           0x0000000068194fa0        0x0 v:/apps/mingw32/bin/../lib/gcc/i686-w64-mingw32/4.7.2/../../../../i686-w64-mingw32/lib/../lib/libntdll.a(dqggs02051.o)
 .bss           0x0000000068194fa0        0x0 v:/apps/mingw32/bin/../lib/gcc/i686-w64-mingw32/4.7.2/../../../../i686-w64-mingw32/lib/../lib/libntdll.a(dqggs02055.o)
 .bss           0x0000000068194fa0        0x0 v:/apps/mingw32/bin/../lib/gcc/i686-w64-mingw32/4.7.2/../../../../i686-w64-mingw32/lib/../lib/libntdll.a(dqggs01954.o)
 .bss           0x0000000068194fa0        0x0 v:/apps/mingw32/bin/../lib/gcc/i686-w64-mingw32/4.7.2/../../../../i686-w64-mingw32/lib/../lib/libntdll.a(dqggs02048.o)
 .bss           0x0000000068194fa0        0x0 v:/apps/mingw32/bin/../lib/gcc/i686-w64-mingw32/4.7.2/../../../../i686-w64-mingw32/lib/../lib/libntdll.a(dqggs01999.o)
 .bss           0x0000000068194fa0        0x0 v:/apps/mingw32/bin/../lib/gcc/i686-w64-mingw32/4.7.2/../../../../i686-w64-mingw32/lib/../lib/libntdll.a(dqggs02047.o)
 .bss           0x0000000068194fa0        0x0 v:/apps/mingw32/bin/../lib/gcc/i686-w64-mingw32/4.7.2/../../../../i686-w64-mingw32/lib/../lib/libntdll.a(dqggs02054.o)
 .bss           0x0000000068194fa0        0x0 v:/apps/mingw32/bin/../lib/gcc/i686-w64-mingw32/4.7.2/../../../../i686-w64-mingw32/lib/../lib/libntdll.a(dqggs02046.o)
 .bss           0x0000000068194fa0        0x0 v:/apps/mingw32/bin/../lib/gcc/i686-w64-mingw32/4.7.2/../../../../i686-w64-mingw32/lib/../lib/libntdll.a(dqggs02044.o)
 .bss           0x0000000068194fa0        0x0 v:/apps/mingw32/bin/../lib/gcc/i686-w64-mingw32/4.7.2/../../../../i686-w64-mingw32/lib/../lib/libntdll.a(dqggs01996.o)
 .bss           0x0000000068194fa0        0x0 v:/apps/mingw32/bin/../lib/gcc/i686-w64-mingw32/4.7.2/../../../../i686-w64-mingw32/lib/../lib/libntdll.a(dqggs01956.o)
 .bss           0x0000000068194fa0        0x0 v:/apps/mingw32/bin/../lib/gcc/i686-w64-mingw32/4.7.2/../../../../i686-w64-mingw32/lib/../lib/libntdll.a(dqggs00699.o)
 .bss           0x0000000068194fa0        0x0 v:/apps/mingw32/bin/../lib/gcc/i686-w64-mingw32/4.7.2/../../../../i686-w64-mingw32/lib/../lib/libntdll.a(dqggs00884.o)
 .bss           0x0000000068194fa0        0x0 v:/apps/mingw32/bin/../lib/gcc/i686-w64-mingw32/4.7.2/../../../../i686-w64-mingw32/lib/../lib/libntdll.a(dqggh.o)
 .bss           0x0000000068194fa0        0x0 v:/apps/mingw32/bin/../lib/gcc/i686-w64-mingw32/4.7.2/../../../../i686-w64-mingw32/lib/../lib/libntdll.a(dqggt.o)
 .bss           0x0000000068194fa0        0x0 v:/apps/mingw32/bin/../lib/gcc/i686-w64-mingw32/4.7.2/../../../../i686-w64-mingw32/lib/../lib/libwinspool.a(dqqfs00105.o)
 .bss           0x0000000068194fa0        0x0 v:/apps/mingw32/bin/../lib/gcc/i686-w64-mingw32/4.7.2/../../../../i686-w64-mingw32/lib/../lib/libwinspool.a(dqqfs00102.o)
 .bss           0x0000000068194fa0        0x0 v:/apps/mingw32/bin/../lib/gcc/i686-w64-mingw32/4.7.2/../../../../i686-w64-mingw32/lib/../lib/libwinspool.a(dqqfs00027.o)
 .bss           0x0000000068194fa0        0x0 v:/apps/mingw32/bin/../lib/gcc/i686-w64-mingw32/4.7.2/../../../../i686-w64-mingw32/lib/../lib/libwinspool.a(dqqfs00123.o)
 .bss           0x0000000068194fa0        0x0 v:/apps/mingw32/bin/../lib/gcc/i686-w64-mingw32/4.7.2/../../../../i686-w64-mingw32/lib/../lib/libwinspool.a(dqqfh.o)
 .bss           0x0000000068194fa0        0x0 v:/apps/mingw32/bin/../lib/gcc/i686-w64-mingw32/4.7.2/../../../../i686-w64-mingw32/lib/../lib/libwinspool.a(dqqft.o)
 .bss           0x0000000068194fa0        0x0 v:/apps/mingw32/bin/../lib/gcc/i686-w64-mingw32/4.7.2/libgcc.a(_chkstk_ms.o)
 .bss           0x0000000068194fa0        0x0 v:/apps/mingw32/bin/../lib/gcc/i686-w64-mingw32/4.7.2/../../../../i686-w64-mingw32/lib/../lib/libadvapi32.a(dmscs00406.o)
 .bss           0x0000000068194fa0        0x0 v:/apps/mingw32/bin/../lib/gcc/i686-w64-mingw32/4.7.2/../../../../i686-w64-mingw32/lib/../lib/libadvapi32.a(dmscs00032.o)
 .bss           0x0000000068194fa0        0x0 v:/apps/mingw32/bin/../lib/gcc/i686-w64-mingw32/4.7.2/../../../../i686-w64-mingw32/lib/../lib/libadvapi32.a(dmscs00429.o)
 .bss           0x0000000068194fa0        0x0 v:/apps/mingw32/bin/../lib/gcc/i686-w64-mingw32/4.7.2/../../../../i686-w64-mingw32/lib/../lib/libadvapi32.a(dmscs00434.o)
 .bss           0x0000000068194fa0        0x0 v:/apps/mingw32/bin/../lib/gcc/i686-w64-mingw32/4.7.2/../../../../i686-w64-mingw32/lib/../lib/libadvapi32.a(dmscs00420.o)
 .bss           0x0000000068194fa0        0x0 v:/apps/mingw32/bin/../lib/gcc/i686-w64-mingw32/4.7.2/../../../../i686-w64-mingw32/lib/../lib/libadvapi32.a(dmscs00414.o)
 .bss           0x0000000068194fa0        0x0 v:/apps/mingw32/bin/../lib/gcc/i686-w64-mingw32/4.7.2/../../../../i686-w64-mingw32/lib/../lib/libadvapi32.a(dmscs00510.o)
 .bss           0x0000000068194fa0        0x0 v:/apps/mingw32/bin/../lib/gcc/i686-w64-mingw32/4.7.2/../../../../i686-w64-mingw32/lib/../lib/libadvapi32.a(dmscs00031.o)
 .bss           0x0000000068194fa0        0x0 v:/apps/mingw32/bin/../lib/gcc/i686-w64-mingw32/4.7.2/../../../../i686-w64-mingw32/lib/../lib/libadvapi32.a(dmscs00352.o)
 .bss           0x0000000068194fa0        0x0 v:/apps/mingw32/bin/../lib/gcc/i686-w64-mingw32/4.7.2/../../../../i686-w64-mingw32/lib/../lib/libadvapi32.a(dmscs00381.o)
 .bss           0x0000000068194fa0        0x0 v:/apps/mingw32/bin/../lib/gcc/i686-w64-mingw32/4.7.2/../../../../i686-w64-mingw32/lib/../lib/libadvapi32.a(dmscs00702.o)
 .bss           0x0000000068194fa0        0x0 v:/apps/mingw32/bin/../lib/gcc/i686-w64-mingw32/4.7.2/../../../../i686-w64-mingw32/lib/../lib/libadvapi32.a(dmscs00310.o)
 .bss           0x0000000068194fa0        0x0 v:/apps/mingw32/bin/../lib/gcc/i686-w64-mingw32/4.7.2/../../../../i686-w64-mingw32/lib/../lib/libadvapi32.a(dmscs00380.o)
 .bss           0x0000000068194fa0        0x0 v:/apps/mingw32/bin/../lib/gcc/i686-w64-mingw32/4.7.2/../../../../i686-w64-mingw32/lib/../lib/libadvapi32.a(dmscs00016.o)
 .bss           0x0000000068194fa0        0x0 v:/apps/mingw32/bin/../lib/gcc/i686-w64-mingw32/4.7.2/../../../../i686-w64-mingw32/lib/../lib/libadvapi32.a(dmscs00288.o)
 .bss           0x0000000068194fa0        0x0 v:/apps/mingw32/bin/../lib/gcc/i686-w64-mingw32/4.7.2/../../../../i686-w64-mingw32/lib/../lib/libadvapi32.a(dmscs00617.o)
 .bss           0x0000000068194fa0        0x0 v:/apps/mingw32/bin/../lib/gcc/i686-w64-mingw32/4.7.2/../../../../i686-w64-mingw32/lib/../lib/libadvapi32.a(dmscs00577.o)
 .bss           0x0000000068194fa0        0x0 v:/apps/mingw32/bin/../lib/gcc/i686-w64-mingw32/4.7.2/../../../../i686-w64-mingw32/lib/../lib/libadvapi32.a(dmscs00452.o)
 .bss           0x0000000068194fa0        0x0 v:/apps/mingw32/bin/../lib/gcc/i686-w64-mingw32/4.7.2/../../../../i686-w64-mingw32/lib/../lib/libadvapi32.a(dmscs00450.o)
 .bss           0x0000000068194fa0        0x0 v:/apps/mingw32/bin/../lib/gcc/i686-w64-mingw32/4.7.2/../../../../i686-w64-mingw32/lib/../lib/libadvapi32.a(dmscs00417.o)
 .bss           0x0000000068194fa0        0x0 v:/apps/mingw32/bin/../lib/gcc/i686-w64-mingw32/4.7.2/../../../../i686-w64-mingw32/lib/../lib/libadvapi32.a(dmscs00704.o)
 .bss           0x0000000068194fa0        0x0 v:/apps/mingw32/bin/../lib/gcc/i686-w64-mingw32/4.7.2/../../../../i686-w64-mingw32/lib/../lib/libadvapi32.a(dmscs00465.o)
 .bss           0x0000000068194fa0        0x0 v:/apps/mingw32/bin/../lib/gcc/i686-w64-mingw32/4.7.2/../../../../i686-w64-mingw32/lib/../lib/libadvapi32.a(dmscs00292.o)
 .bss           0x0000000068194fa0        0x0 v:/apps/mingw32/bin/../lib/gcc/i686-w64-mingw32/4.7.2/../../../../i686-w64-mingw32/lib/../lib/libadvapi32.a(dmscs00291.o)
 .bss           0x0000000068194fa0        0x0 v:/apps/mingw32/bin/../lib/gcc/i686-w64-mingw32/4.7.2/../../../../i686-w64-mingw32/lib/../lib/libadvapi32.a(dmscs00397.o)
 .bss           0x0000000068194fa0        0x0 v:/apps/mingw32/bin/../lib/gcc/i686-w64-mingw32/4.7.2/../../../../i686-w64-mingw32/lib/../lib/libadvapi32.a(dmscs00263.o)
 .bss           0x0000000068194fa0        0x0 v:/apps/mingw32/bin/../lib/gcc/i686-w64-mingw32/4.7.2/../../../../i686-w64-mingw32/lib/../lib/libadvapi32.a(dmscs00118.o)
 .bss           0x0000000068194fa0        0x0 v:/apps/mingw32/bin/../lib/gcc/i686-w64-mingw32/4.7.2/../../../../i686-w64-mingw32/lib/../lib/libadvapi32.a(dmscs00019.o)
 .bss           0x0000000068194fa0        0x0 v:/apps/mingw32/bin/../lib/gcc/i686-w64-mingw32/4.7.2/../../../../i686-w64-mingw32/lib/../lib/libadvapi32.a(dmscs00023.o)
 .bss           0x0000000068194fa0        0x0 v:/apps/mingw32/bin/../lib/gcc/i686-w64-mingw32/4.7.2/../../../../i686-w64-mingw32/lib/../lib/libadvapi32.a(dmscs00488.o)
 .bss           0x0000000068194fa0        0x0 v:/apps/mingw32/bin/../lib/gcc/i686-w64-mingw32/4.7.2/../../../../i686-w64-mingw32/lib/../lib/libadvapi32.a(dmscs00706.o)
 .bss           0x0000000068194fa0        0x0 v:/apps/mingw32/bin/../lib/gcc/i686-w64-mingw32/4.7.2/../../../../i686-w64-mingw32/lib/../lib/libadvapi32.a(dmscs00641.o)
 .bss           0x0000000068194fa0        0x0 v:/apps/mingw32/bin/../lib/gcc/i686-w64-mingw32/4.7.2/../../../../i686-w64-mingw32/lib/../lib/libadvapi32.a(dmscs00568.o)
 .bss           0x0000000068194fa0        0x0 v:/apps/mingw32/bin/../lib/gcc/i686-w64-mingw32/4.7.2/../../../../i686-w64-mingw32/lib/../lib/libadvapi32.a(dmscs00690.o)
 .bss           0x0000000068194fa0        0x0 v:/apps/mingw32/bin/../lib/gcc/i686-w64-mingw32/4.7.2/../../../../i686-w64-mingw32/lib/../lib/libadvapi32.a(dmscs00600.o)
 .bss           0x0000000068194fa0        0x0 v:/apps/mingw32/bin/../lib/gcc/i686-w64-mingw32/4.7.2/../../../../i686-w64-mingw32/lib/../lib/libadvapi32.a(dmscs00331.o)
 .bss           0x0000000068194fa0        0x0 v:/apps/mingw32/bin/../lib/gcc/i686-w64-mingw32/4.7.2/../../../../i686-w64-mingw32/lib/../lib/libadvapi32.a(dmscs00604.o)
 .bss           0x0000000068194fa0        0x0 v:/apps/mingw32/bin/../lib/gcc/i686-w64-mingw32/4.7.2/../../../../i686-w64-mingw32/lib/../lib/libadvapi32.a(dmscs00304.o)
 .bss           0x0000000068194fa0        0x0 v:/apps/mingw32/bin/../lib/gcc/i686-w64-mingw32/4.7.2/../../../../i686-w64-mingw32/lib/../lib/libadvapi32.a(dmscs00332.o)
 .bss           0x0000000068194fa0        0x0 v:/apps/mingw32/bin/../lib/gcc/i686-w64-mingw32/4.7.2/../../../../i686-w64-mingw32/lib/../lib/libadvapi32.a(dmscs00329.o)
 .bss           0x0000000068194fa0        0x0 v:/apps/mingw32/bin/../lib/gcc/i686-w64-mingw32/4.7.2/../../../../i686-w64-mingw32/lib/../lib/libadvapi32.a(dmscs00334.o)
 .bss           0x0000000068194fa0        0x0 v:/apps/mingw32/bin/../lib/gcc/i686-w64-mingw32/4.7.2/../../../../i686-w64-mingw32/lib/../lib/libadvapi32.a(dmscs00408.o)
 .bss           0x0000000068194fa0        0x0 v:/apps/mingw32/bin/../lib/gcc/i686-w64-mingw32/4.7.2/../../../../i686-w64-mingw32/lib/../lib/libadvapi32.a(dmsch.o)
 .bss           0x0000000068194fa0        0x0 v:/apps/mingw32/bin/../lib/gcc/i686-w64-mingw32/4.7.2/../../../../i686-w64-mingw32/lib/../lib/libadvapi32.a(dmsct.o)
 .bss           0x0000000068194fa0        0x0 v:/apps/mingw32/bin/../lib/gcc/i686-w64-mingw32/4.7.2/../../../../i686-w64-mingw32/lib/../lib/libkernel32.a(dgpcs00586.o)
 .bss           0x0000000068194fa0        0x0 v:/apps/mingw32/bin/../lib/gcc/i686-w64-mingw32/4.7.2/../../../../i686-w64-mingw32/lib/../lib/libkernel32.a(dgpcs00730.o)
 .bss           0x0000000068194fa0        0x0 v:/apps/mingw32/bin/../lib/gcc/i686-w64-mingw32/4.7.2/../../../../i686-w64-mingw32/lib/../lib/libkernel32.a(dgpcs00720.o)
 .bss           0x0000000068194fa0        0x0 v:/apps/mingw32/bin/../lib/gcc/i686-w64-mingw32/4.7.2/../../../../i686-w64-mingw32/lib/../lib/libkernel32.a(dgpcs00726.o)
 .bss           0x0000000068194fa0        0x0 v:/apps/mingw32/bin/../lib/gcc/i686-w64-mingw32/4.7.2/../../../../i686-w64-mingw32/lib/../lib/libkernel32.a(dgpcs00491.o)
 .bss           0x0000000068194fa0        0x0 v:/apps/mingw32/bin/../lib/gcc/i686-w64-mingw32/4.7.2/../../../../i686-w64-mingw32/lib/../lib/libkernel32.a(dgpcs00515.o)
 .bss           0x0000000068194fa0        0x0 v:/apps/mingw32/bin/../lib/gcc/i686-w64-mingw32/4.7.2/../../../../i686-w64-mingw32/lib/../lib/libkernel32.a(dgpcs01078.o)
 .bss           0x0000000068194fa0        0x0 v:/apps/mingw32/bin/../lib/gcc/i686-w64-mingw32/4.7.2/../../../../i686-w64-mingw32/lib/../lib/libkernel32.a(dgpcs00452.o)
 .bss           0x0000000068194fa0        0x0 v:/apps/mingw32/bin/../lib/gcc/i686-w64-mingw32/4.7.2/../../../../i686-w64-mingw32/lib/../lib/libkernel32.a(dgpcs00083.o)
 .bss           0x0000000068194fa0        0x0 v:/apps/mingw32/bin/../lib/gcc/i686-w64-mingw32/4.7.2/../../../../i686-w64-mingw32/lib/../lib/libkernel32.a(dgpcs00146.o)
 .bss           0x0000000068194fa0        0x0 v:/apps/mingw32/bin/../lib/gcc/i686-w64-mingw32/4.7.2/../../../../i686-w64-mingw32/lib/../lib/libkernel32.a(dgpcs00315.o)
 .bss           0x0000000068194fa0        0x0 v:/apps/mingw32/bin/../lib/gcc/i686-w64-mingw32/4.7.2/../../../../i686-w64-mingw32/lib/../lib/libkernel32.a(dgpcs00327.o)
 .bss           0x0000000068194fa0        0x0 v:/apps/mingw32/bin/../lib/gcc/i686-w64-mingw32/4.7.2/../../../../i686-w64-mingw32/lib/../lib/libkernel32.a(dgpcs00304.o)
 .bss           0x0000000068194fa0        0x0 v:/apps/mingw32/bin/../lib/gcc/i686-w64-mingw32/4.7.2/../../../../i686-w64-mingw32/lib/../lib/libkernel32.a(dgpch.o)
 .bss           0x0000000068194fa0        0x0 v:/apps/mingw32/bin/../lib/gcc/i686-w64-mingw32/4.7.2/../../../../i686-w64-mingw32/lib/../lib/libkernel32.a(dgpct.o)
 *(COMMON)
                0x0000000068194fa0                __bss_end__ = .

.edata          0x0000000068195000      0x200
 *(.edata)
 .edata         0x0000000068195000      0x164 ../bin/userman.dll.exp

/DISCARD/
 *(.debug$S)
 *(.debug$T)
 *(.debug$F)
 *(.drectve)
 *(.note.GNU-stack)
 *(.gnu.lto_*)

.idata          0x0000000068196000      0xe00
 SORT(*)(.idata$2)
 .idata$2       0x0000000068196000       0x14 v:/apps/mingw32/bin/../lib/gcc/i686-w64-mingw32/4.7.2/../../../../i686-w64-mingw32/lib/../lib/libadvapi32.a(dmsch.o)
                0x0000000068196000                _head_lib32_libadvapi32_a
 .idata$2       0x0000000068196014       0x14 v:/apps/mingw32/bin/../lib/gcc/i686-w64-mingw32/4.7.2/../../../../i686-w64-mingw32/lib/../lib/libkernel32.a(dgpch.o)
                0x0000000068196014                _head_lib32_libkernel32_a
 .idata$2       0x0000000068196028       0x14 v:/apps/mingw32/bin/../lib/gcc/i686-w64-mingw32/4.7.2/../../../../i686-w64-mingw32/lib/../lib/libnetapi32.a(deahh.o)
                0x0000000068196028                _head_lib32_libnetapi32_a
 .idata$2       0x000000006819603c       0x14 v:/apps/mingw32/bin/../lib/gcc/i686-w64-mingw32/4.7.2/../../../../i686-w64-mingw32/lib/../lib/libntdll.a(dqggh.o)
                0x000000006819603c                _head_lib32_libntdll_a
 .idata$2       0x0000000068196050       0x14 v:/apps/mingw32/bin/../lib/gcc/i686-w64-mingw32/4.7.2/../../../../i686-w64-mingw32/lib/../lib/libwinspool.a(dqqfh.o)
                0x0000000068196050                _head_lib32_libwinspool_a
 SORT(*)(.idata$3)
                0x0000000068196064        0x4 LONG 0x0
                0x0000000068196068        0x4 LONG 0x0
                0x000000006819606c        0x4 LONG 0x0
                0x0000000068196070        0x4 LONG 0x0
                0x0000000068196074        0x4 LONG 0x0
 SORT(*)(.idata$4)
 .idata$4       0x0000000068196078        0x0 v:/apps/mingw32/bin/../lib/gcc/i686-w64-mingw32/4.7.2/../../../../i686-w64-mingw32/lib/../lib/libadvapi32.a(dmsch.o)
 .idata$4       0x0000000068196078        0x4 v:/apps/mingw32/bin/../lib/gcc/i686-w64-mingw32/4.7.2/../../../../i686-w64-mingw32/lib/../lib/libadvapi32.a(dmscs00016.o)
 .idata$4       0x000000006819607c        0x4 v:/apps/mingw32/bin/../lib/gcc/i686-w64-mingw32/4.7.2/../../../../i686-w64-mingw32/lib/../lib/libadvapi32.a(dmscs00019.o)
 .idata$4       0x0000000068196080        0x4 v:/apps/mingw32/bin/../lib/gcc/i686-w64-mingw32/4.7.2/../../../../i686-w64-mingw32/lib/../lib/libadvapi32.a(dmscs00023.o)
 .idata$4       0x0000000068196084        0x4 v:/apps/mingw32/bin/../lib/gcc/i686-w64-mingw32/4.7.2/../../../../i686-w64-mingw32/lib/../lib/libadvapi32.a(dmscs00031.o)
 .idata$4       0x0000000068196088        0x4 v:/apps/mingw32/bin/../lib/gcc/i686-w64-mingw32/4.7.2/../../../../i686-w64-mingw32/lib/../lib/libadvapi32.a(dmscs00032.o)
 .idata$4       0x000000006819608c        0x4 v:/apps/mingw32/bin/../lib/gcc/i686-w64-mingw32/4.7.2/../../../../i686-w64-mingw32/lib/../lib/libadvapi32.a(dmscs00118.o)
 .idata$4       0x0000000068196090        0x4 v:/apps/mingw32/bin/../lib/gcc/i686-w64-mingw32/4.7.2/../../../../i686-w64-mingw32/lib/../lib/libadvapi32.a(dmscs00263.o)
 .idata$4       0x0000000068196094        0x4 v:/apps/mingw32/bin/../lib/gcc/i686-w64-mingw32/4.7.2/../../../../i686-w64-mingw32/lib/../lib/libadvapi32.a(dmscs00288.o)
 .idata$4       0x0000000068196098        0x4 v:/apps/mingw32/bin/../lib/gcc/i686-w64-mingw32/4.7.2/../../../../i686-w64-mingw32/lib/../lib/libadvapi32.a(dmscs00291.o)
 .idata$4       0x000000006819609c        0x4 v:/apps/mingw32/bin/../lib/gcc/i686-w64-mingw32/4.7.2/../../../../i686-w64-mingw32/lib/../lib/libadvapi32.a(dmscs00292.o)
 .idata$4       0x00000000681960a0        0x4 v:/apps/mingw32/bin/../lib/gcc/i686-w64-mingw32/4.7.2/../../../../i686-w64-mingw32/lib/../lib/libadvapi32.a(dmscs00304.o)
 .idata$4       0x00000000681960a4        0x4 v:/apps/mingw32/bin/../lib/gcc/i686-w64-mingw32/4.7.2/../../../../i686-w64-mingw32/lib/../lib/libadvapi32.a(dmscs00310.o)
 .idata$4       0x00000000681960a8        0x4 v:/apps/mingw32/bin/../lib/gcc/i686-w64-mingw32/4.7.2/../../../../i686-w64-mingw32/lib/../lib/libadvapi32.a(dmscs00329.o)
 .idata$4       0x00000000681960ac        0x4 v:/apps/mingw32/bin/../lib/gcc/i686-w64-mingw32/4.7.2/../../../../i686-w64-mingw32/lib/../lib/libadvapi32.a(dmscs00331.o)
 .idata$4       0x00000000681960b0        0x4 v:/apps/mingw32/bin/../lib/gcc/i686-w64-mingw32/4.7.2/../../../../i686-w64-mingw32/lib/../lib/libadvapi32.a(dmscs00332.o)
 .idata$4       0x00000000681960b4        0x4 v:/apps/mingw32/bin/../lib/gcc/i686-w64-mingw32/4.7.2/../../../../i686-w64-mingw32/lib/../lib/libadvapi32.a(dmscs00334.o)
 .idata$4       0x00000000681960b8        0x4 v:/apps/mingw32/bin/../lib/gcc/i686-w64-mingw32/4.7.2/../../../../i686-w64-mingw32/lib/../lib/libadvapi32.a(dmscs00352.o)
 .idata$4       0x00000000681960bc        0x4 v:/apps/mingw32/bin/../lib/gcc/i686-w64-mingw32/4.7.2/../../../../i686-w64-mingw32/lib/../lib/libadvapi32.a(dmscs00380.o)
 .idata$4       0x00000000681960c0        0x4 v:/apps/mingw32/bin/../lib/gcc/i686-w64-mingw32/4.7.2/../../../../i686-w64-mingw32/lib/../lib/libadvapi32.a(dmscs00381.o)
 .idata$4       0x00000000681960c4        0x4 v:/apps/mingw32/bin/../lib/gcc/i686-w64-mingw32/4.7.2/../../../../i686-w64-mingw32/lib/../lib/libadvapi32.a(dmscs00397.o)
 .idata$4       0x00000000681960c8        0x4 v:/apps/mingw32/bin/../lib/gcc/i686-w64-mingw32/4.7.2/../../../../i686-w64-mingw32/lib/../lib/libadvapi32.a(dmscs00406.o)
 .idata$4       0x00000000681960cc        0x4 v:/apps/mingw32/bin/../lib/gcc/i686-w64-mingw32/4.7.2/../../../../i686-w64-mingw32/lib/../lib/libadvapi32.a(dmscs00408.o)
 .idata$4       0x00000000681960d0        0x4 v:/apps/mingw32/bin/../lib/gcc/i686-w64-mingw32/4.7.2/../../../../i686-w64-mingw32/lib/../lib/libadvapi32.a(dmscs00414.o)
 .idata$4       0x00000000681960d4        0x4 v:/apps/mingw32/bin/../lib/gcc/i686-w64-mingw32/4.7.2/../../../../i686-w64-mingw32/lib/../lib/libadvapi32.a(dmscs00417.o)
 .idata$4       0x00000000681960d8        0x4 v:/apps/mingw32/bin/../lib/gcc/i686-w64-mingw32/4.7.2/../../../../i686-w64-mingw32/lib/../lib/libadvapi32.a(dmscs00420.o)
 .idata$4       0x00000000681960dc        0x4 v:/apps/mingw32/bin/../lib/gcc/i686-w64-mingw32/4.7.2/../../../../i686-w64-mingw32/lib/../lib/libadvapi32.a(dmscs00429.o)
 .idata$4       0x00000000681960e0        0x4 v:/apps/mingw32/bin/../lib/gcc/i686-w64-mingw32/4.7.2/../../../../i686-w64-mingw32/lib/../lib/libadvapi32.a(dmscs00434.o)
 .idata$4       0x00000000681960e4        0x4 v:/apps/mingw32/bin/../lib/gcc/i686-w64-mingw32/4.7.2/../../../../i686-w64-mingw32/lib/../lib/libadvapi32.a(dmscs00450.o)
 .idata$4       0x00000000681960e8        0x4 v:/apps/mingw32/bin/../lib/gcc/i686-w64-mingw32/4.7.2/../../../../i686-w64-mingw32/lib/../lib/libadvapi32.a(dmscs00452.o)
 .idata$4       0x00000000681960ec        0x4 v:/apps/mingw32/bin/../lib/gcc/i686-w64-mingw32/4.7.2/../../../../i686-w64-mingw32/lib/../lib/libadvapi32.a(dmscs00465.o)
 .idata$4       0x00000000681960f0        0x4 v:/apps/mingw32/bin/../lib/gcc/i686-w64-mingw32/4.7.2/../../../../i686-w64-mingw32/lib/../lib/libadvapi32.a(dmscs00488.o)
 .idata$4       0x00000000681960f4        0x4 v:/apps/mingw32/bin/../lib/gcc/i686-w64-mingw32/4.7.2/../../../../i686-w64-mingw32/lib/../lib/libadvapi32.a(dmscs00510.o)
 .idata$4       0x00000000681960f8        0x4 v:/apps/mingw32/bin/../lib/gcc/i686-w64-mingw32/4.7.2/../../../../i686-w64-mingw32/lib/../lib/libadvapi32.a(dmscs00568.o)
 .idata$4       0x00000000681960fc        0x4 v:/apps/mingw32/bin/../lib/gcc/i686-w64-mingw32/4.7.2/../../../../i686-w64-mingw32/lib/../lib/libadvapi32.a(dmscs00577.o)
 .idata$4       0x0000000068196100        0x4 v:/apps/mingw32/bin/../lib/gcc/i686-w64-mingw32/4.7.2/../../../../i686-w64-mingw32/lib/../lib/libadvapi32.a(dmscs00600.o)
 .idata$4       0x0000000068196104        0x4 v:/apps/mingw32/bin/../lib/gcc/i686-w64-mingw32/4.7.2/../../../../i686-w64-mingw32/lib/../lib/libadvapi32.a(dmscs00604.o)
 .idata$4       0x0000000068196108        0x4 v:/apps/mingw32/bin/../lib/gcc/i686-w64-mingw32/4.7.2/../../../../i686-w64-mingw32/lib/../lib/libadvapi32.a(dmscs00617.o)
 .idata$4       0x000000006819610c        0x4 v:/apps/mingw32/bin/../lib/gcc/i686-w64-mingw32/4.7.2/../../../../i686-w64-mingw32/lib/../lib/libadvapi32.a(dmscs00641.o)
 .idata$4       0x0000000068196110        0x4 v:/apps/mingw32/bin/../lib/gcc/i686-w64-mingw32/4.7.2/../../../../i686-w64-mingw32/lib/../lib/libadvapi32.a(dmscs00690.o)
 .idata$4       0x0000000068196114        0x4 v:/apps/mingw32/bin/../lib/gcc/i686-w64-mingw32/4.7.2/../../../../i686-w64-mingw32/lib/../lib/libadvapi32.a(dmscs00702.o)
 .idata$4       0x0000000068196118        0x4 v:/apps/mingw32/bin/../lib/gcc/i686-w64-mingw32/4.7.2/../../../../i686-w64-mingw32/lib/../lib/libadvapi32.a(dmscs00704.o)
 .idata$4       0x000000006819611c        0x4 v:/apps/mingw32/bin/../lib/gcc/i686-w64-mingw32/4.7.2/../../../../i686-w64-mingw32/lib/../lib/libadvapi32.a(dmscs00706.o)
 .idata$4       0x0000000068196120        0x4 v:/apps/mingw32/bin/../lib/gcc/i686-w64-mingw32/4.7.2/../../../../i686-w64-mingw32/lib/../lib/libadvapi32.a(dmsct.o)
 .idata$4       0x0000000068196124        0x0 v:/apps/mingw32/bin/../lib/gcc/i686-w64-mingw32/4.7.2/../../../../i686-w64-mingw32/lib/../lib/libkernel32.a(dgpch.o)
 .idata$4       0x0000000068196124        0x4 v:/apps/mingw32/bin/../lib/gcc/i686-w64-mingw32/4.7.2/../../../../i686-w64-mingw32/lib/../lib/libkernel32.a(dgpcs00083.o)
 .idata$4       0x0000000068196128        0x4 v:/apps/mingw32/bin/../lib/gcc/i686-w64-mingw32/4.7.2/../../../../i686-w64-mingw32/lib/../lib/libkernel32.a(dgpcs00146.o)
 .idata$4       0x000000006819612c        0x4 v:/apps/mingw32/bin/../lib/gcc/i686-w64-mingw32/4.7.2/../../../../i686-w64-mingw32/lib/../lib/libkernel32.a(dgpcs00304.o)
 .idata$4       0x0000000068196130        0x4 v:/apps/mingw32/bin/../lib/gcc/i686-w64-mingw32/4.7.2/../../../../i686-w64-mingw32/lib/../lib/libkernel32.a(dgpcs00315.o)
 .idata$4       0x0000000068196134        0x4 v:/apps/mingw32/bin/../lib/gcc/i686-w64-mingw32/4.7.2/../../../../i686-w64-mingw32/lib/../lib/libkernel32.a(dgpcs00327.o)
 .idata$4       0x0000000068196138        0x4 v:/apps/mingw32/bin/../lib/gcc/i686-w64-mingw32/4.7.2/../../../../i686-w64-mingw32/lib/../lib/libkernel32.a(dgpcs00452.o)
 .idata$4       0x000000006819613c        0x4 v:/apps/mingw32/bin/../lib/gcc/i686-w64-mingw32/4.7.2/../../../../i686-w64-mingw32/lib/../lib/libkernel32.a(dgpcs00491.o)
 .idata$4       0x0000000068196140        0x4 v:/apps/mingw32/bin/../lib/gcc/i686-w64-mingw32/4.7.2/../../../../i686-w64-mingw32/lib/../lib/libkernel32.a(dgpcs00515.o)